rinha-backend-2  | 14:52:51 | 201 |      33.221µs | 172.20.0.5 | POST | /payments | -
rinha-backend-1  | 2025/07/23 14:52:52 Processing payment: a2ffd050-4cc4-43dc-b624-ca61cd569f37
rinha-backend-1  | 2025/07/23 14:52:52 Payment processed successfully: a2ffd050-4cc4-43dc-b624-ca61cd569f37
rinha-backend-1  | 14:52:52 | 201 |      31.564µs | 172.20.0.5 | POST | /payments | -
rinha-backend-2  | 2025/07/23 14:52:52 Processing payment: 909f052f-20f8-4338-9a32-4dc5a230332c
rinha-backend-2  | 2025/07/23 14:52:52 Payment processed successfully: 909f052f-20f8-4338-9a32-4dc5a230332c
rinha-backend-2  | 14:52:52 | 201 |      41.321µs | 172.20.0.5 | POST | /payments | -
rinha-backend-1  | 2025/07/23 14:52:52 Processing payment: 94197cc3-0191-40bd-9c89-a0b26c5d5ea3
rinha-backend-1  | 2025/07/23 14:52:52 Payment processed successfully: 94197cc3-0191-40bd-9c89-a0b26c5d5ea3
rinha-backend-1  | 14:52:52 | 201 |      39.173µs | 172.20.0.5 | POST | /payments | -
rinha-backend-2  | 2025/07/23 14:52:52 Processing payment: aed7f011-1a51-4aae-96ee-26dc3dd83099
rinha-backend-2  | 2025/07/23 14:52:52 Payment processed successfully: aed7f011-1a51-4aae-96ee-26dc3dd83099
rinha-backend-2  | 14:52:52 | 201 |      32.844µs | 172.20.0.5 | POST | /payments | -
rinha-backend-1  | 2025/07/23 14:52:52 Processing payment: 1a21d94e-7e20-4002-af62-f13659fb13da
rinha-backend-1  | 2025/07/23 14:52:52 Payment processed successfully: 1a21d94e-7e20-4002-af62-f13659fb13da
rinha-backend-1  | 14:52:52 | 201 |      31.546µs | 172.20.0.5 | POST | /payments | -
rinha-backend-2  | 2025/07/23 14:52:52 Processing payment: 44bf5675-c7d9-4a79-864e-0b1e148c1a5b
rinha-backend-2  | 2025/07/23 14:52:52 Payment processed successfully: 44bf5675-c7d9-4a79-864e-0b1e148c1a5b
rinha-backend-2  | 14:52:52 | 201 |      32.813µs | 172.20.0.5 | POST | /payments | -
rinha-backend-1  | 2025/07/23 14:52:52 Processing payment: f6ca0534-20c1-4f9b-9113-3f5c4e70edd9
rinha-backend-1  | 2025/07/23 14:52:52 Payment processed successfully: f6ca0534-20c1-4f9b-9113-3f5c4e70edd9
rinha-backend-1  | 14:52:52 | 201 |      33.834µs | 172.20.0.5 | POST | /payments | -
rinha-backend-2  | 2025/07/23 14:52:52 Processing payment: 1e7e5968-2ee8-4161-8436-d78a4f1eef86
rinha-backend-2  | 2025/07/23 14:52:52 Payment processed successfully: 1e7e5968-2ee8-4161-8436-d78a4f1eef86
rinha-backend-1  | 14:52:52 | 201 |      31.759µs | 172.20.0.5 | POST | /payments | -
rinha-backend-1  | 2025/07/23 14:52:52 Processing payment: c4b98034-4605-495e-91d5-ccffde5c2d02
rinha-backend-1  | 2025/07/23 14:52:52 Payment processed successfully: c4b98034-4605-495e-91d5-ccffde5c2d02
rinha-backend-1  | 14:52:52 | 201 |      33.339µs | 172.20.0.5 | POST | /payments | -
rinha-backend-2  | 2025/07/23 14:52:52 Processing payment: e42744ab-5fa7-4cef-af5b-294515e686af
rinha-backend-2  | 2025/07/23 14:52:52 Payment processed successfully: e42744ab-5fa7-4cef-af5b-294515e686af
rinha-backend-2  | 14:52:52 | 201 |      38.991µs | 172.20.0.5 | POST | /payments | -
rinha-backend-1  | 2025/07/23 14:52:52 Processing payment: 2a596fe3-30f0-4473-bdcd-63d25db20614
rinha-backend-1  | 2025/07/23 14:52:52 Payment processed successfully: 2a596fe3-30f0-4473-bdcd-63d25db20614
rinha-backend-1  | 14:52:52 | 201 |      32.448µs | 172.20.0.5 | POST | /payments | -
rinha-backend-2  | 2025/07/23 14:52:52 Processing payment: 16ad5877-e47c-4c2b-aa7b-de7af24d7419
rinha-backend-2  | 2025/07/23 14:52:52 Payment processed successfully: 16ad5877-e47c-4c2b-aa7b-de7af24d7419
rinha-backend-2  | 14:52:52 | 201 |      38.803µs | 172.20.0.5 | POST | /payments | -
rinha-backend-1  | 2025/07/23 14:52:52 Processing payment: 20cc4908-afcd-4842-a5c2-647d5b4d674b
rinha-backend-1  | 2025/07/23 14:52:52 Payment processed successfully: 20cc4908-afcd-4842-a5c2-647d5b4d674b
rinha-backend-2  | 14:52:52 | 201 |      37.237µs | 172.20.0.5 | POST | /payments | -
rinha-backend-2  | 2025/07/23 14:52:52 Processing payment: cc190cf0-66f5-460d-993d-e61602ea67d2
rinha-backend-2  | 2025/07/23 14:52:52 Payment processed successfully: cc190cf0-66f5-460d-993d-e61602ea67d2
rinha-backend-2  | 14:52:52 | 201 |      44.806µs | 172.20.0.5 | POST | /payments | -
rinha-backend-1  | 2025/07/23 14:52:52 Processing payment: 745854ca-97c0-415f-aabb-245caa1f8312
rinha-backend-1  | 2025/07/23 14:52:52 Payment processed successfully: 745854ca-97c0-415f-aabb-245caa1f8312
rinha-backend-1  | 14:52:52 | 201 |      47.734µs | 172.20.0.5 | POST | /payments | -
rinha-backend-2  | 2025/07/23 14:52:52 Processing payment: d35add98-7da3-438e-8793-57e4c3c90f35
rinha-backend-2  | 2025/07/23 14:52:52 Payment processed successfully: d35add98-7da3-438e-8793-57e4c3c90f35
rinha-backend-2  | 14:52:52 | 201 |      33.336µs | 172.20.0.5 | POST | /payments | -
rinha-backend-1  | 2025/07/23 14:52:52 Processing payment: e308d192-2cc1-4ec1-91af-cee036b77e91
rinha-backend-1  | 2025/07/23 14:52:52 Payment processed successfully: e308d192-2cc1-4ec1-91af-cee036b77e91
rinha-backend-1  | 14:52:52 | 201 |      33.204µs | 172.20.0.5 | POST | /payments | -
rinha-backend-2  | 2025/07/23 14:52:52 Processing payment: 1fc1368a-0759-4077-9008-30c60c7e7190
rinha-backend-2  | 2025/07/23 14:52:52 Payment processed successfully: 1fc1368a-0759-4077-9008-30c60c7e7190
rinha-backend-2  | 14:52:52 | 201 |      33.516µs | 172.20.0.5 | POST | /payments | -
rinha-backend-1  | 2025/07/23 14:52:52 Processing payment: cabe65cb-fc98-4a9b-8b88-1fa5899d9e05
rinha-backend-1  | 2025/07/23 14:52:52 Payment processed successfully: cabe65cb-fc98-4a9b-8b88-1fa5899d9e05
rinha-backend-1  | 14:52:52 | 201 |      32.279µs | 172.20.0.5 | POST | /payments | -
rinha-backend-2  | 2025/07/23 14:52:52 Processing payment: 97ce9968-f404-4a78-b102-2d59e004280d
rinha-backend-2  | 2025/07/23 14:52:52 Payment processed successfully: 97ce9968-f404-4a78-b102-2d59e004280d
rinha-backend-1  | 14:52:52 | 201 |      32.204µs | 172.20.0.5 | POST | /payments | -
rinha-backend-1  | 2025/07/23 14:52:52 Processing payment: f352d32c-b916-4eda-8eb0-bb7a2d45b9b4
rinha-backend-1  | 2025/07/23 14:52:52 Payment processed successfully: f352d32c-b916-4eda-8eb0-bb7a2d45b9b4
rinha-backend-2  | 14:52:52 | 201 |       37.71µs | 172.20.0.5 | POST | /payments | -
rinha-backend-2  | 2025/07/23 14:52:52 Processing payment: eb4e6bdd-3c3f-47ff-9b52-056a7d91259a
rinha-backend-2  | 2025/07/23 14:52:52 Payment processed successfully: eb4e6bdd-3c3f-47ff-9b52-056a7d91259a
rinha-backend-1  | 14:52:52 | 201 |      34.019µs | 172.20.0.5 | POST | /payments | -
rinha-backend-1  | 2025/07/23 14:52:52 Processing payment: 5c81fc7e-a290-489a-82b1-4e8ad473a1ad
rinha-backend-1  | 2025/07/23 14:52:52 Payment processed successfully: 5c81fc7e-a290-489a-82b1-4e8ad473a1ad
rinha-backend-1  | 14:52:52 | 201 |      30.231µs | 172.20.0.5 | POST | /payments | -
rinha-backend-2  | 2025/07/23 14:52:52 Processing payment: 0058b687-e5c4-4e87-99ef-ed22672ae05f
rinha-backend-2  | 2025/07/23 14:52:52 Payment processed successfully: 0058b687-e5c4-4e87-99ef-ed22672ae05f
rinha-backend-2  | 14:52:52 | 201 |      32.043µs | 172.20.0.5 | POST | /payments | -
rinha-backend-1  | 2025/07/23 14:52:52 Processing payment: db4bd414-dd51-4b02-a935-4546cebdb4fa
rinha-backend-1  | 2025/07/23 14:52:52 Payment processed successfully: db4bd414-dd51-4b02-a935-4546cebdb4fa
rinha-backend-2  | 14:52:52 | 201 |      41.145µs | 172.20.0.5 | POST | /payments | -
rinha-backend-2  | 2025/07/23 14:52:52 Processing payment: 1e870344-9f37-4c31-9d70-981ea409c75b
rinha-backend-2  | 2025/07/23 14:52:52 Payment processed successfully: 1e870344-9f37-4c31-9d70-981ea409c75b
rinha-backend-1  | 14:52:52 | 201 |      46.694µs | 172.20.0.5 | POST | /payments | -
rinha-backend-1  | 2025/07/23 14:52:52 Processing payment: cc6c28b8-4b0a-4640-be46-cd91bbd416b9
rinha-backend-1  | 2025/07/23 14:52:52 Payment processed successfully: cc6c28b8-4b0a-4640-be46-cd91bbd416b9
rinha-backend-2  | 14:52:52 | 201 |      32.751µs | 172.20.0.5 | POST | /payments | -
rinha-backend-2  | 2025/07/23 14:52:52 Processing payment: e43e3ba9-b9ad-43b5-af10-fe42644f6844
rinha-backend-2  | 2025/07/23 14:52:52 Payment processed successfully: e43e3ba9-b9ad-43b5-af10-fe42644f6844
rinha-backend-2  | 14:52:52 | 201 |       32.99µs | 172.20.0.5 | POST | /payments | -
rinha-backend-1  | 2025/07/23 14:52:52 Processing payment: 32330f18-d3d6-4dff-91ba-fa8083bd1453
rinha-backend-1  | 2025/07/23 14:52:52 Payment processed successfully: 32330f18-d3d6-4dff-91ba-fa8083bd1453
rinha-backend-1  | 14:52:52 | 201 |      29.219µs | 172.20.0.5 | POST | /payments | -
rinha-backend-2  | 2025/07/23 14:52:52 Processing payment: 49e6eef9-2dc1-4101-a9d6-bece429ea419
rinha-backend-2  | 2025/07/23 14:52:52 Payment processed successfully: 49e6eef9-2dc1-4101-a9d6-bece429ea419
rinha-backend-2  | 14:52:52 | 201 |       31.55µs | 172.20.0.5 | POST | /payments | -
rinha-backend-1  | 2025/07/23 14:52:52 Processing payment: e1d914db-d872-438b-9e6c-d236d71974ee
rinha-backend-1  | 2025/07/23 14:52:52 Payment processed successfully: e1d914db-d872-438b-9e6c-d236d71974ee
rinha-backend-1  | 14:52:52 | 201 |      32.214µs | 172.20.0.5 | POST | /payments | -
rinha-backend-2  | 2025/07/23 14:52:52 Processing payment: 1335ce09-30a0-4175-85e0-919a8e7d2ed0
rinha-backend-2  | 2025/07/23 14:52:52 Payment processed successfully: 1335ce09-30a0-4175-85e0-919a8e7d2ed0
rinha-backend-1  | 14:52:52 | 201 |      31.185µs | 172.20.0.5 | POST | /payments | -
rinha-backend-1  | 2025/07/23 14:52:52 Processing payment: 912ba2f9-bbd3-4c87-bc7e-c059de61b918
rinha-backend-1  | 2025/07/23 14:52:52 Payment processed successfully: 912ba2f9-bbd3-4c87-bc7e-c059de61b918
rinha-backend-2  | 14:52:52 | 201 |      33.433µs | 172.20.0.5 | POST | /payments | -
rinha-backend-2  | 2025/07/23 14:52:52 Processing payment: 7757757f-1d1d-4275-abe5-6f1e55c39564
rinha-backend-2  | 2025/07/23 14:52:52 Payment processed successfully: 7757757f-1d1d-4275-abe5-6f1e55c39564
rinha-backend-1  | 14:52:52 | 201 |      48.412µs | 172.20.0.5 | POST | /payments | -
rinha-backend-1  | 2025/07/23 14:52:52 Processing payment: 160e9d9f-7c73-4963-af45-06ad26fa0b84
rinha-backend-1  | 2025/07/23 14:52:52 Payment processed successfully: 160e9d9f-7c73-4963-af45-06ad26fa0b84
rinha-backend-2  | 14:52:52 | 201 |      32.374µs | 172.20.0.5 | POST | /payments | -
rinha-backend-2  | 2025/07/23 14:52:52 Processing payment: 3996b645-bf5c-48d7-b207-59944a370b67
rinha-backend-2  | 2025/07/23 14:52:52 Payment processed successfully: 3996b645-bf5c-48d7-b207-59944a370b67
rinha-backend-1  | 14:52:52 | 201 |      28.916µs | 172.20.0.5 | POST | /payments | -
rinha-backend-1  | 2025/07/23 14:52:52 Processing payment: 9dc3ffe2-2cf0-4e10-b279-4fd73f4e6b0d
rinha-backend-1  | 2025/07/23 14:52:52 Payment processed successfully: 9dc3ffe2-2cf0-4e10-b279-4fd73f4e6b0d
rinha-backend-2  | 14:52:52 | 201 |       32.94µs | 172.20.0.5 | POST | /payments | -
rinha-backend-2  | 2025/07/23 14:52:52 Processing payment: a028b77f-7f8e-436f-a519-cc7f1d2cd931
rinha-backend-2  | 2025/07/23 14:52:52 Payment processed successfully: a028b77f-7f8e-436f-a519-cc7f1d2cd931
rinha-backend-1  | 14:52:52 | 201 |      32.442µs | 172.20.0.5 | POST | /payments | -
rinha-backend-1  | 2025/07/23 14:52:52 Processing payment: a49a5d6e-83c8-4ad0-b791-f7398778bc1b
rinha-backend-1  | 2025/07/23 14:52:52 Payment processed successfully: a49a5d6e-83c8-4ad0-b791-f7398778bc1b
rinha-backend-2  | 14:52:52 | 201 |      33.831µs | 172.20.0.5 | POST | /payments | -
rinha-backend-2  | 2025/07/23 14:52:52 Processing payment: 08f2c33c-300d-4afc-a97f-eea7d12a8e24
rinha-backend-2  | 2025/07/23 14:52:52 Payment processed successfully: 08f2c33c-300d-4afc-a97f-eea7d12a8e24
rinha-backend-1  | 14:52:52 | 201 |      31.665µs | 172.20.0.5 | POST | /payments | -
rinha-backend-1  | 2025/07/23 14:52:52 Processing payment: e0bfcf58-4fd9-4b47-8d82-6673e26bb9d3
rinha-backend-1  | 2025/07/23 14:52:52 Payment processed successfully: e0bfcf58-4fd9-4b47-8d82-6673e26bb9d3
rinha-backend-2  | 14:52:52 | 201 |      32.195µs | 172.20.0.5 | POST | /payments | -
rinha-backend-2  | 2025/07/23 14:52:52 Processing payment: 5e8fb2d3-c3f1-42d1-90ed-be600cd63c31
rinha-backend-2  | 2025/07/23 14:52:52 Payment processed successfully: 5e8fb2d3-c3f1-42d1-90ed-be600cd63c31
rinha-backend-2  | 14:52:52 | 201 |      34.982µs | 172.20.0.5 | POST | /payments | -
rinha-backend-1  | 2025/07/23 14:52:52 Processing payment: b171417d-bbb1-4c20-bd0b-9c32b9c7eb76
rinha-backend-1  | 2025/07/23 14:52:52 Payment processed successfully: b171417d-bbb1-4c20-bd0b-9c32b9c7eb76
rinha-backend-1  | 14:52:52 | 201 |      30.118µs | 172.20.0.5 | POST | /payments | -
rinha-backend-2  | 2025/07/23 14:52:53 Processing payment: a146013e-0d5b-4855-adab-ef79ad1f5552
rinha-backend-2  | 2025/07/23 14:52:53 Payment processed successfully: a146013e-0d5b-4855-adab-ef79ad1f5552
rinha-backend-2  | 14:52:52 | 201 |       27.18µs | 172.20.0.5 | POST | /payments | -
rinha-backend-1  | 2025/07/23 14:52:53 Processing payment: e3e972ae-58fb-4acd-8c24-70acbb748246
rinha-backend-1  | 2025/07/23 14:52:53 Payment processed successfully: e3e972ae-58fb-4acd-8c24-70acbb748246
rinha-backend-1  | 14:52:52 | 201 |      35.229µs | 172.20.0.5 | POST | /payments | -
rinha-backend-2  | 2025/07/23 14:52:53 Processing payment: 41a63c28-16b3-4fb2-badf-7c7a2b9b8e07
rinha-backend-2  | 2025/07/23 14:52:53 Payment processed successfully: 41a63c28-16b3-4fb2-badf-7c7a2b9b8e07
rinha-backend-2  | 14:52:52 | 201 |      34.712µs | 172.20.0.5 | POST | /payments | -
rinha-backend-1  | 2025/07/23 14:52:53 Processing payment: c83ea9d8-517d-4fa7-bf3c-8c2faf4c7a2c
rinha-backend-1  | 2025/07/23 14:52:53 Payment processed successfully: c83ea9d8-517d-4fa7-bf3c-8c2faf4c7a2c
rinha-backend-1  | 14:52:52 | 201 |      31.085µs | 172.20.0.5 | POST | /payments | -
rinha-backend-2  | 2025/07/23 14:52:53 Processing payment: 3be71662-8b87-40f4-8fa5-0eabcfcad26c
rinha-backend-2  | 2025/07/23 14:52:53 Payment processed successfully: 3be71662-8b87-40f4-8fa5-0eabcfcad26c
rinha-backend-2  | 14:52:52 | 201 |      43.332µs | 172.20.0.5 | POST | /payments | -
rinha-backend-1  | 2025/07/23 14:52:53 Processing payment: 23822904-6284-4699-a858-b16cb9d39431
rinha-backend-1  | 2025/07/23 14:52:53 Payment processed successfully: 23822904-6284-4699-a858-b16cb9d39431
rinha-backend-1  | 14:52:52 | 201 |      32.823µs | 172.20.0.5 | POST | /payments | -
rinha-backend-2  | 2025/07/23 14:52:53 Processing payment: 9bbea876-ba2f-440a-88f6-e759215968c1
rinha-backend-2  | 2025/07/23 14:52:53 Payment processed successfully: 9bbea876-ba2f-440a-88f6-e759215968c1
rinha-backend-1  | 14:52:52 | 201 |      32.673µs | 172.20.0.5 | POST | /payments | -
rinha-backend-1  | 2025/07/23 14:52:53 Processing payment: 2d1e1ca3-0349-424e-8373-e900a87601dc
rinha-backend-2  | 14:52:52 | 201 |      26.569µs | 172.20.0.5 | POST | /payments | -
rinha-backend-2  | 2025/07/23 14:52:53 Processing payment: efd74a2b-aa26-42be-a598-8a3cd63af15d
rinha-backend-1  | 2025/07/23 14:52:53 Payment processed successfully: 2d1e1ca3-0349-424e-8373-e900a87601dc
rinha-backend-2  | 2025/07/23 14:52:53 Payment processed successfully: efd74a2b-aa26-42be-a598-8a3cd63af15d
rinha-backend-1  | 14:52:52 | 201 |      30.862µs | 172.20.0.5 | POST | /payments | -
rinha-backend-1  | 2025/07/23 14:52:53 Processing payment: 3ee1d1ab-d36b-4949-b9bd-0d0588010fdf
rinha-backend-1  | 2025/07/23 14:52:53 Payment processed successfully: 3ee1d1ab-d36b-4949-b9bd-0d0588010fdf
rinha-backend-2  | 14:52:52 | 201 |      33.371µs | 172.20.0.5 | POST | /payments | -
rinha-backend-2  | 2025/07/23 14:52:53 Processing payment: f133adbf-72e6-43dd-8b2a-d2eb1c6a548b
rinha-backend-2  | 2025/07/23 14:52:53 Payment processed successfully: f133adbf-72e6-43dd-8b2a-d2eb1c6a548b
rinha-backend-1  | 14:52:52 | 201 |      32.195µs | 172.20.0.5 | POST | /payments | -
rinha-backend-1  | 2025/07/23 14:52:53 Processing payment: 5f9ee29f-736e-43ea-8fb8-f514bfbf4cfa
rinha-backend-1  | 2025/07/23 14:52:53 Payment processed successfully: 5f9ee29f-736e-43ea-8fb8-f514bfbf4cfa
rinha-backend-2  | 14:52:52 | 201 |      30.164µs | 172.20.0.5 | POST | /payments | -
rinha-backend-2  | 2025/07/23 14:52:53 Processing payment: 9e6e2543-cbaa-4298-9a16-c94acff751de
rinha-backend-2  | 2025/07/23 14:52:53 Payment processed successfully: 9e6e2543-cbaa-4298-9a16-c94acff751de
rinha-backend-1  | 14:52:53 | 201 |      32.666µs | 172.20.0.5 | POST | /payments | -
rinha-backend-1  | 2025/07/23 14:52:53 Processing payment: 639ec34c-f64a-488e-9d0d-9c716bcc9713
rinha-backend-1  | 2025/07/23 14:52:53 Payment processed successfully: 639ec34c-f64a-488e-9d0d-9c716bcc9713
rinha-backend-2  | 14:52:52 | 201 |      40.313µs | 172.20.0.5 | POST | /payments | -
rinha-backend-2  | 14:52:52 | 201 |      17.786µs | 172.20.0.5 | POST | /payments | -
rinha-backend-1  | 2025/07/23 14:52:53 Processing payment: bb96fd0e-a80a-4ecc-a1b5-065ceedc8d8e
rinha-backend-2  | 2025/07/23 14:52:53 Processing payment: 29781ac4-2aa4-4ec6-a528-965974a0fe66
rinha-backend-2  | 2025/07/23 14:52:53 Payment processed successfully: 29781ac4-2aa4-4ec6-a528-965974a0fe66
rinha-backend-1  | 2025/07/23 14:52:53 Payment processed successfully: bb96fd0e-a80a-4ecc-a1b5-065ceedc8d8e
rinha-backend-1  | 14:52:53 | 201 |      32.571µs | 172.20.0.5 | POST | /payments | -
rinha-backend-2  | 2025/07/23 14:52:53 Processing payment: f55dc2ae-920f-4e16-bf9c-372690d89fd8
rinha-backend-2  | 2025/07/23 14:52:53 Payment processed successfully: f55dc2ae-920f-4e16-bf9c-372690d89fd8
rinha-backend-2  | 14:52:53 | 201 |      38.462µs | 172.20.0.5 | POST | /payments | -
rinha-backend-1  | 2025/07/23 14:52:53 Processing payment: c73f9ed6-f31e-4a7a-bd56-1aa7bc159a6c
rinha-backend-1  | 2025/07/23 14:52:53 Payment processed successfully: c73f9ed6-f31e-4a7a-bd56-1aa7bc159a6c
rinha-backend-1  | 14:52:53 | 201 |      30.139µs | 172.20.0.5 | POST | /payments | -
rinha-backend-2  | 2025/07/23 14:52:53 Processing payment: 0dc4f6d2-0441-46fa-84c2-02bbe63cdba1
rinha-backend-2  | 2025/07/23 14:52:53 Payment processed successfully: 0dc4f6d2-0441-46fa-84c2-02bbe63cdba1
rinha-backend-2  | 14:52:53 | 201 |      37.284µs | 172.20.0.5 | POST | /payments | -
rinha-backend-1  | 2025/07/23 14:52:53 Processing payment: 846117cc-ac69-48b2-a685-87ebdb309925
rinha-backend-1  | 2025/07/23 14:52:53 Payment processed successfully: 846117cc-ac69-48b2-a685-87ebdb309925
rinha-backend-1  | 14:52:53 | 201 |       32.54µs | 172.20.0.5 | POST | /payments | -
rinha-backend-2  | 2025/07/23 14:52:53 Processing payment: 042c38e9-cba1-4ce7-a6e5-6c8ec004216f
rinha-backend-2  | 2025/07/23 14:52:53 Payment processed successfully: 042c38e9-cba1-4ce7-a6e5-6c8ec004216f
rinha-backend-2  | 14:52:53 | 201 |      47.662µs | 172.20.0.5 | POST | /payments | -
rinha-backend-1  | 2025/07/23 14:52:53 Processing payment: fe9ff84c-ac8f-4b36-97ca-e333f5f97d25
rinha-backend-1  | 14:52:53 | 201 |      36.863µs | 172.20.0.5 | POST | /payments | -
rinha-backend-2  | 2025/07/23 14:52:53 Processing payment: 6a835bc6-b03b-4d2c-8d7a-6668c631e95a
rinha-backend-1  | 2025/07/23 14:52:53 Payment processed successfully: fe9ff84c-ac8f-4b36-97ca-e333f5f97d25
rinha-backend-2  | 2025/07/23 14:52:53 Payment processed successfully: 6a835bc6-b03b-4d2c-8d7a-6668c631e95a
rinha-backend-2  | 14:52:53 | 201 |      31.206µs | 172.20.0.5 | POST | /payments | -
rinha-backend-1  | 2025/07/23 14:52:53 Processing payment: e6a2c60b-0075-4f89-8624-bd83d47429ba
rinha-backend-1  | 2025/07/23 14:52:53 Payment processed successfully: e6a2c60b-0075-4f89-8624-bd83d47429ba
rinha-backend-1  | 14:52:53 | 201 |      31.356µs | 172.20.0.5 | POST | /payments | -
rinha-backend-2  | 2025/07/23 14:52:53 Processing payment: c11d89ef-0f02-46ed-a028-32e3573556dd
rinha-backend-2  | 2025/07/23 14:52:53 Payment processed successfully: c11d89ef-0f02-46ed-a028-32e3573556dd
rinha-backend-1  | 14:52:53 | 201 |      30.905µs | 172.20.0.5 | POST | /payments | -
rinha-backend-1  | 2025/07/23 14:52:53 Processing payment: e4d578c7-afc6-4256-9f73-2299e17a1544
rinha-backend-1  | 2025/07/23 14:52:53 Payment processed successfully: e4d578c7-afc6-4256-9f73-2299e17a1544
rinha-backend-2  | 14:52:53 | 201 |      31.399µs | 172.20.0.5 | POST | /payments | -
rinha-backend-2  | 2025/07/23 14:52:53 Processing payment: 7838fe52-75d3-4db3-8c64-c3f0a9514691
rinha-backend-2  | 2025/07/23 14:52:53 Payment processed successfully: 7838fe52-75d3-4db3-8c64-c3f0a9514691
rinha-backend-1  | 14:52:53 | 201 |      32.461µs | 172.20.0.5 | POST | /payments | -
rinha-backend-1  | 2025/07/23 14:52:53 Processing payment: 9b198f14-8492-42eb-ad0c-c6f71ede0486
rinha-backend-1  | 2025/07/23 14:52:53 Payment processed successfully: 9b198f14-8492-42eb-ad0c-c6f71ede0486
rinha-backend-2  | 14:52:53 | 201 |      50.792µs | 172.20.0.5 | POST | /payments | -
rinha-backend-2  | 2025/07/23 14:52:53 Processing payment: f532b82e-5909-47aa-bf25-2a2927ae707a
rinha-backend-1  | 14:52:53 | 201 |      35.232µs | 172.20.0.5 | POST | /payments | -
rinha-backend-1  | 2025/07/23 14:52:53 Processing payment: 56ba0561-2b55-494e-b5d1-a2a4f8706417
rinha-backend-2  | 2025/07/23 14:52:53 Payment processed successfully: f532b82e-5909-47aa-bf25-2a2927ae707a
rinha-backend-1  | 2025/07/23 14:52:53 Payment processed successfully: 56ba0561-2b55-494e-b5d1-a2a4f8706417
rinha-backend-2  | 14:52:53 | 201 |      32.098µs | 172.20.0.5 | POST | /payments | -
rinha-backend-2  | 2025/07/23 14:52:53 Processing payment: c2ed9e54-d6cc-4016-9ec7-2a78ac1919f9
rinha-backend-2  | 2025/07/23 14:52:53 Payment processed successfully: c2ed9e54-d6cc-4016-9ec7-2a78ac1919f9
rinha-backend-2  | 14:52:53 | 201 |      32.879µs | 172.20.0.5 | POST | /payments | -
rinha-backend-1  | 2025/07/23 14:52:53 Processing payment: 0dcaf9ce-9443-4226-a97c-956eebf9e6df
rinha-backend-1  | 2025/07/23 14:52:53 Payment processed successfully: 0dcaf9ce-9443-4226-a97c-956eebf9e6df
rinha-backend-1  | 14:52:53 | 201 |      68.444µs | 172.20.0.5 | POST | /payments | -
rinha-backend-2  | 2025/07/23 14:52:53 Processing payment: c46f893c-bf31-4e12-b1f7-2d28b42fd220
rinha-backend-2  | 2025/07/23 14:52:53 Payment processed successfully: c46f893c-bf31-4e12-b1f7-2d28b42fd220
rinha-backend-2  | 14:52:53 | 201 |      34.381µs | 172.20.0.5 | POST | /payments | -
rinha-backend-1  | 2025/07/23 14:52:53 Processing payment: 7f658ca6-e20e-4edb-9840-2298a611478c
rinha-backend-1  | 2025/07/23 14:52:53 Payment processed successfully: 7f658ca6-e20e-4edb-9840-2298a611478c
rinha-backend-1  | 14:52:53 | 201 |      30.162µs | 172.20.0.5 | POST | /payments | -
rinha-backend-2  | 2025/07/23 14:52:53 Processing payment: 44f81c28-5c8f-4469-8874-818109666d8b
rinha-backend-2  | 2025/07/23 14:52:53 Payment processed successfully: 44f81c28-5c8f-4469-8874-818109666d8b
rinha-backend-2  | 14:52:53 | 201 |      45.148µs | 172.20.0.5 | POST | /payments | -
rinha-backend-1  | 2025/07/23 14:52:53 Processing payment: 283f5d4f-ad83-4eec-9627-32720d90fd98
rinha-backend-1  | 2025/07/23 14:52:53 Payment processed successfully: 283f5d4f-ad83-4eec-9627-32720d90fd98
rinha-backend-1  | 14:52:53 | 201 |      27.086µs | 172.20.0.5 | POST | /payments | -
rinha-backend-2  | 2025/07/23 14:52:53 Processing payment: de609e6a-b4ff-4751-b134-43a43e435220
rinha-backend-2  | 2025/07/23 14:52:53 Payment processed successfully: de609e6a-b4ff-4751-b134-43a43e435220
rinha-backend-2  | 14:52:53 | 201 |      48.273µs | 172.20.0.5 | POST | /payments | -
rinha-backend-1  | 2025/07/23 14:52:53 Processing payment: b9f7ac8d-b48e-4f95-93c3-76dcd353061b
rinha-backend-1  | 2025/07/23 14:52:53 Payment processed successfully: b9f7ac8d-b48e-4f95-93c3-76dcd353061b
rinha-backend-1  | 14:52:53 | 201 |      46.388µs | 172.20.0.5 | POST | /payments | -
rinha-backend-2  | 2025/07/23 14:52:53 Processing payment: 8a083cc1-3512-4f4f-8794-bd532478df1b
rinha-backend-2  | 2025/07/23 14:52:53 Payment processed successfully: 8a083cc1-3512-4f4f-8794-bd532478df1b
rinha-backend-2  | 14:52:53 | 201 |      36.836µs | 172.20.0.5 | POST | /payments | -
rinha-backend-1  | 2025/07/23 14:52:53 Processing payment: ae9b9dd1-538e-4ecd-9df6-575960266f9b
rinha-backend-1  | 2025/07/23 14:52:53 Payment processed successfully: ae9b9dd1-538e-4ecd-9df6-575960266f9b
rinha-backend-1  | 14:52:53 | 201 |      32.158µs | 172.20.0.5 | POST | /payments | -
rinha-backend-2  | 2025/07/23 14:52:53 Processing payment: 5203d312-8a12-4ea1-9674-12eab29f23f5
rinha-backend-2  | 2025/07/23 14:52:53 Payment processed successfully: 5203d312-8a12-4ea1-9674-12eab29f23f5
rinha-backend-1  | 14:52:53 | 201 |      33.413µs | 172.20.0.5 | POST | /payments | -
rinha-backend-1  | 2025/07/23 14:52:53 Processing payment: 492a56c4-958c-4844-b2f2-08e5a75952f9
rinha-backend-1  | 2025/07/23 14:52:53 Payment processed successfully: 492a56c4-958c-4844-b2f2-08e5a75952f9
rinha-backend-2  | 14:52:53 | 201 |      40.757µs | 172.20.0.5 | POST | /payments | -
rinha-backend-2  | 2025/07/23 14:52:53 Processing payment: 448c0bd9-15e8-4a8a-94fd-4554f8238102
rinha-backend-1  | 14:52:53 | 201 |      60.211µs | 172.20.0.5 | POST | /payments | -
rinha-backend-1  | 2025/07/23 14:52:53 Processing payment: 484ee127-8682-44f5-9cec-0dba16818f33
rinha-backend-1  | 2025/07/23 14:52:53 Payment processed successfully: 484ee127-8682-44f5-9cec-0dba16818f33
rinha-backend-2  | 2025/07/23 14:52:53 Payment processed successfully: 448c0bd9-15e8-4a8a-94fd-4554f8238102
rinha-backend-2  | 14:52:53 | 201 |      31.957µs | 172.20.0.5 | POST | /payments | -
rinha-backend-2  | 2025/07/23 14:52:53 Processing payment: f44a5854-7e2e-455b-9786-b14b5ba631ae
rinha-backend-2  | 2025/07/23 14:52:53 Payment processed successfully: f44a5854-7e2e-455b-9786-b14b5ba631ae
rinha-backend-1  | 14:52:53 | 201 |       33.08µs | 172.20.0.5 | POST | /payments | -
rinha-backend-1  | 2025/07/23 14:52:53 Processing payment: a31517a5-3aa6-4b6b-a561-25de992e4ea8
rinha-backend-1  | 2025/07/23 14:52:53 Payment processed successfully: a31517a5-3aa6-4b6b-a561-25de992e4ea8
rinha-backend-2  | 14:52:53 | 201 |      34.425µs | 172.20.0.5 | POST | /payments | -
rinha-backend-2  | 2025/07/23 14:52:53 Processing payment: e0f7405c-d141-4541-acf9-dfddca4365f6
rinha-backend-2  | 2025/07/23 14:52:53 Payment processed successfully: e0f7405c-d141-4541-acf9-dfddca4365f6
rinha-backend-2  | 14:52:53 | 201 |      34.048µs | 172.20.0.5 | POST | /payments | -
rinha-backend-1  | 2025/07/23 14:52:53 Processing payment: 79c79c8c-70b2-4f60-93b6-9f7de4cdc896
rinha-backend-1  | 2025/07/23 14:52:53 Payment processed successfully: 79c79c8c-70b2-4f60-93b6-9f7de4cdc896
rinha-backend-1  | 14:52:53 | 201 |      43.219µs | 172.20.0.5 | POST | /payments | -
rinha-backend-2  | 2025/07/23 14:52:53 Processing payment: abceee75-cc4c-4597-9328-f7676e13e19c
rinha-backend-2  | 2025/07/23 14:52:53 Payment processed successfully: abceee75-cc4c-4597-9328-f7676e13e19c
rinha-backend-2  | 14:52:53 | 201 |      33.259µs | 172.20.0.5 | POST | /payments | -
rinha-backend-1  | 2025/07/23 14:52:53 Processing payment: 036f740a-d773-4497-8a68-88f2e6a7edef
rinha-backend-1  | 14:52:53 | 201 |      38.891µs | 172.20.0.5 | POST | /payments | -
rinha-backend-2  | 2025/07/23 14:52:53 Processing payment: c8ec577a-f047-49f4-9d01-cd5bfd6e430e
rinha-backend-1  | 2025/07/23 14:52:53 Payment processed successfully: 036f740a-d773-4497-8a68-88f2e6a7edef
rinha-backend-2  | 2025/07/23 14:52:53 Payment processed successfully: c8ec577a-f047-49f4-9d01-cd5bfd6e430e
rinha-backend-2  | 14:52:53 | 201 |      32.455µs | 172.20.0.5 | POST | /payments | -
rinha-backend-1  | 2025/07/23 14:52:53 Processing payment: 10628e3f-5fd9-4e91-a5b4-5913d6879600
rinha-backend-1  | 2025/07/23 14:52:53 Payment processed successfully: 10628e3f-5fd9-4e91-a5b4-5913d6879600
rinha-backend-1  | 14:52:53 | 201 |      30.517µs | 172.20.0.5 | POST | /payments | -
rinha-backend-2  | 2025/07/23 14:52:53 Processing payment: d255c061-2fa6-4294-947e-48a75d7be0d6
rinha-backend-2  | 2025/07/23 14:52:53 Payment processed successfully: d255c061-2fa6-4294-947e-48a75d7be0d6
rinha-backend-2  | 14:52:53 | 201 |      31.206µs | 172.20.0.5 | POST | /payments | -
rinha-backend-1  | 2025/07/23 14:52:53 Processing payment: 49f6d3f1-fbc9-43ca-9e91-9bccd7e853a4
rinha-backend-1  | 2025/07/23 14:52:53 Payment processed successfully: 49f6d3f1-fbc9-43ca-9e91-9bccd7e853a4
rinha-backend-1  | 14:52:53 | 201 |      29.399µs | 172.20.0.5 | POST | /payments | -
rinha-backend-2  | 2025/07/23 14:52:53 Processing payment: 590ede7c-4499-4ae6-b373-61859cc4091e
rinha-backend-2  | 2025/07/23 14:52:53 Payment processed successfully: 590ede7c-4499-4ae6-b373-61859cc4091e
rinha-backend-2  | 14:52:53 | 201 |      37.986µs | 172.20.0.5 | POST | /payments | -
rinha-backend-1  | 2025/07/23 14:52:53 Processing payment: 9db50f25-4445-45b7-83a2-a77daa604092
rinha-backend-1  | 2025/07/23 14:52:53 Payment processed successfully: 9db50f25-4445-45b7-83a2-a77daa604092
rinha-backend-1  | 14:52:53 | 201 |      31.097µs | 172.20.0.5 | POST | /payments | -
rinha-backend-2  | 2025/07/23 14:52:53 Processing payment: fdf11393-54f0-48b8-8dec-69a66281b1b2
rinha-backend-1  | 2025/07/23 14:52:53 Processing payment: a8d8ea03-85f8-410b-b5ed-7d2d8f339647
rinha-backend-1  | 14:52:53 | 201 |      27.571µs | 172.20.0.5 | POST | /payments | -
rinha-backend-2  | 2025/07/23 14:52:53 Payment processed successfully: fdf11393-54f0-48b8-8dec-69a66281b1b2
rinha-backend-1  | 2025/07/23 14:52:53 Payment processed successfully: a8d8ea03-85f8-410b-b5ed-7d2d8f339647
rinha-backend-2  | 14:52:53 | 201 |      38.261µs | 172.20.0.5 | POST | /payments | -
rinha-backend-2  | 2025/07/23 14:52:53 Processing payment: 475c6def-9ce8-4278-bd1d-0e9ef4927a81
rinha-backend-2  | 2025/07/23 14:52:53 Payment processed successfully: 475c6def-9ce8-4278-bd1d-0e9ef4927a81
rinha-backend-1  | 14:52:53 | 201 |      32.643µs | 172.20.0.5 | POST | /payments | -
rinha-backend-1  | 2025/07/23 14:52:53 Processing payment: 000ef7e4-b6c1-4a8d-b4a2-6d79f16965f1
rinha-backend-1  | 2025/07/23 14:52:53 Payment processed successfully: 000ef7e4-b6c1-4a8d-b4a2-6d79f16965f1
rinha-backend-2  | 14:52:53 | 201 |      32.725µs | 172.20.0.5 | POST | /payments | -
rinha-backend-2  | 2025/07/23 14:52:53 Processing payment: 7503dc65-18c7-46cf-9c10-48088575dc4f
rinha-backend-2  | 2025/07/23 14:52:53 Payment processed successfully: 7503dc65-18c7-46cf-9c10-48088575dc4f
rinha-backend-1  | 14:52:53 | 201 |      31.465µs | 172.20.0.5 | POST | /payments | -
rinha-backend-1  | 2025/07/23 14:52:53 Processing payment: a71ce689-a141-4229-b562-6e799816497f
rinha-backend-1  | 2025/07/23 14:52:53 Payment processed successfully: a71ce689-a141-4229-b562-6e799816497f
rinha-backend-2  | 14:52:53 | 201 |      66.333µs | 172.20.0.5 | POST | /payments | -
rinha-backend-1  | 14:52:53 | 201 |      24.237µs | 172.20.0.5 | POST | /payments | -
rinha-backend-2  | 2025/07/23 14:52:53 Processing payment: 404f1585-f2d2-4b01-96b9-dfe0674f5920
rinha-backend-1  | 2025/07/23 14:52:53 Processing payment: 1d1ef72f-fe82-4688-98a4-4c94cda9b21e
rinha-backend-1  | 2025/07/23 14:52:53 Payment processed successfully: 1d1ef72f-fe82-4688-98a4-4c94cda9b21e
rinha-backend-2  | 2025/07/23 14:52:53 Payment processed successfully: 404f1585-f2d2-4b01-96b9-dfe0674f5920
rinha-backend-2  | 2025/07/23 14:52:53 Processing payment: df5f6404-27f4-4f50-b6f8-277a2f28f042
rinha-backend-2  | 14:52:53 | 201 |      34.236µs | 172.20.0.5 | POST | /payments | -
rinha-backend-2  | 2025/07/23 14:52:53 Payment processed successfully: df5f6404-27f4-4f50-b6f8-277a2f28f042
rinha-backend-2  | 14:52:53 | 201 |       31.84µs | 172.20.0.5 | POST | /payments | -
rinha-backend-1  | 2025/07/23 14:52:54 Processing payment: 3b541220-4750-4452-b13e-bb3840f6cd2c
rinha-backend-1  | 2025/07/23 14:52:54 Payment processed successfully: 3b541220-4750-4452-b13e-bb3840f6cd2c
rinha-backend-1  | 14:52:53 | 201 |      29.488µs | 172.20.0.5 | POST | /payments | -
rinha-backend-2  | 2025/07/23 14:52:54 Processing payment: e20bf972-9624-4241-ac16-364d5d6e20eb
rinha-backend-2  | 2025/07/23 14:52:54 Payment processed successfully: e20bf972-9624-4241-ac16-364d5d6e20eb
rinha-backend-1  | 14:52:53 | 201 |      30.472µs | 172.20.0.5 | POST | /payments | -
rinha-backend-1  | 2025/07/23 14:52:54 Processing payment: a5af4d71-efed-4d11-a09e-825085aa4108
rinha-backend-1  | 2025/07/23 14:52:54 Payment processed successfully: a5af4d71-efed-4d11-a09e-825085aa4108
rinha-backend-2  | 14:52:53 | 201 |      32.238µs | 172.20.0.5 | POST | /payments | -
rinha-backend-2  | 2025/07/23 14:52:54 Processing payment: e72a9590-0a06-4e0b-b636-dc12a681ba02
rinha-backend-2  | 2025/07/23 14:52:54 Payment processed successfully: e72a9590-0a06-4e0b-b636-dc12a681ba02
rinha-backend-1  | 14:52:53 | 201 |      32.699µs | 172.20.0.5 | POST | /payments | -
rinha-backend-1  | 2025/07/23 14:52:54 Processing payment: 3231a930-6da6-43be-beb0-3aaf27149736
rinha-backend-1  | 2025/07/23 14:52:54 Payment processed successfully: 3231a930-6da6-43be-beb0-3aaf27149736
rinha-backend-2  | 14:52:53 | 201 |      33.738µs | 172.20.0.5 | POST | /payments | -
rinha-backend-2  | 2025/07/23 14:52:54 Processing payment: fa887f9d-9976-4408-8c5c-8da462f749c4
rinha-backend-2  | 2025/07/23 14:52:54 Payment processed successfully: fa887f9d-9976-4408-8c5c-8da462f749c4
rinha-backend-1  | 14:52:53 | 201 |      63.837µs | 172.20.0.5 | POST | /payments | -
rinha-backend-2  | 14:52:53 | 201 |      28.655µs | 172.20.0.5 | POST | /payments | -
rinha-backend-1  | 2025/07/23 14:52:54 Processing payment: 3c3f883d-7046-4509-9753-e6ca76cb9049
rinha-backend-2  | 2025/07/23 14:52:54 Processing payment: fdb2eab9-0430-47c5-8e66-30834005d661
rinha-backend-1  | 2025/07/23 14:52:54 Payment processed successfully: 3c3f883d-7046-4509-9753-e6ca76cb9049
rinha-backend-2  | 2025/07/23 14:52:54 Payment processed successfully: fdb2eab9-0430-47c5-8e66-30834005d661
rinha-backend-2  | 14:52:53 | 201 |      33.611µs | 172.20.0.5 | POST | /payments | -
rinha-backend-1  | 14:52:53 | 201 |       34.05µs | 172.20.0.5 | POST | /payments | -
rinha-backend-2  | 2025/07/23 14:52:54 Processing payment: 80ff97b7-139d-4fa6-87f1-d29bcf042b0e
rinha-backend-1  | 2025/07/23 14:52:54 Processing payment: cb1aa15e-89c4-46d0-974e-0b3ff78efded
rinha-backend-2  | 2025/07/23 14:52:54 Payment processed successfully: 80ff97b7-139d-4fa6-87f1-d29bcf042b0e
rinha-backend-1  | 2025/07/23 14:52:54 Payment processed successfully: cb1aa15e-89c4-46d0-974e-0b3ff78efded
rinha-backend-1  | 14:52:53 | 201 |      33.889µs | 172.20.0.5 | POST | /payments | -
rinha-backend-1  | 2025/07/23 14:52:54 Processing payment: b4ea9acf-efed-4c9a-b907-60a001055570
rinha-backend-1  | 2025/07/23 14:52:54 Payment processed successfully: b4ea9acf-efed-4c9a-b907-60a001055570
rinha-backend-2  | 14:52:53 | 201 |      33.182µs | 172.20.0.5 | POST | /payments | -
rinha-backend-2  | 2025/07/23 14:52:54 Processing payment: 4c9246f3-1c64-4f76-b0d2-e5f8534f0aee
rinha-backend-2  | 2025/07/23 14:52:54 Payment processed successfully: 4c9246f3-1c64-4f76-b0d2-e5f8534f0aee
rinha-backend-1  | 14:52:53 | 201 |      31.559µs | 172.20.0.5 | POST | /payments | -
rinha-backend-1  | 2025/07/23 14:52:54 Processing payment: 87514125-8e09-43df-a8e2-d2072d1b7664
rinha-backend-1  | 2025/07/23 14:52:54 Payment processed successfully: 87514125-8e09-43df-a8e2-d2072d1b7664
rinha-backend-2  | 14:52:53 | 201 |      32.242µs | 172.20.0.5 | POST | /payments | -
rinha-backend-2  | 2025/07/23 14:52:54 Processing payment: 9bdba34b-0dae-43d1-bf6f-a573aa0b1b5e
rinha-backend-2  | 2025/07/23 14:52:54 Payment processed successfully: 9bdba34b-0dae-43d1-bf6f-a573aa0b1b5e
rinha-backend-2  | 14:52:53 | 201 |      33.208µs | 172.20.0.5 | POST | /payments | -
rinha-backend-1  | 14:52:54 | 201 |       28.01µs | 172.20.0.5 | POST | /payments | -
rinha-backend-1  | 2025/07/23 14:52:54 Processing payment: 041a1c14-2e0b-44aa-b0b9-a08185290ccb
rinha-backend-2  | 2025/07/23 14:52:54 Processing payment: d351958c-5a4e-49aa-803b-0c9aa5a38fd4
rinha-backend-2  | 2025/07/23 14:52:54 Payment processed successfully: d351958c-5a4e-49aa-803b-0c9aa5a38fd4
rinha-backend-1  | 2025/07/23 14:52:54 Payment processed successfully: 041a1c14-2e0b-44aa-b0b9-a08185290ccb
rinha-backend-1  | 14:52:54 | 201 |      29.765µs | 172.20.0.5 | POST | /payments | -
rinha-backend-1  | 14:52:54 | 201 |       24.78µs | 172.20.0.5 | POST | /payments | -
rinha-backend-1  | 2025/07/23 14:52:54 Processing payment: 4f001d76-a1e0-430e-ac41-f47c5912af4c
rinha-backend-2  | 2025/07/23 14:52:54 Processing payment: d36e70a3-efe3-418e-9c8d-aae85abbcce7
rinha-backend-2  | 2025/07/23 14:52:54 Payment processed successfully: d36e70a3-efe3-418e-9c8d-aae85abbcce7
rinha-backend-1  | 2025/07/23 14:52:54 Payment processed successfully: 4f001d76-a1e0-430e-ac41-f47c5912af4c
rinha-backend-1  | 14:52:54 | 201 |      32.907µs | 172.20.0.5 | POST | /payments | -
rinha-backend-1  | 2025/07/23 14:52:54 Processing payment: 9008d9bc-b638-4652-a683-459c89927f00
rinha-backend-1  | 2025/07/23 14:52:54 Payment processed successfully: 9008d9bc-b638-4652-a683-459c89927f00
rinha-backend-2  | 14:52:54 | 201 |      33.188µs | 172.20.0.5 | POST | /payments | -
rinha-backend-2  | 2025/07/23 14:52:54 Processing payment: 5a9d9d22-0efa-4154-ac34-b2903b0ee6d6
rinha-backend-2  | 2025/07/23 14:52:54 Payment processed successfully: 5a9d9d22-0efa-4154-ac34-b2903b0ee6d6
rinha-backend-2  | 14:52:54 | 201 |      28.204µs | 172.20.0.5 | POST | /payments | -
rinha-backend-1  | 2025/07/23 14:52:54 Processing payment: 80de1cd6-e30f-4387-9401-b088e575b9f7
rinha-backend-1  | 2025/07/23 14:52:54 Payment processed successfully: 80de1cd6-e30f-4387-9401-b088e575b9f7
rinha-backend-1  | 14:52:54 | 201 |      51.039µs | 172.20.0.5 | POST | /payments | -
rinha-backend-2  | 2025/07/23 14:52:54 Processing payment: 56495c0e-cd06-41a0-8dc3-9e4fdedc06b5
rinha-backend-2  | 2025/07/23 14:52:54 Payment processed successfully: 56495c0e-cd06-41a0-8dc3-9e4fdedc06b5
rinha-backend-2  | 14:52:54 | 201 |       33.25µs | 172.20.0.5 | POST | /payments | -
rinha-backend-1  | 2025/07/23 14:52:54 Processing payment: d2d813a4-a6c4-4ccb-816c-e4bf6098be23
rinha-backend-1  | 2025/07/23 14:52:54 Payment processed successfully: d2d813a4-a6c4-4ccb-816c-e4bf6098be23
rinha-backend-1  | 14:52:54 | 201 |      31.238µs | 172.20.0.5 | POST | /payments | -
rinha-backend-2  | 2025/07/23 14:52:54 Processing payment: e0e85ddd-6bab-4e0c-bc1e-c80b684b1b34
rinha-backend-2  | 2025/07/23 14:52:54 Payment processed successfully: e0e85ddd-6bab-4e0c-bc1e-c80b684b1b34
rinha-backend-1  | 2025/07/23 14:52:54 Processing payment: 43ad143a-3a87-45db-a2fd-03efe257b5a1
rinha-backend-2  | 2025/07/23 14:52:54 Processing payment: c0402c2d-65c7-4977-b55f-c64bd52f23ac
rinha-backend-2  | 14:52:54 | 201 |      32.818µs | 172.20.0.5 | POST | /payments | -
rinha-backend-2  | 14:52:54 | 201 |        13.5µs | 172.20.0.5 | POST | /payments | -
rinha-backend-2  | 2025/07/23 14:52:54 Payment processed successfully: c0402c2d-65c7-4977-b55f-c64bd52f23ac
rinha-backend-1  | 2025/07/23 14:52:54 Payment processed successfully: 43ad143a-3a87-45db-a2fd-03efe257b5a1
rinha-backend-1  | 14:52:54 | 201 |      40.913µs | 172.20.0.5 | POST | /payments | -
rinha-backend-1  | 2025/07/23 14:52:54 Processing payment: c0efcd33-27c5-4109-bceb-c282a2df073c
rinha-backend-1  | 2025/07/23 14:52:54 Payment processed successfully: c0efcd33-27c5-4109-bceb-c282a2df073c
rinha-backend-1  | 14:52:54 | 201 |      34.427µs | 172.20.0.5 | POST | /payments | -
rinha-backend-2  | 2025/07/23 14:52:54 Processing payment: 9647da03-583b-4a1b-892f-974757d2adb4
rinha-backend-2  | 2025/07/23 14:52:54 Payment processed successfully: 9647da03-583b-4a1b-892f-974757d2adb4
rinha-backend-2  | 14:52:54 | 201 |      41.597µs | 172.20.0.5 | POST | /payments | -
rinha-backend-1  | 2025/07/23 14:52:54 Processing payment: 2de7a45e-75d6-4645-99ed-c601f47e9d36
rinha-backend-1  | 2025/07/23 14:52:54 Payment processed successfully: 2de7a45e-75d6-4645-99ed-c601f47e9d36
rinha-backend-1  | 14:52:54 | 201 |      32.345µs | 172.20.0.5 | POST | /payments | -
rinha-backend-2  | 2025/07/23 14:52:54 Processing payment: a35a921d-fc20-4956-a8a3-582fc19f104d
rinha-backend-2  | 2025/07/23 14:52:54 Payment processed successfully: a35a921d-fc20-4956-a8a3-582fc19f104d
rinha-backend-1  | 14:52:54 | 201 |      31.673µs | 172.20.0.5 | POST | /payments | -
rinha-backend-1  | 2025/07/23 14:52:54 Processing payment: ac7e566c-a079-48b6-9287-0701fecd938e
rinha-backend-2  | 14:52:54 | 201 |      29.051µs | 172.20.0.5 | POST | /payments | -
rinha-backend-2  | 2025/07/23 14:52:54 Processing payment: b9710389-b627-49d5-bd79-72b884c1ae83
rinha-backend-1  | 2025/07/23 14:52:54 Payment processed successfully: ac7e566c-a079-48b6-9287-0701fecd938e
rinha-backend-2  | 2025/07/23 14:52:54 Payment processed successfully: b9710389-b627-49d5-bd79-72b884c1ae83
rinha-backend-1  | 14:52:54 | 201 |      32.406µs | 172.20.0.5 | POST | /payments | -
rinha-backend-1  | 2025/07/23 14:52:54 Processing payment: b8668e4d-bb3a-4847-a307-7c715e24e124
rinha-backend-1  | 2025/07/23 14:52:54 Payment processed successfully: b8668e4d-bb3a-4847-a307-7c715e24e124
rinha-backend-2  | 14:52:54 | 201 |      30.171µs | 172.20.0.5 | POST | /payments | -
rinha-backend-2  | 2025/07/23 14:52:54 Processing payment: 3b2cd4e9-df96-482a-ba46-4e51b56183ae
rinha-backend-2  | 2025/07/23 14:52:54 Payment processed successfully: 3b2cd4e9-df96-482a-ba46-4e51b56183ae
rinha-backend-1  | 14:52:54 | 201 |      32.663µs | 172.20.0.5 | POST | /payments | -
rinha-backend-1  | 2025/07/23 14:52:54 Processing payment: 2e9d1c71-c684-49c1-ab4e-a5289851e23c
rinha-backend-1  | 2025/07/23 14:52:54 Payment processed successfully: 2e9d1c71-c684-49c1-ab4e-a5289851e23c
rinha-backend-2  | 14:52:54 | 201 |      35.663µs | 172.20.0.5 | POST | /payments | -
rinha-backend-2  | 2025/07/23 14:52:54 Processing payment: e918fe85-0f8c-4747-9ee7-74696fe99393
rinha-backend-2  | 2025/07/23 14:52:54 Payment processed successfully: e918fe85-0f8c-4747-9ee7-74696fe99393
rinha-backend-2  | 14:52:54 | 201 |       32.12µs | 172.20.0.5 | POST | /payments | -
rinha-backend-1  | 2025/07/23 14:52:54 Processing payment: 811263a4-4c2f-4468-b6ac-b7bcb9f65e67
rinha-backend-1  | 2025/07/23 14:52:54 Payment processed successfully: 811263a4-4c2f-4468-b6ac-b7bcb9f65e67
rinha-backend-1  | 14:52:54 | 201 |      35.038µs | 172.20.0.5 | POST | /payments | -
rinha-backend-2  | 2025/07/23 14:52:54 Processing payment: c4dae3ea-25e3-439b-ae36-6d5dd81e70da
rinha-backend-2  | 2025/07/23 14:52:54 Payment processed successfully: c4dae3ea-25e3-439b-ae36-6d5dd81e70da
rinha-backend-2  | 14:52:54 | 201 |      37.369µs | 172.20.0.5 | POST | /payments | -
rinha-backend-1  | 14:52:54 | 201 |      20.578µs | 172.20.0.5 | POST | /payments | -
rinha-backend-2  | 2025/07/23 14:52:54 Processing payment: 575e93af-d5b4-432d-a9f8-d8164bad446c
rinha-backend-1  | 2025/07/23 14:52:54 Processing payment: 5f008b78-cd02-4bb2-863e-acfa9f5c2317
rinha-backend-1  | 2025/07/23 14:52:54 Payment processed successfully: 5f008b78-cd02-4bb2-863e-acfa9f5c2317
rinha-backend-2  | 2025/07/23 14:52:54 Payment processed successfully: 575e93af-d5b4-432d-a9f8-d8164bad446c
rinha-backend-2  | 14:52:54 | 201 |      30.389µs | 172.20.0.5 | POST | /payments | -
rinha-backend-1  | 2025/07/23 14:52:54 Processing payment: f7b643da-6c5d-45e9-9a4d-617314024e52
rinha-backend-1  | 2025/07/23 14:52:54 Payment processed successfully: f7b643da-6c5d-45e9-9a4d-617314024e52
rinha-backend-2  | 14:52:54 | 201 |       35.57µs | 172.20.0.5 | POST | /payments | -
rinha-backend-2  | 2025/07/23 14:52:54 Processing payment: 63d23803-de8e-4088-94fc-c1b6d765a0fa
rinha-backend-2  | 2025/07/23 14:52:54 Payment processed successfully: 63d23803-de8e-4088-94fc-c1b6d765a0fa
rinha-backend-1  | 14:52:54 | 201 |      31.014µs | 172.20.0.5 | POST | /payments | -
rinha-backend-1  | 2025/07/23 14:52:54 Processing payment: 2988afb7-7112-4f84-b237-f2a0bf211c3e
rinha-backend-1  | 2025/07/23 14:52:54 Payment processed successfully: 2988afb7-7112-4f84-b237-f2a0bf211c3e
rinha-backend-1  | 14:52:54 | 201 |      31.137µs | 172.20.0.5 | POST | /payments | -
rinha-backend-2  | 2025/07/23 14:52:54 Processing payment: 276be366-2485-4e94-88ea-7b3a04a69801
rinha-backend-2  | 2025/07/23 14:52:54 Payment processed successfully: 276be366-2485-4e94-88ea-7b3a04a69801
rinha-backend-2  | 14:52:54 | 201 |       32.17µs | 172.20.0.5 | POST | /payments | -
rinha-backend-1  | 2025/07/23 14:52:54 Processing payment: 3d6d30d0-7a03-40fc-998d-da7b7217d2a7
rinha-backend-1  | 2025/07/23 14:52:54 Payment processed successfully: 3d6d30d0-7a03-40fc-998d-da7b7217d2a7
rinha-backend-2  | 14:52:54 | 201 |      32.458µs | 172.20.0.5 | POST | /payments | -
log truncated at line 1000
