
 Network joaoulian_backend  Creating
 Network joaoulian_backend  Created
 Volume "joaoulian_redis_data"  Creating
 Volume "joaoulian_redis_data"  Created
 Container joaoulian-cache-1  Creating
 Container joaoulian-cache-1  Created
 Container joaoulian-api1-1  Creating
 Container joaoulian-api2-1  Creating
 Container joaoulian-worker1-1  Creating
 Container joaoulian-worker1-1  Created
 Container joaoulian-api1-1  Created
 Container joaoulian-api2-1  Created
 Container joaoulian-haproxy-1  Creating
 Container joaoulian-haproxy-1  Created
Attaching to api1-1, api2-1, cache-1, haproxy-1, worker1-1
cache-1    | 1:C 08 Aug 2025 00:29:00.633 # WARNING Memory overcommit must be enabled! Without it, a background save or replication may fail under low memory condition. Being disabled, it can also cause failures without low memory condition, see https://github.com/jemalloc/jemalloc/issues/1328. To fix this issue add 'vm.overcommit_memory = 1' to /etc/sysctl.conf and then reboot or run the command 'sysctl vm.overcommit_memory=1' for this to take effect.
cache-1    | 1:C 08 Aug 2025 00:29:00.634 * oO0OoO0OoO0Oo Redis is starting oO0OoO0OoO0Oo
cache-1    | 1:C 08 Aug 2025 00:29:00.634 * Redis version=7.4.5, bits=64, commit=00000000, modified=0, pid=1, just started
cache-1    | 1:C 08 Aug 2025 00:29:00.634 * Configuration loaded
cache-1    | 1:M 08 Aug 2025 00:29:00.635 * monotonic clock: POSIX clock_gettime
cache-1    | 1:M 08 Aug 2025 00:29:00.639 * Running mode=standalone, port=6379.
cache-1    | 1:M 08 Aug 2025 00:29:00.641 * Server initialized
cache-1    | 1:M 08 Aug 2025 00:29:00.713 * Creating AOF base file appendonly.aof.1.base.rdb on server start
cache-1    | 1:M 08 Aug 2025 00:29:00.735 * Creating AOF incr file appendonly.aof.1.incr.aof on server start
cache-1    | 1:M 08 Aug 2025 00:29:00.735 * Ready to accept connections tcp
haproxy-1  | [NOTICE]   (1) : New worker (9) forked
haproxy-1  | [NOTICE]   (1) : Loading success.
haproxy-1  | [WARNING]  (9) : Server backend_payments/api1 is DOWN, reason: Layer4 connection problem, info: "Connection refused", check duration: 0ms. 1 active and 0 backup servers left. 0 sessions active, 0 requeued, 0 remaining in queue.
worker1-1  | [dotenv@17.2.1] injecting env (0) from .env -- tip: ⚙️  write to custom object with { processEnv: myObject }
haproxy-1  | [WARNING]  (9) : Server backend_payments/api2 is DOWN, reason: Layer4 connection problem, info: "Connection refused", check duration: 0ms. 0 active and 0 backup servers left. 0 sessions active, 0 requeued, 0 remaining in queue.
haproxy-1  | [ALERT]    (9) : backend 'backend_payments' has no server available!
api2-1     | [dotenv@17.2.1] injecting env (0) from .env -- tip: 🔐 encrypt with Dotenvx: https://dotenvx.com
api1-1     | [dotenv@17.2.1] injecting env (0) from .env -- tip: 🔐 encrypt with Dotenvx: https://dotenvx.com
haproxy-1  | [WARNING]  (9) : Server backend_summary/api1 is DOWN, reason: Layer4 connection problem, info: "Connection refused", check duration: 0ms. 1 active and 0 backup servers left. 0 sessions active, 0 requeued, 0 remaining in queue.
worker1-1  | {"level":30,"time":1754612942940,"pid":1,"hostname":"worker1","message":"Registering Redis plugin..."}
worker1-1  | {"level":30,"time":1754612942943,"pid":1,"hostname":"worker1","message":"Redis plugin registered successfully"}
worker1-1  | {"level":30,"time":1754612942944,"pid":1,"hostname":"worker1","message":"Registering DI Container plugin..."}
worker1-1  | {"level":30,"time":1754612942950,"pid":1,"hostname":"worker1","message":"DI Container plugin registered successfully"}
worker1-1  | {"level":30,"time":1754612942951,"pid":1,"hostname":"worker1","message":"Registering payment queue worker"}
worker1-1  | {"level":30,"time":1754612942954,"pid":1,"hostname":"worker1","queueName":"payments","message":"Worker created"}
worker1-1  | {"level":30,"time":1754612943019,"pid":1,"hostname":"worker1","message":"Connected to Redis"}
haproxy-1  | [WARNING]  (9) : Server backend_summary/api2 is DOWN, reason: Layer4 connection problem, info: "Connection refused", check duration: 0ms. 0 active and 0 backup servers left. 0 sessions active, 0 requeued, 0 remaining in queue.
haproxy-1  | [ALERT]    (9) : backend 'backend_summary' has no server available!
api1-1     | {"level":30,"time":1754612943507,"pid":1,"hostname":"api1","message":"Registering Redis plugin..."}
api2-1     | {"level":30,"time":1754612943511,"pid":1,"hostname":"api2","message":"Registering Redis plugin..."}
api1-1     | {"level":30,"time":1754612943509,"pid":1,"hostname":"api1","message":"Redis plugin registered successfully"}
api1-1     | {"level":30,"time":1754612943510,"pid":1,"hostname":"api1","message":"Registering DI Container plugin..."}
api1-1     | {"level":30,"time":1754612943514,"pid":1,"hostname":"api1","message":"DI Container plugin registered successfully"}
api1-1     | {"level":30,"time":1754612943526,"pid":1,"hostname":"api1","message":"Server listening at http://0.0.0.0:3000"}
api1-1     | {"level":30,"time":1754612943526,"pid":1,"hostname":"api1","message":"📝 Environment: production"}
api2-1     | {"level":30,"time":1754612943513,"pid":1,"hostname":"api2","message":"Redis plugin registered successfully"}
api2-1     | {"level":30,"time":1754612943514,"pid":1,"hostname":"api2","message":"Registering DI Container plugin..."}
api2-1     | {"level":30,"time":1754612943519,"pid":1,"hostname":"api2","message":"DI Container plugin registered successfully"}
api2-1     | {"level":30,"time":1754612943605,"pid":1,"hostname":"api2","message":"Server listening at http://0.0.0.0:3000"}
api2-1     | {"level":30,"time":1754612943605,"pid":1,"hostname":"api2","message":"📝 Environment: production"}
haproxy-1  | [WARNING]  (9) : Server backend_payments/api1 is UP, reason: Layer4 check passed, check duration: 0ms. 1 active and 0 backup servers online. 0 sessions requeued, 0 total in queue.
haproxy-1  | [WARNING]  (9) : Server backend_payments/api2 is UP, reason: Layer4 check passed, check duration: 0ms. 2 active and 0 backup servers online. 0 sessions requeued, 0 total in queue.
haproxy-1  | [WARNING]  (9) : Server backend_summary/api1 is UP, reason: Layer4 check passed, check duration: 0ms. 1 active and 0 backup servers online. 0 sessions requeued, 0 total in queue.
haproxy-1  | [WARNING]  (9) : Server backend_summary/api2 is UP, reason: Layer4 check passed, check duration: 0ms. 2 active and 0 backup servers online. 0 sessions requeued, 0 total in queue.
api1-1     | {"level":30,"time":1754612948929,"pid":1,"hostname":"api1","reqId":"req-1","req":{"method":"GET","url":"/payments-summary","hostname":"localhost:9999","remoteAddress":"172.20.0.6","remotePort":39460},"message":"incoming request"}
api1-1     | {"level":30,"time":1754612948935,"pid":1,"hostname":"api1","message":"Connected to Redis"}
api1-1     | {"level":30,"time":1754612948946,"pid":1,"hostname":"api1","reqId":"req-1","res":{"statusCode":200},"responseTime":15.871949000284076,"message":"request completed"}
api2-1     | {"level":30,"time":1754612954656,"pid":1,"hostname":"api2","reqId":"req-1","req":{"method":"POST","url":"/purge-payments","hostname":"localhost:9999","remoteAddress":"172.20.0.6","remotePort":53386},"message":"incoming request"}
api1-1     | {"level":30,"time":1754612954673,"pid":1,"hostname":"api1","reqId":"req-2","req":{"method":"GET","url":"/payments-summary?from=2025-08-08T00:28:59.670Z&to=2025-08-08T00:29:13.170Z","hostname":"localhost:9999","remoteAddress":"172.20.0.6","remotePort":39524},"message":"incoming request"}
api2-1     | {"level":50,"time":1754612954658,"pid":1,"hostname":"api2","reqId":"req-1","err":{"type":"FastifyError","message":"Body cannot be empty when content-type is set to 'application/json'","stack":"FastifyError: Body cannot be empty when content-type is set to 'application/json'\n    at Parser.defaultJsonParser [as fn] (/app/node_modules/.pnpm/fastify@4.29.1/node_modules/fastify/lib/contentTypeParser.js:295:19)\n    at IncomingMessage.onEnd (/app/node_modules/.pnpm/fastify@4.29.1/node_modules/fastify/lib/contentTypeParser.js:283:27)\n    at IncomingMessage.emit (node:events:518:28)\n    at endReadableNT (node:internal/streams/readable:1698:12)\n    at process.processTicksAndRejections (node:internal/process/task_queues:90:21)","code":"FST_ERR_CTP_EMPTY_JSON_BODY","name":"FastifyError","statusCode":400},"message":"Body cannot be empty when content-type is set to 'application/json'"}
api2-1     | {"level":30,"time":1754612954671,"pid":1,"hostname":"api2","reqId":"req-1","res":{"statusCode":500},"responseTime":14.237335000187159,"message":"request completed"}
api1-1     | {"level":30,"time":1754612954677,"pid":1,"hostname":"api1","reqId":"req-2","res":{"statusCode":200},"responseTime":3.4486469998955727,"message":"request completed"}
api2-1     | {"level":30,"time":1754612954677,"pid":1,"hostname":"api2","reqId":"req-2","req":{"method":"POST","url":"/payments","hostname":"localhost:9999","remoteAddress":"172.20.0.6","remotePort":53388},"message":"incoming request"}
api2-1     | {"level":30,"time":1754612954680,"pid":1,"hostname":"api2","request":{"correlationId":"a1babc96-18d9-4fab-97a1-118ead144eb5","amount":19.9},"serviceId":"[create-payment]-1754612954680","serviceName":"create-payment","message":"[create-payment]-1754612954680 Service started"}
api2-1     | {"level":30,"time":1754612954685,"pid":1,"hostname":"api2","message":"Connected to Redis"}
api2-1     | {"level":30,"time":1754612954689,"pid":1,"hostname":"api2","correlationId":"a1babc96-18d9-4fab-97a1-118ead144eb5","amountInCents":1990,"message":"Payment record created in Redis"}
api2-1     | {"level":30,"time":1754612954691,"pid":1,"hostname":"api2","queueName":"payments","message":"Queue created"}
api2-1     | {"level":30,"time":1754612954698,"pid":1,"hostname":"api2","jobId":"1","correlationId":"a1babc96-18d9-4fab-97a1-118ead144eb5","message":"Payment queued for processing"}
api2-1     | {"level":30,"time":1754612954699,"pid":1,"hostname":"api2","request":{"correlationId":"a1babc96-18d9-4fab-97a1-118ead144eb5","amount":19.9},"serviceId":"[create-payment]-1754612954680","serviceName":"create-payment","message":"[create-payment]-1754612954680 Service ended"}
api2-1     | {"level":30,"time":1754612954699,"pid":1,"hostname":"api2","reqId":"req-2","res":{"statusCode":200},"responseTime":22.11994699947536,"message":"request completed"}
worker1-1  | {"level":30,"time":1754612954700,"pid":1,"hostname":"worker1","request":{"name":"process-payment","data":{"correlationId":"a1babc96-18d9-4fab-97a1-118ead144eb5","amount":19.9,"requestedAt":"2025-08-08T00:29:14.687Z"},"opts":{"attempts":3,"priority":10,"removeOnFail":50,"removeOnComplete":100,"backoff":{"delay":2000,"type":"exponential"}},"id":"1","progress":0,"returnvalue":null,"stacktrace":[],"delay":0,"priority":10,"attemptsStarted":1,"attemptsMade":0,"stalledCounter":0,"timestamp":1754612954695,"queueQualifiedName":"bull:payments","processedOn":1754612954698,"token":"ddc778c0-0ce1-4631-8af5-d75b41ada555:3"},"serviceId":"[process-payment]-1754612954700","serviceName":"process-payment","message":"[process-payment]-1754612954700 Service started"}
worker1-1  | {"level":30,"time":1754612954702,"pid":1,"hostname":"worker1","message":"Processing payment: {\"correlationId\":\"a1babc96-18d9-4fab-97a1-118ead144eb5\",\"amount\":19.9,\"requestedAt\":\"2025-08-08T00:29:14.687Z\"}, host: default"}
worker1-1  | {"level":30,"time":1754612954721,"pid":1,"hostname":"worker1","correlationId":"a1babc96-18d9-4fab-97a1-118ead144eb5","processor":"default","message":"Payment processor updated in Redis"}
worker1-1  | {"level":30,"time":1754612954721,"pid":1,"hostname":"worker1","request":{"name":"process-payment","data":{"correlationId":"a1babc96-18d9-4fab-97a1-118ead144eb5","amount":19.9,"requestedAt":"2025-08-08T00:29:14.687Z"},"opts":{"attempts":3,"priority":10,"removeOnFail":50,"removeOnComplete":100,"backoff":{"delay":2000,"type":"exponential"}},"id":"1","progress":0,"returnvalue":null,"stacktrace":[],"delay":0,"priority":10,"attemptsStarted":1,"attemptsMade":0,"stalledCounter":0,"timestamp":1754612954695,"queueQualifiedName":"bull:payments","processedOn":1754612954698,"token":"ddc778c0-0ce1-4631-8af5-d75b41ada555:3"},"serviceId":"[process-payment]-1754612954700","serviceName":"process-payment","message":"[process-payment]-1754612954700 Service ended"}
worker1-1  | {"level":30,"time":1754612954721,"pid":1,"hostname":"worker1","jobId":"1","queueName":"payments","message":"Job completed successfully"}
api1-1     | {"level":30,"time":1754612954781,"pid":1,"hostname":"api1","reqId":"req-3","req":{"method":"POST","url":"/payments","hostname":"localhost:9999","remoteAddress":"172.20.0.6","remotePort":39534},"message":"incoming request"}
api1-1     | {"level":30,"time":1754612954784,"pid":1,"hostname":"api1","request":{"correlationId":"1c885a56-eac4-4c43-b448-08755414833e","amount":19.9},"serviceId":"[create-payment]-1754612954784","serviceName":"create-payment","message":"[create-payment]-1754612954784 Service started"}
api1-1     | {"level":30,"time":1754612954786,"pid":1,"hostname":"api1","correlationId":"1c885a56-eac4-4c43-b448-08755414833e","amountInCents":1990,"message":"Payment record created in Redis"}
api1-1     | {"level":30,"time":1754612954787,"pid":1,"hostname":"api1","queueName":"payments","message":"Queue created"}
api1-1     | {"level":30,"time":1754612954794,"pid":1,"hostname":"api1","jobId":"2","correlationId":"1c885a56-eac4-4c43-b448-08755414833e","message":"Payment queued for processing"}
api1-1     | {"level":30,"time":1754612954794,"pid":1,"hostname":"api1","request":{"correlationId":"1c885a56-eac4-4c43-b448-08755414833e","amount":19.9},"serviceId":"[create-payment]-1754612954784","serviceName":"create-payment","message":"[create-payment]-1754612954784 Service ended"}
api1-1     | {"level":30,"time":1754612954794,"pid":1,"hostname":"api1","reqId":"req-3","res":{"statusCode":200},"responseTime":13.0461909994483,"message":"request completed"}
worker1-1  | {"level":30,"time":1754612954795,"pid":1,"hostname":"worker1","request":{"name":"process-payment","data":{"correlationId":"1c885a56-eac4-4c43-b448-08755414833e","amount":19.9,"requestedAt":"2025-08-08T00:29:14.785Z"},"opts":{"attempts":3,"priority":10,"removeOnFail":50,"removeOnComplete":100,"backoff":{"delay":2000,"type":"exponential"}},"id":"2","progress":0,"returnvalue":null,"stacktrace":[],"delay":0,"priority":10,"attemptsStarted":1,"attemptsMade":0,"stalledCounter":0,"timestamp":1754612954791,"queueQualifiedName":"bull:payments","processedOn":1754612954794,"token":"ddc778c0-0ce1-4631-8af5-d75b41ada555:6"},"serviceId":"[process-payment]-1754612954795","serviceName":"process-payment","message":"[process-payment]-1754612954795 Service started"}
worker1-1  | {"level":30,"time":1754612954796,"pid":1,"hostname":"worker1","message":"Processing payment: {\"correlationId\":\"1c885a56-eac4-4c43-b448-08755414833e\",\"amount\":19.9,\"requestedAt\":\"2025-08-08T00:29:14.785Z\"}, host: default"}
worker1-1  | {"level":30,"time":1754612954800,"pid":1,"hostname":"worker1","correlationId":"1c885a56-eac4-4c43-b448-08755414833e","processor":"default","message":"Payment processor updated in Redis"}
worker1-1  | {"level":30,"time":1754612954800,"pid":1,"hostname":"worker1","request":{"name":"process-payment","data":{"correlationId":"1c885a56-eac4-4c43-b448-08755414833e","amount":19.9,"requestedAt":"2025-08-08T00:29:14.785Z"},"opts":{"attempts":3,"priority":10,"removeOnFail":50,"removeOnComplete":100,"backoff":{"delay":2000,"type":"exponential"}},"id":"2","progress":0,"returnvalue":null,"stacktrace":[],"delay":0,"priority":10,"attemptsStarted":1,"attemptsMade":0,"stalledCounter":0,"timestamp":1754612954791,"queueQualifiedName":"bull:payments","processedOn":1754612954794,"token":"ddc778c0-0ce1-4631-8af5-d75b41ada555:6"},"serviceId":"[process-payment]-1754612954795","serviceName":"process-payment","message":"[process-payment]-1754612954795 Service ended"}
worker1-1  | {"level":30,"time":1754612954800,"pid":1,"hostname":"worker1","jobId":"2","queueName":"payments","message":"Job completed successfully"}
api2-1     | {"level":30,"time":1754612954891,"pid":1,"hostname":"api2","reqId":"req-3","req":{"method":"POST","url":"/payments","hostname":"localhost:9999","remoteAddress":"172.20.0.6","remotePort":53402},"message":"incoming request"}
api2-1     | {"level":30,"time":1754612954891,"pid":1,"hostname":"api2","request":{"correlationId":"5515d180-ee77-4bd6-bbe0-5c353e7a90d7","amount":19.9},"serviceId":"[create-payment]-1754612954891","serviceName":"create-payment","message":"[create-payment]-1754612954891 Service started"}
api2-1     | {"level":30,"time":1754612954893,"pid":1,"hostname":"api2","correlationId":"5515d180-ee77-4bd6-bbe0-5c353e7a90d7","amountInCents":1990,"message":"Payment record created in Redis"}
api2-1     | {"level":30,"time":1754612954893,"pid":1,"hostname":"api2","jobId":"3","correlationId":"5515d180-ee77-4bd6-bbe0-5c353e7a90d7","message":"Payment queued for processing"}
api2-1     | {"level":30,"time":1754612954893,"pid":1,"hostname":"api2","request":{"correlationId":"5515d180-ee77-4bd6-bbe0-5c353e7a90d7","amount":19.9},"serviceId":"[create-payment]-1754612954891","serviceName":"create-payment","message":"[create-payment]-1754612954891 Service ended"}
api2-1     | {"level":30,"time":1754612954894,"pid":1,"hostname":"api2","reqId":"req-3","res":{"statusCode":200},"responseTime":2.842833999544382,"message":"request completed"}
worker1-1  | {"level":30,"time":1754612954894,"pid":1,"hostname":"worker1","request":{"name":"process-payment","data":{"correlationId":"5515d180-ee77-4bd6-bbe0-5c353e7a90d7","amount":19.9,"requestedAt":"2025-08-08T00:29:14.892Z"},"opts":{"attempts":3,"priority":10,"removeOnFail":50,"removeOnComplete":100,"backoff":{"delay":2000,"type":"exponential"}},"id":"3","progress":0,"returnvalue":null,"stacktrace":[],"delay":0,"priority":10,"attemptsStarted":1,"attemptsMade":0,"stalledCounter":0,"timestamp":1754612954893,"queueQualifiedName":"bull:payments","processedOn":1754612954893,"token":"ddc778c0-0ce1-4631-8af5-d75b41ada555:9"},"serviceId":"[process-payment]-1754612954894","serviceName":"process-payment","message":"[process-payment]-1754612954894 Service started"}
worker1-1  | {"level":30,"time":1754612954895,"pid":1,"hostname":"worker1","message":"Processing payment: {\"correlationId\":\"5515d180-ee77-4bd6-bbe0-5c353e7a90d7\",\"amount\":19.9,\"requestedAt\":\"2025-08-08T00:29:14.892Z\"}, host: default"}
worker1-1  | {"level":30,"time":1754612954898,"pid":1,"hostname":"worker1","correlationId":"5515d180-ee77-4bd6-bbe0-5c353e7a90d7","processor":"default","message":"Payment processor updated in Redis"}
worker1-1  | {"level":30,"time":1754612954898,"pid":1,"hostname":"worker1","request":{"name":"process-payment","data":{"correlationId":"5515d180-ee77-4bd6-bbe0-5c353e7a90d7","amount":19.9,"requestedAt":"2025-08-08T00:29:14.892Z"},"opts":{"attempts":3,"priority":10,"removeOnFail":50,"removeOnComplete":100,"backoff":{"delay":2000,"type":"exponential"}},"id":"3","progress":0,"returnvalue":null,"stacktrace":[],"delay":0,"priority":10,"attemptsStarted":1,"attemptsMade":0,"stalledCounter":0,"timestamp":1754612954893,"queueQualifiedName":"bull:payments","processedOn":1754612954893,"token":"ddc778c0-0ce1-4631-8af5-d75b41ada555:9"},"serviceId":"[process-payment]-1754612954894","serviceName":"process-payment","message":"[process-payment]-1754612954894 Service ended"}
worker1-1  | {"level":30,"time":1754612954899,"pid":1,"hostname":"worker1","jobId":"3","queueName":"payments","message":"Job completed successfully"}
api1-1     | {"level":30,"time":1754612955000,"pid":1,"hostname":"api1","reqId":"req-4","req":{"method":"POST","url":"/payments","hostname":"localhost:9999","remoteAddress":"172.20.0.6","remotePort":39558},"message":"incoming request"}
api1-1     | {"level":30,"time":1754612955001,"pid":1,"hostname":"api1","request":{"correlationId":"35f0c469-4234-4e16-a675-593dd2bef814","amount":19.9},"serviceId":"[create-payment]-1754612955001","serviceName":"create-payment","message":"[create-payment]-1754612955001 Service started"}
api1-1     | {"level":30,"time":1754612955002,"pid":1,"hostname":"api1","correlationId":"35f0c469-4234-4e16-a675-593dd2bef814","amountInCents":1990,"message":"Payment record created in Redis"}
api1-1     | {"level":30,"time":1754612955003,"pid":1,"hostname":"api1","jobId":"4","correlationId":"35f0c469-4234-4e16-a675-593dd2bef814","message":"Payment queued for processing"}
api1-1     | {"level":30,"time":1754612955003,"pid":1,"hostname":"api1","request":{"correlationId":"35f0c469-4234-4e16-a675-593dd2bef814","amount":19.9},"serviceId":"[create-payment]-1754612955001","serviceName":"create-payment","message":"[create-payment]-1754612955001 Service ended"}
api1-1     | {"level":30,"time":1754612955003,"pid":1,"hostname":"api1","reqId":"req-4","res":{"statusCode":200},"responseTime":3.0159499999135733,"message":"request completed"}
worker1-1  | {"level":30,"time":1754612955004,"pid":1,"hostname":"worker1","request":{"name":"process-payment","data":{"correlationId":"35f0c469-4234-4e16-a675-593dd2bef814","amount":19.9,"requestedAt":"2025-08-08T00:29:15.001Z"},"opts":{"attempts":3,"priority":10,"removeOnFail":50,"removeOnComplete":100,"backoff":{"delay":2000,"type":"exponential"}},"id":"4","progress":0,"returnvalue":null,"stacktrace":[],"delay":0,"priority":10,"attemptsStarted":1,"attemptsMade":0,"stalledCounter":0,"timestamp":1754612955002,"queueQualifiedName":"bull:payments","processedOn":1754612955003,"token":"ddc778c0-0ce1-4631-8af5-d75b41ada555:12"},"serviceId":"[process-payment]-1754612955004","serviceName":"process-payment","message":"[process-payment]-1754612955004 Service started"}
worker1-1  | {"level":30,"time":1754612955004,"pid":1,"hostname":"worker1","message":"Processing payment: {\"correlationId\":\"35f0c469-4234-4e16-a675-593dd2bef814\",\"amount\":19.9,\"requestedAt\":\"2025-08-08T00:29:15.001Z\"}, host: default"}
worker1-1  | {"level":30,"time":1754612955007,"pid":1,"hostname":"worker1","correlationId":"35f0c469-4234-4e16-a675-593dd2bef814","processor":"default","message":"Payment processor updated in Redis"}
worker1-1  | {"level":30,"time":1754612955007,"pid":1,"hostname":"worker1","request":{"name":"process-payment","data":{"correlationId":"35f0c469-4234-4e16-a675-593dd2bef814","amount":19.9,"requestedAt":"2025-08-08T00:29:15.001Z"},"opts":{"attempts":3,"priority":10,"removeOnFail":50,"removeOnComplete":100,"backoff":{"delay":2000,"type":"exponential"}},"id":"4","progress":0,"returnvalue":null,"stacktrace":[],"delay":0,"priority":10,"attemptsStarted":1,"attemptsMade":0,"stalledCounter":0,"timestamp":1754612955002,"queueQualifiedName":"bull:payments","processedOn":1754612955003,"token":"ddc778c0-0ce1-4631-8af5-d75b41ada555:12"},"serviceId":"[process-payment]-1754612955004","serviceName":"process-payment","message":"[process-payment]-1754612955004 Service ended"}
worker1-1  | {"level":30,"time":1754612955007,"pid":1,"hostname":"worker1","jobId":"4","queueName":"payments","message":"Job completed successfully"}
api2-1     | {"level":30,"time":1754612955109,"pid":1,"hostname":"api2","reqId":"req-4","req":{"method":"POST","url":"/payments","hostname":"localhost:9999","remoteAddress":"172.20.0.6","remotePort":53416},"message":"incoming request"}
api2-1     | {"level":30,"time":1754612955109,"pid":1,"hostname":"api2","request":{"correlationId":"0cde5a38-388f-44b0-822e-6f3d16c134a4","amount":19.9},"serviceId":"[create-payment]-1754612955109","serviceName":"create-payment","message":"[create-payment]-1754612955109 Service started"}
api2-1     | {"level":30,"time":1754612955110,"pid":1,"hostname":"api2","correlationId":"0cde5a38-388f-44b0-822e-6f3d16c134a4","amountInCents":1990,"message":"Payment record created in Redis"}
api2-1     | {"level":30,"time":1754612955111,"pid":1,"hostname":"api2","jobId":"5","correlationId":"0cde5a38-388f-44b0-822e-6f3d16c134a4","message":"Payment queued for processing"}
api2-1     | {"level":30,"time":1754612955111,"pid":1,"hostname":"api2","request":{"correlationId":"0cde5a38-388f-44b0-822e-6f3d16c134a4","amount":19.9},"serviceId":"[create-payment]-1754612955109","serviceName":"create-payment","message":"[create-payment]-1754612955109 Service ended"}
api2-1     | {"level":30,"time":1754612955111,"pid":1,"hostname":"api2","reqId":"req-4","res":{"statusCode":200},"responseTime":2.6101619992405176,"message":"request completed"}
worker1-1  | {"level":30,"time":1754612955111,"pid":1,"hostname":"worker1","request":{"name":"process-payment","data":{"correlationId":"0cde5a38-388f-44b0-822e-6f3d16c134a4","amount":19.9,"requestedAt":"2025-08-08T00:29:15.109Z"},"opts":{"attempts":3,"priority":10,"removeOnFail":50,"removeOnComplete":100,"backoff":{"delay":2000,"type":"exponential"}},"id":"5","progress":0,"returnvalue":null,"stacktrace":[],"delay":0,"priority":10,"attemptsStarted":1,"attemptsMade":0,"stalledCounter":0,"timestamp":1754612955110,"queueQualifiedName":"bull:payments","processedOn":1754612955111,"token":"ddc778c0-0ce1-4631-8af5-d75b41ada555:15"},"serviceId":"[process-payment]-1754612955111","serviceName":"process-payment","message":"[process-payment]-1754612955111 Service started"}
worker1-1  | {"level":30,"time":1754612955112,"pid":1,"hostname":"worker1","message":"Processing payment: {\"correlationId\":\"0cde5a38-388f-44b0-822e-6f3d16c134a4\",\"amount\":19.9,\"requestedAt\":\"2025-08-08T00:29:15.109Z\"}, host: default"}
worker1-1  | {"level":30,"time":1754612955115,"pid":1,"hostname":"worker1","correlationId":"0cde5a38-388f-44b0-822e-6f3d16c134a4","processor":"default","message":"Payment processor updated in Redis"}
worker1-1  | {"level":30,"time":1754612955115,"pid":1,"hostname":"worker1","request":{"name":"process-payment","data":{"correlationId":"0cde5a38-388f-44b0-822e-6f3d16c134a4","amount":19.9,"requestedAt":"2025-08-08T00:29:15.109Z"},"opts":{"attempts":3,"priority":10,"removeOnFail":50,"removeOnComplete":100,"backoff":{"delay":2000,"type":"exponential"}},"id":"5","progress":0,"returnvalue":null,"stacktrace":[],"delay":0,"priority":10,"attemptsStarted":1,"attemptsMade":0,"stalledCounter":0,"timestamp":1754612955110,"queueQualifiedName":"bull:payments","processedOn":1754612955111,"token":"ddc778c0-0ce1-4631-8af5-d75b41ada555:15"},"serviceId":"[process-payment]-1754612955111","serviceName":"process-payment","message":"[process-payment]-1754612955111 Service ended"}
worker1-1  | {"level":30,"time":1754612955115,"pid":1,"hostname":"worker1","jobId":"5","queueName":"payments","message":"Job completed successfully"}
api1-1     | {"level":30,"time":1754612955219,"pid":1,"hostname":"api1","reqId":"req-5","req":{"method":"POST","url":"/payments","hostname":"localhost:9999","remoteAddress":"172.20.0.6","remotePort":39574},"message":"incoming request"}
api1-1     | {"level":30,"time":1754612955219,"pid":1,"hostname":"api1","request":{"correlationId":"4e7e4c91-17c0-481a-bab1-dd4954173544","amount":19.9},"serviceId":"[create-payment]-1754612955219","serviceName":"create-payment","message":"[create-payment]-1754612955219 Service started"}
api1-1     | {"level":30,"time":1754612955220,"pid":1,"hostname":"api1","correlationId":"4e7e4c91-17c0-481a-bab1-dd4954173544","amountInCents":1990,"message":"Payment record created in Redis"}
api1-1     | {"level":30,"time":1754612955221,"pid":1,"hostname":"api1","jobId":"6","correlationId":"4e7e4c91-17c0-481a-bab1-dd4954173544","message":"Payment queued for processing"}
api1-1     | {"level":30,"time":1754612955221,"pid":1,"hostname":"api1","request":{"correlationId":"4e7e4c91-17c0-481a-bab1-dd4954173544","amount":19.9},"serviceId":"[create-payment]-1754612955219","serviceName":"create-payment","message":"[create-payment]-1754612955219 Service ended"}
api1-1     | {"level":30,"time":1754612955221,"pid":1,"hostname":"api1","reqId":"req-5","res":{"statusCode":200},"responseTime":2.2268040012568235,"message":"request completed"}
worker1-1  | {"level":30,"time":1754612955222,"pid":1,"hostname":"worker1","request":{"name":"process-payment","data":{"correlationId":"4e7e4c91-17c0-481a-bab1-dd4954173544","amount":19.9,"requestedAt":"2025-08-08T00:29:15.220Z"},"opts":{"attempts":3,"priority":10,"removeOnFail":50,"removeOnComplete":100,"backoff":{"delay":2000,"type":"exponential"}},"id":"6","progress":0,"returnvalue":null,"stacktrace":[],"delay":0,"priority":10,"attemptsStarted":1,"attemptsMade":0,"stalledCounter":0,"timestamp":1754612955220,"queueQualifiedName":"bull:payments","processedOn":1754612955221,"token":"ddc778c0-0ce1-4631-8af5-d75b41ada555:18"},"serviceId":"[process-payment]-1754612955222","serviceName":"process-payment","message":"[process-payment]-1754612955222 Service started"}
worker1-1  | {"level":30,"time":1754612955222,"pid":1,"hostname":"worker1","message":"Processing payment: {\"correlationId\":\"4e7e4c91-17c0-481a-bab1-dd4954173544\",\"amount\":19.9,\"requestedAt\":\"2025-08-08T00:29:15.220Z\"}, host: default"}
worker1-1  | {"level":30,"time":1754612955225,"pid":1,"hostname":"worker1","correlationId":"4e7e4c91-17c0-481a-bab1-dd4954173544","processor":"default","message":"Payment processor updated in Redis"}
worker1-1  | {"level":30,"time":1754612955225,"pid":1,"hostname":"worker1","request":{"name":"process-payment","data":{"correlationId":"4e7e4c91-17c0-481a-bab1-dd4954173544","amount":19.9,"requestedAt":"2025-08-08T00:29:15.220Z"},"opts":{"attempts":3,"priority":10,"removeOnFail":50,"removeOnComplete":100,"backoff":{"delay":2000,"type":"exponential"}},"id":"6","progress":0,"returnvalue":null,"stacktrace":[],"delay":0,"priority":10,"attemptsStarted":1,"attemptsMade":0,"stalledCounter":0,"timestamp":1754612955220,"queueQualifiedName":"bull:payments","processedOn":1754612955221,"token":"ddc778c0-0ce1-4631-8af5-d75b41ada555:18"},"serviceId":"[process-payment]-1754612955222","serviceName":"process-payment","message":"[process-payment]-1754612955222 Service ended"}
worker1-1  | {"level":30,"time":1754612955225,"pid":1,"hostname":"worker1","jobId":"6","queueName":"payments","message":"Job completed successfully"}
api2-1     | {"level":30,"time":1754612955328,"pid":1,"hostname":"api2","reqId":"req-5","req":{"method":"POST","url":"/payments","hostname":"localhost:9999","remoteAddress":"172.20.0.6","remotePort":53438},"message":"incoming request"}
api2-1     | {"level":30,"time":1754612955328,"pid":1,"hostname":"api2","request":{"correlationId":"027ca86f-ef90-4234-8ecf-4b395a9b9f7e","amount":19.9},"serviceId":"[create-payment]-1754612955328","serviceName":"create-payment","message":"[create-payment]-1754612955328 Service started"}
api2-1     | {"level":30,"time":1754612955329,"pid":1,"hostname":"api2","correlationId":"027ca86f-ef90-4234-8ecf-4b395a9b9f7e","amountInCents":1990,"message":"Payment record created in Redis"}
api2-1     | {"level":30,"time":1754612955329,"pid":1,"hostname":"api2","jobId":"7","correlationId":"027ca86f-ef90-4234-8ecf-4b395a9b9f7e","message":"Payment queued for processing"}
api2-1     | {"level":30,"time":1754612955330,"pid":1,"hostname":"api2","request":{"correlationId":"027ca86f-ef90-4234-8ecf-4b395a9b9f7e","amount":19.9},"serviceId":"[create-payment]-1754612955328","serviceName":"create-payment","message":"[create-payment]-1754612955328 Service ended"}
api2-1     | {"level":30,"time":1754612955330,"pid":1,"hostname":"api2","reqId":"req-5","res":{"statusCode":200},"responseTime":2.1246910002082586,"message":"request completed"}
worker1-1  | {"level":30,"time":1754612955330,"pid":1,"hostname":"worker1","request":{"name":"process-payment","data":{"correlationId":"027ca86f-ef90-4234-8ecf-4b395a9b9f7e","amount":19.9,"requestedAt":"2025-08-08T00:29:15.328Z"},"opts":{"attempts":3,"priority":10,"removeOnFail":50,"removeOnComplete":100,"backoff":{"delay":2000,"type":"exponential"}},"id":"7","progress":0,"returnvalue":null,"stacktrace":[],"delay":0,"priority":10,"attemptsStarted":1,"attemptsMade":0,"stalledCounter":0,"timestamp":1754612955329,"queueQualifiedName":"bull:payments","processedOn":1754612955330,"token":"ddc778c0-0ce1-4631-8af5-d75b41ada555:21"},"serviceId":"[process-payment]-1754612955330","serviceName":"process-payment","message":"[process-payment]-1754612955330 Service started"}
worker1-1  | {"level":30,"time":1754612955331,"pid":1,"hostname":"worker1","message":"Processing payment: {\"correlationId\":\"027ca86f-ef90-4234-8ecf-4b395a9b9f7e\",\"amount\":19.9,\"requestedAt\":\"2025-08-08T00:29:15.328Z\"}, host: default"}
worker1-1  | {"level":30,"time":1754612955334,"pid":1,"hostname":"worker1","correlationId":"027ca86f-ef90-4234-8ecf-4b395a9b9f7e","processor":"default","message":"Payment processor updated in Redis"}
worker1-1  | {"level":30,"time":1754612955334,"pid":1,"hostname":"worker1","request":{"name":"process-payment","data":{"correlationId":"027ca86f-ef90-4234-8ecf-4b395a9b9f7e","amount":19.9,"requestedAt":"2025-08-08T00:29:15.328Z"},"opts":{"attempts":3,"priority":10,"removeOnFail":50,"removeOnComplete":100,"backoff":{"delay":2000,"type":"exponential"}},"id":"7","progress":0,"returnvalue":null,"stacktrace":[],"delay":0,"priority":10,"attemptsStarted":1,"attemptsMade":0,"stalledCounter":0,"timestamp":1754612955329,"queueQualifiedName":"bull:payments","processedOn":1754612955330,"token":"ddc778c0-0ce1-4631-8af5-d75b41ada555:21"},"serviceId":"[process-payment]-1754612955330","serviceName":"process-payment","message":"[process-payment]-1754612955330 Service ended"}
worker1-1  | {"level":30,"time":1754612955334,"pid":1,"hostname":"worker1","jobId":"7","queueName":"payments","message":"Job completed successfully"}
api1-1     | {"level":30,"time":1754612955437,"pid":1,"hostname":"api1","reqId":"req-6","req":{"method":"POST","url":"/payments","hostname":"localhost:9999","remoteAddress":"172.20.0.6","remotePort":39578},"message":"incoming request"}
api1-1     | {"level":30,"time":1754612955438,"pid":1,"hostname":"api1","request":{"correlationId":"75ce50fb-dcf8-4cb7-a971-423cfbcf3af9","amount":19.9},"serviceId":"[create-payment]-1754612955438","serviceName":"create-payment","message":"[create-payment]-1754612955438 Service started"}
api1-1     | {"level":30,"time":1754612955438,"pid":1,"hostname":"api1","correlationId":"75ce50fb-dcf8-4cb7-a971-423cfbcf3af9","amountInCents":1990,"message":"Payment record created in Redis"}
api1-1     | {"level":30,"time":1754612955439,"pid":1,"hostname":"api1","jobId":"8","correlationId":"75ce50fb-dcf8-4cb7-a971-423cfbcf3af9","message":"Payment queued for processing"}
api1-1     | {"level":30,"time":1754612955439,"pid":1,"hostname":"api1","request":{"correlationId":"75ce50fb-dcf8-4cb7-a971-423cfbcf3af9","amount":19.9},"serviceId":"[create-payment]-1754612955438","serviceName":"create-payment","message":"[create-payment]-1754612955438 Service ended"}
api1-1     | {"level":30,"time":1754612955440,"pid":1,"hostname":"api1","reqId":"req-6","res":{"statusCode":200},"responseTime":2.4935090001672506,"message":"request completed"}
worker1-1  | {"level":30,"time":1754612955440,"pid":1,"hostname":"worker1","request":{"name":"process-payment","data":{"correlationId":"75ce50fb-dcf8-4cb7-a971-423cfbcf3af9","amount":19.9,"requestedAt":"2025-08-08T00:29:15.438Z"},"opts":{"attempts":3,"priority":10,"removeOnFail":50,"removeOnComplete":100,"backoff":{"delay":2000,"type":"exponential"}},"id":"8","progress":0,"returnvalue":null,"stacktrace":[],"delay":0,"priority":10,"attemptsStarted":1,"attemptsMade":0,"stalledCounter":0,"timestamp":1754612955439,"queueQualifiedName":"bull:payments","processedOn":1754612955439,"token":"ddc778c0-0ce1-4631-8af5-d75b41ada555:24"},"serviceId":"[process-payment]-1754612955440","serviceName":"process-payment","message":"[process-payment]-1754612955440 Service started"}
worker1-1  | {"level":30,"time":1754612955441,"pid":1,"hostname":"worker1","message":"Processing payment: {\"correlationId\":\"75ce50fb-dcf8-4cb7-a971-423cfbcf3af9\",\"amount\":19.9,\"requestedAt\":\"2025-08-08T00:29:15.438Z\"}, host: default"}
worker1-1  | {"level":30,"time":1754612955443,"pid":1,"hostname":"worker1","correlationId":"75ce50fb-dcf8-4cb7-a971-423cfbcf3af9","processor":"default","message":"Payment processor updated in Redis"}
worker1-1  | {"level":30,"time":1754612955443,"pid":1,"hostname":"worker1","request":{"name":"process-payment","data":{"correlationId":"75ce50fb-dcf8-4cb7-a971-423cfbcf3af9","amount":19.9,"requestedAt":"2025-08-08T00:29:15.438Z"},"opts":{"attempts":3,"priority":10,"removeOnFail":50,"removeOnComplete":100,"backoff":{"delay":2000,"type":"exponential"}},"id":"8","progress":0,"returnvalue":null,"stacktrace":[],"delay":0,"priority":10,"attemptsStarted":1,"attemptsMade":0,"stalledCounter":0,"timestamp":1754612955439,"queueQualifiedName":"bull:payments","processedOn":1754612955439,"token":"ddc778c0-0ce1-4631-8af5-d75b41ada555:24"},"serviceId":"[process-payment]-1754612955440","serviceName":"process-payment","message":"[process-payment]-1754612955440 Service ended"}
worker1-1  | {"level":30,"time":1754612955444,"pid":1,"hostname":"worker1","jobId":"8","queueName":"payments","message":"Job completed successfully"}
api2-1     | {"level":30,"time":1754612955546,"pid":1,"hostname":"api2","reqId":"req-6","req":{"method":"POST","url":"/payments","hostname":"localhost:9999","remoteAddress":"172.20.0.6","remotePort":53440},"message":"incoming request"}
api2-1     | {"level":30,"time":1754612955547,"pid":1,"hostname":"api2","request":{"correlationId":"82f09ead-e546-456e-b96f-ce7ce97a52aa","amount":19.9},"serviceId":"[create-payment]-1754612955547","serviceName":"create-payment","message":"[create-payment]-1754612955547 Service started"}
api2-1     | {"level":30,"time":1754612955548,"pid":1,"hostname":"api2","correlationId":"82f09ead-e546-456e-b96f-ce7ce97a52aa","amountInCents":1990,"message":"Payment record created in Redis"}
api2-1     | {"level":30,"time":1754612955549,"pid":1,"hostname":"api2","jobId":"9","correlationId":"82f09ead-e546-456e-b96f-ce7ce97a52aa","message":"Payment queued for processing"}
api2-1     | {"level":30,"time":1754612955549,"pid":1,"hostname":"api2","request":{"correlationId":"82f09ead-e546-456e-b96f-ce7ce97a52aa","amount":19.9},"serviceId":"[create-payment]-1754612955547","serviceName":"create-payment","message":"[create-payment]-1754612955547 Service ended"}
api2-1     | {"level":30,"time":1754612955549,"pid":1,"hostname":"api2","reqId":"req-6","res":{"statusCode":200},"responseTime":2.6957609988749027,"message":"request completed"}
worker1-1  | {"level":30,"time":1754612955550,"pid":1,"hostname":"worker1","request":{"name":"process-payment","data":{"correlationId":"82f09ead-e546-456e-b96f-ce7ce97a52aa","amount":19.9,"requestedAt":"2025-08-08T00:29:15.547Z"},"opts":{"attempts":3,"priority":10,"removeOnFail":50,"removeOnComplete":100,"backoff":{"delay":2000,"type":"exponential"}},"id":"9","progress":0,"returnvalue":null,"stacktrace":[],"delay":0,"priority":10,"attemptsStarted":1,"attemptsMade":0,"stalledCounter":0,"timestamp":1754612955548,"queueQualifiedName":"bull:payments","processedOn":1754612955549,"token":"ddc778c0-0ce1-4631-8af5-d75b41ada555:27"},"serviceId":"[process-payment]-1754612955550","serviceName":"process-payment","message":"[process-payment]-1754612955550 Service started"}
worker1-1  | {"level":30,"time":1754612955550,"pid":1,"hostname":"worker1","message":"Processing payment: {\"correlationId\":\"82f09ead-e546-456e-b96f-ce7ce97a52aa\",\"amount\":19.9,\"requestedAt\":\"2025-08-08T00:29:15.547Z\"}, host: default"}
worker1-1  | {"level":30,"time":1754612955556,"pid":1,"hostname":"worker1","correlationId":"82f09ead-e546-456e-b96f-ce7ce97a52aa","processor":"default","message":"Payment processor updated in Redis"}
worker1-1  | {"level":30,"time":1754612955556,"pid":1,"hostname":"worker1","request":{"name":"process-payment","data":{"correlationId":"82f09ead-e546-456e-b96f-ce7ce97a52aa","amount":19.9,"requestedAt":"2025-08-08T00:29:15.547Z"},"opts":{"attempts":3,"priority":10,"removeOnFail":50,"removeOnComplete":100,"backoff":{"delay":2000,"type":"exponential"}},"id":"9","progress":0,"returnvalue":null,"stacktrace":[],"delay":0,"priority":10,"attemptsStarted":1,"attemptsMade":0,"stalledCounter":0,"timestamp":1754612955548,"queueQualifiedName":"bull:payments","processedOn":1754612955549,"token":"ddc778c0-0ce1-4631-8af5-d75b41ada555:27"},"serviceId":"[process-payment]-1754612955550","serviceName":"process-payment","message":"[process-payment]-1754612955550 Service ended"}
worker1-1  | {"level":30,"time":1754612955556,"pid":1,"hostname":"worker1","jobId":"9","queueName":"payments","message":"Job completed successfully"}
api1-1     | {"level":30,"time":1754612955655,"pid":1,"hostname":"api1","reqId":"req-7","req":{"method":"POST","url":"/payments","hostname":"localhost:9999","remoteAddress":"172.20.0.6","remotePort":39592},"message":"incoming request"}
api1-1     | {"level":30,"time":1754612955656,"pid":1,"hostname":"api1","request":{"correlationId":"fd8f645f-74ea-4c33-986a-8ed7b1661b1b","amount":19.9},"serviceId":"[create-payment]-1754612955656","serviceName":"create-payment","message":"[create-payment]-1754612955656 Service started"}
api1-1     | {"level":30,"time":1754612955657,"pid":1,"hostname":"api1","correlationId":"fd8f645f-74ea-4c33-986a-8ed7b1661b1b","amountInCents":1990,"message":"Payment record created in Redis"}
api1-1     | {"level":30,"time":1754612955658,"pid":1,"hostname":"api1","jobId":"10","correlationId":"fd8f645f-74ea-4c33-986a-8ed7b1661b1b","message":"Payment queued for processing"}
api1-1     | {"level":30,"time":1754612955658,"pid":1,"hostname":"api1","request":{"correlationId":"fd8f645f-74ea-4c33-986a-8ed7b1661b1b","amount":19.9},"serviceId":"[create-payment]-1754612955656","serviceName":"create-payment","message":"[create-payment]-1754612955656 Service ended"}
api1-1     | {"level":30,"time":1754612955658,"pid":1,"hostname":"api1","reqId":"req-7","res":{"statusCode":200},"responseTime":2.9083510003983974,"message":"request completed"}
worker1-1  | {"level":30,"time":1754612955659,"pid":1,"hostname":"worker1","request":{"name":"process-payment","data":{"correlationId":"fd8f645f-74ea-4c33-986a-8ed7b1661b1b","amount":19.9,"requestedAt":"2025-08-08T00:29:15.656Z"},"opts":{"attempts":3,"priority":10,"removeOnFail":50,"removeOnComplete":100,"backoff":{"delay":2000,"type":"exponential"}},"id":"10","progress":0,"returnvalue":null,"stacktrace":[],"delay":0,"priority":10,"attemptsStarted":1,"attemptsMade":0,"stalledCounter":0,"timestamp":1754612955657,"queueQualifiedName":"bull:payments","processedOn":1754612955658,"token":"ddc778c0-0ce1-4631-8af5-d75b41ada555:30"},"serviceId":"[process-payment]-1754612955659","serviceName":"process-payment","message":"[process-payment]-1754612955659 Service started"}
worker1-1  | {"level":30,"time":1754612955659,"pid":1,"hostname":"worker1","message":"Processing payment: {\"correlationId\":\"fd8f645f-74ea-4c33-986a-8ed7b1661b1b\",\"amount\":19.9,\"requestedAt\":\"2025-08-08T00:29:15.656Z\"}, host: default"}
worker1-1  | {"level":30,"time":1754612955663,"pid":1,"hostname":"worker1","correlationId":"fd8f645f-74ea-4c33-986a-8ed7b1661b1b","processor":"default","message":"Payment processor updated in Redis"}
worker1-1  | {"level":30,"time":1754612955663,"pid":1,"hostname":"worker1","request":{"name":"process-payment","data":{"correlationId":"fd8f645f-74ea-4c33-986a-8ed7b1661b1b","amount":19.9,"requestedAt":"2025-08-08T00:29:15.656Z"},"opts":{"attempts":3,"priority":10,"removeOnFail":50,"removeOnComplete":100,"backoff":{"delay":2000,"type":"exponential"}},"id":"10","progress":0,"returnvalue":null,"stacktrace":[],"delay":0,"priority":10,"attemptsStarted":1,"attemptsMade":0,"stalledCounter":0,"timestamp":1754612955657,"queueQualifiedName":"bull:payments","processedOn":1754612955658,"token":"ddc778c0-0ce1-4631-8af5-d75b41ada555:30"},"serviceId":"[process-payment]-1754612955659","serviceName":"process-payment","message":"[process-payment]-1754612955659 Service ended"}
worker1-1  | {"level":30,"time":1754612955663,"pid":1,"hostname":"worker1","jobId":"10","queueName":"payments","message":"Job completed successfully"}
api2-1     | {"level":30,"time":1754612955701,"pid":1,"hostname":"api2","reqId":"req-7","req":{"method":"POST","url":"/payments","hostname":"localhost:9999","remoteAddress":"172.20.0.6","remotePort":53388},"message":"incoming request"}
api2-1     | {"level":30,"time":1754612955701,"pid":1,"hostname":"api2","request":{"correlationId":"87b36728-a066-49bc-a3d8-494d16e39b57","amount":19.9},"serviceId":"[create-payment]-1754612955701","serviceName":"create-payment","message":"[create-payment]-1754612955701 Service started"}
api2-1     | {"level":30,"time":1754612955702,"pid":1,"hostname":"api2","correlationId":"87b36728-a066-49bc-a3d8-494d16e39b57","amountInCents":1990,"message":"Payment record created in Redis"}
api2-1     | {"level":30,"time":1754612955703,"pid":1,"hostname":"api2","jobId":"11","correlationId":"87b36728-a066-49bc-a3d8-494d16e39b57","message":"Payment queued for processing"}
api2-1     | {"level":30,"time":1754612955703,"pid":1,"hostname":"api2","request":{"correlationId":"87b36728-a066-49bc-a3d8-494d16e39b57","amount":19.9},"serviceId":"[create-payment]-1754612955701","serviceName":"create-payment","message":"[create-payment]-1754612955701 Service ended"}
api2-1     | {"level":30,"time":1754612955703,"pid":1,"hostname":"api2","reqId":"req-7","res":{"statusCode":200},"responseTime":2.321508999913931,"message":"request completed"}
worker1-1  | {"level":30,"time":1754612955704,"pid":1,"hostname":"worker1","request":{"name":"process-payment","data":{"correlationId":"87b36728-a066-49bc-a3d8-494d16e39b57","amount":19.9,"requestedAt":"2025-08-08T00:29:15.702Z"},"opts":{"attempts":3,"priority":10,"removeOnFail":50,"removeOnComplete":100,"backoff":{"delay":2000,"type":"exponential"}},"id":"11","progress":0,"returnvalue":null,"stacktrace":[],"delay":0,"priority":10,"attemptsStarted":1,"attemptsMade":0,"stalledCounter":0,"timestamp":1754612955702,"queueQualifiedName":"bull:payments","processedOn":1754612955703,"token":"ddc778c0-0ce1-4631-8af5-d75b41ada555:33"},"serviceId":"[process-payment]-1754612955704","serviceName":"process-payment","message":"[process-payment]-1754612955704 Service started"}
worker1-1  | {"level":30,"time":1754612955704,"pid":1,"hostname":"worker1","message":"Processing payment: {\"correlationId\":\"87b36728-a066-49bc-a3d8-494d16e39b57\",\"amount\":19.9,\"requestedAt\":\"2025-08-08T00:29:15.702Z\"}, host: default"}
worker1-1  | {"level":30,"time":1754612955706,"pid":1,"hostname":"worker1","correlationId":"87b36728-a066-49bc-a3d8-494d16e39b57","processor":"default","message":"Payment processor updated in Redis"}
worker1-1  | {"level":30,"time":1754612955706,"pid":1,"hostname":"worker1","request":{"name":"process-payment","data":{"correlationId":"87b36728-a066-49bc-a3d8-494d16e39b57","amount":19.9,"requestedAt":"2025-08-08T00:29:15.702Z"},"opts":{"attempts":3,"priority":10,"removeOnFail":50,"removeOnComplete":100,"backoff":{"delay":2000,"type":"exponential"}},"id":"11","progress":0,"returnvalue":null,"stacktrace":[],"delay":0,"priority":10,"attemptsStarted":1,"attemptsMade":0,"stalledCounter":0,"timestamp":1754612955702,"queueQualifiedName":"bull:payments","processedOn":1754612955703,"token":"ddc778c0-0ce1-4631-8af5-d75b41ada555:33"},"serviceId":"[process-payment]-1754612955704","serviceName":"process-payment","message":"[process-payment]-1754612955704 Service ended"}
worker1-1  | {"level":30,"time":1754612955706,"pid":1,"hostname":"worker1","jobId":"11","queueName":"payments","message":"Job completed successfully"}
api1-1     | {"level":30,"time":1754612955766,"pid":1,"hostname":"api1","reqId":"req-8","req":{"method":"POST","url":"/payments","hostname":"localhost:9999","remoteAddress":"172.20.0.6","remotePort":39608},"message":"incoming request"}
api1-1     | {"level":30,"time":1754612955766,"pid":1,"hostname":"api1","request":{"correlationId":"1e4ca10b-8a85-4e8a-8ee4-520c186bc38f","amount":19.9},"serviceId":"[create-payment]-1754612955766","serviceName":"create-payment","message":"[create-payment]-1754612955766 Service started"}
api1-1     | {"level":30,"time":1754612955767,"pid":1,"hostname":"api1","correlationId":"1e4ca10b-8a85-4e8a-8ee4-520c186bc38f","amountInCents":1990,"message":"Payment record created in Redis"}
api1-1     | {"level":30,"time":1754612955768,"pid":1,"hostname":"api1","jobId":"12","correlationId":"1e4ca10b-8a85-4e8a-8ee4-520c186bc38f","message":"Payment queued for processing"}
api1-1     | {"level":30,"time":1754612955768,"pid":1,"hostname":"api1","request":{"correlationId":"1e4ca10b-8a85-4e8a-8ee4-520c186bc38f","amount":19.9},"serviceId":"[create-payment]-1754612955766","serviceName":"create-payment","message":"[create-payment]-1754612955766 Service ended"}
api1-1     | {"level":30,"time":1754612955768,"pid":1,"hostname":"api1","reqId":"req-8","res":{"statusCode":200},"responseTime":2.533059000968933,"message":"request completed"}
worker1-1  | {"level":30,"time":1754612955768,"pid":1,"hostname":"worker1","request":{"name":"process-payment","data":{"correlationId":"1e4ca10b-8a85-4e8a-8ee4-520c186bc38f","amount":19.9,"requestedAt":"2025-08-08T00:29:15.766Z"},"opts":{"attempts":3,"priority":10,"removeOnFail":50,"removeOnComplete":100,"backoff":{"delay":2000,"type":"exponential"}},"id":"12","progress":0,"returnvalue":null,"stacktrace":[],"delay":0,"priority":10,"attemptsStarted":1,"attemptsMade":0,"stalledCounter":0,"timestamp":1754612955767,"queueQualifiedName":"bull:payments","processedOn":1754612955768,"token":"ddc778c0-0ce1-4631-8af5-d75b41ada555:36"},"serviceId":"[process-payment]-1754612955768","serviceName":"process-payment","message":"[process-payment]-1754612955768 Service started"}
