
 Network joaoulian_backend  Creating
 Network joaoulian_backend  Created
 Volume "joaoulian_redis_data"  Creating
 Volume "joaoulian_redis_data"  Created
 Container joaoulian-cache-1  Creating
 Container joaoulian-cache-1  Created
 Container joaoulian-api1-1  Creating
 Container joaoulian-worker1-1  Creating
 Container joaoulian-api2-1  Creating
 Container joaoulian-api2-1  Created
 Container joaoulian-worker1-1  Created
 Container joaoulian-api1-1  Created
 Container joaoulian-haproxy-1  Creating
 Container joaoulian-haproxy-1  Created
Attaching to api1-1, api2-1, cache-1, haproxy-1, worker1-1
cache-1    | 1:C 08 Aug 2025 16:05:54.141 # WARNING Memory overcommit must be enabled! Without it, a background save or replication may fail under low memory condition. Being disabled, it can also cause failures without low memory condition, see https://github.com/jemalloc/jemalloc/issues/1328. To fix this issue add 'vm.overcommit_memory = 1' to /etc/sysctl.conf and then reboot or run the command 'sysctl vm.overcommit_memory=1' for this to take effect.
cache-1    | 1:C 08 Aug 2025 16:05:54.141 * oO0OoO0OoO0Oo Redis is starting oO0OoO0OoO0Oo
cache-1    | 1:C 08 Aug 2025 16:05:54.141 * Redis version=7.4.5, bits=64, commit=00000000, modified=0, pid=1, just started
cache-1    | 1:C 08 Aug 2025 16:05:54.141 * Configuration loaded
cache-1    | 1:M 08 Aug 2025 16:05:54.142 * monotonic clock: POSIX clock_gettime
cache-1    | 1:M 08 Aug 2025 16:05:54.143 * Running mode=standalone, port=6379.
cache-1    | 1:M 08 Aug 2025 16:05:54.143 * Server initialized
cache-1    | 1:M 08 Aug 2025 16:05:54.156 * Creating AOF base file appendonly.aof.1.base.rdb on server start
cache-1    | 1:M 08 Aug 2025 16:05:54.194 * Creating AOF incr file appendonly.aof.1.incr.aof on server start
cache-1    | 1:M 08 Aug 2025 16:05:54.194 * Ready to accept connections tcp
worker1-1  | [dotenv@17.2.1] injecting env (0) from .env -- tip: ⚙️  specify custom .env file path with { path: '/custom/path/.env' }
haproxy-1  | [NOTICE]   (1) : New worker (8) forked
haproxy-1  | [NOTICE]   (1) : Loading success.
haproxy-1  | [WARNING]  (8) : Server backend_payments/api1 is DOWN, reason: Layer4 connection problem, info: "Connection refused", check duration: 0ms. 1 active and 0 backup servers left. 0 sessions active, 0 requeued, 0 remaining in queue.
api2-1     | [dotenv@17.2.1] injecting env (0) from .env -- tip: 📡 version env with Radar: https://dotenvx.com/radar
api1-1     | [dotenv@17.2.1] injecting env (0) from .env -- tip: 📡 auto-backup env with Radar: https://dotenvx.com/radar
worker1-1  | {"level":30,"time":1754669155544,"pid":1,"hostname":"worker1","message":"Registering Redis plugin..."}
haproxy-1  | [WARNING]  (8) : Server backend_payments/api2 is DOWN, reason: Layer4 connection problem, info: "Connection refused", check duration: 0ms. 0 active and 0 backup servers left. 0 sessions active, 0 requeued, 0 remaining in queue.
haproxy-1  | [ALERT]    (8) : backend 'backend_payments' has no server available!
worker1-1  | {"level":30,"time":1754669155546,"pid":1,"hostname":"worker1","message":"Redis plugin registered successfully"}
worker1-1  | {"level":30,"time":1754669155599,"pid":1,"hostname":"worker1","message":"Registering DI Container plugin..."}
worker1-1  | {"level":30,"time":1754669155610,"pid":1,"hostname":"worker1","message":"DI Container plugin registered successfully"}
worker1-1  | {"level":30,"time":1754669155611,"pid":1,"hostname":"worker1","message":"Registering payment queue worker"}
worker1-1  | {"level":30,"time":1754669155615,"pid":1,"hostname":"worker1","queueName":"payments","message":"Worker created"}
worker1-1  | {"level":30,"time":1754669155624,"pid":1,"hostname":"worker1","message":"Connected to Redis"}
haproxy-1  | [WARNING]  (8) : Server backend_summary/api1 is DOWN, reason: Layer4 connection problem, info: "Connection refused", check duration: 0ms. 1 active and 0 backup servers left. 0 sessions active, 0 requeued, 0 remaining in queue.
api2-1     | {"level":30,"time":1754669156312,"pid":1,"hostname":"api2","message":"Registering Redis plugin..."}
api2-1     | {"level":30,"time":1754669156315,"pid":1,"hostname":"api2","message":"Redis plugin registered successfully"}
api2-1     | {"level":30,"time":1754669156316,"pid":1,"hostname":"api2","message":"Registering DI Container plugin..."}
api2-1     | {"level":30,"time":1754669156321,"pid":1,"hostname":"api2","message":"DI Container plugin registered successfully"}
api2-1     | {"level":30,"time":1754669156408,"pid":1,"hostname":"api2","message":"Server listening at http://0.0.0.0:3000"}
api2-1     | {"level":30,"time":1754669156408,"pid":1,"hostname":"api2","message":"📝 Environment: production"}
api1-1     | {"level":30,"time":1754669156421,"pid":1,"hostname":"api1","message":"Registering Redis plugin..."}
api1-1     | {"level":30,"time":1754669156501,"pid":1,"hostname":"api1","message":"Redis plugin registered successfully"}
api1-1     | {"level":30,"time":1754669156502,"pid":1,"hostname":"api1","message":"Registering DI Container plugin..."}
api1-1     | {"level":30,"time":1754669156509,"pid":1,"hostname":"api1","message":"DI Container plugin registered successfully"}
api1-1     | {"level":30,"time":1754669156521,"pid":1,"hostname":"api1","message":"Server listening at http://0.0.0.0:3000"}
api1-1     | {"level":30,"time":1754669156521,"pid":1,"hostname":"api1","message":"📝 Environment: production"}
haproxy-1  | [WARNING]  (8) : Server backend_payments/api1 is UP, reason: Layer4 check passed, check duration: 0ms. 1 active and 0 backup servers online. 0 sessions requeued, 0 total in queue.
haproxy-1  | [WARNING]  (8) : Server backend_payments/api2 is UP, reason: Layer4 check passed, check duration: 0ms. 2 active and 0 backup servers online. 0 sessions requeued, 0 total in queue.
haproxy-1  | [WARNING]  (8) : Server backend_summary/api1 is UP, reason: Layer4 check passed, check duration: 0ms. 2 active and 0 backup servers online. 0 sessions requeued, 0 total in queue.
api1-1     | {"level":30,"time":1754669162715,"pid":1,"hostname":"api1","reqId":"req-1","req":{"method":"GET","url":"/payments-summary","hostname":"localhost:9999","remoteAddress":"172.20.0.6","remotePort":39982},"message":"incoming request"}
api1-1     | {"level":30,"time":1754669162728,"pid":1,"hostname":"api1","message":"Connected to Redis"}
api1-1     | {"level":30,"time":1754669162740,"pid":1,"hostname":"api1","reqId":"req-1","res":{"statusCode":200},"responseTime":24.2009220123291,"message":"request completed"}
api2-1     | {"level":30,"time":1754669168492,"pid":1,"hostname":"api2","reqId":"req-1","req":{"method":"POST","url":"/purge-payments","hostname":"localhost:9999","remoteAddress":"172.20.0.6","remotePort":46732},"message":"incoming request"}
api2-1     | {"level":50,"time":1754669168494,"pid":1,"hostname":"api2","reqId":"req-1","err":{"type":"FastifyError","message":"Body cannot be empty when content-type is set to 'application/json'","stack":"FastifyError: Body cannot be empty when content-type is set to 'application/json'\n    at Parser.defaultJsonParser [as fn] (/app/node_modules/.pnpm/fastify@4.29.1/node_modules/fastify/lib/contentTypeParser.js:295:19)\n    at IncomingMessage.onEnd (/app/node_modules/.pnpm/fastify@4.29.1/node_modules/fastify/lib/contentTypeParser.js:283:27)\n    at IncomingMessage.emit (node:events:518:28)\n    at endReadableNT (node:internal/streams/readable:1698:12)\n    at process.processTicksAndRejections (node:internal/process/task_queues:90:21)","code":"FST_ERR_CTP_EMPTY_JSON_BODY","name":"FastifyError","statusCode":400},"message":"Body cannot be empty when content-type is set to 'application/json'"}
api2-1     | {"level":30,"time":1754669168498,"pid":1,"hostname":"api2","reqId":"req-1","res":{"statusCode":500},"responseTime":5.252696990966797,"message":"request completed"}
api1-1     | {"level":30,"time":1754669168501,"pid":1,"hostname":"api1","reqId":"req-2","req":{"method":"GET","url":"/payments-summary?from=2025-08-08T16:05:53.498Z&to=2025-08-08T16:06:06.998Z","hostname":"localhost:9999","remoteAddress":"172.20.0.6","remotePort":44952},"message":"incoming request"}
api2-1     | {"level":30,"time":1754669168501,"pid":1,"hostname":"api2","reqId":"req-2","req":{"method":"POST","url":"/payments","hostname":"localhost:9999","remoteAddress":"172.20.0.6","remotePort":46746},"message":"incoming request"}
api1-1     | {"level":30,"time":1754669168505,"pid":1,"hostname":"api1","reqId":"req-2","res":{"statusCode":200},"responseTime":2.9238590002059937,"message":"request completed"}
api2-1     | {"level":30,"time":1754669168506,"pid":1,"hostname":"api2","request":{"correlationId":"326909f0-fee7-4b2a-b490-94131dd602b5","amount":19.9},"serviceId":"[create-payment]-1754669168506","serviceName":"create-payment","message":"[create-payment]-1754669168506 Service started"}
api2-1     | {"level":30,"time":1754669168511,"pid":1,"hostname":"api2","message":"Connected to Redis"}
api2-1     | {"level":30,"time":1754669168517,"pid":1,"hostname":"api2","correlationId":"326909f0-fee7-4b2a-b490-94131dd602b5","amountInCents":1990,"message":"Payment record created in Redis"}
api2-1     | {"level":30,"time":1754669168519,"pid":1,"hostname":"api2","queueName":"payments","message":"Queue created"}
api2-1     | {"level":30,"time":1754669168529,"pid":1,"hostname":"api2","jobId":"1","correlationId":"326909f0-fee7-4b2a-b490-94131dd602b5","message":"Payment queued for processing"}
api2-1     | {"level":30,"time":1754669168529,"pid":1,"hostname":"api2","request":{"correlationId":"326909f0-fee7-4b2a-b490-94131dd602b5","amount":19.9},"serviceId":"[create-payment]-1754669168506","serviceName":"create-payment","message":"[create-payment]-1754669168506 Service ended"}
api2-1     | {"level":30,"time":1754669168530,"pid":1,"hostname":"api2","reqId":"req-2","res":{"statusCode":200},"responseTime":28.265148997306824,"message":"request completed"}
worker1-1  | {"level":30,"time":1754669168531,"pid":1,"hostname":"worker1","request":{"name":"process-payment","data":{"correlationId":"326909f0-fee7-4b2a-b490-94131dd602b5","amount":19.9,"requestedAt":"2025-08-08T16:06:08.514Z"},"opts":{"attempts":3,"priority":10,"removeOnFail":50,"removeOnComplete":100,"backoff":{"delay":2000,"type":"exponential"}},"id":"1","progress":0,"returnvalue":null,"stacktrace":[],"delay":0,"priority":10,"attemptsStarted":1,"attemptsMade":0,"stalledCounter":0,"timestamp":1754669168525,"queueQualifiedName":"bull:payments","processedOn":1754669168529,"token":"ce612083-dea0-43a6-859a-c057fc84f5bb:3"},"serviceId":"[process-payment]-1754669168531","serviceName":"process-payment","message":"[process-payment]-1754669168531 Service started"}
worker1-1  | {"level":30,"time":1754669168532,"pid":1,"hostname":"worker1","message":"Processing payment: {\"correlationId\":\"326909f0-fee7-4b2a-b490-94131dd602b5\",\"amount\":19.9,\"requestedAt\":\"2025-08-08T16:06:08.514Z\"}, host: default"}
worker1-1  | {"level":30,"time":1754669168547,"pid":1,"hostname":"worker1","correlationId":"326909f0-fee7-4b2a-b490-94131dd602b5","processor":"default","message":"Payment processor updated in Redis"}
worker1-1  | {"level":30,"time":1754669168547,"pid":1,"hostname":"worker1","request":{"name":"process-payment","data":{"correlationId":"326909f0-fee7-4b2a-b490-94131dd602b5","amount":19.9,"requestedAt":"2025-08-08T16:06:08.514Z"},"opts":{"attempts":3,"priority":10,"removeOnFail":50,"removeOnComplete":100,"backoff":{"delay":2000,"type":"exponential"}},"id":"1","progress":0,"returnvalue":null,"stacktrace":[],"delay":0,"priority":10,"attemptsStarted":1,"attemptsMade":0,"stalledCounter":0,"timestamp":1754669168525,"queueQualifiedName":"bull:payments","processedOn":1754669168529,"token":"ce612083-dea0-43a6-859a-c057fc84f5bb:3"},"serviceId":"[process-payment]-1754669168531","serviceName":"process-payment","message":"[process-payment]-1754669168531 Service ended"}
worker1-1  | {"level":30,"time":1754669168547,"pid":1,"hostname":"worker1","jobId":"1","queueName":"payments","message":"Job completed successfully"}
api1-1     | {"level":30,"time":1754669168609,"pid":1,"hostname":"api1","reqId":"req-3","req":{"method":"POST","url":"/payments","hostname":"localhost:9999","remoteAddress":"172.20.0.6","remotePort":44968},"message":"incoming request"}
api1-1     | {"level":30,"time":1754669168613,"pid":1,"hostname":"api1","request":{"correlationId":"94f2dd0f-e093-476e-96b2-7fcaea1de251","amount":19.9},"serviceId":"[create-payment]-1754669168613","serviceName":"create-payment","message":"[create-payment]-1754669168613 Service started"}
api1-1     | {"level":30,"time":1754669168616,"pid":1,"hostname":"api1","correlationId":"94f2dd0f-e093-476e-96b2-7fcaea1de251","amountInCents":1990,"message":"Payment record created in Redis"}
api1-1     | {"level":30,"time":1754669168618,"pid":1,"hostname":"api1","queueName":"payments","message":"Queue created"}
api1-1     | {"level":30,"time":1754669168625,"pid":1,"hostname":"api1","jobId":"2","correlationId":"94f2dd0f-e093-476e-96b2-7fcaea1de251","message":"Payment queued for processing"}
api1-1     | {"level":30,"time":1754669168625,"pid":1,"hostname":"api1","request":{"correlationId":"94f2dd0f-e093-476e-96b2-7fcaea1de251","amount":19.9},"serviceId":"[create-payment]-1754669168613","serviceName":"create-payment","message":"[create-payment]-1754669168613 Service ended"}
api1-1     | {"level":30,"time":1754669168625,"pid":1,"hostname":"api1","reqId":"req-3","res":{"statusCode":200},"responseTime":15.780612006783485,"message":"request completed"}
worker1-1  | {"level":30,"time":1754669168626,"pid":1,"hostname":"worker1","request":{"name":"process-payment","data":{"correlationId":"94f2dd0f-e093-476e-96b2-7fcaea1de251","amount":19.9,"requestedAt":"2025-08-08T16:06:08.614Z"},"opts":{"attempts":3,"priority":10,"removeOnFail":50,"removeOnComplete":100,"backoff":{"delay":2000,"type":"exponential"}},"id":"2","progress":0,"returnvalue":null,"stacktrace":[],"delay":0,"priority":10,"attemptsStarted":1,"attemptsMade":0,"stalledCounter":0,"timestamp":1754669168622,"queueQualifiedName":"bull:payments","processedOn":1754669168625,"token":"ce612083-dea0-43a6-859a-c057fc84f5bb:6"},"serviceId":"[process-payment]-1754669168626","serviceName":"process-payment","message":"[process-payment]-1754669168626 Service started"}
worker1-1  | {"level":30,"time":1754669168627,"pid":1,"hostname":"worker1","message":"Processing payment: {\"correlationId\":\"94f2dd0f-e093-476e-96b2-7fcaea1de251\",\"amount\":19.9,\"requestedAt\":\"2025-08-08T16:06:08.614Z\"}, host: default"}
worker1-1  | {"level":30,"time":1754669168630,"pid":1,"hostname":"worker1","correlationId":"94f2dd0f-e093-476e-96b2-7fcaea1de251","processor":"default","message":"Payment processor updated in Redis"}
worker1-1  | {"level":30,"time":1754669168630,"pid":1,"hostname":"worker1","request":{"name":"process-payment","data":{"correlationId":"94f2dd0f-e093-476e-96b2-7fcaea1de251","amount":19.9,"requestedAt":"2025-08-08T16:06:08.614Z"},"opts":{"attempts":3,"priority":10,"removeOnFail":50,"removeOnComplete":100,"backoff":{"delay":2000,"type":"exponential"}},"id":"2","progress":0,"returnvalue":null,"stacktrace":[],"delay":0,"priority":10,"attemptsStarted":1,"attemptsMade":0,"stalledCounter":0,"timestamp":1754669168622,"queueQualifiedName":"bull:payments","processedOn":1754669168625,"token":"ce612083-dea0-43a6-859a-c057fc84f5bb:6"},"serviceId":"[process-payment]-1754669168626","serviceName":"process-payment","message":"[process-payment]-1754669168626 Service ended"}
worker1-1  | {"level":30,"time":1754669168630,"pid":1,"hostname":"worker1","jobId":"2","queueName":"payments","message":"Job completed successfully"}
api2-1     | {"level":30,"time":1754669168719,"pid":1,"hostname":"api2","reqId":"req-3","req":{"method":"POST","url":"/payments","hostname":"localhost:9999","remoteAddress":"172.20.0.6","remotePort":46766},"message":"incoming request"}
api2-1     | {"level":30,"time":1754669168719,"pid":1,"hostname":"api2","request":{"correlationId":"a12b99af-bdf3-4e96-8646-4b269333a9b4","amount":19.9},"serviceId":"[create-payment]-1754669168719","serviceName":"create-payment","message":"[create-payment]-1754669168719 Service started"}
api2-1     | {"level":30,"time":1754669168721,"pid":1,"hostname":"api2","correlationId":"a12b99af-bdf3-4e96-8646-4b269333a9b4","amountInCents":1990,"message":"Payment record created in Redis"}
api2-1     | {"level":30,"time":1754669168722,"pid":1,"hostname":"api2","jobId":"3","correlationId":"a12b99af-bdf3-4e96-8646-4b269333a9b4","message":"Payment queued for processing"}
api2-1     | {"level":30,"time":1754669168722,"pid":1,"hostname":"api2","request":{"correlationId":"a12b99af-bdf3-4e96-8646-4b269333a9b4","amount":19.9},"serviceId":"[create-payment]-1754669168719","serviceName":"create-payment","message":"[create-payment]-1754669168719 Service ended"}
api2-1     | {"level":30,"time":1754669168722,"pid":1,"hostname":"api2","reqId":"req-3","res":{"statusCode":200},"responseTime":3.3790179938077927,"message":"request completed"}
worker1-1  | {"level":30,"time":1754669168723,"pid":1,"hostname":"worker1","request":{"name":"process-payment","data":{"correlationId":"a12b99af-bdf3-4e96-8646-4b269333a9b4","amount":19.9,"requestedAt":"2025-08-08T16:06:08.720Z"},"opts":{"attempts":3,"priority":10,"removeOnFail":50,"removeOnComplete":100,"backoff":{"delay":2000,"type":"exponential"}},"id":"3","progress":0,"returnvalue":null,"stacktrace":[],"delay":0,"priority":10,"attemptsStarted":1,"attemptsMade":0,"stalledCounter":0,"timestamp":1754669168721,"queueQualifiedName":"bull:payments","processedOn":1754669168722,"token":"ce612083-dea0-43a6-859a-c057fc84f5bb:9"},"serviceId":"[process-payment]-1754669168722","serviceName":"process-payment","message":"[process-payment]-1754669168722 Service started"}
worker1-1  | {"level":30,"time":1754669168723,"pid":1,"hostname":"worker1","message":"Processing payment: {\"correlationId\":\"a12b99af-bdf3-4e96-8646-4b269333a9b4\",\"amount\":19.9,\"requestedAt\":\"2025-08-08T16:06:08.720Z\"}, host: default"}
worker1-1  | {"level":30,"time":1754669168726,"pid":1,"hostname":"worker1","correlationId":"a12b99af-bdf3-4e96-8646-4b269333a9b4","processor":"default","message":"Payment processor updated in Redis"}
worker1-1  | {"level":30,"time":1754669168726,"pid":1,"hostname":"worker1","request":{"name":"process-payment","data":{"correlationId":"a12b99af-bdf3-4e96-8646-4b269333a9b4","amount":19.9,"requestedAt":"2025-08-08T16:06:08.720Z"},"opts":{"attempts":3,"priority":10,"removeOnFail":50,"removeOnComplete":100,"backoff":{"delay":2000,"type":"exponential"}},"id":"3","progress":0,"returnvalue":null,"stacktrace":[],"delay":0,"priority":10,"attemptsStarted":1,"attemptsMade":0,"stalledCounter":0,"timestamp":1754669168721,"queueQualifiedName":"bull:payments","processedOn":1754669168722,"token":"ce612083-dea0-43a6-859a-c057fc84f5bb:9"},"serviceId":"[process-payment]-1754669168722","serviceName":"process-payment","message":"[process-payment]-1754669168722 Service ended"}
worker1-1  | {"level":30,"time":1754669168726,"pid":1,"hostname":"worker1","jobId":"3","queueName":"payments","message":"Job completed successfully"}
api1-1     | {"level":30,"time":1754669168828,"pid":1,"hostname":"api1","reqId":"req-4","req":{"method":"POST","url":"/payments","hostname":"localhost:9999","remoteAddress":"172.20.0.6","remotePort":44982},"message":"incoming request"}
api1-1     | {"level":30,"time":1754669168829,"pid":1,"hostname":"api1","request":{"correlationId":"ac44049b-b021-4cb0-bf36-bf24c7a3832b","amount":19.9},"serviceId":"[create-payment]-1754669168829","serviceName":"create-payment","message":"[create-payment]-1754669168829 Service started"}
api1-1     | {"level":30,"time":1754669168830,"pid":1,"hostname":"api1","correlationId":"ac44049b-b021-4cb0-bf36-bf24c7a3832b","amountInCents":1990,"message":"Payment record created in Redis"}
api1-1     | {"level":30,"time":1754669168830,"pid":1,"hostname":"api1","jobId":"4","correlationId":"ac44049b-b021-4cb0-bf36-bf24c7a3832b","message":"Payment queued for processing"}
api1-1     | {"level":30,"time":1754669168830,"pid":1,"hostname":"api1","request":{"correlationId":"ac44049b-b021-4cb0-bf36-bf24c7a3832b","amount":19.9},"serviceId":"[create-payment]-1754669168829","serviceName":"create-payment","message":"[create-payment]-1754669168829 Service ended"}
api1-1     | {"level":30,"time":1754669168831,"pid":1,"hostname":"api1","reqId":"req-4","res":{"statusCode":200},"responseTime":2.7857770025730133,"message":"request completed"}
worker1-1  | {"level":30,"time":1754669168831,"pid":1,"hostname":"worker1","request":{"name":"process-payment","data":{"correlationId":"ac44049b-b021-4cb0-bf36-bf24c7a3832b","amount":19.9,"requestedAt":"2025-08-08T16:06:08.829Z"},"opts":{"attempts":3,"priority":10,"removeOnFail":50,"removeOnComplete":100,"backoff":{"delay":2000,"type":"exponential"}},"id":"4","progress":0,"returnvalue":null,"stacktrace":[],"delay":0,"priority":10,"attemptsStarted":1,"attemptsMade":0,"stalledCounter":0,"timestamp":1754669168830,"queueQualifiedName":"bull:payments","processedOn":1754669168830,"token":"ce612083-dea0-43a6-859a-c057fc84f5bb:12"},"serviceId":"[process-payment]-1754669168831","serviceName":"process-payment","message":"[process-payment]-1754669168831 Service started"}
worker1-1  | {"level":30,"time":1754669168832,"pid":1,"hostname":"worker1","message":"Processing payment: {\"correlationId\":\"ac44049b-b021-4cb0-bf36-bf24c7a3832b\",\"amount\":19.9,\"requestedAt\":\"2025-08-08T16:06:08.829Z\"}, host: default"}
worker1-1  | {"level":30,"time":1754669168835,"pid":1,"hostname":"worker1","correlationId":"ac44049b-b021-4cb0-bf36-bf24c7a3832b","processor":"default","message":"Payment processor updated in Redis"}
worker1-1  | {"level":30,"time":1754669168835,"pid":1,"hostname":"worker1","request":{"name":"process-payment","data":{"correlationId":"ac44049b-b021-4cb0-bf36-bf24c7a3832b","amount":19.9,"requestedAt":"2025-08-08T16:06:08.829Z"},"opts":{"attempts":3,"priority":10,"removeOnFail":50,"removeOnComplete":100,"backoff":{"delay":2000,"type":"exponential"}},"id":"4","progress":0,"returnvalue":null,"stacktrace":[],"delay":0,"priority":10,"attemptsStarted":1,"attemptsMade":0,"stalledCounter":0,"timestamp":1754669168830,"queueQualifiedName":"bull:payments","processedOn":1754669168830,"token":"ce612083-dea0-43a6-859a-c057fc84f5bb:12"},"serviceId":"[process-payment]-1754669168831","serviceName":"process-payment","message":"[process-payment]-1754669168831 Service ended"}
worker1-1  | {"level":30,"time":1754669168835,"pid":1,"hostname":"worker1","jobId":"4","queueName":"payments","message":"Job completed successfully"}
api2-1     | {"level":30,"time":1754669168936,"pid":1,"hostname":"api2","reqId":"req-4","req":{"method":"POST","url":"/payments","hostname":"localhost:9999","remoteAddress":"172.20.0.6","remotePort":46782},"message":"incoming request"}
api2-1     | {"level":30,"time":1754669168937,"pid":1,"hostname":"api2","request":{"correlationId":"430de593-c3c2-4abd-8952-8a7dcef1e778","amount":19.9},"serviceId":"[create-payment]-1754669168937","serviceName":"create-payment","message":"[create-payment]-1754669168937 Service started"}
api2-1     | {"level":30,"time":1754669168939,"pid":1,"hostname":"api2","correlationId":"430de593-c3c2-4abd-8952-8a7dcef1e778","amountInCents":1990,"message":"Payment record created in Redis"}
api2-1     | {"level":30,"time":1754669168940,"pid":1,"hostname":"api2","jobId":"5","correlationId":"430de593-c3c2-4abd-8952-8a7dcef1e778","message":"Payment queued for processing"}
api2-1     | {"level":30,"time":1754669168940,"pid":1,"hostname":"api2","request":{"correlationId":"430de593-c3c2-4abd-8952-8a7dcef1e778","amount":19.9},"serviceId":"[create-payment]-1754669168937","serviceName":"create-payment","message":"[create-payment]-1754669168937 Service ended"}
api2-1     | {"level":30,"time":1754669168940,"pid":1,"hostname":"api2","reqId":"req-4","res":{"statusCode":200},"responseTime":3.5202950090169907,"message":"request completed"}
worker1-1  | {"level":30,"time":1754669168941,"pid":1,"hostname":"worker1","request":{"name":"process-payment","data":{"correlationId":"430de593-c3c2-4abd-8952-8a7dcef1e778","amount":19.9,"requestedAt":"2025-08-08T16:06:08.938Z"},"opts":{"attempts":3,"priority":10,"removeOnFail":50,"removeOnComplete":100,"backoff":{"delay":2000,"type":"exponential"}},"id":"5","progress":0,"returnvalue":null,"stacktrace":[],"delay":0,"priority":10,"attemptsStarted":1,"attemptsMade":0,"stalledCounter":0,"timestamp":1754669168939,"queueQualifiedName":"bull:payments","processedOn":1754669168940,"token":"ce612083-dea0-43a6-859a-c057fc84f5bb:15"},"serviceId":"[process-payment]-1754669168941","serviceName":"process-payment","message":"[process-payment]-1754669168941 Service started"}
worker1-1  | {"level":30,"time":1754669168941,"pid":1,"hostname":"worker1","message":"Processing payment: {\"correlationId\":\"430de593-c3c2-4abd-8952-8a7dcef1e778\",\"amount\":19.9,\"requestedAt\":\"2025-08-08T16:06:08.938Z\"}, host: default"}
worker1-1  | {"level":30,"time":1754669168944,"pid":1,"hostname":"worker1","correlationId":"430de593-c3c2-4abd-8952-8a7dcef1e778","processor":"default","message":"Payment processor updated in Redis"}
worker1-1  | {"level":30,"time":1754669168944,"pid":1,"hostname":"worker1","request":{"name":"process-payment","data":{"correlationId":"430de593-c3c2-4abd-8952-8a7dcef1e778","amount":19.9,"requestedAt":"2025-08-08T16:06:08.938Z"},"opts":{"attempts":3,"priority":10,"removeOnFail":50,"removeOnComplete":100,"backoff":{"delay":2000,"type":"exponential"}},"id":"5","progress":0,"returnvalue":null,"stacktrace":[],"delay":0,"priority":10,"attemptsStarted":1,"attemptsMade":0,"stalledCounter":0,"timestamp":1754669168939,"queueQualifiedName":"bull:payments","processedOn":1754669168940,"token":"ce612083-dea0-43a6-859a-c057fc84f5bb:15"},"serviceId":"[process-payment]-1754669168941","serviceName":"process-payment","message":"[process-payment]-1754669168941 Service ended"}
worker1-1  | {"level":30,"time":1754669168944,"pid":1,"hostname":"worker1","jobId":"5","queueName":"payments","message":"Job completed successfully"}
api1-1     | {"level":30,"time":1754669169046,"pid":1,"hostname":"api1","reqId":"req-5","req":{"method":"POST","url":"/payments","hostname":"localhost:9999","remoteAddress":"172.20.0.6","remotePort":44988},"message":"incoming request"}
api1-1     | {"level":30,"time":1754669169046,"pid":1,"hostname":"api1","request":{"correlationId":"3349cffc-2f74-438c-a156-f427ac7395da","amount":19.9},"serviceId":"[create-payment]-1754669169046","serviceName":"create-payment","message":"[create-payment]-1754669169046 Service started"}
api1-1     | {"level":30,"time":1754669169047,"pid":1,"hostname":"api1","correlationId":"3349cffc-2f74-438c-a156-f427ac7395da","amountInCents":1990,"message":"Payment record created in Redis"}
api1-1     | {"level":30,"time":1754669169048,"pid":1,"hostname":"api1","jobId":"6","correlationId":"3349cffc-2f74-438c-a156-f427ac7395da","message":"Payment queued for processing"}
api1-1     | {"level":30,"time":1754669169048,"pid":1,"hostname":"api1","request":{"correlationId":"3349cffc-2f74-438c-a156-f427ac7395da","amount":19.9},"serviceId":"[create-payment]-1754669169046","serviceName":"create-payment","message":"[create-payment]-1754669169046 Service ended"}
api1-1     | {"level":30,"time":1754669169048,"pid":1,"hostname":"api1","reqId":"req-5","res":{"statusCode":200},"responseTime":2.5505069941282272,"message":"request completed"}
worker1-1  | {"level":30,"time":1754669169049,"pid":1,"hostname":"worker1","request":{"name":"process-payment","data":{"correlationId":"3349cffc-2f74-438c-a156-f427ac7395da","amount":19.9,"requestedAt":"2025-08-08T16:06:09.046Z"},"opts":{"attempts":3,"priority":10,"removeOnFail":50,"removeOnComplete":100,"backoff":{"delay":2000,"type":"exponential"}},"id":"6","progress":0,"returnvalue":null,"stacktrace":[],"delay":0,"priority":10,"attemptsStarted":1,"attemptsMade":0,"stalledCounter":0,"timestamp":1754669169047,"queueQualifiedName":"bull:payments","processedOn":1754669169048,"token":"ce612083-dea0-43a6-859a-c057fc84f5bb:18"},"serviceId":"[process-payment]-1754669169049","serviceName":"process-payment","message":"[process-payment]-1754669169049 Service started"}
worker1-1  | {"level":30,"time":1754669169049,"pid":1,"hostname":"worker1","message":"Processing payment: {\"correlationId\":\"3349cffc-2f74-438c-a156-f427ac7395da\",\"amount\":19.9,\"requestedAt\":\"2025-08-08T16:06:09.046Z\"}, host: default"}
worker1-1  | {"level":30,"time":1754669169053,"pid":1,"hostname":"worker1","correlationId":"3349cffc-2f74-438c-a156-f427ac7395da","processor":"default","message":"Payment processor updated in Redis"}
worker1-1  | {"level":30,"time":1754669169053,"pid":1,"hostname":"worker1","request":{"name":"process-payment","data":{"correlationId":"3349cffc-2f74-438c-a156-f427ac7395da","amount":19.9,"requestedAt":"2025-08-08T16:06:09.046Z"},"opts":{"attempts":3,"priority":10,"removeOnFail":50,"removeOnComplete":100,"backoff":{"delay":2000,"type":"exponential"}},"id":"6","progress":0,"returnvalue":null,"stacktrace":[],"delay":0,"priority":10,"attemptsStarted":1,"attemptsMade":0,"stalledCounter":0,"timestamp":1754669169047,"queueQualifiedName":"bull:payments","processedOn":1754669169048,"token":"ce612083-dea0-43a6-859a-c057fc84f5bb:18"},"serviceId":"[process-payment]-1754669169049","serviceName":"process-payment","message":"[process-payment]-1754669169049 Service ended"}
worker1-1  | {"level":30,"time":1754669169053,"pid":1,"hostname":"worker1","jobId":"6","queueName":"payments","message":"Job completed successfully"}
api2-1     | {"level":30,"time":1754669169155,"pid":1,"hostname":"api2","reqId":"req-5","req":{"method":"POST","url":"/payments","hostname":"localhost:9999","remoteAddress":"172.20.0.6","remotePort":46788},"message":"incoming request"}
api2-1     | {"level":30,"time":1754669169155,"pid":1,"hostname":"api2","request":{"correlationId":"939d0bee-6cc8-4753-8648-00d5acb5c829","amount":19.9},"serviceId":"[create-payment]-1754669169155","serviceName":"create-payment","message":"[create-payment]-1754669169155 Service started"}
api2-1     | {"level":30,"time":1754669169156,"pid":1,"hostname":"api2","correlationId":"939d0bee-6cc8-4753-8648-00d5acb5c829","amountInCents":1990,"message":"Payment record created in Redis"}
api2-1     | {"level":30,"time":1754669169157,"pid":1,"hostname":"api2","jobId":"7","correlationId":"939d0bee-6cc8-4753-8648-00d5acb5c829","message":"Payment queued for processing"}
api2-1     | {"level":30,"time":1754669169157,"pid":1,"hostname":"api2","request":{"correlationId":"939d0bee-6cc8-4753-8648-00d5acb5c829","amount":19.9},"serviceId":"[create-payment]-1754669169155","serviceName":"create-payment","message":"[create-payment]-1754669169155 Service ended"}
api2-1     | {"level":30,"time":1754669169157,"pid":1,"hostname":"api2","reqId":"req-5","res":{"statusCode":200},"responseTime":2.3465339988470078,"message":"request completed"}
worker1-1  | {"level":30,"time":1754669169158,"pid":1,"hostname":"worker1","request":{"name":"process-payment","data":{"correlationId":"939d0bee-6cc8-4753-8648-00d5acb5c829","amount":19.9,"requestedAt":"2025-08-08T16:06:09.156Z"},"opts":{"attempts":3,"priority":10,"removeOnFail":50,"removeOnComplete":100,"backoff":{"delay":2000,"type":"exponential"}},"id":"7","progress":0,"returnvalue":null,"stacktrace":[],"delay":0,"priority":10,"attemptsStarted":1,"attemptsMade":0,"stalledCounter":0,"timestamp":1754669169156,"queueQualifiedName":"bull:payments","processedOn":1754669169157,"token":"ce612083-dea0-43a6-859a-c057fc84f5bb:21"},"serviceId":"[process-payment]-1754669169158","serviceName":"process-payment","message":"[process-payment]-1754669169158 Service started"}
worker1-1  | {"level":30,"time":1754669169158,"pid":1,"hostname":"worker1","message":"Processing payment: {\"correlationId\":\"939d0bee-6cc8-4753-8648-00d5acb5c829\",\"amount\":19.9,\"requestedAt\":\"2025-08-08T16:06:09.156Z\"}, host: default"}
worker1-1  | {"level":30,"time":1754669169162,"pid":1,"hostname":"worker1","correlationId":"939d0bee-6cc8-4753-8648-00d5acb5c829","processor":"default","message":"Payment processor updated in Redis"}
worker1-1  | {"level":30,"time":1754669169162,"pid":1,"hostname":"worker1","request":{"name":"process-payment","data":{"correlationId":"939d0bee-6cc8-4753-8648-00d5acb5c829","amount":19.9,"requestedAt":"2025-08-08T16:06:09.156Z"},"opts":{"attempts":3,"priority":10,"removeOnFail":50,"removeOnComplete":100,"backoff":{"delay":2000,"type":"exponential"}},"id":"7","progress":0,"returnvalue":null,"stacktrace":[],"delay":0,"priority":10,"attemptsStarted":1,"attemptsMade":0,"stalledCounter":0,"timestamp":1754669169156,"queueQualifiedName":"bull:payments","processedOn":1754669169157,"token":"ce612083-dea0-43a6-859a-c057fc84f5bb:21"},"serviceId":"[process-payment]-1754669169158","serviceName":"process-payment","message":"[process-payment]-1754669169158 Service ended"}
worker1-1  | {"level":30,"time":1754669169162,"pid":1,"hostname":"worker1","jobId":"7","queueName":"payments","message":"Job completed successfully"}
api1-1     | {"level":30,"time":1754669169265,"pid":1,"hostname":"api1","reqId":"req-6","req":{"method":"POST","url":"/payments","hostname":"localhost:9999","remoteAddress":"172.20.0.6","remotePort":45006},"message":"incoming request"}
api1-1     | {"level":30,"time":1754669169265,"pid":1,"hostname":"api1","request":{"correlationId":"ad36570f-c51f-4027-8a17-b83ef6a2f68e","amount":19.9},"serviceId":"[create-payment]-1754669169265","serviceName":"create-payment","message":"[create-payment]-1754669169265 Service started"}
api1-1     | {"level":30,"time":1754669169266,"pid":1,"hostname":"api1","correlationId":"ad36570f-c51f-4027-8a17-b83ef6a2f68e","amountInCents":1990,"message":"Payment record created in Redis"}
api1-1     | {"level":30,"time":1754669169267,"pid":1,"hostname":"api1","jobId":"8","correlationId":"ad36570f-c51f-4027-8a17-b83ef6a2f68e","message":"Payment queued for processing"}
api1-1     | {"level":30,"time":1754669169267,"pid":1,"hostname":"api1","request":{"correlationId":"ad36570f-c51f-4027-8a17-b83ef6a2f68e","amount":19.9},"serviceId":"[create-payment]-1754669169265","serviceName":"create-payment","message":"[create-payment]-1754669169265 Service ended"}
api1-1     | {"level":30,"time":1754669169267,"pid":1,"hostname":"api1","reqId":"req-6","res":{"statusCode":200},"responseTime":2.1401340067386627,"message":"request completed"}
worker1-1  | {"level":30,"time":1754669169268,"pid":1,"hostname":"worker1","request":{"name":"process-payment","data":{"correlationId":"ad36570f-c51f-4027-8a17-b83ef6a2f68e","amount":19.9,"requestedAt":"2025-08-08T16:06:09.266Z"},"opts":{"attempts":3,"priority":10,"removeOnFail":50,"removeOnComplete":100,"backoff":{"delay":2000,"type":"exponential"}},"id":"8","progress":0,"returnvalue":null,"stacktrace":[],"delay":0,"priority":10,"attemptsStarted":1,"attemptsMade":0,"stalledCounter":0,"timestamp":1754669169266,"queueQualifiedName":"bull:payments","processedOn":1754669169267,"token":"ce612083-dea0-43a6-859a-c057fc84f5bb:24"},"serviceId":"[process-payment]-1754669169268","serviceName":"process-payment","message":"[process-payment]-1754669169268 Service started"}
worker1-1  | {"level":30,"time":1754669169268,"pid":1,"hostname":"worker1","message":"Processing payment: {\"correlationId\":\"ad36570f-c51f-4027-8a17-b83ef6a2f68e\",\"amount\":19.9,\"requestedAt\":\"2025-08-08T16:06:09.266Z\"}, host: default"}
worker1-1  | {"level":30,"time":1754669169271,"pid":1,"hostname":"worker1","correlationId":"ad36570f-c51f-4027-8a17-b83ef6a2f68e","processor":"default","message":"Payment processor updated in Redis"}
worker1-1  | {"level":30,"time":1754669169271,"pid":1,"hostname":"worker1","request":{"name":"process-payment","data":{"correlationId":"ad36570f-c51f-4027-8a17-b83ef6a2f68e","amount":19.9,"requestedAt":"2025-08-08T16:06:09.266Z"},"opts":{"attempts":3,"priority":10,"removeOnFail":50,"removeOnComplete":100,"backoff":{"delay":2000,"type":"exponential"}},"id":"8","progress":0,"returnvalue":null,"stacktrace":[],"delay":0,"priority":10,"attemptsStarted":1,"attemptsMade":0,"stalledCounter":0,"timestamp":1754669169266,"queueQualifiedName":"bull:payments","processedOn":1754669169267,"token":"ce612083-dea0-43a6-859a-c057fc84f5bb:24"},"serviceId":"[process-payment]-1754669169268","serviceName":"process-payment","message":"[process-payment]-1754669169268 Service ended"}
worker1-1  | {"level":30,"time":1754669169271,"pid":1,"hostname":"worker1","jobId":"8","queueName":"payments","message":"Job completed successfully"}
api2-1     | {"level":30,"time":1754669169374,"pid":1,"hostname":"api2","reqId":"req-6","req":{"method":"POST","url":"/payments","hostname":"localhost:9999","remoteAddress":"172.20.0.6","remotePort":46802},"message":"incoming request"}
api2-1     | {"level":30,"time":1754669169374,"pid":1,"hostname":"api2","request":{"correlationId":"c5137986-c094-40ff-b975-227e5609130d","amount":19.9},"serviceId":"[create-payment]-1754669169374","serviceName":"create-payment","message":"[create-payment]-1754669169374 Service started"}
api2-1     | {"level":30,"time":1754669169375,"pid":1,"hostname":"api2","correlationId":"c5137986-c094-40ff-b975-227e5609130d","amountInCents":1990,"message":"Payment record created in Redis"}
api2-1     | {"level":30,"time":1754669169376,"pid":1,"hostname":"api2","jobId":"9","correlationId":"c5137986-c094-40ff-b975-227e5609130d","message":"Payment queued for processing"}
api2-1     | {"level":30,"time":1754669169376,"pid":1,"hostname":"api2","request":{"correlationId":"c5137986-c094-40ff-b975-227e5609130d","amount":19.9},"serviceId":"[create-payment]-1754669169374","serviceName":"create-payment","message":"[create-payment]-1754669169374 Service ended"}
api2-1     | {"level":30,"time":1754669169376,"pid":1,"hostname":"api2","reqId":"req-6","res":{"statusCode":200},"responseTime":2.546103999018669,"message":"request completed"}
worker1-1  | {"level":30,"time":1754669169377,"pid":1,"hostname":"worker1","request":{"name":"process-payment","data":{"correlationId":"c5137986-c094-40ff-b975-227e5609130d","amount":19.9,"requestedAt":"2025-08-08T16:06:09.374Z"},"opts":{"attempts":3,"priority":10,"removeOnFail":50,"removeOnComplete":100,"backoff":{"delay":2000,"type":"exponential"}},"id":"9","progress":0,"returnvalue":null,"stacktrace":[],"delay":0,"priority":10,"attemptsStarted":1,"attemptsMade":0,"stalledCounter":0,"timestamp":1754669169375,"queueQualifiedName":"bull:payments","processedOn":1754669169376,"token":"ce612083-dea0-43a6-859a-c057fc84f5bb:27"},"serviceId":"[process-payment]-1754669169377","serviceName":"process-payment","message":"[process-payment]-1754669169377 Service started"}
worker1-1  | {"level":30,"time":1754669169377,"pid":1,"hostname":"worker1","message":"Processing payment: {\"correlationId\":\"c5137986-c094-40ff-b975-227e5609130d\",\"amount\":19.9,\"requestedAt\":\"2025-08-08T16:06:09.374Z\"}, host: default"}
worker1-1  | {"level":30,"time":1754669169382,"pid":1,"hostname":"worker1","correlationId":"c5137986-c094-40ff-b975-227e5609130d","processor":"default","message":"Payment processor updated in Redis"}
worker1-1  | {"level":30,"time":1754669169382,"pid":1,"hostname":"worker1","request":{"name":"process-payment","data":{"correlationId":"c5137986-c094-40ff-b975-227e5609130d","amount":19.9,"requestedAt":"2025-08-08T16:06:09.374Z"},"opts":{"attempts":3,"priority":10,"removeOnFail":50,"removeOnComplete":100,"backoff":{"delay":2000,"type":"exponential"}},"id":"9","progress":0,"returnvalue":null,"stacktrace":[],"delay":0,"priority":10,"attemptsStarted":1,"attemptsMade":0,"stalledCounter":0,"timestamp":1754669169375,"queueQualifiedName":"bull:payments","processedOn":1754669169376,"token":"ce612083-dea0-43a6-859a-c057fc84f5bb:27"},"serviceId":"[process-payment]-1754669169377","serviceName":"process-payment","message":"[process-payment]-1754669169377 Service ended"}
worker1-1  | {"level":30,"time":1754669169382,"pid":1,"hostname":"worker1","jobId":"9","queueName":"payments","message":"Job completed successfully"}
api1-1     | {"level":30,"time":1754669169483,"pid":1,"hostname":"api1","reqId":"req-7","req":{"method":"POST","url":"/payments","hostname":"localhost:9999","remoteAddress":"172.20.0.6","remotePort":45022},"message":"incoming request"}
api1-1     | {"level":30,"time":1754669169483,"pid":1,"hostname":"api1","request":{"correlationId":"7a34019b-9d34-4429-a182-4b2fedf2ad11","amount":19.9},"serviceId":"[create-payment]-1754669169483","serviceName":"create-payment","message":"[create-payment]-1754669169483 Service started"}
api1-1     | {"level":30,"time":1754669169485,"pid":1,"hostname":"api1","correlationId":"7a34019b-9d34-4429-a182-4b2fedf2ad11","amountInCents":1990,"message":"Payment record created in Redis"}
api1-1     | {"level":30,"time":1754669169486,"pid":1,"hostname":"api1","jobId":"10","correlationId":"7a34019b-9d34-4429-a182-4b2fedf2ad11","message":"Payment queued for processing"}
api1-1     | {"level":30,"time":1754669169486,"pid":1,"hostname":"api1","request":{"correlationId":"7a34019b-9d34-4429-a182-4b2fedf2ad11","amount":19.9},"serviceId":"[create-payment]-1754669169483","serviceName":"create-payment","message":"[create-payment]-1754669169483 Service ended"}
api1-1     | {"level":30,"time":1754669169486,"pid":1,"hostname":"api1","reqId":"req-7","res":{"statusCode":200},"responseTime":3.1870210021734238,"message":"request completed"}
worker1-1  | {"level":30,"time":1754669169486,"pid":1,"hostname":"worker1","request":{"name":"process-payment","data":{"correlationId":"7a34019b-9d34-4429-a182-4b2fedf2ad11","amount":19.9,"requestedAt":"2025-08-08T16:06:09.484Z"},"opts":{"attempts":3,"priority":10,"removeOnFail":50,"removeOnComplete":100,"backoff":{"delay":2000,"type":"exponential"}},"id":"10","progress":0,"returnvalue":null,"stacktrace":[],"delay":0,"priority":10,"attemptsStarted":1,"attemptsMade":0,"stalledCounter":0,"timestamp":1754669169485,"queueQualifiedName":"bull:payments","processedOn":1754669169486,"token":"ce612083-dea0-43a6-859a-c057fc84f5bb:30"},"serviceId":"[process-payment]-1754669169486","serviceName":"process-payment","message":"[process-payment]-1754669169486 Service started"}
worker1-1  | {"level":30,"time":1754669169487,"pid":1,"hostname":"worker1","message":"Processing payment: {\"correlationId\":\"7a34019b-9d34-4429-a182-4b2fedf2ad11\",\"amount\":19.9,\"requestedAt\":\"2025-08-08T16:06:09.484Z\"}, host: default"}
worker1-1  | {"level":30,"time":1754669169490,"pid":1,"hostname":"worker1","correlationId":"7a34019b-9d34-4429-a182-4b2fedf2ad11","processor":"default","message":"Payment processor updated in Redis"}
worker1-1  | {"level":30,"time":1754669169490,"pid":1,"hostname":"worker1","request":{"name":"process-payment","data":{"correlationId":"7a34019b-9d34-4429-a182-4b2fedf2ad11","amount":19.9,"requestedAt":"2025-08-08T16:06:09.484Z"},"opts":{"attempts":3,"priority":10,"removeOnFail":50,"removeOnComplete":100,"backoff":{"delay":2000,"type":"exponential"}},"id":"10","progress":0,"returnvalue":null,"stacktrace":[],"delay":0,"priority":10,"attemptsStarted":1,"attemptsMade":0,"stalledCounter":0,"timestamp":1754669169485,"queueQualifiedName":"bull:payments","processedOn":1754669169486,"token":"ce612083-dea0-43a6-859a-c057fc84f5bb:30"},"serviceId":"[process-payment]-1754669169486","serviceName":"process-payment","message":"[process-payment]-1754669169486 Service ended"}
worker1-1  | {"level":30,"time":1754669169490,"pid":1,"hostname":"worker1","jobId":"10","queueName":"payments","message":"Job completed successfully"}
api2-1     | {"level":30,"time":1754669169531,"pid":1,"hostname":"api2","reqId":"req-7","req":{"method":"POST","url":"/payments","hostname":"localhost:9999","remoteAddress":"172.20.0.6","remotePort":46746},"message":"incoming request"}
api2-1     | {"level":30,"time":1754669169532,"pid":1,"hostname":"api2","request":{"correlationId":"1d8078d4-7181-4cab-8e04-fd3f88002197","amount":19.9},"serviceId":"[create-payment]-1754669169532","serviceName":"create-payment","message":"[create-payment]-1754669169532 Service started"}
api2-1     | {"level":30,"time":1754669169532,"pid":1,"hostname":"api2","correlationId":"1d8078d4-7181-4cab-8e04-fd3f88002197","amountInCents":1990,"message":"Payment record created in Redis"}
api2-1     | {"level":30,"time":1754669169533,"pid":1,"hostname":"api2","jobId":"11","correlationId":"1d8078d4-7181-4cab-8e04-fd3f88002197","message":"Payment queued for processing"}
api2-1     | {"level":30,"time":1754669169533,"pid":1,"hostname":"api2","request":{"correlationId":"1d8078d4-7181-4cab-8e04-fd3f88002197","amount":19.9},"serviceId":"[create-payment]-1754669169532","serviceName":"create-payment","message":"[create-payment]-1754669169532 Service ended"}
api2-1     | {"level":30,"time":1754669169534,"pid":1,"hostname":"api2","reqId":"req-7","res":{"statusCode":200},"responseTime":2.1452019959688187,"message":"request completed"}
worker1-1  | {"level":30,"time":1754669169534,"pid":1,"hostname":"worker1","request":{"name":"process-payment","data":{"correlationId":"1d8078d4-7181-4cab-8e04-fd3f88002197","amount":19.9,"requestedAt":"2025-08-08T16:06:09.532Z"},"opts":{"attempts":3,"priority":10,"removeOnFail":50,"removeOnComplete":100,"backoff":{"delay":2000,"type":"exponential"}},"id":"11","progress":0,"returnvalue":null,"stacktrace":[],"delay":0,"priority":10,"attemptsStarted":1,"attemptsMade":0,"stalledCounter":0,"timestamp":1754669169533,"queueQualifiedName":"bull:payments","processedOn":1754669169533,"token":"ce612083-dea0-43a6-859a-c057fc84f5bb:33"},"serviceId":"[process-payment]-1754669169534","serviceName":"process-payment","message":"[process-payment]-1754669169534 Service started"}
worker1-1  | {"level":30,"time":1754669169535,"pid":1,"hostname":"worker1","message":"Processing payment: {\"correlationId\":\"1d8078d4-7181-4cab-8e04-fd3f88002197\",\"amount\":19.9,\"requestedAt\":\"2025-08-08T16:06:09.532Z\"}, host: default"}
worker1-1  | {"level":30,"time":1754669169537,"pid":1,"hostname":"worker1","correlationId":"1d8078d4-7181-4cab-8e04-fd3f88002197","processor":"default","message":"Payment processor updated in Redis"}
worker1-1  | {"level":30,"time":1754669169537,"pid":1,"hostname":"worker1","request":{"name":"process-payment","data":{"correlationId":"1d8078d4-7181-4cab-8e04-fd3f88002197","amount":19.9,"requestedAt":"2025-08-08T16:06:09.532Z"},"opts":{"attempts":3,"priority":10,"removeOnFail":50,"removeOnComplete":100,"backoff":{"delay":2000,"type":"exponential"}},"id":"11","progress":0,"returnvalue":null,"stacktrace":[],"delay":0,"priority":10,"attemptsStarted":1,"attemptsMade":0,"stalledCounter":0,"timestamp":1754669169533,"queueQualifiedName":"bull:payments","processedOn":1754669169533,"token":"ce612083-dea0-43a6-859a-c057fc84f5bb:33"},"serviceId":"[process-payment]-1754669169534","serviceName":"process-payment","message":"[process-payment]-1754669169534 Service ended"}
worker1-1  | {"level":30,"time":1754669169537,"pid":1,"hostname":"worker1","jobId":"11","queueName":"payments","message":"Job completed successfully"}
api1-1     | {"level":30,"time":1754669169593,"pid":1,"hostname":"api1","reqId":"req-8","req":{"method":"POST","url":"/payments","hostname":"localhost:9999","remoteAddress":"172.20.0.6","remotePort":45034},"message":"incoming request"}
api1-1     | {"level":30,"time":1754669169593,"pid":1,"hostname":"api1","request":{"correlationId":"2dfa52d6-49cd-4139-b058-d93246afebbe","amount":19.9},"serviceId":"[create-payment]-1754669169593","serviceName":"create-payment","message":"[create-payment]-1754669169593 Service started"}
api1-1     | {"level":30,"time":1754669169594,"pid":1,"hostname":"api1","correlationId":"2dfa52d6-49cd-4139-b058-d93246afebbe","amountInCents":1990,"message":"Payment record created in Redis"}
api1-1     | {"level":30,"time":1754669169595,"pid":1,"hostname":"api1","jobId":"12","correlationId":"2dfa52d6-49cd-4139-b058-d93246afebbe","message":"Payment queued for processing"}
api1-1     | {"level":30,"time":1754669169595,"pid":1,"hostname":"api1","request":{"correlationId":"2dfa52d6-49cd-4139-b058-d93246afebbe","amount":19.9},"serviceId":"[create-payment]-1754669169593","serviceName":"create-payment","message":"[create-payment]-1754669169593 Service ended"}
api1-1     | {"level":30,"time":1754669169595,"pid":1,"hostname":"api1","reqId":"req-8","res":{"statusCode":200},"responseTime":2.6061720103025436,"message":"request completed"}
worker1-1  | {"level":30,"time":1754669169596,"pid":1,"hostname":"worker1","request":{"name":"process-payment","data":{"correlationId":"2dfa52d6-49cd-4139-b058-d93246afebbe","amount":19.9,"requestedAt":"2025-08-08T16:06:09.594Z"},"opts":{"attempts":3,"priority":10,"removeOnFail":50,"removeOnComplete":100,"backoff":{"delay":2000,"type":"exponential"}},"id":"12","progress":0,"returnvalue":null,"stacktrace":[],"delay":0,"priority":10,"attemptsStarted":1,"attemptsMade":0,"stalledCounter":0,"timestamp":1754669169594,"queueQualifiedName":"bull:payments","processedOn":1754669169595,"token":"ce612083-dea0-43a6-859a-c057fc84f5bb:36"},"serviceId":"[process-payment]-1754669169596","serviceName":"process-payment","message":"[process-payment]-1754669169596 Service started"}
worker1-1  | {"level":30,"time":1754669169596,"pid":1,"hostname":"worker1","message":"Processing payment: {\"correlationId\":\"2dfa52d6-49cd-4139-b058-d93246afebbe\",\"amount\":19.9,\"requestedAt\":\"2025-08-08T16:06:09.594Z\"}, host: default"}
worker1-1  | {"level":30,"time":1754669169599,"pid":1,"hostname":"worker1","correlationId":"2dfa52d6-49cd-4139-b058-d93246afebbe","processor":"default","message":"Payment processor updated in Redis"}
