
 api1 Pulling 
 api2 Pulling 
 worker1 Pulling 
 59e22667830b Already exists 
 49a91da077e1 Already exists 
 d929bb762a7b Already exists 
 59e22667830b Already exists 
 42bf1b567479 Already exists 
 49a91da077e1 Already exists 
 d929bb762a7b Already exists 
 0980aecccf12 Already exists 
 42bf1b567479 Already exists 
 b39d9763ef8d Pulling fs layer 
 315236fa0581 Pulling fs layer 
 11da3410d4bf Pulling fs layer 
 8e105753ffe8 Pulling fs layer 
 c05288d08205 Pulling fs layer 
 8e105753ffe8 Waiting 
 c05288d08205 Waiting 
 0980aecccf12 Already exists 
 b39d9763ef8d Pulling fs layer 
 315236fa0581 Pulling fs layer 
 11da3410d4bf Pulling fs layer 
 8e105753ffe8 Pulling fs layer 
 c05288d08205 Pulling fs layer 
 c05288d08205 Waiting 
 8e105753ffe8 Waiting 
 59e22667830b Already exists 
 49a91da077e1 Already exists 
 d929bb762a7b Already exists 
 42bf1b567479 Already exists 
 0980aecccf12 Already exists 
 b39d9763ef8d Pulling fs layer 
 315236fa0581 Pulling fs layer 
 11da3410d4bf Pulling fs layer 
 8e105753ffe8 Pulling fs layer 
 c05288d08205 Pulling fs layer 
 c05288d08205 Waiting 
 8e105753ffe8 Waiting 
 b39d9763ef8d Verifying Checksum 
 b39d9763ef8d Downloading [==================================================>]      93B/93B
 b39d9763ef8d Verifying Checksum 
 b39d9763ef8d Download complete 
 b39d9763ef8d Downloading [==================================================>]      93B/93B
 b39d9763ef8d Verifying Checksum 
 b39d9763ef8d Download complete 
 b39d9763ef8d Download complete 
 b39d9763ef8d Extracting [==================================================>]      93B/93B
 b39d9763ef8d Extracting [==================================================>]      93B/93B
 b39d9763ef8d Extracting [==================================================>]      93B/93B
 b39d9763ef8d Extracting [==================================================>]      93B/93B
 b39d9763ef8d Extracting [==================================================>]      93B/93B
 b39d9763ef8d Extracting [==================================================>]      93B/93B
 b39d9763ef8d Pull complete 
 b39d9763ef8d Pull complete 
 b39d9763ef8d Pull complete 
 315236fa0581 Downloading [====>                                              ]  1.369kB/14.38kB
 315236fa0581 Downloading [====>                                              ]  1.369kB/14.38kB
 315236fa0581 Downloading [====>                                              ]  1.369kB/14.38kB
 315236fa0581 Verifying Checksum 
 315236fa0581 Download complete 
 315236fa0581 Downloading [==================================================>]  14.38kB/14.38kB
 315236fa0581 Downloading [==================================================>]  14.38kB/14.38kB
 315236fa0581 Verifying Checksum 
 315236fa0581 Download complete 
 315236fa0581 Verifying Checksum 
 315236fa0581 Download complete 
 315236fa0581 Extracting [==================================================>]  14.38kB/14.38kB
 315236fa0581 Extracting [==================================================>]  14.38kB/14.38kB
 315236fa0581 Extracting [==================================================>]  14.38kB/14.38kB
 315236fa0581 Extracting [==================================================>]  14.38kB/14.38kB
 315236fa0581 Extracting [==================================================>]  14.38kB/14.38kB
 315236fa0581 Extracting [==================================================>]  14.38kB/14.38kB
 11da3410d4bf Downloading [>                                                  ]  487.4kB/48.69MB
 11da3410d4bf Downloading [>                                                  ]  487.4kB/48.69MB
 11da3410d4bf Downloading [>                                                  ]  487.4kB/48.69MB
 315236fa0581 Pull complete 
 315236fa0581 Pull complete 
 315236fa0581 Pull complete 
 11da3410d4bf Downloading [=====>                                             ]  5.382MB/48.69MB
 11da3410d4bf Downloading [=====>                                             ]  5.382MB/48.69MB
 11da3410d4bf Downloading [=====>                                             ]  5.382MB/48.69MB
 11da3410d4bf Downloading [=============>                                     ]  13.21MB/48.69MB
 11da3410d4bf Downloading [=============>                                     ]  13.21MB/48.69MB
 11da3410d4bf Downloading [=============>                                     ]  13.21MB/48.69MB
 11da3410d4bf Downloading [====================>                              ]   20.1MB/48.69MB
 11da3410d4bf Downloading [====================>                              ]   20.1MB/48.69MB
 11da3410d4bf Downloading [====================>                              ]   20.1MB/48.69MB
 11da3410d4bf Downloading [============================>                      ]  27.44MB/48.69MB
 11da3410d4bf Downloading [============================>                      ]  27.44MB/48.69MB
 11da3410d4bf Downloading [============================>                      ]  27.44MB/48.69MB
 11da3410d4bf Downloading [=====================================>             ]  36.71MB/48.69MB
 11da3410d4bf Downloading [=====================================>             ]  36.71MB/48.69MB
 11da3410d4bf Downloading [=====================================>             ]  36.71MB/48.69MB
 11da3410d4bf Downloading [==============================================>    ]  45.04MB/48.69MB
 11da3410d4bf Downloading [==============================================>    ]  45.04MB/48.69MB
 11da3410d4bf Downloading [==============================================>    ]  45.04MB/48.69MB
 11da3410d4bf Verifying Checksum 
 11da3410d4bf Download complete 
 11da3410d4bf Download complete 
 11da3410d4bf Download complete 
 11da3410d4bf Extracting [>                                                  ]  491.5kB/48.69MB
 11da3410d4bf Extracting [>                                                  ]  491.5kB/48.69MB
 11da3410d4bf Extracting [>                                                  ]  491.5kB/48.69MB
 11da3410d4bf Extracting [=>                                                 ]  1.475MB/48.69MB
 11da3410d4bf Extracting [=>                                                 ]  1.475MB/48.69MB
 11da3410d4bf Extracting [=>                                                 ]  1.475MB/48.69MB
 8e105753ffe8 Downloading [==================================================>]     680B/680B
 8e105753ffe8 Verifying Checksum 
 8e105753ffe8 Download complete 
 8e105753ffe8 Downloading [==================================================>]     680B/680B
 8e105753ffe8 Verifying Checksum 
 8e105753ffe8 Download complete 
 8e105753ffe8 Downloading [==================================================>]     680B/680B
 8e105753ffe8 Verifying Checksum 
 8e105753ffe8 Download complete 
 11da3410d4bf Extracting [====>                                              ]  3.932MB/48.69MB
 11da3410d4bf Extracting [====>                                              ]  3.932MB/48.69MB
 11da3410d4bf Extracting [====>                                              ]  3.932MB/48.69MB
 11da3410d4bf Extracting [===========>                                       ]   11.3MB/48.69MB
 11da3410d4bf Extracting [===========>                                       ]   11.3MB/48.69MB
 11da3410d4bf Extracting [===========>                                       ]   11.3MB/48.69MB
 11da3410d4bf Extracting [===================>                               ]  18.68MB/48.69MB
 11da3410d4bf Extracting [===================>                               ]  18.68MB/48.69MB
 11da3410d4bf Extracting [===================>                               ]  18.68MB/48.69MB
 11da3410d4bf Extracting [===========================>                       ]  26.54MB/48.69MB
 11da3410d4bf Extracting [===========================>                       ]  26.54MB/48.69MB
 11da3410d4bf Extracting [===========================>                       ]  26.54MB/48.69MB
 11da3410d4bf Extracting [=================================>                 ]  32.93MB/48.69MB
 11da3410d4bf Extracting [=================================>                 ]  32.93MB/48.69MB
 11da3410d4bf Extracting [=================================>                 ]  32.93MB/48.69MB
 c05288d08205 Verifying Checksum 
 c05288d08205 Download complete 
 c05288d08205 Downloading [==================================================>]      95B/95B
 c05288d08205 Verifying Checksum 
 c05288d08205 Download complete 
 c05288d08205 Download complete 
 11da3410d4bf Extracting [==================================>                ]  33.42MB/48.69MB
 11da3410d4bf Extracting [==================================>                ]  33.42MB/48.69MB
 11da3410d4bf Extracting [==================================>                ]  33.42MB/48.69MB
 11da3410d4bf Extracting [==================================>                ]  33.91MB/48.69MB
 11da3410d4bf Extracting [==================================>                ]  33.91MB/48.69MB
 11da3410d4bf Extracting [==================================>                ]  33.91MB/48.69MB
 11da3410d4bf Extracting [===================================>               ]  34.41MB/48.69MB
 11da3410d4bf Extracting [===================================>               ]  34.41MB/48.69MB
 11da3410d4bf Extracting [===================================>               ]  34.41MB/48.69MB
 11da3410d4bf Extracting [====================================>              ]  35.39MB/48.69MB
 11da3410d4bf Extracting [====================================>              ]  35.39MB/48.69MB
 11da3410d4bf Extracting [====================================>              ]  35.39MB/48.69MB
 11da3410d4bf Extracting [====================================>              ]  35.88MB/48.69MB
 11da3410d4bf Extracting [====================================>              ]  35.88MB/48.69MB
 11da3410d4bf Extracting [====================================>              ]  35.88MB/48.69MB
 11da3410d4bf Extracting [=====================================>             ]  36.37MB/48.69MB
 11da3410d4bf Extracting [=====================================>             ]  36.37MB/48.69MB
 11da3410d4bf Extracting [=====================================>             ]  36.37MB/48.69MB
 11da3410d4bf Extracting [=====================================>             ]  36.86MB/48.69MB
 11da3410d4bf Extracting [=====================================>             ]  36.86MB/48.69MB
 11da3410d4bf Extracting [=====================================>             ]  36.86MB/48.69MB
 11da3410d4bf Extracting [======================================>            ]  37.36MB/48.69MB
 11da3410d4bf Extracting [======================================>            ]  37.36MB/48.69MB
 11da3410d4bf Extracting [======================================>            ]  37.36MB/48.69MB
 11da3410d4bf Extracting [======================================>            ]  37.85MB/48.69MB
 11da3410d4bf Extracting [======================================>            ]  37.85MB/48.69MB
 11da3410d4bf Extracting [======================================>            ]  37.85MB/48.69MB
 11da3410d4bf Extracting [=======================================>           ]  38.34MB/48.69MB
 11da3410d4bf Extracting [=======================================>           ]  38.34MB/48.69MB
 11da3410d4bf Extracting [=======================================>           ]  38.34MB/48.69MB
 11da3410d4bf Extracting [=======================================>           ]  38.83MB/48.69MB
 11da3410d4bf Extracting [=======================================>           ]  38.83MB/48.69MB
 11da3410d4bf Extracting [=======================================>           ]  38.83MB/48.69MB
 11da3410d4bf Extracting [========================================>          ]  39.32MB/48.69MB
 11da3410d4bf Extracting [========================================>          ]  39.32MB/48.69MB
 11da3410d4bf Extracting [========================================>          ]  39.32MB/48.69MB
 11da3410d4bf Extracting [========================================>          ]  39.81MB/48.69MB
 11da3410d4bf Extracting [========================================>          ]  39.81MB/48.69MB
 11da3410d4bf Extracting [========================================>          ]  39.81MB/48.69MB
 11da3410d4bf Extracting [==========================================>        ]  41.78MB/48.69MB
 11da3410d4bf Extracting [==========================================>        ]  41.78MB/48.69MB
 11da3410d4bf Extracting [==========================================>        ]  41.78MB/48.69MB
 11da3410d4bf Extracting [===========================================>       ]  42.27MB/48.69MB
 11da3410d4bf Extracting [===========================================>       ]  42.27MB/48.69MB
 11da3410d4bf Extracting [===========================================>       ]  42.27MB/48.69MB
 11da3410d4bf Extracting [===========================================>       ]  42.76MB/48.69MB
 11da3410d4bf Extracting [===========================================>       ]  42.76MB/48.69MB
 11da3410d4bf Extracting [===========================================>       ]  42.76MB/48.69MB
 11da3410d4bf Extracting [=============================================>     ]  44.24MB/48.69MB
 11da3410d4bf Extracting [=============================================>     ]  44.24MB/48.69MB
 11da3410d4bf Extracting [=============================================>     ]  44.24MB/48.69MB
 11da3410d4bf Extracting [===============================================>   ]  46.69MB/48.69MB
 11da3410d4bf Extracting [===============================================>   ]  46.69MB/48.69MB
 11da3410d4bf Extracting [===============================================>   ]  46.69MB/48.69MB
 11da3410d4bf Extracting [================================================>  ]  47.68MB/48.69MB
 11da3410d4bf Extracting [================================================>  ]  47.68MB/48.69MB
 11da3410d4bf Extracting [================================================>  ]  47.68MB/48.69MB
 11da3410d4bf Extracting [=================================================> ]  48.66MB/48.69MB
 11da3410d4bf Extracting [=================================================> ]  48.66MB/48.69MB
 11da3410d4bf Extracting [=================================================> ]  48.66MB/48.69MB
 11da3410d4bf Extracting [==================================================>]  48.69MB/48.69MB
 11da3410d4bf Extracting [==================================================>]  48.69MB/48.69MB
 11da3410d4bf Extracting [==================================================>]  48.69MB/48.69MB
 11da3410d4bf Pull complete 
 11da3410d4bf Pull complete 
 11da3410d4bf Pull complete 
 8e105753ffe8 Extracting [==================================================>]     680B/680B
 8e105753ffe8 Extracting [==================================================>]     680B/680B
 8e105753ffe8 Extracting [==================================================>]     680B/680B
 8e105753ffe8 Extracting [==================================================>]     680B/680B
 8e105753ffe8 Extracting [==================================================>]     680B/680B
 8e105753ffe8 Extracting [==================================================>]     680B/680B
 8e105753ffe8 Pull complete 
 8e105753ffe8 Pull complete 
 8e105753ffe8 Pull complete 
 c05288d08205 Extracting [==================================================>]      95B/95B
 c05288d08205 Extracting [==================================================>]      95B/95B
 c05288d08205 Extracting [==================================================>]      95B/95B
 c05288d08205 Extracting [==================================================>]      95B/95B
 c05288d08205 Extracting [==================================================>]      95B/95B
 c05288d08205 Extracting [==================================================>]      95B/95B
 c05288d08205 Pull complete 
 c05288d08205 Pull complete 
 c05288d08205 Pull complete 
 api1 Pulled 
 api2 Pulled 
 worker1 Pulled 
 Network joaoulian_backend  Creating
 Network joaoulian_backend  Created
 Volume "joaoulian_redis_data"  Creating
 Volume "joaoulian_redis_data"  Created
 Container joaoulian-cache-1  Creating
 Container joaoulian-cache-1  Created
 Container joaoulian-worker1-1  Creating
 Container joaoulian-api1-1  Creating
 Container joaoulian-api2-1  Creating
 Container joaoulian-worker1-1  Created
 Container joaoulian-api2-1  Created
 Container joaoulian-api1-1  Created
 Container joaoulian-nginx-1  Creating
 Container joaoulian-nginx-1  Created
Attaching to api1-1, api2-1, cache-1, nginx-1, worker1-1
cache-1    | 1:C 06 Aug 2025 20:55:54.075 # WARNING Memory overcommit must be enabled! Without it, a background save or replication may fail under low memory condition. Being disabled, it can also cause failures without low memory condition, see https://github.com/jemalloc/jemalloc/issues/1328. To fix this issue add 'vm.overcommit_memory = 1' to /etc/sysctl.conf and then reboot or run the command 'sysctl vm.overcommit_memory=1' for this to take effect.
cache-1    | 1:C 06 Aug 2025 20:55:54.075 * oO0OoO0OoO0Oo Redis is starting oO0OoO0OoO0Oo
cache-1    | 1:C 06 Aug 2025 20:55:54.075 * Redis version=7.4.5, bits=64, commit=00000000, modified=0, pid=1, just started
cache-1    | 1:C 06 Aug 2025 20:55:54.075 * Configuration loaded
cache-1    | 1:M 06 Aug 2025 20:55:54.076 * monotonic clock: POSIX clock_gettime
cache-1    | 1:M 06 Aug 2025 20:55:54.083 * Running mode=standalone, port=6379.
cache-1    | 1:M 06 Aug 2025 20:55:54.083 * Server initialized
cache-1    | 1:M 06 Aug 2025 20:55:54.117 * Creating AOF base file appendonly.aof.1.base.rdb on server start
cache-1    | 1:M 06 Aug 2025 20:55:54.148 * Creating AOF incr file appendonly.aof.1.incr.aof on server start
cache-1    | 1:M 06 Aug 2025 20:55:54.148 * Ready to accept connections tcp
nginx-1    | /docker-entrypoint.sh: /docker-entrypoint.d/ is not empty, will attempt to perform configuration
nginx-1    | /docker-entrypoint.sh: Looking for shell scripts in /docker-entrypoint.d/
nginx-1    | /docker-entrypoint.sh: Launching /docker-entrypoint.d/10-listen-on-ipv6-by-default.sh
nginx-1    | 10-listen-on-ipv6-by-default.sh: info: Getting the checksum of /etc/nginx/conf.d/default.conf
worker1-1  | [dotenv@17.2.1] injecting env (0) from .env -- tip: ⚙️  specify custom .env file path with { path: '/custom/path/.env' }
nginx-1    | 10-listen-on-ipv6-by-default.sh: info: Enabled listen on IPv6 in /etc/nginx/conf.d/default.conf
nginx-1    | /docker-entrypoint.sh: Sourcing /docker-entrypoint.d/15-local-resolvers.envsh
nginx-1    | /docker-entrypoint.sh: Launching /docker-entrypoint.d/20-envsubst-on-templates.sh
nginx-1    | /docker-entrypoint.sh: Launching /docker-entrypoint.d/30-tune-worker-processes.sh
nginx-1    | /docker-entrypoint.sh: Configuration complete; ready for start up
api1-1     | [dotenv@17.2.1] injecting env (0) from .env -- tip: ⚙️  load multiple .env files with { path: ['.env.local', '.env'] }
api2-1     | [dotenv@17.2.1] injecting env (0) from .env -- tip: 📡 observe env with Radar: https://dotenvx.com/radar
worker1-1  | {"level":30,"time":1754513755612,"pid":1,"hostname":"worker1","message":"Registering Redis plugin..."}
worker1-1  | {"level":30,"time":1754513755615,"pid":1,"hostname":"worker1","message":"Redis plugin registered successfully"}
worker1-1  | {"level":30,"time":1754513755616,"pid":1,"hostname":"worker1","message":"Registering DI Container plugin..."}
worker1-1  | {"level":30,"time":1754513755622,"pid":1,"hostname":"worker1","message":"DI Container plugin registered successfully"}
worker1-1  | {"level":30,"time":1754513755623,"pid":1,"hostname":"worker1","message":"Registering payment queue worker"}
worker1-1  | {"level":30,"time":1754513755628,"pid":1,"hostname":"worker1","queueName":"payments","message":"Worker created"}
worker1-1  | {"level":30,"time":1754513755708,"pid":1,"hostname":"worker1","message":"Connected to Redis"}
api1-1     | {"level":30,"time":1754513756403,"pid":1,"hostname":"api1","message":"Registering Redis plugin..."}
api2-1     | {"level":30,"time":1754513756408,"pid":1,"hostname":"api2","message":"Registering Redis plugin..."}
api1-1     | {"level":30,"time":1754513756405,"pid":1,"hostname":"api1","message":"Redis plugin registered successfully"}
api1-1     | {"level":30,"time":1754513756405,"pid":1,"hostname":"api1","message":"Registering DI Container plugin..."}
api1-1     | {"level":30,"time":1754513756410,"pid":1,"hostname":"api1","message":"DI Container plugin registered successfully"}
api1-1     | {"level":30,"time":1754513756421,"pid":1,"hostname":"api1","message":"Server listening at http://0.0.0.0:9999"}
api1-1     | {"level":30,"time":1754513756421,"pid":1,"hostname":"api1","message":"📝 Environment: production"}
api2-1     | {"level":30,"time":1754513756410,"pid":1,"hostname":"api2","message":"Redis plugin registered successfully"}
api2-1     | {"level":30,"time":1754513756411,"pid":1,"hostname":"api2","message":"Registering DI Container plugin..."}
api2-1     | {"level":30,"time":1754513756416,"pid":1,"hostname":"api2","message":"DI Container plugin registered successfully"}
api2-1     | {"level":30,"time":1754513756429,"pid":1,"hostname":"api2","message":"Server listening at http://0.0.0.0:9999"}
api2-1     | {"level":30,"time":1754513756429,"pid":1,"hostname":"api2","message":"📝 Environment: production"}
api1-1     | {"level":30,"time":1754513756653,"pid":1,"hostname":"api1","reqId":"req-1","req":{"method":"GET","url":"/payments-summary","hostname":"backend_servers","remoteAddress":"172.20.0.6","remotePort":52370},"message":"incoming request"}
api1-1     | {"level":30,"time":1754513756659,"pid":1,"hostname":"api1","message":"Connected to Redis"}
api1-1     | {"level":30,"time":1754513756666,"pid":1,"hostname":"api1","reqId":"req-1","res":{"statusCode":200},"responseTime":11.475072026252747,"message":"request completed"}
api2-1     | {"level":30,"time":1754513762412,"pid":1,"hostname":"api2","reqId":"req-1","req":{"method":"POST","url":"/purge-payments","hostname":"backend_servers","remoteAddress":"172.20.0.6","remotePort":57524},"message":"incoming request"}
api2-1     | {"level":50,"time":1754513762415,"pid":1,"hostname":"api2","reqId":"req-1","err":{"type":"FastifyError","message":"Body cannot be empty when content-type is set to 'application/json'","stack":"FastifyError: Body cannot be empty when content-type is set to 'application/json'\n    at Parser.defaultJsonParser [as fn] (/app/node_modules/.pnpm/fastify@4.29.1/node_modules/fastify/lib/contentTypeParser.js:295:19)\n    at IncomingMessage.onEnd (/app/node_modules/.pnpm/fastify@4.29.1/node_modules/fastify/lib/contentTypeParser.js:283:27)\n    at IncomingMessage.emit (node:events:518:28)\n    at endReadableNT (node:internal/streams/readable:1698:12)\n    at process.processTicksAndRejections (node:internal/process/task_queues:90:21)","code":"FST_ERR_CTP_EMPTY_JSON_BODY","name":"FastifyError","statusCode":400},"message":"Body cannot be empty when content-type is set to 'application/json'"}
api2-1     | {"level":30,"time":1754513762421,"pid":1,"hostname":"api2","reqId":"req-1","res":{"statusCode":500},"responseTime":8.61053991317749,"message":"request completed"}
api2-1     | {"level":30,"time":1754513762425,"pid":1,"hostname":"api2","reqId":"req-2","req":{"method":"POST","url":"/payments","hostname":"backend_servers","remoteAddress":"172.20.0.6","remotePort":57524},"message":"incoming request"}
api1-1     | {"level":30,"time":1754513762425,"pid":1,"hostname":"api1","reqId":"req-2","req":{"method":"GET","url":"/payments-summary?from=2025-08-06T20:55:47.421Z&to=2025-08-06T20:56:00.921Z","hostname":"backend_servers","remoteAddress":"172.20.0.6","remotePort":52370},"message":"incoming request"}
api1-1     | {"level":30,"time":1754513762432,"pid":1,"hostname":"api1","reqId":"req-2","res":{"statusCode":200},"responseTime":6.8091219663619995,"message":"request completed"}
api2-1     | {"level":30,"time":1754513762428,"pid":1,"hostname":"api2","request":{"correlationId":"5c4db560-58e0-4bb0-8cab-973bf065ade7","amount":19.9},"serviceId":"[create-payment]-1754513762428","serviceName":"create-payment","message":"[create-payment]-1754513762428 Service started"}
api2-1     | {"level":30,"time":1754513762439,"pid":1,"hostname":"api2","message":"Connected to Redis"}
api2-1     | {"level":30,"time":1754513762507,"pid":1,"hostname":"api2","correlationId":"5c4db560-58e0-4bb0-8cab-973bf065ade7","amountInCents":1990,"message":"Payment record created in Redis"}
api2-1     | {"level":30,"time":1754513762509,"pid":1,"hostname":"api2","queueName":"payments","message":"Queue created"}
api2-1     | {"level":30,"time":1754513762521,"pid":1,"hostname":"api2","jobId":"1","correlationId":"5c4db560-58e0-4bb0-8cab-973bf065ade7","message":"Payment queued for processing"}
api2-1     | {"level":30,"time":1754513762521,"pid":1,"hostname":"api2","request":{"correlationId":"5c4db560-58e0-4bb0-8cab-973bf065ade7","amount":19.9},"serviceId":"[create-payment]-1754513762428","serviceName":"create-payment","message":"[create-payment]-1754513762428 Service ended"}
api2-1     | {"level":30,"time":1754513762521,"pid":1,"hostname":"api2","reqId":"req-2","res":{"statusCode":200},"responseTime":96.67677700519562,"message":"request completed"}
worker1-1  | {"level":30,"time":1754513762524,"pid":1,"hostname":"worker1","request":{"name":"process-payment","data":{"correlationId":"5c4db560-58e0-4bb0-8cab-973bf065ade7","amount":19.9,"requestedAt":"2025-08-06T20:56:02.503Z"},"opts":{"attempts":3,"priority":10,"removeOnFail":50,"removeOnComplete":100,"backoff":{"delay":2000,"type":"exponential"}},"id":"1","progress":0,"returnvalue":null,"stacktrace":[],"delay":0,"priority":10,"attemptsStarted":1,"attemptsMade":0,"stalledCounter":0,"timestamp":1754513762515,"queueQualifiedName":"bull:payments","processedOn":1754513762521,"token":"4fc47985-2fd5-47d9-b396-76e9e6d70027:2"},"serviceId":"[process-payment]-1754513762524","serviceName":"process-payment","message":"[process-payment]-1754513762524 Service started"}
api1-1     | {"level":30,"time":1754513762531,"pid":1,"hostname":"api1","reqId":"req-3","req":{"method":"POST","url":"/payments","hostname":"backend_servers","remoteAddress":"172.20.0.6","remotePort":52370},"message":"incoming request"}
worker1-1  | {"level":30,"time":1754513762525,"pid":1,"hostname":"worker1","message":"Processing payment: {\"correlationId\":\"5c4db560-58e0-4bb0-8cab-973bf065ade7\",\"amount\":19.9,\"requestedAt\":\"2025-08-06T20:56:02.503Z\"}, host: default"}
api1-1     | {"level":30,"time":1754513762535,"pid":1,"hostname":"api1","request":{"correlationId":"cb495353-02e9-414b-b75a-56b2cffb9a71","amount":19.9},"serviceId":"[create-payment]-1754513762535","serviceName":"create-payment","message":"[create-payment]-1754513762535 Service started"}
api1-1     | {"level":30,"time":1754513762538,"pid":1,"hostname":"api1","correlationId":"cb495353-02e9-414b-b75a-56b2cffb9a71","amountInCents":1990,"message":"Payment record created in Redis"}
api1-1     | {"level":30,"time":1754513762540,"pid":1,"hostname":"api1","queueName":"payments","message":"Queue created"}
worker1-1  | {"level":30,"time":1754513762546,"pid":1,"hostname":"worker1","correlationId":"5c4db560-58e0-4bb0-8cab-973bf065ade7","processor":"default","message":"Payment processor updated in Redis"}
worker1-1  | {"level":30,"time":1754513762546,"pid":1,"hostname":"worker1","request":{"name":"process-payment","data":{"correlationId":"5c4db560-58e0-4bb0-8cab-973bf065ade7","amount":19.9,"requestedAt":"2025-08-06T20:56:02.503Z"},"opts":{"attempts":3,"priority":10,"removeOnFail":50,"removeOnComplete":100,"backoff":{"delay":2000,"type":"exponential"}},"id":"1","progress":0,"returnvalue":null,"stacktrace":[],"delay":0,"priority":10,"attemptsStarted":1,"attemptsMade":0,"stalledCounter":0,"timestamp":1754513762515,"queueQualifiedName":"bull:payments","processedOn":1754513762521,"token":"4fc47985-2fd5-47d9-b396-76e9e6d70027:2"},"serviceId":"[process-payment]-1754513762524","serviceName":"process-payment","message":"[process-payment]-1754513762524 Service ended"}
worker1-1  | {"level":30,"time":1754513762546,"pid":1,"hostname":"worker1","jobId":"1","queueName":"payments","message":"Job completed successfully"}
api1-1     | {"level":30,"time":1754513762550,"pid":1,"hostname":"api1","jobId":"2","correlationId":"cb495353-02e9-414b-b75a-56b2cffb9a71","message":"Payment queued for processing"}
api1-1     | {"level":30,"time":1754513762550,"pid":1,"hostname":"api1","request":{"correlationId":"cb495353-02e9-414b-b75a-56b2cffb9a71","amount":19.9},"serviceId":"[create-payment]-1754513762535","serviceName":"create-payment","message":"[create-payment]-1754513762535 Service ended"}
api1-1     | {"level":30,"time":1754513762550,"pid":1,"hostname":"api1","reqId":"req-3","res":{"statusCode":200},"responseTime":19.068655014038086,"message":"request completed"}
worker1-1  | {"level":30,"time":1754513762551,"pid":1,"hostname":"worker1","request":{"name":"process-payment","data":{"correlationId":"cb495353-02e9-414b-b75a-56b2cffb9a71","amount":19.9,"requestedAt":"2025-08-06T20:56:02.536Z"},"opts":{"attempts":3,"priority":10,"removeOnFail":50,"removeOnComplete":100,"backoff":{"delay":2000,"type":"exponential"}},"id":"2","progress":0,"returnvalue":null,"stacktrace":[],"delay":0,"priority":10,"attemptsStarted":1,"attemptsMade":0,"stalledCounter":0,"timestamp":1754513762545,"queueQualifiedName":"bull:payments","processedOn":1754513762550,"token":"4fc47985-2fd5-47d9-b396-76e9e6d70027:5"},"serviceId":"[process-payment]-1754513762551","serviceName":"process-payment","message":"[process-payment]-1754513762551 Service started"}
worker1-1  | {"level":30,"time":1754513762551,"pid":1,"hostname":"worker1","message":"Processing payment: {\"correlationId\":\"cb495353-02e9-414b-b75a-56b2cffb9a71\",\"amount\":19.9,\"requestedAt\":\"2025-08-06T20:56:02.536Z\"}, host: default"}
worker1-1  | {"level":30,"time":1754513762556,"pid":1,"hostname":"worker1","correlationId":"cb495353-02e9-414b-b75a-56b2cffb9a71","processor":"default","message":"Payment processor updated in Redis"}
worker1-1  | {"level":30,"time":1754513762556,"pid":1,"hostname":"worker1","request":{"name":"process-payment","data":{"correlationId":"cb495353-02e9-414b-b75a-56b2cffb9a71","amount":19.9,"requestedAt":"2025-08-06T20:56:02.536Z"},"opts":{"attempts":3,"priority":10,"removeOnFail":50,"removeOnComplete":100,"backoff":{"delay":2000,"type":"exponential"}},"id":"2","progress":0,"returnvalue":null,"stacktrace":[],"delay":0,"priority":10,"attemptsStarted":1,"attemptsMade":0,"stalledCounter":0,"timestamp":1754513762545,"queueQualifiedName":"bull:payments","processedOn":1754513762550,"token":"4fc47985-2fd5-47d9-b396-76e9e6d70027:5"},"serviceId":"[process-payment]-1754513762551","serviceName":"process-payment","message":"[process-payment]-1754513762551 Service ended"}
worker1-1  | {"level":30,"time":1754513762556,"pid":1,"hostname":"worker1","jobId":"2","queueName":"payments","message":"Job completed successfully"}
api2-1     | {"level":30,"time":1754513762641,"pid":1,"hostname":"api2","reqId":"req-3","req":{"method":"POST","url":"/payments","hostname":"backend_servers","remoteAddress":"172.20.0.6","remotePort":57524},"message":"incoming request"}
api2-1     | {"level":30,"time":1754513762642,"pid":1,"hostname":"api2","request":{"correlationId":"7f4b9519-babd-437d-b990-43525466f0ed","amount":19.9},"serviceId":"[create-payment]-1754513762642","serviceName":"create-payment","message":"[create-payment]-1754513762642 Service started"}
api2-1     | {"level":30,"time":1754513762644,"pid":1,"hostname":"api2","correlationId":"7f4b9519-babd-437d-b990-43525466f0ed","amountInCents":1990,"message":"Payment record created in Redis"}
api2-1     | {"level":30,"time":1754513762646,"pid":1,"hostname":"api2","jobId":"3","correlationId":"7f4b9519-babd-437d-b990-43525466f0ed","message":"Payment queued for processing"}
api2-1     | {"level":30,"time":1754513762646,"pid":1,"hostname":"api2","request":{"correlationId":"7f4b9519-babd-437d-b990-43525466f0ed","amount":19.9},"serviceId":"[create-payment]-1754513762642","serviceName":"create-payment","message":"[create-payment]-1754513762642 Service ended"}
api2-1     | {"level":30,"time":1754513762647,"pid":1,"hostname":"api2","reqId":"req-3","res":{"statusCode":200},"responseTime":5.235762000083923,"message":"request completed"}
worker1-1  | {"level":30,"time":1754513762647,"pid":1,"hostname":"worker1","request":{"name":"process-payment","data":{"correlationId":"7f4b9519-babd-437d-b990-43525466f0ed","amount":19.9,"requestedAt":"2025-08-06T20:56:02.643Z"},"opts":{"attempts":3,"priority":10,"removeOnFail":50,"removeOnComplete":100,"backoff":{"delay":2000,"type":"exponential"}},"id":"3","progress":0,"returnvalue":null,"stacktrace":[],"delay":0,"priority":10,"attemptsStarted":1,"attemptsMade":0,"stalledCounter":0,"timestamp":1754513762645,"queueQualifiedName":"bull:payments","processedOn":1754513762646,"token":"4fc47985-2fd5-47d9-b396-76e9e6d70027:8"},"serviceId":"[process-payment]-1754513762647","serviceName":"process-payment","message":"[process-payment]-1754513762647 Service started"}
worker1-1  | {"level":30,"time":1754513762648,"pid":1,"hostname":"worker1","message":"Processing payment: {\"correlationId\":\"7f4b9519-babd-437d-b990-43525466f0ed\",\"amount\":19.9,\"requestedAt\":\"2025-08-06T20:56:02.643Z\"}, host: default"}
worker1-1  | {"level":30,"time":1754513762655,"pid":1,"hostname":"worker1","correlationId":"7f4b9519-babd-437d-b990-43525466f0ed","processor":"default","message":"Payment processor updated in Redis"}
worker1-1  | {"level":30,"time":1754513762655,"pid":1,"hostname":"worker1","request":{"name":"process-payment","data":{"correlationId":"7f4b9519-babd-437d-b990-43525466f0ed","amount":19.9,"requestedAt":"2025-08-06T20:56:02.643Z"},"opts":{"attempts":3,"priority":10,"removeOnFail":50,"removeOnComplete":100,"backoff":{"delay":2000,"type":"exponential"}},"id":"3","progress":0,"returnvalue":null,"stacktrace":[],"delay":0,"priority":10,"attemptsStarted":1,"attemptsMade":0,"stalledCounter":0,"timestamp":1754513762645,"queueQualifiedName":"bull:payments","processedOn":1754513762646,"token":"4fc47985-2fd5-47d9-b396-76e9e6d70027:8"},"serviceId":"[process-payment]-1754513762647","serviceName":"process-payment","message":"[process-payment]-1754513762647 Service ended"}
worker1-1  | {"level":30,"time":1754513762655,"pid":1,"hostname":"worker1","jobId":"3","queueName":"payments","message":"Job completed successfully"}
api1-1     | {"level":30,"time":1754513762751,"pid":1,"hostname":"api1","reqId":"req-4","req":{"method":"POST","url":"/payments","hostname":"backend_servers","remoteAddress":"172.20.0.6","remotePort":52370},"message":"incoming request"}
api1-1     | {"level":30,"time":1754513762753,"pid":1,"hostname":"api1","request":{"correlationId":"f463ee63-b63b-4856-8001-b66a9d33c2ab","amount":19.9},"serviceId":"[create-payment]-1754513762753","serviceName":"create-payment","message":"[create-payment]-1754513762753 Service started"}
api1-1     | {"level":30,"time":1754513762758,"pid":1,"hostname":"api1","correlationId":"f463ee63-b63b-4856-8001-b66a9d33c2ab","amountInCents":1990,"message":"Payment record created in Redis"}
api1-1     | {"level":30,"time":1754513762760,"pid":1,"hostname":"api1","jobId":"4","correlationId":"f463ee63-b63b-4856-8001-b66a9d33c2ab","message":"Payment queued for processing"}
api1-1     | {"level":30,"time":1754513762760,"pid":1,"hostname":"api1","request":{"correlationId":"f463ee63-b63b-4856-8001-b66a9d33c2ab","amount":19.9},"serviceId":"[create-payment]-1754513762753","serviceName":"create-payment","message":"[create-payment]-1754513762753 Service ended"}
api1-1     | {"level":30,"time":1754513762760,"pid":1,"hostname":"api1","reqId":"req-4","res":{"statusCode":200},"responseTime":9.263974070549011,"message":"request completed"}
worker1-1  | {"level":30,"time":1754513762762,"pid":1,"hostname":"worker1","request":{"name":"process-payment","data":{"correlationId":"f463ee63-b63b-4856-8001-b66a9d33c2ab","amount":19.9,"requestedAt":"2025-08-06T20:56:02.756Z"},"opts":{"attempts":3,"priority":10,"removeOnFail":50,"removeOnComplete":100,"backoff":{"delay":2000,"type":"exponential"}},"id":"4","progress":0,"returnvalue":null,"stacktrace":[],"delay":0,"priority":10,"attemptsStarted":1,"attemptsMade":0,"stalledCounter":0,"timestamp":1754513762759,"queueQualifiedName":"bull:payments","processedOn":1754513762760,"token":"4fc47985-2fd5-47d9-b396-76e9e6d70027:11"},"serviceId":"[process-payment]-1754513762762","serviceName":"process-payment","message":"[process-payment]-1754513762762 Service started"}
worker1-1  | {"level":30,"time":1754513762763,"pid":1,"hostname":"worker1","message":"Processing payment: {\"correlationId\":\"f463ee63-b63b-4856-8001-b66a9d33c2ab\",\"amount\":19.9,\"requestedAt\":\"2025-08-06T20:56:02.756Z\"}, host: default"}
worker1-1  | {"level":30,"time":1754513762768,"pid":1,"hostname":"worker1","correlationId":"f463ee63-b63b-4856-8001-b66a9d33c2ab","processor":"default","message":"Payment processor updated in Redis"}
worker1-1  | {"level":30,"time":1754513762768,"pid":1,"hostname":"worker1","request":{"name":"process-payment","data":{"correlationId":"f463ee63-b63b-4856-8001-b66a9d33c2ab","amount":19.9,"requestedAt":"2025-08-06T20:56:02.756Z"},"opts":{"attempts":3,"priority":10,"removeOnFail":50,"removeOnComplete":100,"backoff":{"delay":2000,"type":"exponential"}},"id":"4","progress":0,"returnvalue":null,"stacktrace":[],"delay":0,"priority":10,"attemptsStarted":1,"attemptsMade":0,"stalledCounter":0,"timestamp":1754513762759,"queueQualifiedName":"bull:payments","processedOn":1754513762760,"token":"4fc47985-2fd5-47d9-b396-76e9e6d70027:11"},"serviceId":"[process-payment]-1754513762762","serviceName":"process-payment","message":"[process-payment]-1754513762762 Service ended"}
worker1-1  | {"level":30,"time":1754513762768,"pid":1,"hostname":"worker1","jobId":"4","queueName":"payments","message":"Job completed successfully"}
api2-1     | {"level":30,"time":1754513762860,"pid":1,"hostname":"api2","reqId":"req-4","req":{"method":"POST","url":"/payments","hostname":"backend_servers","remoteAddress":"172.20.0.6","remotePort":57524},"message":"incoming request"}
api2-1     | {"level":30,"time":1754513762860,"pid":1,"hostname":"api2","request":{"correlationId":"dcbde0dd-df6f-48fa-beb3-1dab638b6f1c","amount":19.9},"serviceId":"[create-payment]-1754513762860","serviceName":"create-payment","message":"[create-payment]-1754513762860 Service started"}
api2-1     | {"level":30,"time":1754513762861,"pid":1,"hostname":"api2","correlationId":"dcbde0dd-df6f-48fa-beb3-1dab638b6f1c","amountInCents":1990,"message":"Payment record created in Redis"}
api2-1     | {"level":30,"time":1754513762862,"pid":1,"hostname":"api2","jobId":"5","correlationId":"dcbde0dd-df6f-48fa-beb3-1dab638b6f1c","message":"Payment queued for processing"}
api2-1     | {"level":30,"time":1754513762862,"pid":1,"hostname":"api2","request":{"correlationId":"dcbde0dd-df6f-48fa-beb3-1dab638b6f1c","amount":19.9},"serviceId":"[create-payment]-1754513762860","serviceName":"create-payment","message":"[create-payment]-1754513762860 Service ended"}
api2-1     | {"level":30,"time":1754513762863,"pid":1,"hostname":"api2","reqId":"req-4","res":{"statusCode":200},"responseTime":2.8486469984054565,"message":"request completed"}
worker1-1  | {"level":30,"time":1754513762863,"pid":1,"hostname":"worker1","request":{"name":"process-payment","data":{"correlationId":"dcbde0dd-df6f-48fa-beb3-1dab638b6f1c","amount":19.9,"requestedAt":"2025-08-06T20:56:02.861Z"},"opts":{"attempts":3,"priority":10,"removeOnFail":50,"removeOnComplete":100,"backoff":{"delay":2000,"type":"exponential"}},"id":"5","progress":0,"returnvalue":null,"stacktrace":[],"delay":0,"priority":10,"attemptsStarted":1,"attemptsMade":0,"stalledCounter":0,"timestamp":1754513762861,"queueQualifiedName":"bull:payments","processedOn":1754513762862,"token":"4fc47985-2fd5-47d9-b396-76e9e6d70027:14"},"serviceId":"[process-payment]-1754513762863","serviceName":"process-payment","message":"[process-payment]-1754513762863 Service started"}
worker1-1  | {"level":30,"time":1754513762864,"pid":1,"hostname":"worker1","message":"Processing payment: {\"correlationId\":\"dcbde0dd-df6f-48fa-beb3-1dab638b6f1c\",\"amount\":19.9,\"requestedAt\":\"2025-08-06T20:56:02.861Z\"}, host: default"}
worker1-1  | {"level":30,"time":1754513762867,"pid":1,"hostname":"worker1","correlationId":"dcbde0dd-df6f-48fa-beb3-1dab638b6f1c","processor":"default","message":"Payment processor updated in Redis"}
worker1-1  | {"level":30,"time":1754513762867,"pid":1,"hostname":"worker1","request":{"name":"process-payment","data":{"correlationId":"dcbde0dd-df6f-48fa-beb3-1dab638b6f1c","amount":19.9,"requestedAt":"2025-08-06T20:56:02.861Z"},"opts":{"attempts":3,"priority":10,"removeOnFail":50,"removeOnComplete":100,"backoff":{"delay":2000,"type":"exponential"}},"id":"5","progress":0,"returnvalue":null,"stacktrace":[],"delay":0,"priority":10,"attemptsStarted":1,"attemptsMade":0,"stalledCounter":0,"timestamp":1754513762861,"queueQualifiedName":"bull:payments","processedOn":1754513762862,"token":"4fc47985-2fd5-47d9-b396-76e9e6d70027:14"},"serviceId":"[process-payment]-1754513762863","serviceName":"process-payment","message":"[process-payment]-1754513762863 Service ended"}
worker1-1  | {"level":30,"time":1754513762867,"pid":1,"hostname":"worker1","jobId":"5","queueName":"payments","message":"Job completed successfully"}
api1-1     | {"level":30,"time":1754513762969,"pid":1,"hostname":"api1","reqId":"req-5","req":{"method":"POST","url":"/payments","hostname":"backend_servers","remoteAddress":"172.20.0.6","remotePort":52370},"message":"incoming request"}
api1-1     | {"level":30,"time":1754513762970,"pid":1,"hostname":"api1","request":{"correlationId":"e5a6bac9-dfa5-4b6d-b60f-a3a846a53ab9","amount":19.9},"serviceId":"[create-payment]-1754513762970","serviceName":"create-payment","message":"[create-payment]-1754513762970 Service started"}
api1-1     | {"level":30,"time":1754513762972,"pid":1,"hostname":"api1","correlationId":"e5a6bac9-dfa5-4b6d-b60f-a3a846a53ab9","amountInCents":1990,"message":"Payment record created in Redis"}
api1-1     | {"level":30,"time":1754513762976,"pid":1,"hostname":"api1","jobId":"6","correlationId":"e5a6bac9-dfa5-4b6d-b60f-a3a846a53ab9","message":"Payment queued for processing"}
api1-1     | {"level":30,"time":1754513762976,"pid":1,"hostname":"api1","request":{"correlationId":"e5a6bac9-dfa5-4b6d-b60f-a3a846a53ab9","amount":19.9},"serviceId":"[create-payment]-1754513762970","serviceName":"create-payment","message":"[create-payment]-1754513762970 Service ended"}
api1-1     | {"level":30,"time":1754513762976,"pid":1,"hostname":"api1","reqId":"req-5","res":{"statusCode":200},"responseTime":6.668374061584473,"message":"request completed"}
worker1-1  | {"level":30,"time":1754513762977,"pid":1,"hostname":"worker1","request":{"name":"process-payment","data":{"correlationId":"e5a6bac9-dfa5-4b6d-b60f-a3a846a53ab9","amount":19.9,"requestedAt":"2025-08-06T20:56:02.971Z"},"opts":{"attempts":3,"priority":10,"removeOnFail":50,"removeOnComplete":100,"backoff":{"delay":2000,"type":"exponential"}},"id":"6","progress":0,"returnvalue":null,"stacktrace":[],"delay":0,"priority":10,"attemptsStarted":1,"attemptsMade":0,"stalledCounter":0,"timestamp":1754513762972,"queueQualifiedName":"bull:payments","processedOn":1754513762975,"token":"4fc47985-2fd5-47d9-b396-76e9e6d70027:17"},"serviceId":"[process-payment]-1754513762977","serviceName":"process-payment","message":"[process-payment]-1754513762977 Service started"}
worker1-1  | {"level":30,"time":1754513762979,"pid":1,"hostname":"worker1","message":"Processing payment: {\"correlationId\":\"e5a6bac9-dfa5-4b6d-b60f-a3a846a53ab9\",\"amount\":19.9,\"requestedAt\":\"2025-08-06T20:56:02.971Z\"}, host: default"}
worker1-1  | {"level":30,"time":1754513762984,"pid":1,"hostname":"worker1","correlationId":"e5a6bac9-dfa5-4b6d-b60f-a3a846a53ab9","processor":"default","message":"Payment processor updated in Redis"}
worker1-1  | {"level":30,"time":1754513762984,"pid":1,"hostname":"worker1","request":{"name":"process-payment","data":{"correlationId":"e5a6bac9-dfa5-4b6d-b60f-a3a846a53ab9","amount":19.9,"requestedAt":"2025-08-06T20:56:02.971Z"},"opts":{"attempts":3,"priority":10,"removeOnFail":50,"removeOnComplete":100,"backoff":{"delay":2000,"type":"exponential"}},"id":"6","progress":0,"returnvalue":null,"stacktrace":[],"delay":0,"priority":10,"attemptsStarted":1,"attemptsMade":0,"stalledCounter":0,"timestamp":1754513762972,"queueQualifiedName":"bull:payments","processedOn":1754513762975,"token":"4fc47985-2fd5-47d9-b396-76e9e6d70027:17"},"serviceId":"[process-payment]-1754513762977","serviceName":"process-payment","message":"[process-payment]-1754513762977 Service ended"}
worker1-1  | {"level":30,"time":1754513762984,"pid":1,"hostname":"worker1","jobId":"6","queueName":"payments","message":"Job completed successfully"}
api2-1     | {"level":30,"time":1754513763079,"pid":1,"hostname":"api2","reqId":"req-5","req":{"method":"POST","url":"/payments","hostname":"backend_servers","remoteAddress":"172.20.0.6","remotePort":57524},"message":"incoming request"}
api2-1     | {"level":30,"time":1754513763080,"pid":1,"hostname":"api2","request":{"correlationId":"51996198-d864-44c7-baef-31d9c38d099b","amount":19.9},"serviceId":"[create-payment]-1754513763080","serviceName":"create-payment","message":"[create-payment]-1754513763080 Service started"}
api2-1     | {"level":30,"time":1754513763087,"pid":1,"hostname":"api2","correlationId":"51996198-d864-44c7-baef-31d9c38d099b","amountInCents":1990,"message":"Payment record created in Redis"}
worker1-1  | {"level":30,"time":1754513763090,"pid":1,"hostname":"worker1","request":{"name":"process-payment","data":{"correlationId":"51996198-d864-44c7-baef-31d9c38d099b","amount":19.9,"requestedAt":"2025-08-06T20:56:03.084Z"},"opts":{"attempts":3,"priority":10,"removeOnFail":50,"removeOnComplete":100,"backoff":{"delay":2000,"type":"exponential"}},"id":"7","progress":0,"returnvalue":null,"stacktrace":[],"delay":0,"priority":10,"attemptsStarted":1,"attemptsMade":0,"stalledCounter":0,"timestamp":1754513763087,"queueQualifiedName":"bull:payments","processedOn":1754513763089,"token":"4fc47985-2fd5-47d9-b396-76e9e6d70027:20"},"serviceId":"[process-payment]-1754513763090","serviceName":"process-payment","message":"[process-payment]-1754513763090 Service started"}
api2-1     | {"level":30,"time":1754513763088,"pid":1,"hostname":"api2","jobId":"7","correlationId":"51996198-d864-44c7-baef-31d9c38d099b","message":"Payment queued for processing"}
api2-1     | {"level":30,"time":1754513763088,"pid":1,"hostname":"api2","request":{"correlationId":"51996198-d864-44c7-baef-31d9c38d099b","amount":19.9},"serviceId":"[create-payment]-1754513763080","serviceName":"create-payment","message":"[create-payment]-1754513763080 Service ended"}
api2-1     | {"level":30,"time":1754513763091,"pid":1,"hostname":"api2","reqId":"req-5","res":{"statusCode":200},"responseTime":11.387838006019592,"message":"request completed"}
worker1-1  | {"level":30,"time":1754513763092,"pid":1,"hostname":"worker1","message":"Processing payment: {\"correlationId\":\"51996198-d864-44c7-baef-31d9c38d099b\",\"amount\":19.9,\"requestedAt\":\"2025-08-06T20:56:03.084Z\"}, host: default"}
worker1-1  | {"level":30,"time":1754513763098,"pid":1,"hostname":"worker1","correlationId":"51996198-d864-44c7-baef-31d9c38d099b","processor":"default","message":"Payment processor updated in Redis"}
worker1-1  | {"level":30,"time":1754513763098,"pid":1,"hostname":"worker1","request":{"name":"process-payment","data":{"correlationId":"51996198-d864-44c7-baef-31d9c38d099b","amount":19.9,"requestedAt":"2025-08-06T20:56:03.084Z"},"opts":{"attempts":3,"priority":10,"removeOnFail":50,"removeOnComplete":100,"backoff":{"delay":2000,"type":"exponential"}},"id":"7","progress":0,"returnvalue":null,"stacktrace":[],"delay":0,"priority":10,"attemptsStarted":1,"attemptsMade":0,"stalledCounter":0,"timestamp":1754513763087,"queueQualifiedName":"bull:payments","processedOn":1754513763089,"token":"4fc47985-2fd5-47d9-b396-76e9e6d70027:20"},"serviceId":"[process-payment]-1754513763090","serviceName":"process-payment","message":"[process-payment]-1754513763090 Service ended"}
worker1-1  | {"level":30,"time":1754513763098,"pid":1,"hostname":"worker1","jobId":"7","queueName":"payments","message":"Job completed successfully"}
api1-1     | {"level":30,"time":1754513763189,"pid":1,"hostname":"api1","reqId":"req-6","req":{"method":"POST","url":"/payments","hostname":"backend_servers","remoteAddress":"172.20.0.6","remotePort":52370},"message":"incoming request"}
api1-1     | {"level":30,"time":1754513763189,"pid":1,"hostname":"api1","request":{"correlationId":"bc610e99-4ed7-42f5-aa05-bdbaff8c4b46","amount":19.9},"serviceId":"[create-payment]-1754513763189","serviceName":"create-payment","message":"[create-payment]-1754513763189 Service started"}
api1-1     | {"level":30,"time":1754513763191,"pid":1,"hostname":"api1","correlationId":"bc610e99-4ed7-42f5-aa05-bdbaff8c4b46","amountInCents":1990,"message":"Payment record created in Redis"}
worker1-1  | {"level":30,"time":1754513763193,"pid":1,"hostname":"worker1","request":{"name":"process-payment","data":{"correlationId":"bc610e99-4ed7-42f5-aa05-bdbaff8c4b46","amount":19.9,"requestedAt":"2025-08-06T20:56:03.190Z"},"opts":{"attempts":3,"priority":10,"removeOnFail":50,"removeOnComplete":100,"backoff":{"delay":2000,"type":"exponential"}},"id":"8","progress":0,"returnvalue":null,"stacktrace":[],"delay":0,"priority":10,"attemptsStarted":1,"attemptsMade":0,"stalledCounter":0,"timestamp":1754513763191,"queueQualifiedName":"bull:payments","processedOn":1754513763192,"token":"4fc47985-2fd5-47d9-b396-76e9e6d70027:23"},"serviceId":"[process-payment]-1754513763193","serviceName":"process-payment","message":"[process-payment]-1754513763193 Service started"}
