
 Network joaoulian_backend  Creating
 Network joaoulian_backend  Created
 Volume "joaoulian_redis_data"  Creating
 Volume "joaoulian_redis_data"  Created
 Container joaoulian-cache-1  Creating
 Container joaoulian-cache-1  Created
 Container joaoulian-api1-1  Creating
 Container joaoulian-worker1-1  Creating
 Container joaoulian-api2-1  Creating
 Container joaoulian-api2-1  Created
 Container joaoulian-worker1-1  Created
 Container joaoulian-api1-1  Created
 Container joaoulian-haproxy-1  Creating
 Container joaoulian-haproxy-1  Created
Attaching to api1-1, api2-1, cache-1, haproxy-1, worker1-1
cache-1    | 1:C 08 Aug 2025 20:39:13.357 # WARNING Memory overcommit must be enabled! Without it, a background save or replication may fail under low memory condition. Being disabled, it can also cause failures without low memory condition, see https://github.com/jemalloc/jemalloc/issues/1328. To fix this issue add 'vm.overcommit_memory = 1' to /etc/sysctl.conf and then reboot or run the command 'sysctl vm.overcommit_memory=1' for this to take effect.
cache-1    | 1:C 08 Aug 2025 20:39:13.358 * oO0OoO0OoO0Oo Redis is starting oO0OoO0OoO0Oo
cache-1    | 1:C 08 Aug 2025 20:39:13.358 * Redis version=7.4.5, bits=64, commit=00000000, modified=0, pid=1, just started
cache-1    | 1:C 08 Aug 2025 20:39:13.358 * Configuration loaded
cache-1    | 1:M 08 Aug 2025 20:39:13.358 * monotonic clock: POSIX clock_gettime
cache-1    | 1:M 08 Aug 2025 20:39:13.359 * Running mode=standalone, port=6379.
cache-1    | 1:M 08 Aug 2025 20:39:13.359 * Server initialized
cache-1    | 1:M 08 Aug 2025 20:39:13.369 * Creating AOF base file appendonly.aof.1.base.rdb on server start
cache-1    | 1:M 08 Aug 2025 20:39:13.404 * Creating AOF incr file appendonly.aof.1.incr.aof on server start
cache-1    | 1:M 08 Aug 2025 20:39:13.404 * Ready to accept connections tcp
haproxy-1  | [NOTICE]   (1) : New worker (7) forked
haproxy-1  | [NOTICE]   (1) : Loading success.
haproxy-1  | [WARNING]  (7) : Server backend_payments/api1 is DOWN, reason: Layer4 connection problem, info: "Connection refused", check duration: 0ms. 1 active and 0 backup servers left. 0 sessions active, 0 requeued, 0 remaining in queue.
worker1-1  | [dotenv@17.2.1] injecting env (0) from .env -- tip: 🔐 encrypt with Dotenvx: https://dotenvx.com
api2-1     | [dotenv@17.2.1] injecting env (0) from .env -- tip: 📡 auto-backup env with Radar: https://dotenvx.com/radar
haproxy-1  | [WARNING]  (7) : Server backend_payments/api2 is DOWN, reason: Layer4 connection problem, info: "Connection refused", check duration: 0ms. 0 active and 0 backup servers left. 0 sessions active, 0 requeued, 0 remaining in queue.
haproxy-1  | [ALERT]    (7) : backend 'backend_payments' has no server available!
api1-1     | [dotenv@17.2.1] injecting env (0) from .env -- tip: ⚙️  specify custom .env file path with { path: '/custom/path/.env' }
worker1-1  | {"level":30,"time":1754685555008,"pid":1,"hostname":"worker1","message":"Registering Redis plugin..."}
worker1-1  | {"level":30,"time":1754685555013,"pid":1,"hostname":"worker1","message":"Redis plugin registered successfully"}
worker1-1  | {"level":30,"time":1754685555014,"pid":1,"hostname":"worker1","message":"Registering DI Container plugin..."}
worker1-1  | {"level":30,"time":1754685555022,"pid":1,"hostname":"worker1","message":"DI Container plugin registered successfully"}
worker1-1  | {"level":30,"time":1754685555023,"pid":1,"hostname":"worker1","message":"Registering payment queue worker"}
worker1-1  | {"level":30,"time":1754685555027,"pid":1,"hostname":"worker1","queueName":"payments","message":"Worker created"}
worker1-1  | {"level":30,"time":1754685555042,"pid":1,"hostname":"worker1","message":"Connected to Redis"}
haproxy-1  | [WARNING]  (7) : Server backend_summary/api1 is DOWN, reason: Layer4 connection problem, info: "Connection refused", check duration: 0ms. 1 active and 0 backup servers left. 0 sessions active, 0 requeued, 0 remaining in queue.
api1-1     | {"level":30,"time":1754685555816,"pid":1,"hostname":"api1","message":"Registering Redis plugin..."}
api2-1     | {"level":30,"time":1754685555818,"pid":1,"hostname":"api2","message":"Registering Redis plugin..."}
haproxy-1  | [WARNING]  (7) : Server backend_summary/api2 is DOWN, reason: Layer4 connection problem, info: "Connection refused", check duration: 0ms. 0 active and 0 backup servers left. 0 sessions active, 0 requeued, 0 remaining in queue.
haproxy-1  | [ALERT]    (7) : backend 'backend_summary' has no server available!
api2-1     | {"level":30,"time":1754685555821,"pid":1,"hostname":"api2","message":"Redis plugin registered successfully"}
api2-1     | {"level":30,"time":1754685555822,"pid":1,"hostname":"api2","message":"Registering DI Container plugin..."}
api2-1     | {"level":30,"time":1754685555900,"pid":1,"hostname":"api2","message":"DI Container plugin registered successfully"}
api2-1     | {"level":30,"time":1754685555912,"pid":1,"hostname":"api2","message":"Server listening at http://0.0.0.0:3000"}
api2-1     | {"level":30,"time":1754685555912,"pid":1,"hostname":"api2","message":"📝 Environment: production"}
api1-1     | {"level":30,"time":1754685555818,"pid":1,"hostname":"api1","message":"Redis plugin registered successfully"}
api1-1     | {"level":30,"time":1754685555819,"pid":1,"hostname":"api1","message":"Registering DI Container plugin..."}
api1-1     | {"level":30,"time":1754685555900,"pid":1,"hostname":"api1","message":"DI Container plugin registered successfully"}
api1-1     | {"level":30,"time":1754685555914,"pid":1,"hostname":"api1","message":"Server listening at http://0.0.0.0:3000"}
api1-1     | {"level":30,"time":1754685555914,"pid":1,"hostname":"api1","message":"📝 Environment: production"}
haproxy-1  | [WARNING]  (7) : Server backend_payments/api1 is UP, reason: Layer4 check passed, check duration: 0ms. 1 active and 0 backup servers online. 0 sessions requeued, 0 total in queue.
haproxy-1  | [WARNING]  (7) : Server backend_payments/api2 is UP, reason: Layer4 check passed, check duration: 0ms. 2 active and 0 backup servers online. 0 sessions requeued, 0 total in queue.
haproxy-1  | [WARNING]  (7) : Server backend_summary/api1 is UP, reason: Layer4 check passed, check duration: 0ms. 1 active and 0 backup servers online. 0 sessions requeued, 0 total in queue.
haproxy-1  | [WARNING]  (7) : Server backend_summary/api2 is UP, reason: Layer4 check passed, check duration: 0ms. 2 active and 0 backup servers online. 0 sessions requeued, 0 total in queue.
api1-1     | {"level":30,"time":1754685561859,"pid":1,"hostname":"api1","reqId":"req-1","req":{"method":"GET","url":"/payments-summary","hostname":"localhost:9999","remoteAddress":"172.20.0.6","remotePort":41656},"message":"incoming request"}
api1-1     | {"level":30,"time":1754685561864,"pid":1,"hostname":"api1","message":"Connected to Redis"}
api1-1     | {"level":30,"time":1754685561871,"pid":1,"hostname":"api1","reqId":"req-1","res":{"statusCode":200},"responseTime":11.200858011841774,"message":"request completed"}
api2-1     | {"level":30,"time":1754685567540,"pid":1,"hostname":"api2","reqId":"req-1","req":{"method":"POST","url":"/purge-payments","hostname":"localhost:9999","remoteAddress":"172.20.0.6","remotePort":54208},"message":"incoming request"}
api2-1     | {"level":50,"time":1754685567542,"pid":1,"hostname":"api2","reqId":"req-1","err":{"type":"FastifyError","message":"Body cannot be empty when content-type is set to 'application/json'","stack":"FastifyError: Body cannot be empty when content-type is set to 'application/json'\n    at Parser.defaultJsonParser [as fn] (/app/node_modules/.pnpm/fastify@4.29.1/node_modules/fastify/lib/contentTypeParser.js:295:19)\n    at IncomingMessage.onEnd (/app/node_modules/.pnpm/fastify@4.29.1/node_modules/fastify/lib/contentTypeParser.js:283:27)\n    at IncomingMessage.emit (node:events:518:28)\n    at endReadableNT (node:internal/streams/readable:1698:12)\n    at process.processTicksAndRejections (node:internal/process/task_queues:90:21)","code":"FST_ERR_CTP_EMPTY_JSON_BODY","name":"FastifyError","statusCode":400},"message":"Body cannot be empty when content-type is set to 'application/json'"}
api2-1     | {"level":30,"time":1754685567546,"pid":1,"hostname":"api2","reqId":"req-1","res":{"statusCode":500},"responseTime":5.293244004249573,"message":"request completed"}
api1-1     | {"level":30,"time":1754685567550,"pid":1,"hostname":"api1","reqId":"req-2","req":{"method":"GET","url":"/payments-summary?from=2025-08-08T20:39:12.546Z&to=2025-08-08T20:39:26.046Z","hostname":"localhost:9999","remoteAddress":"172.20.0.6","remotePort":44380},"message":"incoming request"}
api2-1     | {"level":30,"time":1754685567549,"pid":1,"hostname":"api2","reqId":"req-2","req":{"method":"POST","url":"/payments","hostname":"localhost:9999","remoteAddress":"172.20.0.6","remotePort":54218},"message":"incoming request"}
api1-1     | {"level":30,"time":1754685567553,"pid":1,"hostname":"api1","reqId":"req-2","res":{"statusCode":200},"responseTime":2.574512004852295,"message":"request completed"}
api2-1     | {"level":30,"time":1754685567553,"pid":1,"hostname":"api2","request":{"correlationId":"619e7249-4bf5-4f73-a622-61000e33dfb8","amount":19.9},"serviceId":"[create-payment]-1754685567553","serviceName":"create-payment","message":"[create-payment]-1754685567553 Service started"}
api2-1     | {"level":30,"time":1754685567559,"pid":1,"hostname":"api2","message":"Connected to Redis"}
api2-1     | {"level":30,"time":1754685567564,"pid":1,"hostname":"api2","correlationId":"619e7249-4bf5-4f73-a622-61000e33dfb8","amountInCents":1990,"message":"Payment record created in Redis"}
api2-1     | {"level":30,"time":1754685567567,"pid":1,"hostname":"api2","queueName":"payments","message":"Queue created"}
api2-1     | {"level":30,"time":1754685567604,"pid":1,"hostname":"api2","jobId":"1","correlationId":"619e7249-4bf5-4f73-a622-61000e33dfb8","message":"Payment queued for processing"}
api2-1     | {"level":30,"time":1754685567604,"pid":1,"hostname":"api2","request":{"correlationId":"619e7249-4bf5-4f73-a622-61000e33dfb8","amount":19.9},"serviceId":"[create-payment]-1754685567553","serviceName":"create-payment","message":"[create-payment]-1754685567553 Service ended"}
api2-1     | {"level":30,"time":1754685567605,"pid":1,"hostname":"api2","reqId":"req-2","res":{"statusCode":200},"responseTime":55.7730899900198,"message":"request completed"}
worker1-1  | {"level":30,"time":1754685567607,"pid":1,"hostname":"worker1","request":{"name":"process-payment","data":{"correlationId":"619e7249-4bf5-4f73-a622-61000e33dfb8","amount":19.9,"requestedAt":"2025-08-08T20:39:27.562Z"},"opts":{"attempts":3,"priority":10,"removeOnFail":50,"removeOnComplete":100,"backoff":{"delay":2000,"type":"exponential"}},"id":"1","progress":0,"returnvalue":null,"stacktrace":[],"delay":0,"priority":10,"attemptsStarted":1,"attemptsMade":0,"stalledCounter":0,"timestamp":1754685567600,"queueQualifiedName":"bull:payments","processedOn":1754685567604,"token":"293381f0-413b-4932-8c88-391cdc82e098:3"},"serviceId":"[process-payment]-1754685567606","serviceName":"process-payment","message":"[process-payment]-1754685567606 Service started"}
worker1-1  | {"level":30,"time":1754685567608,"pid":1,"hostname":"worker1","message":"Processing payment: {\"correlationId\":\"619e7249-4bf5-4f73-a622-61000e33dfb8\",\"amount\":19.9,\"requestedAt\":\"2025-08-08T20:39:27.562Z\"}, host: default"}
worker1-1  | {"level":30,"time":1754685567626,"pid":1,"hostname":"worker1","correlationId":"619e7249-4bf5-4f73-a622-61000e33dfb8","processor":"default","message":"Payment processor updated in Redis"}
worker1-1  | {"level":30,"time":1754685567626,"pid":1,"hostname":"worker1","request":{"name":"process-payment","data":{"correlationId":"619e7249-4bf5-4f73-a622-61000e33dfb8","amount":19.9,"requestedAt":"2025-08-08T20:39:27.562Z"},"opts":{"attempts":3,"priority":10,"removeOnFail":50,"removeOnComplete":100,"backoff":{"delay":2000,"type":"exponential"}},"id":"1","progress":0,"returnvalue":null,"stacktrace":[],"delay":0,"priority":10,"attemptsStarted":1,"attemptsMade":0,"stalledCounter":0,"timestamp":1754685567600,"queueQualifiedName":"bull:payments","processedOn":1754685567604,"token":"293381f0-413b-4932-8c88-391cdc82e098:3"},"serviceId":"[process-payment]-1754685567606","serviceName":"process-payment","message":"[process-payment]-1754685567606 Service ended"}
worker1-1  | {"level":30,"time":1754685567626,"pid":1,"hostname":"worker1","jobId":"1","queueName":"payments","message":"Job completed successfully"}
api1-1     | {"level":30,"time":1754685567657,"pid":1,"hostname":"api1","reqId":"req-3","req":{"method":"POST","url":"/payments","hostname":"localhost:9999","remoteAddress":"172.20.0.6","remotePort":44392},"message":"incoming request"}
api1-1     | {"level":30,"time":1754685567660,"pid":1,"hostname":"api1","request":{"correlationId":"41fceb85-89e8-41d0-8950-760042e9ecbe","amount":19.9},"serviceId":"[create-payment]-1754685567660","serviceName":"create-payment","message":"[create-payment]-1754685567660 Service started"}
api1-1     | {"level":30,"time":1754685567662,"pid":1,"hostname":"api1","correlationId":"41fceb85-89e8-41d0-8950-760042e9ecbe","amountInCents":1990,"message":"Payment record created in Redis"}
api1-1     | {"level":30,"time":1754685567664,"pid":1,"hostname":"api1","queueName":"payments","message":"Queue created"}
api1-1     | {"level":30,"time":1754685567670,"pid":1,"hostname":"api1","jobId":"2","correlationId":"41fceb85-89e8-41d0-8950-760042e9ecbe","message":"Payment queued for processing"}
api1-1     | {"level":30,"time":1754685567670,"pid":1,"hostname":"api1","request":{"correlationId":"41fceb85-89e8-41d0-8950-760042e9ecbe","amount":19.9},"serviceId":"[create-payment]-1754685567660","serviceName":"create-payment","message":"[create-payment]-1754685567660 Service ended"}
api1-1     | {"level":30,"time":1754685567670,"pid":1,"hostname":"api1","reqId":"req-3","res":{"statusCode":200},"responseTime":13.310615003108978,"message":"request completed"}
worker1-1  | {"level":30,"time":1754685567671,"pid":1,"hostname":"worker1","request":{"name":"process-payment","data":{"correlationId":"41fceb85-89e8-41d0-8950-760042e9ecbe","amount":19.9,"requestedAt":"2025-08-08T20:39:27.660Z"},"opts":{"attempts":3,"priority":10,"removeOnFail":50,"removeOnComplete":100,"backoff":{"delay":2000,"type":"exponential"}},"id":"2","progress":0,"returnvalue":null,"stacktrace":[],"delay":0,"priority":10,"attemptsStarted":1,"attemptsMade":0,"stalledCounter":0,"timestamp":1754685567667,"queueQualifiedName":"bull:payments","processedOn":1754685567670,"token":"293381f0-413b-4932-8c88-391cdc82e098:6"},"serviceId":"[process-payment]-1754685567671","serviceName":"process-payment","message":"[process-payment]-1754685567671 Service started"}
worker1-1  | {"level":30,"time":1754685567671,"pid":1,"hostname":"worker1","message":"Processing payment: {\"correlationId\":\"41fceb85-89e8-41d0-8950-760042e9ecbe\",\"amount\":19.9,\"requestedAt\":\"2025-08-08T20:39:27.660Z\"}, host: default"}
worker1-1  | {"level":30,"time":1754685567675,"pid":1,"hostname":"worker1","correlationId":"41fceb85-89e8-41d0-8950-760042e9ecbe","processor":"default","message":"Payment processor updated in Redis"}
worker1-1  | {"level":30,"time":1754685567676,"pid":1,"hostname":"worker1","request":{"name":"process-payment","data":{"correlationId":"41fceb85-89e8-41d0-8950-760042e9ecbe","amount":19.9,"requestedAt":"2025-08-08T20:39:27.660Z"},"opts":{"attempts":3,"priority":10,"removeOnFail":50,"removeOnComplete":100,"backoff":{"delay":2000,"type":"exponential"}},"id":"2","progress":0,"returnvalue":null,"stacktrace":[],"delay":0,"priority":10,"attemptsStarted":1,"attemptsMade":0,"stalledCounter":0,"timestamp":1754685567667,"queueQualifiedName":"bull:payments","processedOn":1754685567670,"token":"293381f0-413b-4932-8c88-391cdc82e098:6"},"serviceId":"[process-payment]-1754685567671","serviceName":"process-payment","message":"[process-payment]-1754685567671 Service ended"}
worker1-1  | {"level":30,"time":1754685567676,"pid":1,"hostname":"worker1","jobId":"2","queueName":"payments","message":"Job completed successfully"}
api2-1     | {"level":30,"time":1754685567767,"pid":1,"hostname":"api2","reqId":"req-3","req":{"method":"POST","url":"/payments","hostname":"localhost:9999","remoteAddress":"172.20.0.6","remotePort":54228},"message":"incoming request"}
api2-1     | {"level":30,"time":1754685567768,"pid":1,"hostname":"api2","request":{"correlationId":"da1cd720-4557-450f-bc1e-5cca3dce4beb","amount":19.9},"serviceId":"[create-payment]-1754685567768","serviceName":"create-payment","message":"[create-payment]-1754685567768 Service started"}
api2-1     | {"level":30,"time":1754685567769,"pid":1,"hostname":"api2","correlationId":"da1cd720-4557-450f-bc1e-5cca3dce4beb","amountInCents":1990,"message":"Payment record created in Redis"}
api2-1     | {"level":30,"time":1754685567770,"pid":1,"hostname":"api2","jobId":"3","correlationId":"da1cd720-4557-450f-bc1e-5cca3dce4beb","message":"Payment queued for processing"}
api2-1     | {"level":30,"time":1754685567770,"pid":1,"hostname":"api2","request":{"correlationId":"da1cd720-4557-450f-bc1e-5cca3dce4beb","amount":19.9},"serviceId":"[create-payment]-1754685567768","serviceName":"create-payment","message":"[create-payment]-1754685567768 Service ended"}
api2-1     | {"level":30,"time":1754685567771,"pid":1,"hostname":"api2","reqId":"req-3","res":{"statusCode":200},"responseTime":3.7268660068511963,"message":"request completed"}
worker1-1  | {"level":30,"time":1754685567771,"pid":1,"hostname":"worker1","request":{"name":"process-payment","data":{"correlationId":"da1cd720-4557-450f-bc1e-5cca3dce4beb","amount":19.9,"requestedAt":"2025-08-08T20:39:27.768Z"},"opts":{"attempts":3,"priority":10,"removeOnFail":50,"removeOnComplete":100,"backoff":{"delay":2000,"type":"exponential"}},"id":"3","progress":0,"returnvalue":null,"stacktrace":[],"delay":0,"priority":10,"attemptsStarted":1,"attemptsMade":0,"stalledCounter":0,"timestamp":1754685567769,"queueQualifiedName":"bull:payments","processedOn":1754685567770,"token":"293381f0-413b-4932-8c88-391cdc82e098:9"},"serviceId":"[process-payment]-1754685567771","serviceName":"process-payment","message":"[process-payment]-1754685567771 Service started"}
worker1-1  | {"level":30,"time":1754685567772,"pid":1,"hostname":"worker1","message":"Processing payment: {\"correlationId\":\"da1cd720-4557-450f-bc1e-5cca3dce4beb\",\"amount\":19.9,\"requestedAt\":\"2025-08-08T20:39:27.768Z\"}, host: default"}
worker1-1  | {"level":30,"time":1754685567776,"pid":1,"hostname":"worker1","correlationId":"da1cd720-4557-450f-bc1e-5cca3dce4beb","processor":"default","message":"Payment processor updated in Redis"}
worker1-1  | {"level":30,"time":1754685567776,"pid":1,"hostname":"worker1","request":{"name":"process-payment","data":{"correlationId":"da1cd720-4557-450f-bc1e-5cca3dce4beb","amount":19.9,"requestedAt":"2025-08-08T20:39:27.768Z"},"opts":{"attempts":3,"priority":10,"removeOnFail":50,"removeOnComplete":100,"backoff":{"delay":2000,"type":"exponential"}},"id":"3","progress":0,"returnvalue":null,"stacktrace":[],"delay":0,"priority":10,"attemptsStarted":1,"attemptsMade":0,"stalledCounter":0,"timestamp":1754685567769,"queueQualifiedName":"bull:payments","processedOn":1754685567770,"token":"293381f0-413b-4932-8c88-391cdc82e098:9"},"serviceId":"[process-payment]-1754685567771","serviceName":"process-payment","message":"[process-payment]-1754685567771 Service ended"}
worker1-1  | {"level":30,"time":1754685567776,"pid":1,"hostname":"worker1","jobId":"3","queueName":"payments","message":"Job completed successfully"}
api1-1     | {"level":30,"time":1754685567876,"pid":1,"hostname":"api1","reqId":"req-4","req":{"method":"POST","url":"/payments","hostname":"localhost:9999","remoteAddress":"172.20.0.6","remotePort":44394},"message":"incoming request"}
api1-1     | {"level":30,"time":1754685567877,"pid":1,"hostname":"api1","request":{"correlationId":"72c1dd5f-fe37-4e2a-b522-dbe26f3ee857","amount":19.9},"serviceId":"[create-payment]-1754685567877","serviceName":"create-payment","message":"[create-payment]-1754685567877 Service started"}
api1-1     | {"level":30,"time":1754685567878,"pid":1,"hostname":"api1","correlationId":"72c1dd5f-fe37-4e2a-b522-dbe26f3ee857","amountInCents":1990,"message":"Payment record created in Redis"}
api1-1     | {"level":30,"time":1754685567879,"pid":1,"hostname":"api1","jobId":"4","correlationId":"72c1dd5f-fe37-4e2a-b522-dbe26f3ee857","message":"Payment queued for processing"}
api1-1     | {"level":30,"time":1754685567879,"pid":1,"hostname":"api1","request":{"correlationId":"72c1dd5f-fe37-4e2a-b522-dbe26f3ee857","amount":19.9},"serviceId":"[create-payment]-1754685567877","serviceName":"create-payment","message":"[create-payment]-1754685567877 Service ended"}
api1-1     | {"level":30,"time":1754685567880,"pid":1,"hostname":"api1","reqId":"req-4","res":{"statusCode":200},"responseTime":3.115217000246048,"message":"request completed"}
worker1-1  | {"level":30,"time":1754685567880,"pid":1,"hostname":"worker1","request":{"name":"process-payment","data":{"correlationId":"72c1dd5f-fe37-4e2a-b522-dbe26f3ee857","amount":19.9,"requestedAt":"2025-08-08T20:39:27.877Z"},"opts":{"attempts":3,"priority":10,"removeOnFail":50,"removeOnComplete":100,"backoff":{"delay":2000,"type":"exponential"}},"id":"4","progress":0,"returnvalue":null,"stacktrace":[],"delay":0,"priority":10,"attemptsStarted":1,"attemptsMade":0,"stalledCounter":0,"timestamp":1754685567878,"queueQualifiedName":"bull:payments","processedOn":1754685567879,"token":"293381f0-413b-4932-8c88-391cdc82e098:12"},"serviceId":"[process-payment]-1754685567880","serviceName":"process-payment","message":"[process-payment]-1754685567880 Service started"}
worker1-1  | {"level":30,"time":1754685567880,"pid":1,"hostname":"worker1","message":"Processing payment: {\"correlationId\":\"72c1dd5f-fe37-4e2a-b522-dbe26f3ee857\",\"amount\":19.9,\"requestedAt\":\"2025-08-08T20:39:27.877Z\"}, host: default"}
worker1-1  | {"level":30,"time":1754685567884,"pid":1,"hostname":"worker1","correlationId":"72c1dd5f-fe37-4e2a-b522-dbe26f3ee857","processor":"default","message":"Payment processor updated in Redis"}
worker1-1  | {"level":30,"time":1754685567884,"pid":1,"hostname":"worker1","request":{"name":"process-payment","data":{"correlationId":"72c1dd5f-fe37-4e2a-b522-dbe26f3ee857","amount":19.9,"requestedAt":"2025-08-08T20:39:27.877Z"},"opts":{"attempts":3,"priority":10,"removeOnFail":50,"removeOnComplete":100,"backoff":{"delay":2000,"type":"exponential"}},"id":"4","progress":0,"returnvalue":null,"stacktrace":[],"delay":0,"priority":10,"attemptsStarted":1,"attemptsMade":0,"stalledCounter":0,"timestamp":1754685567878,"queueQualifiedName":"bull:payments","processedOn":1754685567879,"token":"293381f0-413b-4932-8c88-391cdc82e098:12"},"serviceId":"[process-payment]-1754685567880","serviceName":"process-payment","message":"[process-payment]-1754685567880 Service ended"}
worker1-1  | {"level":30,"time":1754685567884,"pid":1,"hostname":"worker1","jobId":"4","queueName":"payments","message":"Job completed successfully"}
api2-1     | {"level":30,"time":1754685567985,"pid":1,"hostname":"api2","reqId":"req-4","req":{"method":"POST","url":"/payments","hostname":"localhost:9999","remoteAddress":"172.20.0.6","remotePort":54258},"message":"incoming request"}
api2-1     | {"level":30,"time":1754685567985,"pid":1,"hostname":"api2","request":{"correlationId":"3561a7d7-1504-44a1-bbdf-a723fd1703d4","amount":19.9},"serviceId":"[create-payment]-1754685567985","serviceName":"create-payment","message":"[create-payment]-1754685567985 Service started"}
api2-1     | {"level":30,"time":1754685567986,"pid":1,"hostname":"api2","correlationId":"3561a7d7-1504-44a1-bbdf-a723fd1703d4","amountInCents":1990,"message":"Payment record created in Redis"}
api2-1     | {"level":30,"time":1754685567987,"pid":1,"hostname":"api2","jobId":"5","correlationId":"3561a7d7-1504-44a1-bbdf-a723fd1703d4","message":"Payment queued for processing"}
api2-1     | {"level":30,"time":1754685567987,"pid":1,"hostname":"api2","request":{"correlationId":"3561a7d7-1504-44a1-bbdf-a723fd1703d4","amount":19.9},"serviceId":"[create-payment]-1754685567985","serviceName":"create-payment","message":"[create-payment]-1754685567985 Service ended"}
worker1-1  | {"level":30,"time":1754685567988,"pid":1,"hostname":"worker1","request":{"name":"process-payment","data":{"correlationId":"3561a7d7-1504-44a1-bbdf-a723fd1703d4","amount":19.9,"requestedAt":"2025-08-08T20:39:27.986Z"},"opts":{"attempts":3,"priority":10,"removeOnFail":50,"removeOnComplete":100,"backoff":{"delay":2000,"type":"exponential"}},"id":"5","progress":0,"returnvalue":null,"stacktrace":[],"delay":0,"priority":10,"attemptsStarted":1,"attemptsMade":0,"stalledCounter":0,"timestamp":1754685567986,"queueQualifiedName":"bull:payments","processedOn":1754685567987,"token":"293381f0-413b-4932-8c88-391cdc82e098:15"},"serviceId":"[process-payment]-1754685567988","serviceName":"process-payment","message":"[process-payment]-1754685567988 Service started"}
api2-1     | {"level":30,"time":1754685567988,"pid":1,"hostname":"api2","reqId":"req-4","res":{"statusCode":200},"responseTime":2.7729540020227432,"message":"request completed"}
worker1-1  | {"level":30,"time":1754685567988,"pid":1,"hostname":"worker1","message":"Processing payment: {\"correlationId\":\"3561a7d7-1504-44a1-bbdf-a723fd1703d4\",\"amount\":19.9,\"requestedAt\":\"2025-08-08T20:39:27.986Z\"}, host: default"}
worker1-1  | {"level":30,"time":1754685567991,"pid":1,"hostname":"worker1","correlationId":"3561a7d7-1504-44a1-bbdf-a723fd1703d4","processor":"default","message":"Payment processor updated in Redis"}
worker1-1  | {"level":30,"time":1754685567991,"pid":1,"hostname":"worker1","request":{"name":"process-payment","data":{"correlationId":"3561a7d7-1504-44a1-bbdf-a723fd1703d4","amount":19.9,"requestedAt":"2025-08-08T20:39:27.986Z"},"opts":{"attempts":3,"priority":10,"removeOnFail":50,"removeOnComplete":100,"backoff":{"delay":2000,"type":"exponential"}},"id":"5","progress":0,"returnvalue":null,"stacktrace":[],"delay":0,"priority":10,"attemptsStarted":1,"attemptsMade":0,"stalledCounter":0,"timestamp":1754685567986,"queueQualifiedName":"bull:payments","processedOn":1754685567987,"token":"293381f0-413b-4932-8c88-391cdc82e098:15"},"serviceId":"[process-payment]-1754685567988","serviceName":"process-payment","message":"[process-payment]-1754685567988 Service ended"}
worker1-1  | {"level":30,"time":1754685567991,"pid":1,"hostname":"worker1","jobId":"5","queueName":"payments","message":"Job completed successfully"}
api1-1     | {"level":30,"time":1754685568095,"pid":1,"hostname":"api1","reqId":"req-5","req":{"method":"POST","url":"/payments","hostname":"localhost:9999","remoteAddress":"172.20.0.6","remotePort":44396},"message":"incoming request"}
api1-1     | {"level":30,"time":1754685568096,"pid":1,"hostname":"api1","request":{"correlationId":"b9887a5c-35bd-4ff7-bdfc-f9b84dc4f6b4","amount":19.9},"serviceId":"[create-payment]-1754685568096","serviceName":"create-payment","message":"[create-payment]-1754685568096 Service started"}
api1-1     | {"level":30,"time":1754685568096,"pid":1,"hostname":"api1","correlationId":"b9887a5c-35bd-4ff7-bdfc-f9b84dc4f6b4","amountInCents":1990,"message":"Payment record created in Redis"}
api1-1     | {"level":30,"time":1754685568098,"pid":1,"hostname":"api1","jobId":"6","correlationId":"b9887a5c-35bd-4ff7-bdfc-f9b84dc4f6b4","message":"Payment queued for processing"}
api1-1     | {"level":30,"time":1754685568098,"pid":1,"hostname":"api1","request":{"correlationId":"b9887a5c-35bd-4ff7-bdfc-f9b84dc4f6b4","amount":19.9},"serviceId":"[create-payment]-1754685568096","serviceName":"create-payment","message":"[create-payment]-1754685568096 Service ended"}
api1-1     | {"level":30,"time":1754685568098,"pid":1,"hostname":"api1","reqId":"req-5","res":{"statusCode":200},"responseTime":2.9097069948911667,"message":"request completed"}
worker1-1  | {"level":30,"time":1754685568099,"pid":1,"hostname":"worker1","request":{"name":"process-payment","data":{"correlationId":"b9887a5c-35bd-4ff7-bdfc-f9b84dc4f6b4","amount":19.9,"requestedAt":"2025-08-08T20:39:28.096Z"},"opts":{"attempts":3,"priority":10,"removeOnFail":50,"removeOnComplete":100,"backoff":{"delay":2000,"type":"exponential"}},"id":"6","progress":0,"returnvalue":null,"stacktrace":[],"delay":0,"priority":10,"attemptsStarted":1,"attemptsMade":0,"stalledCounter":0,"timestamp":1754685568096,"queueQualifiedName":"bull:payments","processedOn":1754685568098,"token":"293381f0-413b-4932-8c88-391cdc82e098:18"},"serviceId":"[process-payment]-1754685568099","serviceName":"process-payment","message":"[process-payment]-1754685568099 Service started"}
worker1-1  | {"level":30,"time":1754685568099,"pid":1,"hostname":"worker1","message":"Processing payment: {\"correlationId\":\"b9887a5c-35bd-4ff7-bdfc-f9b84dc4f6b4\",\"amount\":19.9,\"requestedAt\":\"2025-08-08T20:39:28.096Z\"}, host: default"}
worker1-1  | {"level":30,"time":1754685568104,"pid":1,"hostname":"worker1","correlationId":"b9887a5c-35bd-4ff7-bdfc-f9b84dc4f6b4","processor":"default","message":"Payment processor updated in Redis"}
worker1-1  | {"level":30,"time":1754685568104,"pid":1,"hostname":"worker1","request":{"name":"process-payment","data":{"correlationId":"b9887a5c-35bd-4ff7-bdfc-f9b84dc4f6b4","amount":19.9,"requestedAt":"2025-08-08T20:39:28.096Z"},"opts":{"attempts":3,"priority":10,"removeOnFail":50,"removeOnComplete":100,"backoff":{"delay":2000,"type":"exponential"}},"id":"6","progress":0,"returnvalue":null,"stacktrace":[],"delay":0,"priority":10,"attemptsStarted":1,"attemptsMade":0,"stalledCounter":0,"timestamp":1754685568096,"queueQualifiedName":"bull:payments","processedOn":1754685568098,"token":"293381f0-413b-4932-8c88-391cdc82e098:18"},"serviceId":"[process-payment]-1754685568099","serviceName":"process-payment","message":"[process-payment]-1754685568099 Service ended"}
worker1-1  | {"level":30,"time":1754685568104,"pid":1,"hostname":"worker1","jobId":"6","queueName":"payments","message":"Job completed successfully"}
api2-1     | {"level":30,"time":1754685568203,"pid":1,"hostname":"api2","reqId":"req-5","req":{"method":"POST","url":"/payments","hostname":"localhost:9999","remoteAddress":"172.20.0.6","remotePort":54274},"message":"incoming request"}
api2-1     | {"level":30,"time":1754685568204,"pid":1,"hostname":"api2","request":{"correlationId":"69708b74-e21e-484c-bdd5-e0a2815c8b29","amount":19.9},"serviceId":"[create-payment]-1754685568204","serviceName":"create-payment","message":"[create-payment]-1754685568204 Service started"}
api2-1     | {"level":30,"time":1754685568205,"pid":1,"hostname":"api2","correlationId":"69708b74-e21e-484c-bdd5-e0a2815c8b29","amountInCents":1990,"message":"Payment record created in Redis"}
api2-1     | {"level":30,"time":1754685568205,"pid":1,"hostname":"api2","jobId":"7","correlationId":"69708b74-e21e-484c-bdd5-e0a2815c8b29","message":"Payment queued for processing"}
api2-1     | {"level":30,"time":1754685568205,"pid":1,"hostname":"api2","request":{"correlationId":"69708b74-e21e-484c-bdd5-e0a2815c8b29","amount":19.9},"serviceId":"[create-payment]-1754685568204","serviceName":"create-payment","message":"[create-payment]-1754685568204 Service ended"}
api2-1     | {"level":30,"time":1754685568206,"pid":1,"hostname":"api2","reqId":"req-5","res":{"statusCode":200},"responseTime":2.1672179996967316,"message":"request completed"}
worker1-1  | {"level":30,"time":1754685568206,"pid":1,"hostname":"worker1","request":{"name":"process-payment","data":{"correlationId":"69708b74-e21e-484c-bdd5-e0a2815c8b29","amount":19.9,"requestedAt":"2025-08-08T20:39:28.204Z"},"opts":{"attempts":3,"priority":10,"removeOnFail":50,"removeOnComplete":100,"backoff":{"delay":2000,"type":"exponential"}},"id":"7","progress":0,"returnvalue":null,"stacktrace":[],"delay":0,"priority":10,"attemptsStarted":1,"attemptsMade":0,"stalledCounter":0,"timestamp":1754685568205,"queueQualifiedName":"bull:payments","processedOn":1754685568205,"token":"293381f0-413b-4932-8c88-391cdc82e098:21"},"serviceId":"[process-payment]-1754685568206","serviceName":"process-payment","message":"[process-payment]-1754685568206 Service started"}
worker1-1  | {"level":30,"time":1754685568207,"pid":1,"hostname":"worker1","message":"Processing payment: {\"correlationId\":\"69708b74-e21e-484c-bdd5-e0a2815c8b29\",\"amount\":19.9,\"requestedAt\":\"2025-08-08T20:39:28.204Z\"}, host: default"}
worker1-1  | {"level":30,"time":1754685568209,"pid":1,"hostname":"worker1","correlationId":"69708b74-e21e-484c-bdd5-e0a2815c8b29","processor":"default","message":"Payment processor updated in Redis"}
worker1-1  | {"level":30,"time":1754685568209,"pid":1,"hostname":"worker1","request":{"name":"process-payment","data":{"correlationId":"69708b74-e21e-484c-bdd5-e0a2815c8b29","amount":19.9,"requestedAt":"2025-08-08T20:39:28.204Z"},"opts":{"attempts":3,"priority":10,"removeOnFail":50,"removeOnComplete":100,"backoff":{"delay":2000,"type":"exponential"}},"id":"7","progress":0,"returnvalue":null,"stacktrace":[],"delay":0,"priority":10,"attemptsStarted":1,"attemptsMade":0,"stalledCounter":0,"timestamp":1754685568205,"queueQualifiedName":"bull:payments","processedOn":1754685568205,"token":"293381f0-413b-4932-8c88-391cdc82e098:21"},"serviceId":"[process-payment]-1754685568206","serviceName":"process-payment","message":"[process-payment]-1754685568206 Service ended"}
worker1-1  | {"level":30,"time":1754685568209,"pid":1,"hostname":"worker1","jobId":"7","queueName":"payments","message":"Job completed successfully"}
api1-1     | {"level":30,"time":1754685568313,"pid":1,"hostname":"api1","reqId":"req-6","req":{"method":"POST","url":"/payments","hostname":"localhost:9999","remoteAddress":"172.20.0.6","remotePort":44398},"message":"incoming request"}
api1-1     | {"level":30,"time":1754685568314,"pid":1,"hostname":"api1","request":{"correlationId":"b651c94f-f1b7-4eec-a91b-520f964cb0a2","amount":19.9},"serviceId":"[create-payment]-1754685568314","serviceName":"create-payment","message":"[create-payment]-1754685568314 Service started"}
api1-1     | {"level":30,"time":1754685568315,"pid":1,"hostname":"api1","correlationId":"b651c94f-f1b7-4eec-a91b-520f964cb0a2","amountInCents":1990,"message":"Payment record created in Redis"}
api1-1     | {"level":30,"time":1754685568315,"pid":1,"hostname":"api1","jobId":"8","correlationId":"b651c94f-f1b7-4eec-a91b-520f964cb0a2","message":"Payment queued for processing"}
api1-1     | {"level":30,"time":1754685568315,"pid":1,"hostname":"api1","request":{"correlationId":"b651c94f-f1b7-4eec-a91b-520f964cb0a2","amount":19.9},"serviceId":"[create-payment]-1754685568314","serviceName":"create-payment","message":"[create-payment]-1754685568314 Service ended"}
api1-1     | {"level":30,"time":1754685568316,"pid":1,"hostname":"api1","reqId":"req-6","res":{"statusCode":200},"responseTime":2.282370999455452,"message":"request completed"}
worker1-1  | {"level":30,"time":1754685568316,"pid":1,"hostname":"worker1","request":{"name":"process-payment","data":{"correlationId":"b651c94f-f1b7-4eec-a91b-520f964cb0a2","amount":19.9,"requestedAt":"2025-08-08T20:39:28.314Z"},"opts":{"attempts":3,"priority":10,"removeOnFail":50,"removeOnComplete":100,"backoff":{"delay":2000,"type":"exponential"}},"id":"8","progress":0,"returnvalue":null,"stacktrace":[],"delay":0,"priority":10,"attemptsStarted":1,"attemptsMade":0,"stalledCounter":0,"timestamp":1754685568315,"queueQualifiedName":"bull:payments","processedOn":1754685568315,"token":"293381f0-413b-4932-8c88-391cdc82e098:24"},"serviceId":"[process-payment]-1754685568316","serviceName":"process-payment","message":"[process-payment]-1754685568316 Service started"}
worker1-1  | {"level":30,"time":1754685568317,"pid":1,"hostname":"worker1","message":"Processing payment: {\"correlationId\":\"b651c94f-f1b7-4eec-a91b-520f964cb0a2\",\"amount\":19.9,\"requestedAt\":\"2025-08-08T20:39:28.314Z\"}, host: default"}
worker1-1  | {"level":30,"time":1754685568319,"pid":1,"hostname":"worker1","correlationId":"b651c94f-f1b7-4eec-a91b-520f964cb0a2","processor":"default","message":"Payment processor updated in Redis"}
worker1-1  | {"level":30,"time":1754685568319,"pid":1,"hostname":"worker1","request":{"name":"process-payment","data":{"correlationId":"b651c94f-f1b7-4eec-a91b-520f964cb0a2","amount":19.9,"requestedAt":"2025-08-08T20:39:28.314Z"},"opts":{"attempts":3,"priority":10,"removeOnFail":50,"removeOnComplete":100,"backoff":{"delay":2000,"type":"exponential"}},"id":"8","progress":0,"returnvalue":null,"stacktrace":[],"delay":0,"priority":10,"attemptsStarted":1,"attemptsMade":0,"stalledCounter":0,"timestamp":1754685568315,"queueQualifiedName":"bull:payments","processedOn":1754685568315,"token":"293381f0-413b-4932-8c88-391cdc82e098:24"},"serviceId":"[process-payment]-1754685568316","serviceName":"process-payment","message":"[process-payment]-1754685568316 Service ended"}
worker1-1  | {"level":30,"time":1754685568320,"pid":1,"hostname":"worker1","jobId":"8","queueName":"payments","message":"Job completed successfully"}
api2-1     | {"level":30,"time":1754685568422,"pid":1,"hostname":"api2","reqId":"req-6","req":{"method":"POST","url":"/payments","hostname":"localhost:9999","remoteAddress":"172.20.0.6","remotePort":54280},"message":"incoming request"}
api2-1     | {"level":30,"time":1754685568423,"pid":1,"hostname":"api2","request":{"correlationId":"de04b9f7-8ce8-4430-92a5-6112ff0c0d65","amount":19.9},"serviceId":"[create-payment]-1754685568423","serviceName":"create-payment","message":"[create-payment]-1754685568423 Service started"}
api2-1     | {"level":30,"time":1754685568424,"pid":1,"hostname":"api2","correlationId":"de04b9f7-8ce8-4430-92a5-6112ff0c0d65","amountInCents":1990,"message":"Payment record created in Redis"}
api2-1     | {"level":30,"time":1754685568425,"pid":1,"hostname":"api2","jobId":"9","correlationId":"de04b9f7-8ce8-4430-92a5-6112ff0c0d65","message":"Payment queued for processing"}
api2-1     | {"level":30,"time":1754685568425,"pid":1,"hostname":"api2","request":{"correlationId":"de04b9f7-8ce8-4430-92a5-6112ff0c0d65","amount":19.9},"serviceId":"[create-payment]-1754685568423","serviceName":"create-payment","message":"[create-payment]-1754685568423 Service ended"}
api2-1     | {"level":30,"time":1754685568425,"pid":1,"hostname":"api2","reqId":"req-6","res":{"statusCode":200},"responseTime":2.86947201192379,"message":"request completed"}
worker1-1  | {"level":30,"time":1754685568426,"pid":1,"hostname":"worker1","request":{"name":"process-payment","data":{"correlationId":"de04b9f7-8ce8-4430-92a5-6112ff0c0d65","amount":19.9,"requestedAt":"2025-08-08T20:39:28.423Z"},"opts":{"attempts":3,"priority":10,"removeOnFail":50,"removeOnComplete":100,"backoff":{"delay":2000,"type":"exponential"}},"id":"9","progress":0,"returnvalue":null,"stacktrace":[],"delay":0,"priority":10,"attemptsStarted":1,"attemptsMade":0,"stalledCounter":0,"timestamp":1754685568424,"queueQualifiedName":"bull:payments","processedOn":1754685568425,"token":"293381f0-413b-4932-8c88-391cdc82e098:27"},"serviceId":"[process-payment]-1754685568426","serviceName":"process-payment","message":"[process-payment]-1754685568426 Service started"}
worker1-1  | {"level":30,"time":1754685568427,"pid":1,"hostname":"worker1","message":"Processing payment: {\"correlationId\":\"de04b9f7-8ce8-4430-92a5-6112ff0c0d65\",\"amount\":19.9,\"requestedAt\":\"2025-08-08T20:39:28.423Z\"}, host: default"}
worker1-1  | {"level":30,"time":1754685568433,"pid":1,"hostname":"worker1","correlationId":"de04b9f7-8ce8-4430-92a5-6112ff0c0d65","processor":"default","message":"Payment processor updated in Redis"}
worker1-1  | {"level":30,"time":1754685568434,"pid":1,"hostname":"worker1","request":{"name":"process-payment","data":{"correlationId":"de04b9f7-8ce8-4430-92a5-6112ff0c0d65","amount":19.9,"requestedAt":"2025-08-08T20:39:28.423Z"},"opts":{"attempts":3,"priority":10,"removeOnFail":50,"removeOnComplete":100,"backoff":{"delay":2000,"type":"exponential"}},"id":"9","progress":0,"returnvalue":null,"stacktrace":[],"delay":0,"priority":10,"attemptsStarted":1,"attemptsMade":0,"stalledCounter":0,"timestamp":1754685568424,"queueQualifiedName":"bull:payments","processedOn":1754685568425,"token":"293381f0-413b-4932-8c88-391cdc82e098:27"},"serviceId":"[process-payment]-1754685568426","serviceName":"process-payment","message":"[process-payment]-1754685568426 Service ended"}
worker1-1  | {"level":30,"time":1754685568434,"pid":1,"hostname":"worker1","jobId":"9","queueName":"payments","message":"Job completed successfully"}
api1-1     | {"level":30,"time":1754685568532,"pid":1,"hostname":"api1","reqId":"req-7","req":{"method":"POST","url":"/payments","hostname":"localhost:9999","remoteAddress":"172.20.0.6","remotePort":44418},"message":"incoming request"}
api1-1     | {"level":30,"time":1754685568532,"pid":1,"hostname":"api1","request":{"correlationId":"9f5b0fe9-9f2b-4e74-83e0-bd83f41b5f42","amount":19.9},"serviceId":"[create-payment]-1754685568532","serviceName":"create-payment","message":"[create-payment]-1754685568532 Service started"}
api1-1     | {"level":30,"time":1754685568533,"pid":1,"hostname":"api1","correlationId":"9f5b0fe9-9f2b-4e74-83e0-bd83f41b5f42","amountInCents":1990,"message":"Payment record created in Redis"}
api1-1     | {"level":30,"time":1754685568534,"pid":1,"hostname":"api1","jobId":"10","correlationId":"9f5b0fe9-9f2b-4e74-83e0-bd83f41b5f42","message":"Payment queued for processing"}
api1-1     | {"level":30,"time":1754685568534,"pid":1,"hostname":"api1","request":{"correlationId":"9f5b0fe9-9f2b-4e74-83e0-bd83f41b5f42","amount":19.9},"serviceId":"[create-payment]-1754685568532","serviceName":"create-payment","message":"[create-payment]-1754685568532 Service ended"}
api1-1     | {"level":30,"time":1754685568535,"pid":1,"hostname":"api1","reqId":"req-7","res":{"statusCode":200},"responseTime":2.912986993789673,"message":"request completed"}
worker1-1  | {"level":30,"time":1754685568535,"pid":1,"hostname":"worker1","request":{"name":"process-payment","data":{"correlationId":"9f5b0fe9-9f2b-4e74-83e0-bd83f41b5f42","amount":19.9,"requestedAt":"2025-08-08T20:39:28.532Z"},"opts":{"attempts":3,"priority":10,"removeOnFail":50,"removeOnComplete":100,"backoff":{"delay":2000,"type":"exponential"}},"id":"10","progress":0,"returnvalue":null,"stacktrace":[],"delay":0,"priority":10,"attemptsStarted":1,"attemptsMade":0,"stalledCounter":0,"timestamp":1754685568534,"queueQualifiedName":"bull:payments","processedOn":1754685568534,"token":"293381f0-413b-4932-8c88-391cdc82e098:30"},"serviceId":"[process-payment]-1754685568535","serviceName":"process-payment","message":"[process-payment]-1754685568535 Service started"}
worker1-1  | {"level":30,"time":1754685568536,"pid":1,"hostname":"worker1","message":"Processing payment: {\"correlationId\":\"9f5b0fe9-9f2b-4e74-83e0-bd83f41b5f42\",\"amount\":19.9,\"requestedAt\":\"2025-08-08T20:39:28.532Z\"}, host: default"}
worker1-1  | {"level":30,"time":1754685568539,"pid":1,"hostname":"worker1","correlationId":"9f5b0fe9-9f2b-4e74-83e0-bd83f41b5f42","processor":"default","message":"Payment processor updated in Redis"}
worker1-1  | {"level":30,"time":1754685568539,"pid":1,"hostname":"worker1","request":{"name":"process-payment","data":{"correlationId":"9f5b0fe9-9f2b-4e74-83e0-bd83f41b5f42","amount":19.9,"requestedAt":"2025-08-08T20:39:28.532Z"},"opts":{"attempts":3,"priority":10,"removeOnFail":50,"removeOnComplete":100,"backoff":{"delay":2000,"type":"exponential"}},"id":"10","progress":0,"returnvalue":null,"stacktrace":[],"delay":0,"priority":10,"attemptsStarted":1,"attemptsMade":0,"stalledCounter":0,"timestamp":1754685568534,"queueQualifiedName":"bull:payments","processedOn":1754685568534,"token":"293381f0-413b-4932-8c88-391cdc82e098:30"},"serviceId":"[process-payment]-1754685568535","serviceName":"process-payment","message":"[process-payment]-1754685568535 Service ended"}
worker1-1  | {"level":30,"time":1754685568539,"pid":1,"hostname":"worker1","jobId":"10","queueName":"payments","message":"Job completed successfully"}
api2-1     | {"level":30,"time":1754685568606,"pid":1,"hostname":"api2","reqId":"req-7","req":{"method":"POST","url":"/payments","hostname":"localhost:9999","remoteAddress":"172.20.0.6","remotePort":54218},"message":"incoming request"}
api2-1     | {"level":30,"time":1754685568607,"pid":1,"hostname":"api2","request":{"correlationId":"c2b6bf24-30ce-451a-b04e-0fb628956a42","amount":19.9},"serviceId":"[create-payment]-1754685568607","serviceName":"create-payment","message":"[create-payment]-1754685568607 Service started"}
api2-1     | {"level":30,"time":1754685568607,"pid":1,"hostname":"api2","correlationId":"c2b6bf24-30ce-451a-b04e-0fb628956a42","amountInCents":1990,"message":"Payment record created in Redis"}
api2-1     | {"level":30,"time":1754685568608,"pid":1,"hostname":"api2","jobId":"11","correlationId":"c2b6bf24-30ce-451a-b04e-0fb628956a42","message":"Payment queued for processing"}
api2-1     | {"level":30,"time":1754685568608,"pid":1,"hostname":"api2","request":{"correlationId":"c2b6bf24-30ce-451a-b04e-0fb628956a42","amount":19.9},"serviceId":"[create-payment]-1754685568607","serviceName":"create-payment","message":"[create-payment]-1754685568607 Service ended"}
worker1-1  | {"level":30,"time":1754685568609,"pid":1,"hostname":"worker1","request":{"name":"process-payment","data":{"correlationId":"c2b6bf24-30ce-451a-b04e-0fb628956a42","amount":19.9,"requestedAt":"2025-08-08T20:39:28.607Z"},"opts":{"attempts":3,"priority":10,"removeOnFail":50,"removeOnComplete":100,"backoff":{"delay":2000,"type":"exponential"}},"id":"11","progress":0,"returnvalue":null,"stacktrace":[],"delay":0,"priority":10,"attemptsStarted":1,"attemptsMade":0,"stalledCounter":0,"timestamp":1754685568607,"queueQualifiedName":"bull:payments","processedOn":1754685568608,"token":"293381f0-413b-4932-8c88-391cdc82e098:33"},"serviceId":"[process-payment]-1754685568609","serviceName":"process-payment","message":"[process-payment]-1754685568609 Service started"}
worker1-1  | {"level":30,"time":1754685568609,"pid":1,"hostname":"worker1","message":"Processing payment: {\"correlationId\":\"c2b6bf24-30ce-451a-b04e-0fb628956a42\",\"amount\":19.9,\"requestedAt\":\"2025-08-08T20:39:28.607Z\"}, host: default"}
worker1-1  | {"level":30,"time":1754685568612,"pid":1,"hostname":"worker1","correlationId":"c2b6bf24-30ce-451a-b04e-0fb628956a42","processor":"default","message":"Payment processor updated in Redis"}
worker1-1  | {"level":30,"time":1754685568612,"pid":1,"hostname":"worker1","request":{"name":"process-payment","data":{"correlationId":"c2b6bf24-30ce-451a-b04e-0fb628956a42","amount":19.9,"requestedAt":"2025-08-08T20:39:28.607Z"},"opts":{"attempts":3,"priority":10,"removeOnFail":50,"removeOnComplete":100,"backoff":{"delay":2000,"type":"exponential"}},"id":"11","progress":0,"returnvalue":null,"stacktrace":[],"delay":0,"priority":10,"attemptsStarted":1,"attemptsMade":0,"stalledCounter":0,"timestamp":1754685568607,"queueQualifiedName":"bull:payments","processedOn":1754685568608,"token":"293381f0-413b-4932-8c88-391cdc82e098:33"},"serviceId":"[process-payment]-1754685568609","serviceName":"process-payment","message":"[process-payment]-1754685568609 Service ended"}
worker1-1  | {"level":30,"time":1754685568612,"pid":1,"hostname":"worker1","jobId":"11","queueName":"payments","message":"Job completed successfully"}
api2-1     | {"level":30,"time":1754685568608,"pid":1,"hostname":"api2","reqId":"req-7","res":{"statusCode":200},"responseTime":1.90107099711895,"message":"request completed"}
api1-1     | {"level":30,"time":1754685568641,"pid":1,"hostname":"api1","reqId":"req-8","req":{"method":"POST","url":"/payments","hostname":"localhost:9999","remoteAddress":"172.20.0.6","remotePort":44432},"message":"incoming request"}
api1-1     | {"level":30,"time":1754685568641,"pid":1,"hostname":"api1","request":{"correlationId":"3f54b183-54d8-4473-9fde-5c9b72ff2681","amount":19.9},"serviceId":"[create-payment]-1754685568641","serviceName":"create-payment","message":"[create-payment]-1754685568641 Service started"}
api1-1     | {"level":30,"time":1754685568645,"pid":1,"hostname":"api1","correlationId":"3f54b183-54d8-4473-9fde-5c9b72ff2681","amountInCents":1990,"message":"Payment record created in Redis"}
api1-1     | {"level":30,"time":1754685568645,"pid":1,"hostname":"api1","jobId":"12","correlationId":"3f54b183-54d8-4473-9fde-5c9b72ff2681","message":"Payment queued for processing"}
api1-1     | {"level":30,"time":1754685568646,"pid":1,"hostname":"api1","request":{"correlationId":"3f54b183-54d8-4473-9fde-5c9b72ff2681","amount":19.9},"serviceId":"[create-payment]-1754685568641","serviceName":"create-payment","message":"[create-payment]-1754685568641 Service ended"}
api1-1     | {"level":30,"time":1754685568646,"pid":1,"hostname":"api1","reqId":"req-8","res":{"statusCode":200},"responseTime":5.15972800552845,"message":"request completed"}
worker1-1  | {"level":30,"time":1754685568646,"pid":1,"hostname":"worker1","request":{"name":"process-payment","data":{"correlationId":"3f54b183-54d8-4473-9fde-5c9b72ff2681","amount":19.9,"requestedAt":"2025-08-08T20:39:28.644Z"},"opts":{"attempts":3,"priority":10,"removeOnFail":50,"removeOnComplete":100,"backoff":{"delay":2000,"type":"exponential"}},"id":"12","progress":0,"returnvalue":null,"stacktrace":[],"delay":0,"priority":10,"attemptsStarted":1,"attemptsMade":0,"stalledCounter":0,"timestamp":1754685568645,"queueQualifiedName":"bull:payments","processedOn":1754685568646,"token":"293381f0-413b-4932-8c88-391cdc82e098:36"},"serviceId":"[process-payment]-1754685568646","serviceName":"process-payment","message":"[process-payment]-1754685568646 Service started"}
