
 Network henriquevalcanaia-swift-vapor_rinha-network  Creating
 Network henriquevalcanaia-swift-vapor_rinha-network  Created
 Container henriquevalcanaia-swift-vapor-api01-1  Creating
 Container henriquevalcanaia-swift-vapor-api02-1  Creating
 Container henriquevalcanaia-swift-vapor-api01-1  Created
 Container henriquevalcanaia-swift-vapor-api02-1  Created
 Container henriquevalcanaia-swift-vapor-nginx-1  Creating
 Container henriquevalcanaia-swift-vapor-nginx-1  Created
Attaching to api01-1, api02-1, nginx-1
api02-1  | [ NOTICE ] Server started on http://0.0.0.0:8080
api01-1  | [ NOTICE ] Server started on http://0.0.0.0:8080
nginx-1  | /docker-entrypoint.sh: /docker-entrypoint.d/ is not empty, will attempt to perform configuration
nginx-1  | /docker-entrypoint.sh: Looking for shell scripts in /docker-entrypoint.d/
nginx-1  | /docker-entrypoint.sh: Launching /docker-entrypoint.d/10-listen-on-ipv6-by-default.sh
nginx-1  | 10-listen-on-ipv6-by-default.sh: info: Getting the checksum of /etc/nginx/conf.d/default.conf
nginx-1  | 10-listen-on-ipv6-by-default.sh: info: Enabled listen on IPv6 in /etc/nginx/conf.d/default.conf
nginx-1  | /docker-entrypoint.sh: Sourcing /docker-entrypoint.d/15-local-resolvers.envsh
nginx-1  | /docker-entrypoint.sh: Launching /docker-entrypoint.d/20-envsubst-on-templates.sh
nginx-1  | /docker-entrypoint.sh: Launching /docker-entrypoint.d/30-tune-worker-processes.sh
nginx-1  | /docker-entrypoint.sh: Configuration complete; ready for start up
api01-1  | [ ERROR ] failed to create connection for pool [error: connection reset (error set): Connection refused (errno: 111), rdstk_conpool_id: 648411C9-8986-4691-A5E6-6E45C52DE955]
api01-1  | [ ERROR ] failed to create connection for pool [error: connection reset (error set): Connection refused (errno: 111), rdstk_conpool_id: 648411C9-8986-4691-A5E6-6E45C52DE955]
api01-1  | [ ERROR ] Failed to get payments summary from Redis: RedisConnectionPoolError(baseError: RediStack.RedisConnectionPoolError.BaseError.timedOutWaitingForConnection)
api01-1  | [ ERROR ] failed to create connection for pool [error: connection reset (error set): Connection refused (errno: 111), rdstk_conpool_id: 648411C9-8986-4691-A5E6-6E45C52DE955]
api01-1  | [ ERROR ] failed to create connection for pool [error: connection reset (error set): Connection refused (errno: 111), rdstk_conpool_id: 648411C9-8986-4691-A5E6-6E45C52DE955]
api01-1  | [ ERROR ] failed to create connection for pool [error: connection reset (error set): Connection refused (errno: 111), rdstk_conpool_id: 648411C9-8986-4691-A5E6-6E45C52DE955]
api01-1  | [ ERROR ] failed to create connection for pool [error: connection reset (error set): Connection refused (errno: 111), rdstk_conpool_id: 648411C9-8986-4691-A5E6-6E45C52DE955]
api01-1  | [ ERROR ] Failed to get payments summary from Redis: RedisConnectionPoolError(baseError: RediStack.RedisConnectionPoolError.BaseError.timedOutWaitingForConnection)
api02-1  | [ ERROR ] failed to create connection for pool [error: connection reset (error set): Connection refused (errno: 111), rdstk_conpool_id: 5E29D303-F7BF-4E2F-8E8E-BB73113546E1]
api02-1  | [ ERROR ] failed to create connection for pool [error: connection reset (error set): Connection refused (errno: 111), rdstk_conpool_id: 5E29D303-F7BF-4E2F-8E8E-BB73113546E1]
api01-1  | [ ERROR ] failed to create connection for pool [error: connection reset (error set): Connection refused (errno: 111), rdstk_conpool_id: 648411C9-8986-4691-A5E6-6E45C52DE955]
api01-1  | [ ERROR ] failed to create connection for pool [error: connection reset (error set): Connection refused (errno: 111), rdstk_conpool_id: 648411C9-8986-4691-A5E6-6E45C52DE955]
api02-1  | [ ERROR ] failed to create connection for pool [error: connection reset (error set): Connection refused (errno: 111), rdstk_conpool_id: 5E29D303-F7BF-4E2F-8E8E-BB73113546E1]
api02-1  | [ ERROR ] failed to create connection for pool [error: connection reset (error set): Connection refused (errno: 111), rdstk_conpool_id: 5E29D303-F7BF-4E2F-8E8E-BB73113546E1]
api02-1  | [ ERROR ] failed to create connection for pool [error: connection reset (error set): Connection refused (errno: 111), rdstk_conpool_id: 5E29D303-F7BF-4E2F-8E8E-BB73113546E1]
api02-1  | [ ERROR ] failed to create connection for pool [error: connection reset (error set): Connection refused (errno: 111), rdstk_conpool_id: 5E29D303-F7BF-4E2F-8E8E-BB73113546E1]
api02-1  | [ ERROR ] failed to create connection for pool [error: connection reset (error set): Connection refused (errno: 111), rdstk_conpool_id: 5E29D303-F7BF-4E2F-8E8E-BB73113546E1]
api02-1  | [ ERROR ] failed to create connection for pool [error: connection reset (error set): Connection refused (errno: 111), rdstk_conpool_id: 5E29D303-F7BF-4E2F-8E8E-BB73113546E1]
api02-1  | [ ERROR ] failed to create connection for pool [error: connection reset (error set): Connection refused (errno: 111), rdstk_conpool_id: 5E29D303-F7BF-4E2F-8E8E-BB73113546E1]
api02-1  | [ ERROR ] failed to create connection for pool [error: connection reset (error set): Connection refused (errno: 111), rdstk_conpool_id: 5E29D303-F7BF-4E2F-8E8E-BB73113546E1]
api02-1  | [ ERROR ] failed to create connection for pool [error: connection reset (error set): Connection refused (errno: 111), rdstk_conpool_id: 5E29D303-F7BF-4E2F-8E8E-BB73113546E1]
api02-1  | [ ERROR ] failed to create connection for pool [error: connection reset (error set): Connection refused (errno: 111), rdstk_conpool_id: 5E29D303-F7BF-4E2F-8E8E-BB73113546E1]
api01-1  | [ ERROR ] failed to create connection for pool [error: connection reset (error set): Connection refused (errno: 111), rdstk_conpool_id: 648411C9-8986-4691-A5E6-6E45C52DE955]
api01-1  | [ ERROR ] failed to create connection for pool [error: connection reset (error set): Connection refused (errno: 111), rdstk_conpool_id: 648411C9-8986-4691-A5E6-6E45C52DE955]
api02-1  | [ ERROR ] failed to create connection for pool [error: connection reset (error set): Connection refused (errno: 111), rdstk_conpool_id: 5E29D303-F7BF-4E2F-8E8E-BB73113546E1]
api02-1  | [ ERROR ] failed to create connection for pool [error: connection reset (error set): Connection refused (errno: 111), rdstk_conpool_id: 5E29D303-F7BF-4E2F-8E8E-BB73113546E1]
api01-1  | [ ERROR ] failed to create connection for pool [error: connection reset (error set): Connection refused (errno: 111), rdstk_conpool_id: 648411C9-8986-4691-A5E6-6E45C52DE955]
api01-1  | [ ERROR ] failed to create connection for pool [error: connection reset (error set): Connection refused (errno: 111), rdstk_conpool_id: 648411C9-8986-4691-A5E6-6E45C52DE955]
api02-1  | [ ERROR ] failed to create connection for pool [error: connection reset (error set): Connection refused (errno: 111), rdstk_conpool_id: 5E29D303-F7BF-4E2F-8E8E-BB73113546E1]
api02-1  | [ ERROR ] failed to create connection for pool [error: connection reset (error set): Connection refused (errno: 111), rdstk_conpool_id: 5E29D303-F7BF-4E2F-8E8E-BB73113546E1]
api01-1  | [ ERROR ] failed to create connection for pool [error: connection reset (error set): Connection refused (errno: 111), rdstk_conpool_id: 648411C9-8986-4691-A5E6-6E45C52DE955]
api01-1  | [ ERROR ] failed to create connection for pool [error: connection reset (error set): Connection refused (errno: 111), rdstk_conpool_id: 648411C9-8986-4691-A5E6-6E45C52DE955]
api01-1  | [ ERROR ] failed to create connection for pool [error: connection reset (error set): Connection refused (errno: 111), rdstk_conpool_id: 648411C9-8986-4691-A5E6-6E45C52DE955]
api01-1  | [ ERROR ] failed to create connection for pool [error: connection reset (error set): Connection refused (errno: 111), rdstk_conpool_id: 648411C9-8986-4691-A5E6-6E45C52DE955]
api02-1  | [ ERROR ] failed to create connection for pool [error: connection reset (error set): Connection refused (errno: 111), rdstk_conpool_id: 5E29D303-F7BF-4E2F-8E8E-BB73113546E1]
api02-1  | [ ERROR ] failed to create connection for pool [error: connection reset (error set): Connection refused (errno: 111), rdstk_conpool_id: 5E29D303-F7BF-4E2F-8E8E-BB73113546E1]
api02-1  | [ ERROR ] failed to create connection for pool [error: connection reset (error set): Connection refused (errno: 111), rdstk_conpool_id: 5E29D303-F7BF-4E2F-8E8E-BB73113546E1]
api02-1  | [ ERROR ] failed to create connection for pool [error: connection reset (error set): Connection refused (errno: 111), rdstk_conpool_id: 5E29D303-F7BF-4E2F-8E8E-BB73113546E1]
api01-1  | [ ERROR ] failed to create connection for pool [error: connection reset (error set): Connection refused (errno: 111), rdstk_conpool_id: 648411C9-8986-4691-A5E6-6E45C52DE955]
api01-1  | [ ERROR ] failed to create connection for pool [error: connection reset (error set): Connection refused (errno: 111), rdstk_conpool_id: 648411C9-8986-4691-A5E6-6E45C52DE955]
api02-1  | [ ERROR ] failed to create connection for pool [error: connection reset (error set): Connection refused (errno: 111), rdstk_conpool_id: 5E29D303-F7BF-4E2F-8E8E-BB73113546E1]
api02-1  | [ ERROR ] failed to create connection for pool [error: connection reset (error set): Connection refused (errno: 111), rdstk_conpool_id: 5E29D303-F7BF-4E2F-8E8E-BB73113546E1]
api01-1  | [ ERROR ] failed to create connection for pool [error: connection reset (error set): Connection refused (errno: 111), rdstk_conpool_id: 648411C9-8986-4691-A5E6-6E45C52DE955]
api01-1  | [ ERROR ] failed to create connection for pool [error: connection reset (error set): Connection refused (errno: 111), rdstk_conpool_id: 648411C9-8986-4691-A5E6-6E45C52DE955]
api01-1  | [ ERROR ] failed to create connection for pool [error: connection reset (error set): Connection refused (errno: 111), rdstk_conpool_id: 648411C9-8986-4691-A5E6-6E45C52DE955]
api01-1  | [ ERROR ] failed to create connection for pool [error: connection reset (error set): Connection refused (errno: 111), rdstk_conpool_id: 648411C9-8986-4691-A5E6-6E45C52DE955]
api02-1  | [ ERROR ] failed to create connection for pool [error: connection reset (error set): Connection refused (errno: 111), rdstk_conpool_id: 5E29D303-F7BF-4E2F-8E8E-BB73113546E1]
api02-1  | [ ERROR ] failed to create connection for pool [error: connection reset (error set): Connection refused (errno: 111), rdstk_conpool_id: 5E29D303-F7BF-4E2F-8E8E-BB73113546E1]
api01-1  | [ ERROR ] failed to create connection for pool [error: connection reset (error set): Connection refused (errno: 111), rdstk_conpool_id: 648411C9-8986-4691-A5E6-6E45C52DE955]
api01-1  | [ ERROR ] failed to create connection for pool [error: connection reset (error set): Connection refused (errno: 111), rdstk_conpool_id: 648411C9-8986-4691-A5E6-6E45C52DE955]
api02-1  | [ ERROR ] failed to create connection for pool [error: connection reset (error set): Connection refused (errno: 111), rdstk_conpool_id: 5E29D303-F7BF-4E2F-8E8E-BB73113546E1]
api02-1  | [ ERROR ] failed to create connection for pool [error: connection reset (error set): Connection refused (errno: 111), rdstk_conpool_id: 5E29D303-F7BF-4E2F-8E8E-BB73113546E1]
api01-1  | [ ERROR ] failed to create connection for pool [error: connection reset (error set): Connection refused (errno: 111), rdstk_conpool_id: 648411C9-8986-4691-A5E6-6E45C52DE955]
api01-1  | [ ERROR ] failed to create connection for pool [error: connection reset (error set): Connection refused (errno: 111), rdstk_conpool_id: 648411C9-8986-4691-A5E6-6E45C52DE955]
api02-1  | [ ERROR ] failed to create connection for pool [error: connection reset (error set): Connection refused (errno: 111), rdstk_conpool_id: 5E29D303-F7BF-4E2F-8E8E-BB73113546E1]
api02-1  | [ ERROR ] failed to create connection for pool [error: connection reset (error set): Connection refused (errno: 111), rdstk_conpool_id: 5E29D303-F7BF-4E2F-8E8E-BB73113546E1]
api02-1  | [ ERROR ] failed to create connection for pool [error: connection reset (error set): Connection refused (errno: 111), rdstk_conpool_id: 5E29D303-F7BF-4E2F-8E8E-BB73113546E1]
api02-1  | [ ERROR ] failed to create connection for pool [error: connection reset (error set): Connection refused (errno: 111), rdstk_conpool_id: 5E29D303-F7BF-4E2F-8E8E-BB73113546E1]
api01-1  | [ ERROR ] failed to create connection for pool [error: connection reset (error set): Connection refused (errno: 111), rdstk_conpool_id: 648411C9-8986-4691-A5E6-6E45C52DE955]
api01-1  | [ ERROR ] failed to create connection for pool [error: connection reset (error set): Connection refused (errno: 111), rdstk_conpool_id: 648411C9-8986-4691-A5E6-6E45C52DE955]
api02-1  | [ ERROR ] failed to create connection for pool [error: connection reset (error set): Connection refused (errno: 111), rdstk_conpool_id: 5E29D303-F7BF-4E2F-8E8E-BB73113546E1]
api02-1  | [ ERROR ] failed to create connection for pool [error: connection reset (error set): Connection refused (errno: 111), rdstk_conpool_id: 5E29D303-F7BF-4E2F-8E8E-BB73113546E1]
api01-1  | [ ERROR ] failed to create connection for pool [error: connection reset (error set): Connection refused (errno: 111), rdstk_conpool_id: 648411C9-8986-4691-A5E6-6E45C52DE955]
api01-1  | [ ERROR ] failed to create connection for pool [error: connection reset (error set): Connection refused (errno: 111), rdstk_conpool_id: 648411C9-8986-4691-A5E6-6E45C52DE955]
api02-1  | [ ERROR ] failed to create connection for pool [error: connection reset (error set): Connection refused (errno: 111), rdstk_conpool_id: 5E29D303-F7BF-4E2F-8E8E-BB73113546E1]
api02-1  | [ ERROR ] failed to create connection for pool [error: connection reset (error set): Connection refused (errno: 111), rdstk_conpool_id: 5E29D303-F7BF-4E2F-8E8E-BB73113546E1]
api01-1  | [ ERROR ] failed to create connection for pool [error: connection reset (error set): Connection refused (errno: 111), rdstk_conpool_id: 648411C9-8986-4691-A5E6-6E45C52DE955]
api01-1  | [ ERROR ] failed to create connection for pool [error: connection reset (error set): Connection refused (errno: 111), rdstk_conpool_id: 648411C9-8986-4691-A5E6-6E45C52DE955]
api01-1  | [ ERROR ] failed to create connection for pool [error: connection reset (error set): Connection refused (errno: 111), rdstk_conpool_id: 648411C9-8986-4691-A5E6-6E45C52DE955]
api01-1  | [ ERROR ] failed to create connection for pool [error: connection reset (error set): Connection refused (errno: 111), rdstk_conpool_id: 648411C9-8986-4691-A5E6-6E45C52DE955]
api02-1  | [ ERROR ] failed to create connection for pool [error: connection reset (error set): Connection refused (errno: 111), rdstk_conpool_id: 5E29D303-F7BF-4E2F-8E8E-BB73113546E1]
api02-1  | [ ERROR ] failed to create connection for pool [error: connection reset (error set): Connection refused (errno: 111), rdstk_conpool_id: 5E29D303-F7BF-4E2F-8E8E-BB73113546E1]
api02-1  | [ ERROR ] failed to create connection for pool [error: connection reset (error set): Connection refused (errno: 111), rdstk_conpool_id: 5E29D303-F7BF-4E2F-8E8E-BB73113546E1]
api02-1  | [ ERROR ] failed to create connection for pool [error: connection reset (error set): Connection refused (errno: 111), rdstk_conpool_id: 5E29D303-F7BF-4E2F-8E8E-BB73113546E1]
api01-1  | [ ERROR ] failed to create connection for pool [error: connection reset (error set): Connection refused (errno: 111), rdstk_conpool_id: 648411C9-8986-4691-A5E6-6E45C52DE955]
api01-1  | [ ERROR ] failed to create connection for pool [error: connection reset (error set): Connection refused (errno: 111), rdstk_conpool_id: 648411C9-8986-4691-A5E6-6E45C52DE955]
api01-1  | [ ERROR ] failed to create connection for pool [error: connection reset (error set): Connection refused (errno: 111), rdstk_conpool_id: 648411C9-8986-4691-A5E6-6E45C52DE955]
api01-1  | [ ERROR ] failed to create connection for pool [error: connection reset (error set): Connection refused (errno: 111), rdstk_conpool_id: 648411C9-8986-4691-A5E6-6E45C52DE955]
api02-1  | [ ERROR ] failed to create connection for pool [error: connection reset (error set): Connection refused (errno: 111), rdstk_conpool_id: 5E29D303-F7BF-4E2F-8E8E-BB73113546E1]
api02-1  | [ ERROR ] failed to create connection for pool [error: connection reset (error set): Connection refused (errno: 111), rdstk_conpool_id: 5E29D303-F7BF-4E2F-8E8E-BB73113546E1]
api01-1  | [ ERROR ] failed to create connection for pool [error: connection reset (error set): Connection refused (errno: 111), rdstk_conpool_id: 648411C9-8986-4691-A5E6-6E45C52DE955]
api01-1  | [ ERROR ] failed to create connection for pool [error: connection reset (error set): Connection refused (errno: 111), rdstk_conpool_id: 648411C9-8986-4691-A5E6-6E45C52DE955]
api01-1  | [ ERROR ] failed to create connection for pool [error: connection reset (error set): Connection refused (errno: 111), rdstk_conpool_id: 648411C9-8986-4691-A5E6-6E45C52DE955]
api01-1  | [ ERROR ] failed to create connection for pool [error: connection reset (error set): Connection refused (errno: 111), rdstk_conpool_id: 648411C9-8986-4691-A5E6-6E45C52DE955]
api02-1  | [ ERROR ] failed to create connection for pool [error: connection reset (error set): Connection refused (errno: 111), rdstk_conpool_id: 5E29D303-F7BF-4E2F-8E8E-BB73113546E1]
api02-1  | [ ERROR ] failed to create connection for pool [error: connection reset (error set): Connection refused (errno: 111), rdstk_conpool_id: 5E29D303-F7BF-4E2F-8E8E-BB73113546E1]
api01-1  | [ ERROR ] failed to create connection for pool [error: connection reset (error set): Connection refused (errno: 111), rdstk_conpool_id: 648411C9-8986-4691-A5E6-6E45C52DE955]
api01-1  | [ ERROR ] failed to create connection for pool [error: connection reset (error set): Connection refused (errno: 111), rdstk_conpool_id: 648411C9-8986-4691-A5E6-6E45C52DE955]
api01-1  | [ ERROR ] failed to create connection for pool [error: connection reset (error set): Connection refused (errno: 111), rdstk_conpool_id: 648411C9-8986-4691-A5E6-6E45C52DE955]
api01-1  | [ ERROR ] failed to create connection for pool [error: connection reset (error set): Connection refused (errno: 111), rdstk_conpool_id: 648411C9-8986-4691-A5E6-6E45C52DE955]
api02-1  | [ ERROR ] failed to create connection for pool [error: connection reset (error set): Connection refused (errno: 111), rdstk_conpool_id: 5E29D303-F7BF-4E2F-8E8E-BB73113546E1]
api02-1  | [ ERROR ] failed to create connection for pool [error: connection reset (error set): Connection refused (errno: 111), rdstk_conpool_id: 5E29D303-F7BF-4E2F-8E8E-BB73113546E1]
api02-1  | [ ERROR ] failed to create connection for pool [error: connection reset (error set): Connection refused (errno: 111), rdstk_conpool_id: 5E29D303-F7BF-4E2F-8E8E-BB73113546E1]
api02-1  | [ ERROR ] failed to create connection for pool [error: connection reset (error set): Connection refused (errno: 111), rdstk_conpool_id: 5E29D303-F7BF-4E2F-8E8E-BB73113546E1]
api01-1  | [ ERROR ] failed to create connection for pool [error: connection reset (error set): Connection refused (errno: 111), rdstk_conpool_id: 648411C9-8986-4691-A5E6-6E45C52DE955]
api01-1  | [ ERROR ] failed to create connection for pool [error: connection reset (error set): Connection refused (errno: 111), rdstk_conpool_id: 648411C9-8986-4691-A5E6-6E45C52DE955]
api01-1  | [ ERROR ] failed to create connection for pool [error: connection reset (error set): Connection refused (errno: 111), rdstk_conpool_id: 648411C9-8986-4691-A5E6-6E45C52DE955]
api01-1  | [ ERROR ] failed to create connection for pool [error: connection reset (error set): Connection refused (errno: 111), rdstk_conpool_id: 648411C9-8986-4691-A5E6-6E45C52DE955]
api02-1  | [ ERROR ] failed to create connection for pool [error: connection reset (error set): Connection refused (errno: 111), rdstk_conpool_id: 5E29D303-F7BF-4E2F-8E8E-BB73113546E1]
api02-1  | [ ERROR ] failed to create connection for pool [error: connection reset (error set): Connection refused (errno: 111), rdstk_conpool_id: 5E29D303-F7BF-4E2F-8E8E-BB73113546E1]
api02-1  | [ ERROR ] failed to create connection for pool [error: connection reset (error set): Connection refused (errno: 111), rdstk_conpool_id: 5E29D303-F7BF-4E2F-8E8E-BB73113546E1]
api02-1  | [ ERROR ] failed to create connection for pool [error: connection reset (error set): Connection refused (errno: 111), rdstk_conpool_id: 5E29D303-F7BF-4E2F-8E8E-BB73113546E1]
api01-1  | [ ERROR ] failed to create connection for pool [error: connection reset (error set): Connection refused (errno: 111), rdstk_conpool_id: 648411C9-8986-4691-A5E6-6E45C52DE955]
api01-1  | [ ERROR ] failed to create connection for pool [error: connection reset (error set): Connection refused (errno: 111), rdstk_conpool_id: 648411C9-8986-4691-A5E6-6E45C52DE955]
api01-1  | [ ERROR ] failed to create connection for pool [error: connection reset (error set): Connection refused (errno: 111), rdstk_conpool_id: 648411C9-8986-4691-A5E6-6E45C52DE955]
api01-1  | [ ERROR ] failed to create connection for pool [error: connection reset (error set): Connection refused (errno: 111), rdstk_conpool_id: 648411C9-8986-4691-A5E6-6E45C52DE955]
api02-1  | [ ERROR ] failed to create connection for pool [error: connection reset (error set): Connection refused (errno: 111), rdstk_conpool_id: 5E29D303-F7BF-4E2F-8E8E-BB73113546E1]
api02-1  | [ ERROR ] failed to create connection for pool [error: connection reset (error set): Connection refused (errno: 111), rdstk_conpool_id: 5E29D303-F7BF-4E2F-8E8E-BB73113546E1]
api01-1  | [ ERROR ] failed to create connection for pool [error: connection reset (error set): Connection refused (errno: 111), rdstk_conpool_id: 648411C9-8986-4691-A5E6-6E45C52DE955]
api01-1  | [ ERROR ] failed to create connection for pool [error: connection reset (error set): Connection refused (errno: 111), rdstk_conpool_id: 648411C9-8986-4691-A5E6-6E45C52DE955]
api02-1  | [ ERROR ] failed to create connection for pool [error: connection reset (error set): Connection refused (errno: 111), rdstk_conpool_id: 5E29D303-F7BF-4E2F-8E8E-BB73113546E1]
api02-1  | [ ERROR ] failed to create connection for pool [error: connection reset (error set): Connection refused (errno: 111), rdstk_conpool_id: 5E29D303-F7BF-4E2F-8E8E-BB73113546E1]
api01-1  | [ ERROR ] failed to create connection for pool [error: connection reset (error set): Connection refused (errno: 111), rdstk_conpool_id: 648411C9-8986-4691-A5E6-6E45C52DE955]
api01-1  | [ ERROR ] failed to create connection for pool [error: connection reset (error set): Connection refused (errno: 111), rdstk_conpool_id: 648411C9-8986-4691-A5E6-6E45C52DE955]
api02-1  | [ ERROR ] failed to create connection for pool [error: connection reset (error set): Connection refused (errno: 111), rdstk_conpool_id: 5E29D303-F7BF-4E2F-8E8E-BB73113546E1]
api02-1  | [ ERROR ] failed to create connection for pool [error: connection reset (error set): Connection refused (errno: 111), rdstk_conpool_id: 5E29D303-F7BF-4E2F-8E8E-BB73113546E1]
api01-1  | [ ERROR ] failed to create connection for pool [error: connection reset (error set): Connection refused (errno: 111), rdstk_conpool_id: 648411C9-8986-4691-A5E6-6E45C52DE955]
api01-1  | [ ERROR ] failed to create connection for pool [error: connection reset (error set): Connection refused (errno: 111), rdstk_conpool_id: 648411C9-8986-4691-A5E6-6E45C52DE955]
api02-1  | [ ERROR ] failed to create connection for pool [error: connection reset (error set): Connection refused (errno: 111), rdstk_conpool_id: 5E29D303-F7BF-4E2F-8E8E-BB73113546E1]
api02-1  | [ ERROR ] failed to create connection for pool [error: connection reset (error set): Connection refused (errno: 111), rdstk_conpool_id: 5E29D303-F7BF-4E2F-8E8E-BB73113546E1]
api01-1  | [ ERROR ] failed to create connection for pool [error: connection reset (error set): Connection refused (errno: 111), rdstk_conpool_id: 648411C9-8986-4691-A5E6-6E45C52DE955]
api01-1  | [ ERROR ] failed to create connection for pool [error: connection reset (error set): Connection refused (errno: 111), rdstk_conpool_id: 648411C9-8986-4691-A5E6-6E45C52DE955]
api02-1  | [ ERROR ] failed to create connection for pool [error: connection reset (error set): Connection refused (errno: 111), rdstk_conpool_id: 5E29D303-F7BF-4E2F-8E8E-BB73113546E1]
api02-1  | [ ERROR ] failed to create connection for pool [error: connection reset (error set): Connection refused (errno: 111), rdstk_conpool_id: 5E29D303-F7BF-4E2F-8E8E-BB73113546E1]
api02-1  | [ ERROR ] failed to create connection for pool [error: connection reset (error set): Connection refused (errno: 111), rdstk_conpool_id: 5E29D303-F7BF-4E2F-8E8E-BB73113546E1]
api02-1  | [ ERROR ] failed to create connection for pool [error: connection reset (error set): Connection refused (errno: 111), rdstk_conpool_id: 5E29D303-F7BF-4E2F-8E8E-BB73113546E1]
api01-1  | [ ERROR ] failed to create connection for pool [error: connection reset (error set): Connection refused (errno: 111), rdstk_conpool_id: 648411C9-8986-4691-A5E6-6E45C52DE955]
api01-1  | [ ERROR ] failed to create connection for pool [error: connection reset (error set): Connection refused (errno: 111), rdstk_conpool_id: 648411C9-8986-4691-A5E6-6E45C52DE955]
api02-1  | [ ERROR ] failed to create connection for pool [error: connection reset (error set): Connection refused (errno: 111), rdstk_conpool_id: 5E29D303-F7BF-4E2F-8E8E-BB73113546E1]
api02-1  | [ ERROR ] failed to create connection for pool [error: connection reset (error set): Connection refused (errno: 111), rdstk_conpool_id: 5E29D303-F7BF-4E2F-8E8E-BB73113546E1]
api01-1  | [ ERROR ] failed to create connection for pool [error: connection reset (error set): Connection refused (errno: 111), rdstk_conpool_id: 648411C9-8986-4691-A5E6-6E45C52DE955]
api01-1  | [ ERROR ] failed to create connection for pool [error: connection reset (error set): Connection refused (errno: 111), rdstk_conpool_id: 648411C9-8986-4691-A5E6-6E45C52DE955]
api02-1  | [ ERROR ] failed to create connection for pool [error: connection reset (error set): Connection refused (errno: 111), rdstk_conpool_id: 5E29D303-F7BF-4E2F-8E8E-BB73113546E1]
api02-1  | [ ERROR ] failed to create connection for pool [error: connection reset (error set): Connection refused (errno: 111), rdstk_conpool_id: 5E29D303-F7BF-4E2F-8E8E-BB73113546E1]
api01-1  | [ ERROR ] failed to create connection for pool [error: connection reset (error set): Connection refused (errno: 111), rdstk_conpool_id: 648411C9-8986-4691-A5E6-6E45C52DE955]
api01-1  | [ ERROR ] failed to create connection for pool [error: connection reset (error set): Connection refused (errno: 111), rdstk_conpool_id: 648411C9-8986-4691-A5E6-6E45C52DE955]
api01-1  | [ ERROR ] failed to create connection for pool [error: connection reset (error set): Connection refused (errno: 111), rdstk_conpool_id: 648411C9-8986-4691-A5E6-6E45C52DE955]
api01-1  | [ ERROR ] failed to create connection for pool [error: connection reset (error set): Connection refused (errno: 111), rdstk_conpool_id: 648411C9-8986-4691-A5E6-6E45C52DE955]
api02-1  | [ ERROR ] failed to create connection for pool [error: connection reset (error set): Connection refused (errno: 111), rdstk_conpool_id: 5E29D303-F7BF-4E2F-8E8E-BB73113546E1]
api02-1  | [ ERROR ] failed to create connection for pool [error: connection reset (error set): Connection refused (errno: 111), rdstk_conpool_id: 5E29D303-F7BF-4E2F-8E8E-BB73113546E1]
api01-1  | [ ERROR ] failed to create connection for pool [error: connection reset (error set): Connection refused (errno: 111), rdstk_conpool_id: 648411C9-8986-4691-A5E6-6E45C52DE955]
api01-1  | [ ERROR ] failed to create connection for pool [error: connection reset (error set): Connection refused (errno: 111), rdstk_conpool_id: 648411C9-8986-4691-A5E6-6E45C52DE955]
api02-1  | [ ERROR ] failed to create connection for pool [error: connection reset (error set): Connection refused (errno: 111), rdstk_conpool_id: 5E29D303-F7BF-4E2F-8E8E-BB73113546E1]
api02-1  | [ ERROR ] failed to create connection for pool [error: connection reset (error set): Connection refused (errno: 111), rdstk_conpool_id: 5E29D303-F7BF-4E2F-8E8E-BB73113546E1]
api01-1  | [ ERROR ] failed to create connection for pool [error: connection reset (error set): Connection refused (errno: 111), rdstk_conpool_id: 648411C9-8986-4691-A5E6-6E45C52DE955]
api01-1  | [ ERROR ] failed to create connection for pool [error: connection reset (error set): Connection refused (errno: 111), rdstk_conpool_id: 648411C9-8986-4691-A5E6-6E45C52DE955]
api02-1  | [ ERROR ] failed to create connection for pool [error: connection reset (error set): Connection refused (errno: 111), rdstk_conpool_id: 5E29D303-F7BF-4E2F-8E8E-BB73113546E1]
api02-1  | [ ERROR ] failed to create connection for pool [error: connection reset (error set): Connection refused (errno: 111), rdstk_conpool_id: 5E29D303-F7BF-4E2F-8E8E-BB73113546E1]
api02-1  | [ ERROR ] failed to create connection for pool [error: connection reset (error set): Connection refused (errno: 111), rdstk_conpool_id: 5E29D303-F7BF-4E2F-8E8E-BB73113546E1]
api02-1  | [ ERROR ] failed to create connection for pool [error: connection reset (error set): Connection refused (errno: 111), rdstk_conpool_id: 5E29D303-F7BF-4E2F-8E8E-BB73113546E1]
api01-1  | [ ERROR ] failed to create connection for pool [error: connection reset (error set): Connection refused (errno: 111), rdstk_conpool_id: 648411C9-8986-4691-A5E6-6E45C52DE955]
api01-1  | [ ERROR ] failed to create connection for pool [error: connection reset (error set): Connection refused (errno: 111), rdstk_conpool_id: 648411C9-8986-4691-A5E6-6E45C52DE955]
api01-1  | [ ERROR ] failed to create connection for pool [error: connection reset (error set): Connection refused (errno: 111), rdstk_conpool_id: 648411C9-8986-4691-A5E6-6E45C52DE955]
api01-1  | [ ERROR ] failed to create connection for pool [error: connection reset (error set): Connection refused (errno: 111), rdstk_conpool_id: 648411C9-8986-4691-A5E6-6E45C52DE955]
api02-1  | [ ERROR ] failed to create connection for pool [error: connection reset (error set): Connection refused (errno: 111), rdstk_conpool_id: 5E29D303-F7BF-4E2F-8E8E-BB73113546E1]
api02-1  | [ ERROR ] failed to create connection for pool [error: connection reset (error set): Connection refused (errno: 111), rdstk_conpool_id: 5E29D303-F7BF-4E2F-8E8E-BB73113546E1]
api01-1  | [ ERROR ] failed to create connection for pool [error: connection reset (error set): Connection refused (errno: 111), rdstk_conpool_id: 648411C9-8986-4691-A5E6-6E45C52DE955]
api01-1  | [ ERROR ] failed to create connection for pool [error: connection reset (error set): Connection refused (errno: 111), rdstk_conpool_id: 648411C9-8986-4691-A5E6-6E45C52DE955]
api02-1  | [ ERROR ] failed to create connection for pool [error: connection reset (error set): Connection refused (errno: 111), rdstk_conpool_id: 5E29D303-F7BF-4E2F-8E8E-BB73113546E1]
api02-1  | [ ERROR ] failed to create connection for pool [error: connection reset (error set): Connection refused (errno: 111), rdstk_conpool_id: 5E29D303-F7BF-4E2F-8E8E-BB73113546E1]
api01-1  | [ ERROR ] failed to create connection for pool [error: connection reset (error set): Connection refused (errno: 111), rdstk_conpool_id: 648411C9-8986-4691-A5E6-6E45C52DE955]
api01-1  | [ ERROR ] failed to create connection for pool [error: connection reset (error set): Connection refused (errno: 111), rdstk_conpool_id: 648411C9-8986-4691-A5E6-6E45C52DE955]
api02-1  | [ ERROR ] failed to create connection for pool [error: connection reset (error set): Connection refused (errno: 111), rdstk_conpool_id: 5E29D303-F7BF-4E2F-8E8E-BB73113546E1]
api02-1  | [ ERROR ] failed to create connection for pool [error: connection reset (error set): Connection refused (errno: 111), rdstk_conpool_id: 5E29D303-F7BF-4E2F-8E8E-BB73113546E1]
api02-1  | [ ERROR ] failed to create connection for pool [error: connection reset (error set): Connection refused (errno: 111), rdstk_conpool_id: 5E29D303-F7BF-4E2F-8E8E-BB73113546E1]
api02-1  | [ ERROR ] failed to create connection for pool [error: connection reset (error set): Connection refused (errno: 111), rdstk_conpool_id: 5E29D303-F7BF-4E2F-8E8E-BB73113546E1]
api01-1  | [ ERROR ] failed to create connection for pool [error: connection reset (error set): Connection refused (errno: 111), rdstk_conpool_id: 648411C9-8986-4691-A5E6-6E45C52DE955]
api01-1  | [ ERROR ] failed to create connection for pool [error: connection reset (error set): Connection refused (errno: 111), rdstk_conpool_id: 648411C9-8986-4691-A5E6-6E45C52DE955]
api01-1  | [ ERROR ] failed to create connection for pool [error: connection reset (error set): Connection refused (errno: 111), rdstk_conpool_id: 648411C9-8986-4691-A5E6-6E45C52DE955]
api01-1  | [ ERROR ] failed to create connection for pool [error: connection reset (error set): Connection refused (errno: 111), rdstk_conpool_id: 648411C9-8986-4691-A5E6-6E45C52DE955]
api02-1  | [ ERROR ] failed to create connection for pool [error: connection reset (error set): Connection refused (errno: 111), rdstk_conpool_id: 5E29D303-F7BF-4E2F-8E8E-BB73113546E1]
api02-1  | [ ERROR ] failed to create connection for pool [error: connection reset (error set): Connection refused (errno: 111), rdstk_conpool_id: 5E29D303-F7BF-4E2F-8E8E-BB73113546E1]
api02-1  | [ ERROR ] failed to create connection for pool [error: connection reset (error set): Connection refused (errno: 111), rdstk_conpool_id: 5E29D303-F7BF-4E2F-8E8E-BB73113546E1]
api02-1  | [ ERROR ] failed to create connection for pool [error: connection reset (error set): Connection refused (errno: 111), rdstk_conpool_id: 5E29D303-F7BF-4E2F-8E8E-BB73113546E1]
api01-1  | [ ERROR ] failed to create connection for pool [error: connection reset (error set): Connection refused (errno: 111), rdstk_conpool_id: 648411C9-8986-4691-A5E6-6E45C52DE955]
api01-1  | [ ERROR ] failed to create connection for pool [error: connection reset (error set): Connection refused (errno: 111), rdstk_conpool_id: 648411C9-8986-4691-A5E6-6E45C52DE955]
api01-1  | [ ERROR ] failed to create connection for pool [error: connection reset (error set): Connection refused (errno: 111), rdstk_conpool_id: 648411C9-8986-4691-A5E6-6E45C52DE955]
api01-1  | [ ERROR ] failed to create connection for pool [error: connection reset (error set): Connection refused (errno: 111), rdstk_conpool_id: 648411C9-8986-4691-A5E6-6E45C52DE955]
api02-1  | [ ERROR ] failed to create connection for pool [error: connection reset (error set): Connection refused (errno: 111), rdstk_conpool_id: 5E29D303-F7BF-4E2F-8E8E-BB73113546E1]
api02-1  | [ ERROR ] failed to create connection for pool [error: connection reset (error set): Connection refused (errno: 111), rdstk_conpool_id: 5E29D303-F7BF-4E2F-8E8E-BB73113546E1]
api01-1  | [ ERROR ] failed to create connection for pool [error: connection reset (error set): Connection refused (errno: 111), rdstk_conpool_id: 648411C9-8986-4691-A5E6-6E45C52DE955]
api01-1  | [ ERROR ] failed to create connection for pool [error: connection reset (error set): Connection refused (errno: 111), rdstk_conpool_id: 648411C9-8986-4691-A5E6-6E45C52DE955]
api02-1  | [ ERROR ] failed to create connection for pool [error: connection reset (error set): Connection refused (errno: 111), rdstk_conpool_id: 5E29D303-F7BF-4E2F-8E8E-BB73113546E1]
api02-1  | [ ERROR ] failed to create connection for pool [error: connection reset (error set): Connection refused (errno: 111), rdstk_conpool_id: 5E29D303-F7BF-4E2F-8E8E-BB73113546E1]
api01-1  | [ ERROR ] failed to create connection for pool [error: connection reset (error set): Connection refused (errno: 111), rdstk_conpool_id: 648411C9-8986-4691-A5E6-6E45C52DE955]
api01-1  | [ ERROR ] failed to create connection for pool [error: connection reset (error set): Connection refused (errno: 111), rdstk_conpool_id: 648411C9-8986-4691-A5E6-6E45C52DE955]
api02-1  | [ ERROR ] failed to create connection for pool [error: connection reset (error set): Connection refused (errno: 111), rdstk_conpool_id: 5E29D303-F7BF-4E2F-8E8E-BB73113546E1]
api02-1  | [ ERROR ] failed to create connection for pool [error: connection reset (error set): Connection refused (errno: 111), rdstk_conpool_id: 5E29D303-F7BF-4E2F-8E8E-BB73113546E1]
api02-1  | [ ERROR ] failed to create connection for pool [error: connection reset (error set): Connection refused (errno: 111), rdstk_conpool_id: 5E29D303-F7BF-4E2F-8E8E-BB73113546E1]
api02-1  | [ ERROR ] failed to create connection for pool [error: connection reset (error set): Connection refused (errno: 111), rdstk_conpool_id: 5E29D303-F7BF-4E2F-8E8E-BB73113546E1]
api01-1  | [ ERROR ] failed to create connection for pool [error: connection reset (error set): Connection refused (errno: 111), rdstk_conpool_id: 648411C9-8986-4691-A5E6-6E45C52DE955]
api01-1  | [ ERROR ] failed to create connection for pool [error: connection reset (error set): Connection refused (errno: 111), rdstk_conpool_id: 648411C9-8986-4691-A5E6-6E45C52DE955]
api01-1  | [ ERROR ] failed to create connection for pool [error: connection reset (error set): Connection refused (errno: 111), rdstk_conpool_id: 648411C9-8986-4691-A5E6-6E45C52DE955]
api01-1  | [ ERROR ] failed to create connection for pool [error: connection reset (error set): Connection refused (errno: 111), rdstk_conpool_id: 648411C9-8986-4691-A5E6-6E45C52DE955]
api02-1  | [ ERROR ] failed to create connection for pool [error: connection reset (error set): Connection refused (errno: 111), rdstk_conpool_id: 5E29D303-F7BF-4E2F-8E8E-BB73113546E1]
api02-1  | [ ERROR ] failed to create connection for pool [error: connection reset (error set): Connection refused (errno: 111), rdstk_conpool_id: 5E29D303-F7BF-4E2F-8E8E-BB73113546E1]
api02-1  | [ ERROR ] failed to create connection for pool [error: connection reset (error set): Connection refused (errno: 111), rdstk_conpool_id: 5E29D303-F7BF-4E2F-8E8E-BB73113546E1]
api02-1  | [ ERROR ] failed to create connection for pool [error: connection reset (error set): Connection refused (errno: 111), rdstk_conpool_id: 5E29D303-F7BF-4E2F-8E8E-BB73113546E1]
api01-1  | [ ERROR ] failed to create connection for pool [error: connection reset (error set): Connection refused (errno: 111), rdstk_conpool_id: 648411C9-8986-4691-A5E6-6E45C52DE955]
api01-1  | [ ERROR ] failed to create connection for pool [error: connection reset (error set): Connection refused (errno: 111), rdstk_conpool_id: 648411C9-8986-4691-A5E6-6E45C52DE955]
api02-1  | [ ERROR ] failed to create connection for pool [error: connection reset (error set): Connection refused (errno: 111), rdstk_conpool_id: 5E29D303-F7BF-4E2F-8E8E-BB73113546E1]
api02-1  | [ ERROR ] failed to create connection for pool [error: connection reset (error set): Connection refused (errno: 111), rdstk_conpool_id: 5E29D303-F7BF-4E2F-8E8E-BB73113546E1]
api02-1  | [ ERROR ] failed to create connection for pool [error: connection reset (error set): Connection refused (errno: 111), rdstk_conpool_id: 5E29D303-F7BF-4E2F-8E8E-BB73113546E1]
api02-1  | [ ERROR ] failed to create connection for pool [error: connection reset (error set): Connection refused (errno: 111), rdstk_conpool_id: 5E29D303-F7BF-4E2F-8E8E-BB73113546E1]
api01-1  | [ ERROR ] failed to create connection for pool [error: connection reset (error set): Connection refused (errno: 111), rdstk_conpool_id: 648411C9-8986-4691-A5E6-6E45C52DE955]
api01-1  | [ ERROR ] failed to create connection for pool [error: connection reset (error set): Connection refused (errno: 111), rdstk_conpool_id: 648411C9-8986-4691-A5E6-6E45C52DE955]
api01-1  | [ ERROR ] failed to create connection for pool [error: connection reset (error set): Connection refused (errno: 111), rdstk_conpool_id: 648411C9-8986-4691-A5E6-6E45C52DE955]
api01-1  | [ ERROR ] failed to create connection for pool [error: connection reset (error set): Connection refused (errno: 111), rdstk_conpool_id: 648411C9-8986-4691-A5E6-6E45C52DE955]
api02-1  | [ ERROR ] failed to create connection for pool [error: connection reset (error set): Connection refused (errno: 111), rdstk_conpool_id: 5E29D303-F7BF-4E2F-8E8E-BB73113546E1]
api02-1  | [ ERROR ] failed to create connection for pool [error: connection reset (error set): Connection refused (errno: 111), rdstk_conpool_id: 5E29D303-F7BF-4E2F-8E8E-BB73113546E1]
api01-1  | [ ERROR ] failed to create connection for pool [error: connection reset (error set): Connection refused (errno: 111), rdstk_conpool_id: 648411C9-8986-4691-A5E6-6E45C52DE955]
api01-1  | [ ERROR ] failed to create connection for pool [error: connection reset (error set): Connection refused (errno: 111), rdstk_conpool_id: 648411C9-8986-4691-A5E6-6E45C52DE955]
api01-1  | [ ERROR ] failed to create connection for pool [error: connection reset (error set): Connection refused (errno: 111), rdstk_conpool_id: 648411C9-8986-4691-A5E6-6E45C52DE955]
api01-1  | [ ERROR ] failed to create connection for pool [error: connection reset (error set): Connection refused (errno: 111), rdstk_conpool_id: 648411C9-8986-4691-A5E6-6E45C52DE955]
api02-1  | [ ERROR ] failed to create connection for pool [error: connection reset (error set): Connection refused (errno: 111), rdstk_conpool_id: 5E29D303-F7BF-4E2F-8E8E-BB73113546E1]
api02-1  | [ ERROR ] failed to create connection for pool [error: connection reset (error set): Connection refused (errno: 111), rdstk_conpool_id: 5E29D303-F7BF-4E2F-8E8E-BB73113546E1]
api02-1  | [ ERROR ] failed to create connection for pool [error: connection reset (error set): Connection refused (errno: 111), rdstk_conpool_id: 5E29D303-F7BF-4E2F-8E8E-BB73113546E1]
api02-1  | [ ERROR ] failed to create connection for pool [error: connection reset (error set): Connection refused (errno: 111), rdstk_conpool_id: 5E29D303-F7BF-4E2F-8E8E-BB73113546E1]
api01-1  | [ ERROR ] failed to create connection for pool [error: connection reset (error set): Connection refused (errno: 111), rdstk_conpool_id: 648411C9-8986-4691-A5E6-6E45C52DE955]
api01-1  | [ ERROR ] failed to create connection for pool [error: connection reset (error set): Connection refused (errno: 111), rdstk_conpool_id: 648411C9-8986-4691-A5E6-6E45C52DE955]
api01-1  | [ ERROR ] failed to create connection for pool [error: connection reset (error set): Connection refused (errno: 111), rdstk_conpool_id: 648411C9-8986-4691-A5E6-6E45C52DE955]
api01-1  | [ ERROR ] failed to create connection for pool [error: connection reset (error set): Connection refused (errno: 111), rdstk_conpool_id: 648411C9-8986-4691-A5E6-6E45C52DE955]
api02-1  | [ ERROR ] failed to create connection for pool [error: connection reset (error set): Connection refused (errno: 111), rdstk_conpool_id: 5E29D303-F7BF-4E2F-8E8E-BB73113546E1]
api02-1  | [ ERROR ] failed to create connection for pool [error: connection reset (error set): Connection refused (errno: 111), rdstk_conpool_id: 5E29D303-F7BF-4E2F-8E8E-BB73113546E1]
api01-1  | [ ERROR ] failed to create connection for pool [error: connection reset (error set): Connection refused (errno: 111), rdstk_conpool_id: 648411C9-8986-4691-A5E6-6E45C52DE955]
api01-1  | [ ERROR ] failed to create connection for pool [error: connection reset (error set): Connection refused (errno: 111), rdstk_conpool_id: 648411C9-8986-4691-A5E6-6E45C52DE955]
api02-1  | [ ERROR ] failed to create connection for pool [error: connection reset (error set): Connection refused (errno: 111), rdstk_conpool_id: 5E29D303-F7BF-4E2F-8E8E-BB73113546E1]
api02-1  | [ ERROR ] failed to create connection for pool [error: connection reset (error set): Connection refused (errno: 111), rdstk_conpool_id: 5E29D303-F7BF-4E2F-8E8E-BB73113546E1]
api01-1  | [ ERROR ] failed to create connection for pool [error: connection reset (error set): Connection refused (errno: 111), rdstk_conpool_id: 648411C9-8986-4691-A5E6-6E45C52DE955]
api01-1  | [ ERROR ] failed to create connection for pool [error: connection reset (error set): Connection refused (errno: 111), rdstk_conpool_id: 648411C9-8986-4691-A5E6-6E45C52DE955]
api02-1  | [ ERROR ] failed to create connection for pool [error: connection reset (error set): Connection refused (errno: 111), rdstk_conpool_id: 5E29D303-F7BF-4E2F-8E8E-BB73113546E1]
api02-1  | [ ERROR ] failed to create connection for pool [error: connection reset (error set): Connection refused (errno: 111), rdstk_conpool_id: 5E29D303-F7BF-4E2F-8E8E-BB73113546E1]
api02-1  | [ ERROR ] failed to create connection for pool [error: connection reset (error set): Connection refused (errno: 111), rdstk_conpool_id: 5E29D303-F7BF-4E2F-8E8E-BB73113546E1]
api02-1  | [ ERROR ] failed to create connection for pool [error: connection reset (error set): Connection refused (errno: 111), rdstk_conpool_id: 5E29D303-F7BF-4E2F-8E8E-BB73113546E1]
api01-1  | [ ERROR ] failed to create connection for pool [error: connection reset (error set): Connection refused (errno: 111), rdstk_conpool_id: 648411C9-8986-4691-A5E6-6E45C52DE955]
api01-1  | [ ERROR ] failed to create connection for pool [error: connection reset (error set): Connection refused (errno: 111), rdstk_conpool_id: 648411C9-8986-4691-A5E6-6E45C52DE955]
api01-1  | [ ERROR ] failed to create connection for pool [error: connection reset (error set): Connection refused (errno: 111), rdstk_conpool_id: 648411C9-8986-4691-A5E6-6E45C52DE955]
api01-1  | [ ERROR ] failed to create connection for pool [error: connection reset (error set): Connection refused (errno: 111), rdstk_conpool_id: 648411C9-8986-4691-A5E6-6E45C52DE955]
api02-1  | [ ERROR ] failed to create connection for pool [error: connection reset (error set): Connection refused (errno: 111), rdstk_conpool_id: 5E29D303-F7BF-4E2F-8E8E-BB73113546E1]
api02-1  | [ ERROR ] failed to create connection for pool [error: connection reset (error set): Connection refused (errno: 111), rdstk_conpool_id: 5E29D303-F7BF-4E2F-8E8E-BB73113546E1]
api01-1  | [ ERROR ] failed to create connection for pool [error: connection reset (error set): Connection refused (errno: 111), rdstk_conpool_id: 648411C9-8986-4691-A5E6-6E45C52DE955]
api01-1  | [ ERROR ] failed to create connection for pool [error: connection reset (error set): Connection refused (errno: 111), rdstk_conpool_id: 648411C9-8986-4691-A5E6-6E45C52DE955]
api01-1  | [ ERROR ] failed to create connection for pool [error: connection reset (error set): Connection refused (errno: 111), rdstk_conpool_id: 648411C9-8986-4691-A5E6-6E45C52DE955]
api01-1  | [ ERROR ] failed to create connection for pool [error: connection reset (error set): Connection refused (errno: 111), rdstk_conpool_id: 648411C9-8986-4691-A5E6-6E45C52DE955]
api01-1  | [ ERROR ] failed to create connection for pool [error: connection reset (error set): Connection refused (errno: 111), rdstk_conpool_id: 648411C9-8986-4691-A5E6-6E45C52DE955]
api01-1  | [ ERROR ] failed to create connection for pool [error: connection reset (error set): Connection refused (errno: 111), rdstk_conpool_id: 648411C9-8986-4691-A5E6-6E45C52DE955]
api02-1  | [ ERROR ] failed to create connection for pool [error: connection reset (error set): Connection refused (errno: 111), rdstk_conpool_id: 5E29D303-F7BF-4E2F-8E8E-BB73113546E1]
api02-1  | [ ERROR ] failed to create connection for pool [error: connection reset (error set): Connection refused (errno: 111), rdstk_conpool_id: 5E29D303-F7BF-4E2F-8E8E-BB73113546E1]
api01-1  | [ ERROR ] failed to create connection for pool [error: connection reset (error set): Connection refused (errno: 111), rdstk_conpool_id: 648411C9-8986-4691-A5E6-6E45C52DE955]
api01-1  | [ ERROR ] failed to create connection for pool [error: connection reset (error set): Connection refused (errno: 111), rdstk_conpool_id: 648411C9-8986-4691-A5E6-6E45C52DE955]
api02-1  | [ ERROR ] failed to create connection for pool [error: connection reset (error set): Connection refused (errno: 111), rdstk_conpool_id: 5E29D303-F7BF-4E2F-8E8E-BB73113546E1]
api02-1  | [ ERROR ] failed to create connection for pool [error: connection reset (error set): Connection refused (errno: 111), rdstk_conpool_id: 5E29D303-F7BF-4E2F-8E8E-BB73113546E1]
api01-1  | [ ERROR ] failed to create connection for pool [error: connection reset (error set): Connection refused (errno: 111), rdstk_conpool_id: 648411C9-8986-4691-A5E6-6E45C52DE955]
api01-1  | [ ERROR ] failed to create connection for pool [error: connection reset (error set): Connection refused (errno: 111), rdstk_conpool_id: 648411C9-8986-4691-A5E6-6E45C52DE955]
api02-1  | [ ERROR ] failed to create connection for pool [error: connection reset (error set): Connection refused (errno: 111), rdstk_conpool_id: 5E29D303-F7BF-4E2F-8E8E-BB73113546E1]
api02-1  | [ ERROR ] failed to create connection for pool [error: connection reset (error set): Connection refused (errno: 111), rdstk_conpool_id: 5E29D303-F7BF-4E2F-8E8E-BB73113546E1]
api01-1  | [ ERROR ] failed to create connection for pool [error: connection reset (error set): Connection refused (errno: 111), rdstk_conpool_id: 648411C9-8986-4691-A5E6-6E45C52DE955]
api01-1  | [ ERROR ] failed to create connection for pool [error: connection reset (error set): Connection refused (errno: 111), rdstk_conpool_id: 648411C9-8986-4691-A5E6-6E45C52DE955]
api01-1  | [ ERROR ] failed to create connection for pool [error: connection reset (error set): Connection refused (errno: 111), rdstk_conpool_id: 648411C9-8986-4691-A5E6-6E45C52DE955]
api01-1  | [ ERROR ] failed to create connection for pool [error: connection reset (error set): Connection refused (errno: 111), rdstk_conpool_id: 648411C9-8986-4691-A5E6-6E45C52DE955]
api01-1  | [ ERROR ] failed to create connection for pool [error: connection reset (error set): Connection refused (errno: 111), rdstk_conpool_id: 648411C9-8986-4691-A5E6-6E45C52DE955]
api01-1  | [ ERROR ] failed to create connection for pool [error: connection reset (error set): Connection refused (errno: 111), rdstk_conpool_id: 648411C9-8986-4691-A5E6-6E45C52DE955]
