
 api02 Pulling 
 api01 Pulling 
 32f112e3802c Already exists 
 ebcf50217bb2 Pulling fs layer 
 9638e309bce0 Pulling fs layer 
 4f4fb700ef54 Pulling fs layer 
 706f476ed780 Pulling fs layer 
 706f476ed780 Waiting 
 32f112e3802c Already exists 
 ebcf50217bb2 Pulling fs layer 
 9638e309bce0 Pulling fs layer 
 4f4fb700ef54 Pulling fs layer 
 706f476ed780 Pulling fs layer 
 706f476ed780 Waiting 
 4f4fb700ef54 Downloading [==================================================>]      32B/32B
 4f4fb700ef54 Verifying Checksum 
 4f4fb700ef54 Verifying Checksum 
 4f4fb700ef54 Download complete 
 4f4fb700ef54 Download complete 
 9638e309bce0 Downloading [=========================================>         ]  1.009kB/1.203kB
 9638e309bce0 Downloading [==================================================>]  1.203kB/1.203kB
 9638e309bce0 Verifying Checksum 
 9638e309bce0 Download complete 
 9638e309bce0 Downloading [=========================================>         ]  1.009kB/1.203kB
 9638e309bce0 Downloading [==================================================>]  1.203kB/1.203kB
 9638e309bce0 Verifying Checksum 
 9638e309bce0 Download complete 
 ebcf50217bb2 Downloading [>                                                  ]  24.64kB/2.447MB
 ebcf50217bb2 Downloading [>                                                  ]  24.64kB/2.447MB
 ebcf50217bb2 Verifying Checksum 
 ebcf50217bb2 Verifying Checksum 
 ebcf50217bb2 Download complete 
 ebcf50217bb2 Download complete 
 ebcf50217bb2 Extracting [>                                                  ]  32.77kB/2.447MB
 ebcf50217bb2 Extracting [>                                                  ]  32.77kB/2.447MB
 ebcf50217bb2 Extracting [=================================>                 ]  1.638MB/2.447MB
 ebcf50217bb2 Extracting [=================================>                 ]  1.638MB/2.447MB
 ebcf50217bb2 Extracting [========================================>          ]  1.999MB/2.447MB
 ebcf50217bb2 Extracting [========================================>          ]  1.999MB/2.447MB
 ebcf50217bb2 Extracting [==================================================>]  2.447MB/2.447MB
 ebcf50217bb2 Extracting [==================================================>]  2.447MB/2.447MB
 ebcf50217bb2 Pull complete 
 ebcf50217bb2 Pull complete 
 9638e309bce0 Extracting [==================================================>]  1.203kB/1.203kB
 9638e309bce0 Extracting [==================================================>]  1.203kB/1.203kB
 9638e309bce0 Extracting [==================================================>]  1.203kB/1.203kB
 9638e309bce0 Extracting [==================================================>]  1.203kB/1.203kB
 9638e309bce0 Pull complete 
 9638e309bce0 Pull complete 
 4f4fb700ef54 Extracting [==================================================>]      32B/32B
 4f4fb700ef54 Extracting [==================================================>]      32B/32B
 4f4fb700ef54 Extracting [==================================================>]      32B/32B
 4f4fb700ef54 Extracting [==================================================>]      32B/32B
 4f4fb700ef54 Pull complete 
 4f4fb700ef54 Pull complete 
 706f476ed780 Downloading [>                                                  ]  532.5kB/55.98MB
 706f476ed780 Downloading [>                                                  ]  532.5kB/55.98MB
 706f476ed780 Downloading [=>                                                 ]  1.589MB/55.98MB
 706f476ed780 Downloading [=>                                                 ]  1.589MB/55.98MB
 706f476ed780 Downloading [===>                                               ]  3.711MB/55.98MB
 706f476ed780 Downloading [===>                                               ]  3.711MB/55.98MB
 706f476ed780 Downloading [======>                                            ]  7.455MB/55.98MB
 706f476ed780 Downloading [======>                                            ]  7.455MB/55.98MB
 706f476ed780 Downloading [=============>                                     ]  15.42MB/55.98MB
 706f476ed780 Downloading [=============>                                     ]  15.42MB/55.98MB
 706f476ed780 Downloading [=====================>                             ]  23.97MB/55.98MB
 706f476ed780 Downloading [=====================>                             ]  23.97MB/55.98MB
 706f476ed780 Downloading [==========================>                        ]  29.79MB/55.98MB
 706f476ed780 Downloading [==========================>                        ]  29.79MB/55.98MB
 706f476ed780 Downloading [=============================>                     ]  33.49MB/55.98MB
 706f476ed780 Downloading [=============================>                     ]  33.49MB/55.98MB
 706f476ed780 Downloading [=================================>                 ]   37.2MB/55.98MB
 706f476ed780 Downloading [=================================>                 ]   37.2MB/55.98MB
 706f476ed780 Downloading [=========================================>         ]  46.74MB/55.98MB
 706f476ed780 Downloading [=========================================>         ]  46.74MB/55.98MB
 706f476ed780 Downloading [=================================================> ]  55.23MB/55.98MB
 706f476ed780 Downloading [=================================================> ]  55.23MB/55.98MB
 706f476ed780 Verifying Checksum 
 706f476ed780 Download complete 
 706f476ed780 Verifying Checksum 
 706f476ed780 Download complete 
 706f476ed780 Extracting [>                                                  ]  557.1kB/55.98MB
 706f476ed780 Extracting [>                                                  ]  557.1kB/55.98MB
 706f476ed780 Extracting [======>                                            ]  7.242MB/55.98MB
 706f476ed780 Extracting [======>                                            ]  7.242MB/55.98MB
 706f476ed780 Extracting [=============>                                     ]  15.04MB/55.98MB
 706f476ed780 Extracting [=============>                                     ]  15.04MB/55.98MB
 706f476ed780 Extracting [====================>                              ]  22.84MB/55.98MB
 706f476ed780 Extracting [====================>                              ]  22.84MB/55.98MB
 706f476ed780 Extracting [===========================>                       ]  30.64MB/55.98MB
 706f476ed780 Extracting [===========================>                       ]  30.64MB/55.98MB
 706f476ed780 Extracting [===============================>                   ]  35.09MB/55.98MB
 706f476ed780 Extracting [===============================>                   ]  35.09MB/55.98MB
 706f476ed780 Extracting [=====================================>             ]  41.78MB/55.98MB
 706f476ed780 Extracting [=====================================>             ]  41.78MB/55.98MB
 706f476ed780 Extracting [==========================================>        ]  47.91MB/55.98MB
 706f476ed780 Extracting [==========================================>        ]  47.91MB/55.98MB
 706f476ed780 Extracting [==============================================>    ]  51.81MB/55.98MB
 706f476ed780 Extracting [==============================================>    ]  51.81MB/55.98MB
 706f476ed780 Extracting [=================================================> ]  55.15MB/55.98MB
 706f476ed780 Extracting [=================================================> ]  55.15MB/55.98MB
 706f476ed780 Extracting [==================================================>]  55.98MB/55.98MB
 706f476ed780 Extracting [==================================================>]  55.98MB/55.98MB
 706f476ed780 Pull complete 
 706f476ed780 Pull complete 
 api01 Pulled 
 api02 Pulled 
 Network henriquevalcanaia-swift-vapor_rinha-network  Creating
 Network henriquevalcanaia-swift-vapor_rinha-network  Created
 Container henriquevalcanaia-swift-vapor-api02-1  Creating
 Container henriquevalcanaia-swift-vapor-api01-1  Creating
 Container henriquevalcanaia-swift-vapor-api02-1  Created
 Container henriquevalcanaia-swift-vapor-api01-1  Created
 Container henriquevalcanaia-swift-vapor-nginx-1  Creating
 Container henriquevalcanaia-swift-vapor-nginx-1  Created
Attaching to api01-1, api02-1, nginx-1
api02-1  | [ NOTICE ] Server started on http://0.0.0.0:8080
api01-1  | [ NOTICE ] Server started on http://0.0.0.0:8080
nginx-1  | /docker-entrypoint.sh: /docker-entrypoint.d/ is not empty, will attempt to perform configuration
nginx-1  | /docker-entrypoint.sh: Looking for shell scripts in /docker-entrypoint.d/
nginx-1  | /docker-entrypoint.sh: Launching /docker-entrypoint.d/10-listen-on-ipv6-by-default.sh
nginx-1  | 10-listen-on-ipv6-by-default.sh: info: Getting the checksum of /etc/nginx/conf.d/default.conf
nginx-1  | 10-listen-on-ipv6-by-default.sh: info: Enabled listen on IPv6 in /etc/nginx/conf.d/default.conf
nginx-1  | /docker-entrypoint.sh: Sourcing /docker-entrypoint.d/15-local-resolvers.envsh
nginx-1  | /docker-entrypoint.sh: Launching /docker-entrypoint.d/20-envsubst-on-templates.sh
nginx-1  | /docker-entrypoint.sh: Launching /docker-entrypoint.d/30-tune-worker-processes.sh
nginx-1  | /docker-entrypoint.sh: Configuration complete; ready for start up
api01-1  | [ ERROR ] failed to create connection for pool [error: connection reset (error set): Connection refused (errno: 111), rdstk_conpool_id: E75E148E-6160-438C-A93A-7F4C2844F6A8]
api01-1  | [ ERROR ] failed to create connection for pool [error: connection reset (error set): Connection refused (errno: 111), rdstk_conpool_id: E75E148E-6160-438C-A93A-7F4C2844F6A8]
api01-1  | [ ERROR ] Failed to get payments summary from Redis: RedisConnectionPoolError(baseError: RediStack.RedisConnectionPoolError.BaseError.timedOutWaitingForConnection)
api01-1  | [ ERROR ] failed to create connection for pool [error: connection reset (error set): Connection refused (errno: 111), rdstk_conpool_id: E75E148E-6160-438C-A93A-7F4C2844F6A8]
api01-1  | [ ERROR ] failed to create connection for pool [error: connection reset (error set): Connection refused (errno: 111), rdstk_conpool_id: E75E148E-6160-438C-A93A-7F4C2844F6A8]
api01-1  | [ ERROR ] failed to create connection for pool [error: connection reset (error set): Connection refused (errno: 111), rdstk_conpool_id: E75E148E-6160-438C-A93A-7F4C2844F6A8]
api01-1  | [ ERROR ] failed to create connection for pool [error: connection reset (error set): Connection refused (errno: 111), rdstk_conpool_id: E75E148E-6160-438C-A93A-7F4C2844F6A8]
api01-1  | [ ERROR ] Failed to get payments summary from Redis: RedisConnectionPoolError(baseError: RediStack.RedisConnectionPoolError.BaseError.timedOutWaitingForConnection)
api01-1  | [ ERROR ] failed to create connection for pool [error: connection reset (error set): Connection refused (errno: 111), rdstk_conpool_id: E75E148E-6160-438C-A93A-7F4C2844F6A8]
api01-1  | [ ERROR ] failed to create connection for pool [error: connection reset (error set): Connection refused (errno: 111), rdstk_conpool_id: E75E148E-6160-438C-A93A-7F4C2844F6A8]
api01-1  | [ ERROR ] failed to create connection for pool [error: connection reset (error set): Connection refused (errno: 111), rdstk_conpool_id: E75E148E-6160-438C-A93A-7F4C2844F6A8]
api01-1  | [ ERROR ] failed to create connection for pool [error: connection reset (error set): Connection refused (errno: 111), rdstk_conpool_id: E75E148E-6160-438C-A93A-7F4C2844F6A8]
api01-1  | [ ERROR ] failed to create connection for pool [error: connection reset (error set): Connection refused (errno: 111), rdstk_conpool_id: E75E148E-6160-438C-A93A-7F4C2844F6A8]
api01-1  | [ ERROR ] failed to create connection for pool [error: connection reset (error set): Connection refused (errno: 111), rdstk_conpool_id: E75E148E-6160-438C-A93A-7F4C2844F6A8]
api02-1  | [ ERROR ] failed to create connection for pool [error: connection reset (error set): Connection refused (errno: 111), rdstk_conpool_id: 3FFF6D94-CC01-403B-8DFB-703451B15F26]
api02-1  | [ ERROR ] failed to create connection for pool [error: connection reset (error set): Connection refused (errno: 111), rdstk_conpool_id: 3FFF6D94-CC01-403B-8DFB-703451B15F26]
api01-1  | [ ERROR ] failed to create connection for pool [error: connection reset (error set): Connection refused (errno: 111), rdstk_conpool_id: E75E148E-6160-438C-A93A-7F4C2844F6A8]
api01-1  | [ ERROR ] failed to create connection for pool [error: connection reset (error set): Connection refused (errno: 111), rdstk_conpool_id: E75E148E-6160-438C-A93A-7F4C2844F6A8]
api02-1  | [ ERROR ] failed to create connection for pool [error: connection reset (error set): Connection refused (errno: 111), rdstk_conpool_id: 3FFF6D94-CC01-403B-8DFB-703451B15F26]
api02-1  | [ ERROR ] failed to create connection for pool [error: connection reset (error set): Connection refused (errno: 111), rdstk_conpool_id: 3FFF6D94-CC01-403B-8DFB-703451B15F26]
api01-1  | [ ERROR ] failed to create connection for pool [error: connection reset (error set): Connection refused (errno: 111), rdstk_conpool_id: E75E148E-6160-438C-A93A-7F4C2844F6A8]
api01-1  | [ ERROR ] failed to create connection for pool [error: connection reset (error set): Connection refused (errno: 111), rdstk_conpool_id: E75E148E-6160-438C-A93A-7F4C2844F6A8]
api02-1  | [ ERROR ] failed to create connection for pool [error: connection reset (error set): Connection refused (errno: 111), rdstk_conpool_id: 3FFF6D94-CC01-403B-8DFB-703451B15F26]
api02-1  | [ ERROR ] failed to create connection for pool [error: connection reset (error set): Connection refused (errno: 111), rdstk_conpool_id: 3FFF6D94-CC01-403B-8DFB-703451B15F26]
api02-1  | [ ERROR ] failed to create connection for pool [error: connection reset (error set): Connection refused (errno: 111), rdstk_conpool_id: 3FFF6D94-CC01-403B-8DFB-703451B15F26]
api02-1  | [ ERROR ] failed to create connection for pool [error: connection reset (error set): Connection refused (errno: 111), rdstk_conpool_id: 3FFF6D94-CC01-403B-8DFB-703451B15F26]
api01-1  | [ ERROR ] failed to create connection for pool [error: connection reset (error set): Connection refused (errno: 111), rdstk_conpool_id: E75E148E-6160-438C-A93A-7F4C2844F6A8]
api01-1  | [ ERROR ] failed to create connection for pool [error: connection reset (error set): Connection refused (errno: 111), rdstk_conpool_id: E75E148E-6160-438C-A93A-7F4C2844F6A8]
api01-1  | [ ERROR ] failed to create connection for pool [error: connection reset (error set): Connection refused (errno: 111), rdstk_conpool_id: E75E148E-6160-438C-A93A-7F4C2844F6A8]
api01-1  | [ ERROR ] failed to create connection for pool [error: connection reset (error set): Connection refused (errno: 111), rdstk_conpool_id: E75E148E-6160-438C-A93A-7F4C2844F6A8]
api02-1  | [ ERROR ] failed to create connection for pool [error: connection reset (error set): Connection refused (errno: 111), rdstk_conpool_id: 3FFF6D94-CC01-403B-8DFB-703451B15F26]
api02-1  | [ ERROR ] failed to create connection for pool [error: connection reset (error set): Connection refused (errno: 111), rdstk_conpool_id: 3FFF6D94-CC01-403B-8DFB-703451B15F26]
api02-1  | [ ERROR ] failed to create connection for pool [error: connection reset (error set): Connection refused (errno: 111), rdstk_conpool_id: 3FFF6D94-CC01-403B-8DFB-703451B15F26]
api02-1  | [ ERROR ] failed to create connection for pool [error: connection reset (error set): Connection refused (errno: 111), rdstk_conpool_id: 3FFF6D94-CC01-403B-8DFB-703451B15F26]
api01-1  | [ ERROR ] failed to create connection for pool [error: connection reset (error set): Connection refused (errno: 111), rdstk_conpool_id: E75E148E-6160-438C-A93A-7F4C2844F6A8]
api01-1  | [ ERROR ] failed to create connection for pool [error: connection reset (error set): Connection refused (errno: 111), rdstk_conpool_id: E75E148E-6160-438C-A93A-7F4C2844F6A8]
api02-1  | [ ERROR ] failed to create connection for pool [error: connection reset (error set): Connection refused (errno: 111), rdstk_conpool_id: 3FFF6D94-CC01-403B-8DFB-703451B15F26]
api02-1  | [ ERROR ] failed to create connection for pool [error: connection reset (error set): Connection refused (errno: 111), rdstk_conpool_id: 3FFF6D94-CC01-403B-8DFB-703451B15F26]
api01-1  | [ ERROR ] failed to create connection for pool [error: connection reset (error set): Connection refused (errno: 111), rdstk_conpool_id: E75E148E-6160-438C-A93A-7F4C2844F6A8]
api01-1  | [ ERROR ] failed to create connection for pool [error: connection reset (error set): Connection refused (errno: 111), rdstk_conpool_id: E75E148E-6160-438C-A93A-7F4C2844F6A8]
api01-1  | [ ERROR ] failed to create connection for pool [error: connection reset (error set): Connection refused (errno: 111), rdstk_conpool_id: E75E148E-6160-438C-A93A-7F4C2844F6A8]
api01-1  | [ ERROR ] failed to create connection for pool [error: connection reset (error set): Connection refused (errno: 111), rdstk_conpool_id: E75E148E-6160-438C-A93A-7F4C2844F6A8]
api02-1  | [ ERROR ] failed to create connection for pool [error: connection reset (error set): Connection refused (errno: 111), rdstk_conpool_id: 3FFF6D94-CC01-403B-8DFB-703451B15F26]
api02-1  | [ ERROR ] failed to create connection for pool [error: connection reset (error set): Connection refused (errno: 111), rdstk_conpool_id: 3FFF6D94-CC01-403B-8DFB-703451B15F26]
api01-1  | [ ERROR ] failed to create connection for pool [error: connection reset (error set): Connection refused (errno: 111), rdstk_conpool_id: E75E148E-6160-438C-A93A-7F4C2844F6A8]
api01-1  | [ ERROR ] failed to create connection for pool [error: connection reset (error set): Connection refused (errno: 111), rdstk_conpool_id: E75E148E-6160-438C-A93A-7F4C2844F6A8]
api02-1  | [ ERROR ] failed to create connection for pool [error: connection reset (error set): Connection refused (errno: 111), rdstk_conpool_id: 3FFF6D94-CC01-403B-8DFB-703451B15F26]
api02-1  | [ ERROR ] failed to create connection for pool [error: connection reset (error set): Connection refused (errno: 111), rdstk_conpool_id: 3FFF6D94-CC01-403B-8DFB-703451B15F26]
api02-1  | [ ERROR ] failed to create connection for pool [error: connection reset (error set): Connection refused (errno: 111), rdstk_conpool_id: 3FFF6D94-CC01-403B-8DFB-703451B15F26]
api02-1  | [ ERROR ] failed to create connection for pool [error: connection reset (error set): Connection refused (errno: 111), rdstk_conpool_id: 3FFF6D94-CC01-403B-8DFB-703451B15F26]
api01-1  | [ ERROR ] failed to create connection for pool [error: connection reset (error set): Connection refused (errno: 111), rdstk_conpool_id: E75E148E-6160-438C-A93A-7F4C2844F6A8]
api01-1  | [ ERROR ] failed to create connection for pool [error: connection reset (error set): Connection refused (errno: 111), rdstk_conpool_id: E75E148E-6160-438C-A93A-7F4C2844F6A8]
api02-1  | [ ERROR ] failed to create connection for pool [error: connection reset (error set): Connection refused (errno: 111), rdstk_conpool_id: 3FFF6D94-CC01-403B-8DFB-703451B15F26]
api02-1  | [ ERROR ] failed to create connection for pool [error: connection reset (error set): Connection refused (errno: 111), rdstk_conpool_id: 3FFF6D94-CC01-403B-8DFB-703451B15F26]
api01-1  | [ ERROR ] failed to create connection for pool [error: connection reset (error set): Connection refused (errno: 111), rdstk_conpool_id: E75E148E-6160-438C-A93A-7F4C2844F6A8]
api01-1  | [ ERROR ] failed to create connection for pool [error: connection reset (error set): Connection refused (errno: 111), rdstk_conpool_id: E75E148E-6160-438C-A93A-7F4C2844F6A8]
api01-1  | [ ERROR ] failed to create connection for pool [error: connection reset (error set): Connection refused (errno: 111), rdstk_conpool_id: E75E148E-6160-438C-A93A-7F4C2844F6A8]
api01-1  | [ ERROR ] failed to create connection for pool [error: connection reset (error set): Connection refused (errno: 111), rdstk_conpool_id: E75E148E-6160-438C-A93A-7F4C2844F6A8]
api02-1  | [ ERROR ] failed to create connection for pool [error: connection reset (error set): Connection refused (errno: 111), rdstk_conpool_id: 3FFF6D94-CC01-403B-8DFB-703451B15F26]
api02-1  | [ ERROR ] failed to create connection for pool [error: connection reset (error set): Connection refused (errno: 111), rdstk_conpool_id: 3FFF6D94-CC01-403B-8DFB-703451B15F26]
api02-1  | [ ERROR ] failed to create connection for pool [error: connection reset (error set): Connection refused (errno: 111), rdstk_conpool_id: 3FFF6D94-CC01-403B-8DFB-703451B15F26]
api02-1  | [ ERROR ] failed to create connection for pool [error: connection reset (error set): Connection refused (errno: 111), rdstk_conpool_id: 3FFF6D94-CC01-403B-8DFB-703451B15F26]
api01-1  | [ ERROR ] failed to create connection for pool [error: connection reset (error set): Connection refused (errno: 111), rdstk_conpool_id: E75E148E-6160-438C-A93A-7F4C2844F6A8]
api01-1  | [ ERROR ] failed to create connection for pool [error: connection reset (error set): Connection refused (errno: 111), rdstk_conpool_id: E75E148E-6160-438C-A93A-7F4C2844F6A8]
api01-1  | [ ERROR ] failed to create connection for pool [error: connection reset (error set): Connection refused (errno: 111), rdstk_conpool_id: E75E148E-6160-438C-A93A-7F4C2844F6A8]
api01-1  | [ ERROR ] failed to create connection for pool [error: connection reset (error set): Connection refused (errno: 111), rdstk_conpool_id: E75E148E-6160-438C-A93A-7F4C2844F6A8]
api02-1  | [ ERROR ] failed to create connection for pool [error: connection reset (error set): Connection refused (errno: 111), rdstk_conpool_id: 3FFF6D94-CC01-403B-8DFB-703451B15F26]
api02-1  | [ ERROR ] failed to create connection for pool [error: connection reset (error set): Connection refused (errno: 111), rdstk_conpool_id: 3FFF6D94-CC01-403B-8DFB-703451B15F26]
api01-1  | [ ERROR ] failed to create connection for pool [error: connection reset (error set): Connection refused (errno: 111), rdstk_conpool_id: E75E148E-6160-438C-A93A-7F4C2844F6A8]
api01-1  | [ ERROR ] failed to create connection for pool [error: connection reset (error set): Connection refused (errno: 111), rdstk_conpool_id: E75E148E-6160-438C-A93A-7F4C2844F6A8]
api01-1  | [ ERROR ] failed to create connection for pool [error: connection reset (error set): Connection refused (errno: 111), rdstk_conpool_id: E75E148E-6160-438C-A93A-7F4C2844F6A8]
api01-1  | [ ERROR ] failed to create connection for pool [error: connection reset (error set): Connection refused (errno: 111), rdstk_conpool_id: E75E148E-6160-438C-A93A-7F4C2844F6A8]
api02-1  | [ ERROR ] failed to create connection for pool [error: connection reset (error set): Connection refused (errno: 111), rdstk_conpool_id: 3FFF6D94-CC01-403B-8DFB-703451B15F26]
api02-1  | [ ERROR ] failed to create connection for pool [error: connection reset (error set): Connection refused (errno: 111), rdstk_conpool_id: 3FFF6D94-CC01-403B-8DFB-703451B15F26]
api01-1  | [ ERROR ] failed to create connection for pool [error: connection reset (error set): Connection refused (errno: 111), rdstk_conpool_id: E75E148E-6160-438C-A93A-7F4C2844F6A8]
api01-1  | [ ERROR ] failed to create connection for pool [error: connection reset (error set): Connection refused (errno: 111), rdstk_conpool_id: E75E148E-6160-438C-A93A-7F4C2844F6A8]
api02-1  | [ ERROR ] failed to create connection for pool [error: connection reset (error set): Connection refused (errno: 111), rdstk_conpool_id: 3FFF6D94-CC01-403B-8DFB-703451B15F26]
api02-1  | [ ERROR ] failed to create connection for pool [error: connection reset (error set): Connection refused (errno: 111), rdstk_conpool_id: 3FFF6D94-CC01-403B-8DFB-703451B15F26]
api02-1  | [ ERROR ] failed to create connection for pool [error: connection reset (error set): Connection refused (errno: 111), rdstk_conpool_id: 3FFF6D94-CC01-403B-8DFB-703451B15F26]
api02-1  | [ ERROR ] failed to create connection for pool [error: connection reset (error set): Connection refused (errno: 111), rdstk_conpool_id: 3FFF6D94-CC01-403B-8DFB-703451B15F26]
api02-1  | [ ERROR ] failed to create connection for pool [error: connection reset (error set): Connection refused (errno: 111), rdstk_conpool_id: 3FFF6D94-CC01-403B-8DFB-703451B15F26]
api02-1  | [ ERROR ] failed to create connection for pool [error: connection reset (error set): Connection refused (errno: 111), rdstk_conpool_id: 3FFF6D94-CC01-403B-8DFB-703451B15F26]
api02-1  | [ ERROR ] failed to create connection for pool [error: connection reset (error set): Connection refused (errno: 111), rdstk_conpool_id: 3FFF6D94-CC01-403B-8DFB-703451B15F26]
api02-1  | [ ERROR ] failed to create connection for pool [error: connection reset (error set): Connection refused (errno: 111), rdstk_conpool_id: 3FFF6D94-CC01-403B-8DFB-703451B15F26]
api01-1  | [ ERROR ] failed to create connection for pool [error: connection reset (error set): Connection refused (errno: 111), rdstk_conpool_id: E75E148E-6160-438C-A93A-7F4C2844F6A8]
api01-1  | [ ERROR ] failed to create connection for pool [error: connection reset (error set): Connection refused (errno: 111), rdstk_conpool_id: E75E148E-6160-438C-A93A-7F4C2844F6A8]
api01-1  | [ ERROR ] failed to create connection for pool [error: connection reset (error set): Connection refused (errno: 111), rdstk_conpool_id: E75E148E-6160-438C-A93A-7F4C2844F6A8]
api01-1  | [ ERROR ] failed to create connection for pool [error: connection reset (error set): Connection refused (errno: 111), rdstk_conpool_id: E75E148E-6160-438C-A93A-7F4C2844F6A8]
api02-1  | [ ERROR ] failed to create connection for pool [error: connection reset (error set): Connection refused (errno: 111), rdstk_conpool_id: 3FFF6D94-CC01-403B-8DFB-703451B15F26]
api02-1  | [ ERROR ] failed to create connection for pool [error: connection reset (error set): Connection refused (errno: 111), rdstk_conpool_id: 3FFF6D94-CC01-403B-8DFB-703451B15F26]
api02-1  | [ ERROR ] failed to create connection for pool [error: connection reset (error set): Connection refused (errno: 111), rdstk_conpool_id: 3FFF6D94-CC01-403B-8DFB-703451B15F26]
api02-1  | [ ERROR ] failed to create connection for pool [error: connection reset (error set): Connection refused (errno: 111), rdstk_conpool_id: 3FFF6D94-CC01-403B-8DFB-703451B15F26]
api01-1  | [ ERROR ] failed to create connection for pool [error: connection reset (error set): Connection refused (errno: 111), rdstk_conpool_id: E75E148E-6160-438C-A93A-7F4C2844F6A8]
api01-1  | [ ERROR ] failed to create connection for pool [error: connection reset (error set): Connection refused (errno: 111), rdstk_conpool_id: E75E148E-6160-438C-A93A-7F4C2844F6A8]
api01-1  | [ ERROR ] failed to create connection for pool [error: connection reset (error set): Connection refused (errno: 111), rdstk_conpool_id: E75E148E-6160-438C-A93A-7F4C2844F6A8]
api01-1  | [ ERROR ] failed to create connection for pool [error: connection reset (error set): Connection refused (errno: 111), rdstk_conpool_id: E75E148E-6160-438C-A93A-7F4C2844F6A8]
api02-1  | [ ERROR ] failed to create connection for pool [error: connection reset (error set): Connection refused (errno: 111), rdstk_conpool_id: 3FFF6D94-CC01-403B-8DFB-703451B15F26]
api02-1  | [ ERROR ] failed to create connection for pool [error: connection reset (error set): Connection refused (errno: 111), rdstk_conpool_id: 3FFF6D94-CC01-403B-8DFB-703451B15F26]
api02-1  | [ ERROR ] failed to create connection for pool [error: connection reset (error set): Connection refused (errno: 111), rdstk_conpool_id: 3FFF6D94-CC01-403B-8DFB-703451B15F26]
api02-1  | [ ERROR ] failed to create connection for pool [error: connection reset (error set): Connection refused (errno: 111), rdstk_conpool_id: 3FFF6D94-CC01-403B-8DFB-703451B15F26]
api01-1  | [ ERROR ] failed to create connection for pool [error: connection reset (error set): Connection refused (errno: 111), rdstk_conpool_id: E75E148E-6160-438C-A93A-7F4C2844F6A8]
api01-1  | [ ERROR ] failed to create connection for pool [error: connection reset (error set): Connection refused (errno: 111), rdstk_conpool_id: E75E148E-6160-438C-A93A-7F4C2844F6A8]
api02-1  | [ ERROR ] failed to create connection for pool [error: connection reset (error set): Connection refused (errno: 111), rdstk_conpool_id: 3FFF6D94-CC01-403B-8DFB-703451B15F26]
api02-1  | [ ERROR ] failed to create connection for pool [error: connection reset (error set): Connection refused (errno: 111), rdstk_conpool_id: 3FFF6D94-CC01-403B-8DFB-703451B15F26]
api01-1  | [ ERROR ] failed to create connection for pool [error: connection reset (error set): Connection refused (errno: 111), rdstk_conpool_id: E75E148E-6160-438C-A93A-7F4C2844F6A8]
api01-1  | [ ERROR ] failed to create connection for pool [error: connection reset (error set): Connection refused (errno: 111), rdstk_conpool_id: E75E148E-6160-438C-A93A-7F4C2844F6A8]
api02-1  | [ ERROR ] failed to create connection for pool [error: connection reset (error set): Connection refused (errno: 111), rdstk_conpool_id: 3FFF6D94-CC01-403B-8DFB-703451B15F26]
api02-1  | [ ERROR ] failed to create connection for pool [error: connection reset (error set): Connection refused (errno: 111), rdstk_conpool_id: 3FFF6D94-CC01-403B-8DFB-703451B15F26]
api01-1  | [ ERROR ] failed to create connection for pool [error: connection reset (error set): Connection refused (errno: 111), rdstk_conpool_id: E75E148E-6160-438C-A93A-7F4C2844F6A8]
api01-1  | [ ERROR ] failed to create connection for pool [error: connection reset (error set): Connection refused (errno: 111), rdstk_conpool_id: E75E148E-6160-438C-A93A-7F4C2844F6A8]
api02-1  | [ ERROR ] failed to create connection for pool [error: connection reset (error set): Connection refused (errno: 111), rdstk_conpool_id: 3FFF6D94-CC01-403B-8DFB-703451B15F26]
api02-1  | [ ERROR ] failed to create connection for pool [error: connection reset (error set): Connection refused (errno: 111), rdstk_conpool_id: 3FFF6D94-CC01-403B-8DFB-703451B15F26]
api02-1  | [ ERROR ] failed to create connection for pool [error: connection reset (error set): Connection refused (errno: 111), rdstk_conpool_id: 3FFF6D94-CC01-403B-8DFB-703451B15F26]
api02-1  | [ ERROR ] failed to create connection for pool [error: connection reset (error set): Connection refused (errno: 111), rdstk_conpool_id: 3FFF6D94-CC01-403B-8DFB-703451B15F26]
api02-1  | [ ERROR ] failed to create connection for pool [error: connection reset (error set): Connection refused (errno: 111), rdstk_conpool_id: 3FFF6D94-CC01-403B-8DFB-703451B15F26]
api02-1  | [ ERROR ] failed to create connection for pool [error: connection reset (error set): Connection refused (errno: 111), rdstk_conpool_id: 3FFF6D94-CC01-403B-8DFB-703451B15F26]
api02-1  | [ ERROR ] failed to create connection for pool [error: connection reset (error set): Connection refused (errno: 111), rdstk_conpool_id: 3FFF6D94-CC01-403B-8DFB-703451B15F26]
api02-1  | [ ERROR ] failed to create connection for pool [error: connection reset (error set): Connection refused (errno: 111), rdstk_conpool_id: 3FFF6D94-CC01-403B-8DFB-703451B15F26]
api01-1  | [ ERROR ] failed to create connection for pool [error: connection reset (error set): Connection refused (errno: 111), rdstk_conpool_id: E75E148E-6160-438C-A93A-7F4C2844F6A8]
api01-1  | [ ERROR ] failed to create connection for pool [error: connection reset (error set): Connection refused (errno: 111), rdstk_conpool_id: E75E148E-6160-438C-A93A-7F4C2844F6A8]
api01-1  | [ ERROR ] failed to create connection for pool [error: connection reset (error set): Connection refused (errno: 111), rdstk_conpool_id: E75E148E-6160-438C-A93A-7F4C2844F6A8]
api01-1  | [ ERROR ] failed to create connection for pool [error: connection reset (error set): Connection refused (errno: 111), rdstk_conpool_id: E75E148E-6160-438C-A93A-7F4C2844F6A8]
api02-1  | [ ERROR ] failed to create connection for pool [error: connection reset (error set): Connection refused (errno: 111), rdstk_conpool_id: 3FFF6D94-CC01-403B-8DFB-703451B15F26]
api02-1  | [ ERROR ] failed to create connection for pool [error: connection reset (error set): Connection refused (errno: 111), rdstk_conpool_id: 3FFF6D94-CC01-403B-8DFB-703451B15F26]
api02-1  | [ ERROR ] failed to create connection for pool [error: connection reset (error set): Connection refused (errno: 111), rdstk_conpool_id: 3FFF6D94-CC01-403B-8DFB-703451B15F26]
api02-1  | [ ERROR ] failed to create connection for pool [error: connection reset (error set): Connection refused (errno: 111), rdstk_conpool_id: 3FFF6D94-CC01-403B-8DFB-703451B15F26]
api01-1  | [ ERROR ] failed to create connection for pool [error: connection reset (error set): Connection refused (errno: 111), rdstk_conpool_id: E75E148E-6160-438C-A93A-7F4C2844F6A8]
api01-1  | [ ERROR ] failed to create connection for pool [error: connection reset (error set): Connection refused (errno: 111), rdstk_conpool_id: E75E148E-6160-438C-A93A-7F4C2844F6A8]
api01-1  | [ ERROR ] failed to create connection for pool [error: connection reset (error set): Connection refused (errno: 111), rdstk_conpool_id: E75E148E-6160-438C-A93A-7F4C2844F6A8]
api01-1  | [ ERROR ] failed to create connection for pool [error: connection reset (error set): Connection refused (errno: 111), rdstk_conpool_id: E75E148E-6160-438C-A93A-7F4C2844F6A8]
api02-1  | [ ERROR ] failed to create connection for pool [error: connection reset (error set): Connection refused (errno: 111), rdstk_conpool_id: 3FFF6D94-CC01-403B-8DFB-703451B15F26]
api02-1  | [ ERROR ] failed to create connection for pool [error: connection reset (error set): Connection refused (errno: 111), rdstk_conpool_id: 3FFF6D94-CC01-403B-8DFB-703451B15F26]
api02-1  | [ ERROR ] failed to create connection for pool [error: connection reset (error set): Connection refused (errno: 111), rdstk_conpool_id: 3FFF6D94-CC01-403B-8DFB-703451B15F26]
api02-1  | [ ERROR ] failed to create connection for pool [error: connection reset (error set): Connection refused (errno: 111), rdstk_conpool_id: 3FFF6D94-CC01-403B-8DFB-703451B15F26]
api01-1  | [ ERROR ] failed to create connection for pool [error: connection reset (error set): Connection refused (errno: 111), rdstk_conpool_id: E75E148E-6160-438C-A93A-7F4C2844F6A8]
api01-1  | [ ERROR ] failed to create connection for pool [error: connection reset (error set): Connection refused (errno: 111), rdstk_conpool_id: E75E148E-6160-438C-A93A-7F4C2844F6A8]
api01-1  | [ ERROR ] failed to create connection for pool [error: connection reset (error set): Connection refused (errno: 111), rdstk_conpool_id: E75E148E-6160-438C-A93A-7F4C2844F6A8]
api01-1  | [ ERROR ] failed to create connection for pool [error: connection reset (error set): Connection refused (errno: 111), rdstk_conpool_id: E75E148E-6160-438C-A93A-7F4C2844F6A8]
api02-1  | [ ERROR ] failed to create connection for pool [error: connection reset (error set): Connection refused (errno: 111), rdstk_conpool_id: 3FFF6D94-CC01-403B-8DFB-703451B15F26]
api02-1  | [ ERROR ] failed to create connection for pool [error: connection reset (error set): Connection refused (errno: 111), rdstk_conpool_id: 3FFF6D94-CC01-403B-8DFB-703451B15F26]
api01-1  | [ ERROR ] failed to create connection for pool [error: connection reset (error set): Connection refused (errno: 111), rdstk_conpool_id: E75E148E-6160-438C-A93A-7F4C2844F6A8]
api01-1  | [ ERROR ] failed to create connection for pool [error: connection reset (error set): Connection refused (errno: 111), rdstk_conpool_id: E75E148E-6160-438C-A93A-7F4C2844F6A8]
api02-1  | [ ERROR ] failed to create connection for pool [error: connection reset (error set): Connection refused (errno: 111), rdstk_conpool_id: 3FFF6D94-CC01-403B-8DFB-703451B15F26]
api02-1  | [ ERROR ] failed to create connection for pool [error: connection reset (error set): Connection refused (errno: 111), rdstk_conpool_id: 3FFF6D94-CC01-403B-8DFB-703451B15F26]
api01-1  | [ ERROR ] failed to create connection for pool [error: connection reset (error set): Connection refused (errno: 111), rdstk_conpool_id: E75E148E-6160-438C-A93A-7F4C2844F6A8]
api01-1  | [ ERROR ] failed to create connection for pool [error: connection reset (error set): Connection refused (errno: 111), rdstk_conpool_id: E75E148E-6160-438C-A93A-7F4C2844F6A8]
api02-1  | [ ERROR ] failed to create connection for pool [error: connection reset (error set): Connection refused (errno: 111), rdstk_conpool_id: 3FFF6D94-CC01-403B-8DFB-703451B15F26]
api02-1  | [ ERROR ] failed to create connection for pool [error: connection reset (error set): Connection refused (errno: 111), rdstk_conpool_id: 3FFF6D94-CC01-403B-8DFB-703451B15F26]
api01-1  | [ ERROR ] failed to create connection for pool [error: connection reset (error set): Connection refused (errno: 111), rdstk_conpool_id: E75E148E-6160-438C-A93A-7F4C2844F6A8]
api01-1  | [ ERROR ] failed to create connection for pool [error: connection reset (error set): Connection refused (errno: 111), rdstk_conpool_id: E75E148E-6160-438C-A93A-7F4C2844F6A8]
api02-1  | [ ERROR ] failed to create connection for pool [error: connection reset (error set): Connection refused (errno: 111), rdstk_conpool_id: 3FFF6D94-CC01-403B-8DFB-703451B15F26]
api02-1  | [ ERROR ] failed to create connection for pool [error: connection reset (error set): Connection refused (errno: 111), rdstk_conpool_id: 3FFF6D94-CC01-403B-8DFB-703451B15F26]
api01-1  | [ ERROR ] failed to create connection for pool [error: connection reset (error set): Connection refused (errno: 111), rdstk_conpool_id: E75E148E-6160-438C-A93A-7F4C2844F6A8]
api01-1  | [ ERROR ] failed to create connection for pool [error: connection reset (error set): Connection refused (errno: 111), rdstk_conpool_id: E75E148E-6160-438C-A93A-7F4C2844F6A8]
api02-1  | [ ERROR ] failed to create connection for pool [error: connection reset (error set): Connection refused (errno: 111), rdstk_conpool_id: 3FFF6D94-CC01-403B-8DFB-703451B15F26]
api02-1  | [ ERROR ] failed to create connection for pool [error: connection reset (error set): Connection refused (errno: 111), rdstk_conpool_id: 3FFF6D94-CC01-403B-8DFB-703451B15F26]
api02-1  | [ ERROR ] failed to create connection for pool [error: connection reset (error set): Connection refused (errno: 111), rdstk_conpool_id: 3FFF6D94-CC01-403B-8DFB-703451B15F26]
api02-1  | [ ERROR ] failed to create connection for pool [error: connection reset (error set): Connection refused (errno: 111), rdstk_conpool_id: 3FFF6D94-CC01-403B-8DFB-703451B15F26]
api01-1  | [ ERROR ] failed to create connection for pool [error: connection reset (error set): Connection refused (errno: 111), rdstk_conpool_id: E75E148E-6160-438C-A93A-7F4C2844F6A8]
api01-1  | [ ERROR ] failed to create connection for pool [error: connection reset (error set): Connection refused (errno: 111), rdstk_conpool_id: E75E148E-6160-438C-A93A-7F4C2844F6A8]
api01-1  | [ ERROR ] failed to create connection for pool [error: connection reset (error set): Connection refused (errno: 111), rdstk_conpool_id: E75E148E-6160-438C-A93A-7F4C2844F6A8]
api01-1  | [ ERROR ] failed to create connection for pool [error: connection reset (error set): Connection refused (errno: 111), rdstk_conpool_id: E75E148E-6160-438C-A93A-7F4C2844F6A8]
api02-1  | [ ERROR ] failed to create connection for pool [error: connection reset (error set): Connection refused (errno: 111), rdstk_conpool_id: 3FFF6D94-CC01-403B-8DFB-703451B15F26]
api02-1  | [ ERROR ] failed to create connection for pool [error: connection reset (error set): Connection refused (errno: 111), rdstk_conpool_id: 3FFF6D94-CC01-403B-8DFB-703451B15F26]
api02-1  | [ ERROR ] failed to create connection for pool [error: connection reset (error set): Connection refused (errno: 111), rdstk_conpool_id: 3FFF6D94-CC01-403B-8DFB-703451B15F26]
api02-1  | [ ERROR ] failed to create connection for pool [error: connection reset (error set): Connection refused (errno: 111), rdstk_conpool_id: 3FFF6D94-CC01-403B-8DFB-703451B15F26]
api01-1  | [ ERROR ] failed to create connection for pool [error: connection reset (error set): Connection refused (errno: 111), rdstk_conpool_id: E75E148E-6160-438C-A93A-7F4C2844F6A8]
api01-1  | [ ERROR ] failed to create connection for pool [error: connection reset (error set): Connection refused (errno: 111), rdstk_conpool_id: E75E148E-6160-438C-A93A-7F4C2844F6A8]
api01-1  | [ ERROR ] failed to create connection for pool [error: connection reset (error set): Connection refused (errno: 111), rdstk_conpool_id: E75E148E-6160-438C-A93A-7F4C2844F6A8]
api01-1  | [ ERROR ] failed to create connection for pool [error: connection reset (error set): Connection refused (errno: 111), rdstk_conpool_id: E75E148E-6160-438C-A93A-7F4C2844F6A8]
api02-1  | [ ERROR ] failed to create connection for pool [error: connection reset (error set): Connection refused (errno: 111), rdstk_conpool_id: 3FFF6D94-CC01-403B-8DFB-703451B15F26]
api02-1  | [ ERROR ] failed to create connection for pool [error: connection reset (error set): Connection refused (errno: 111), rdstk_conpool_id: 3FFF6D94-CC01-403B-8DFB-703451B15F26]
api02-1  | [ ERROR ] failed to create connection for pool [error: connection reset (error set): Connection refused (errno: 111), rdstk_conpool_id: 3FFF6D94-CC01-403B-8DFB-703451B15F26]
api02-1  | [ ERROR ] failed to create connection for pool [error: connection reset (error set): Connection refused (errno: 111), rdstk_conpool_id: 3FFF6D94-CC01-403B-8DFB-703451B15F26]
api01-1  | [ ERROR ] failed to create connection for pool [error: connection reset (error set): Connection refused (errno: 111), rdstk_conpool_id: E75E148E-6160-438C-A93A-7F4C2844F6A8]
api01-1  | [ ERROR ] failed to create connection for pool [error: connection reset (error set): Connection refused (errno: 111), rdstk_conpool_id: E75E148E-6160-438C-A93A-7F4C2844F6A8]
api01-1  | [ ERROR ] failed to create connection for pool [error: connection reset (error set): Connection refused (errno: 111), rdstk_conpool_id: E75E148E-6160-438C-A93A-7F4C2844F6A8]
api01-1  | [ ERROR ] failed to create connection for pool [error: connection reset (error set): Connection refused (errno: 111), rdstk_conpool_id: E75E148E-6160-438C-A93A-7F4C2844F6A8]
api02-1  | [ ERROR ] failed to create connection for pool [error: connection reset (error set): Connection refused (errno: 111), rdstk_conpool_id: 3FFF6D94-CC01-403B-8DFB-703451B15F26]
api02-1  | [ ERROR ] failed to create connection for pool [error: connection reset (error set): Connection refused (errno: 111), rdstk_conpool_id: 3FFF6D94-CC01-403B-8DFB-703451B15F26]
api02-1  | [ ERROR ] failed to create connection for pool [error: connection reset (error set): Connection refused (errno: 111), rdstk_conpool_id: 3FFF6D94-CC01-403B-8DFB-703451B15F26]
api01-1  | [ ERROR ] failed to create connection for pool [error: connection reset (error set): Connection refused (errno: 111), rdstk_conpool_id: E75E148E-6160-438C-A93A-7F4C2844F6A8]
api01-1  | [ ERROR ] failed to create connection for pool [error: connection reset (error set): Connection refused (errno: 111), rdstk_conpool_id: E75E148E-6160-438C-A93A-7F4C2844F6A8]
api01-1  | [ ERROR ] failed to create connection for pool [error: connection reset (error set): Connection refused (errno: 111), rdstk_conpool_id: E75E148E-6160-438C-A93A-7F4C2844F6A8]
api01-1  | [ ERROR ] failed to create connection for pool [error: connection reset (error set): Connection refused (errno: 111), rdstk_conpool_id: E75E148E-6160-438C-A93A-7F4C2844F6A8]
api02-1  | [ ERROR ] failed to create connection for pool [error: connection reset (error set): Connection refused (errno: 111), rdstk_conpool_id: 3FFF6D94-CC01-403B-8DFB-703451B15F26]
api02-1  | [ ERROR ] failed to create connection for pool [error: connection reset (error set): Connection refused (errno: 111), rdstk_conpool_id: 3FFF6D94-CC01-403B-8DFB-703451B15F26]
api01-1  | [ ERROR ] failed to create connection for pool [error: connection reset (error set): Connection refused (errno: 111), rdstk_conpool_id: E75E148E-6160-438C-A93A-7F4C2844F6A8]
api02-1  | [ ERROR ] failed to create connection for pool [error: connection reset (error set): Connection refused (errno: 111), rdstk_conpool_id: 3FFF6D94-CC01-403B-8DFB-703451B15F26]
api01-1  | [ ERROR ] failed to create connection for pool [error: connection reset (error set): Connection refused (errno: 111), rdstk_conpool_id: E75E148E-6160-438C-A93A-7F4C2844F6A8]
api02-1  | [ ERROR ] failed to create connection for pool [error: connection reset (error set): Connection refused (errno: 111), rdstk_conpool_id: 3FFF6D94-CC01-403B-8DFB-703451B15F26]
api01-1  | [ ERROR ] failed to create connection for pool [error: connection reset (error set): Connection refused (errno: 111), rdstk_conpool_id: E75E148E-6160-438C-A93A-7F4C2844F6A8]
api01-1  | [ ERROR ] failed to create connection for pool [error: connection reset (error set): Connection refused (errno: 111), rdstk_conpool_id: E75E148E-6160-438C-A93A-7F4C2844F6A8]
api02-1  | [ ERROR ] failed to create connection for pool [error: connection reset (error set): Connection refused (errno: 111), rdstk_conpool_id: 3FFF6D94-CC01-403B-8DFB-703451B15F26]
api01-1  | [ ERROR ] failed to create connection for pool [error: connection reset (error set): Connection refused (errno: 111), rdstk_conpool_id: E75E148E-6160-438C-A93A-7F4C2844F6A8]
api01-1  | [ ERROR ] failed to create connection for pool [error: connection reset (error set): Connection refused (errno: 111), rdstk_conpool_id: E75E148E-6160-438C-A93A-7F4C2844F6A8]
api02-1  | [ ERROR ] failed to create connection for pool [error: connection reset (error set): Connection refused (errno: 111), rdstk_conpool_id: 3FFF6D94-CC01-403B-8DFB-703451B15F26]
api01-1  | [ ERROR ] failed to create connection for pool [error: connection reset (error set): Connection refused (errno: 111), rdstk_conpool_id: E75E148E-6160-438C-A93A-7F4C2844F6A8]
api01-1  | [ ERROR ] failed to create connection for pool [error: connection reset (error set): Connection refused (errno: 111), rdstk_conpool_id: E75E148E-6160-438C-A93A-7F4C2844F6A8]
api02-1  | [ ERROR ] failed to create connection for pool [error: connection reset (error set): Connection refused (errno: 111), rdstk_conpool_id: 3FFF6D94-CC01-403B-8DFB-703451B15F26]
api01-1  | [ ERROR ] failed to create connection for pool [error: connection reset (error set): Connection refused (errno: 111), rdstk_conpool_id: E75E148E-6160-438C-A93A-7F4C2844F6A8]
api01-1  | [ ERROR ] failed to create connection for pool [error: connection reset (error set): Connection refused (errno: 111), rdstk_conpool_id: E75E148E-6160-438C-A93A-7F4C2844F6A8]
api01-1  | [ ERROR ] failed to create connection for pool [error: connection reset (error set): Connection refused (errno: 111), rdstk_conpool_id: E75E148E-6160-438C-A93A-7F4C2844F6A8]
api01-1  | [ ERROR ] failed to create connection for pool [error: connection reset (error set): Connection refused (errno: 111), rdstk_conpool_id: E75E148E-6160-438C-A93A-7F4C2844F6A8]
api02-1  | [ ERROR ] failed to create connection for pool [error: connection reset (error set): Connection refused (errno: 111), rdstk_conpool_id: 3FFF6D94-CC01-403B-8DFB-703451B15F26]
api02-1  | [ ERROR ] failed to create connection for pool [error: connection reset (error set): Connection refused (errno: 111), rdstk_conpool_id: 3FFF6D94-CC01-403B-8DFB-703451B15F26]
api01-1  | [ ERROR ] failed to create connection for pool [error: connection reset (error set): Connection refused (errno: 111), rdstk_conpool_id: E75E148E-6160-438C-A93A-7F4C2844F6A8]
api01-1  | [ ERROR ] failed to create connection for pool [error: connection reset (error set): Connection refused (errno: 111), rdstk_conpool_id: E75E148E-6160-438C-A93A-7F4C2844F6A8]
api02-1  | [ ERROR ] failed to create connection for pool [error: connection reset (error set): Connection refused (errno: 111), rdstk_conpool_id: 3FFF6D94-CC01-403B-8DFB-703451B15F26]
api02-1  | [ ERROR ] failed to create connection for pool [error: connection reset (error set): Connection refused (errno: 111), rdstk_conpool_id: 3FFF6D94-CC01-403B-8DFB-703451B15F26]
api02-1  | [ ERROR ] failed to create connection for pool [error: connection reset (error set): Connection refused (errno: 111), rdstk_conpool_id: 3FFF6D94-CC01-403B-8DFB-703451B15F26]
api02-1  | [ ERROR ] failed to create connection for pool [error: connection reset (error set): Connection refused (errno: 111), rdstk_conpool_id: 3FFF6D94-CC01-403B-8DFB-703451B15F26]
api02-1  | [ ERROR ] failed to create connection for pool [error: connection reset (error set): Connection refused (errno: 111), rdstk_conpool_id: 3FFF6D94-CC01-403B-8DFB-703451B15F26]
api02-1  | [ ERROR ] failed to create connection for pool [error: connection reset (error set): Connection refused (errno: 111), rdstk_conpool_id: 3FFF6D94-CC01-403B-8DFB-703451B15F26]
api02-1  | [ ERROR ] failed to create connection for pool [error: connection reset (error set): Connection refused (errno: 111), rdstk_conpool_id: 3FFF6D94-CC01-403B-8DFB-703451B15F26]
api02-1  | [ ERROR ] failed to create connection for pool [error: connection reset (error set): Connection refused (errno: 111), rdstk_conpool_id: 3FFF6D94-CC01-403B-8DFB-703451B15F26]
api01-1  | [ ERROR ] failed to create connection for pool [error: connection reset (error set): Connection refused (errno: 111), rdstk_conpool_id: E75E148E-6160-438C-A93A-7F4C2844F6A8]
api01-1  | [ ERROR ] failed to create connection for pool [error: connection reset (error set): Connection refused (errno: 111), rdstk_conpool_id: E75E148E-6160-438C-A93A-7F4C2844F6A8]
api01-1  | [ ERROR ] failed to create connection for pool [error: connection reset (error set): Connection refused (errno: 111), rdstk_conpool_id: E75E148E-6160-438C-A93A-7F4C2844F6A8]
api01-1  | [ ERROR ] failed to create connection for pool [error: connection reset (error set): Connection refused (errno: 111), rdstk_conpool_id: E75E148E-6160-438C-A93A-7F4C2844F6A8]
api02-1  | [ ERROR ] failed to create connection for pool [error: connection reset (error set): Connection refused (errno: 111), rdstk_conpool_id: 3FFF6D94-CC01-403B-8DFB-703451B15F26]
