
 service2 Pulling 
 service1 Pulling 
 9824c27679d3 Already exists 
 ccf5d6e6ff24 Already exists 
 79a0252b29f6 Already exists 
 4f24e34311a0 Already exists 
 d6ca50540464 Already exists 
 5b169c8aec51 Already exists 
 6a99ced2770f Already exists 
 e8c1ed569419 Pulling fs layer 
 9824c27679d3 Already exists 
 ccf5d6e6ff24 Already exists 
 79a0252b29f6 Already exists 
 4f24e34311a0 Already exists 
 d6ca50540464 Already exists 
 5b169c8aec51 Already exists 
 6a99ced2770f Already exists 
 e8c1ed569419 Pulling fs layer 
 e8c1ed569419 Downloading [>                                                  ]  24.06kB/2.35MB
 e8c1ed569419 Downloading [>                                                  ]  24.06kB/2.35MB
 e8c1ed569419 Verifying Checksum 
 e8c1ed569419 Download complete 
 e8c1ed569419 Download complete 
 e8c1ed569419 Extracting [>                                                  ]  32.77kB/2.35MB
 e8c1ed569419 Extracting [>                                                  ]  32.77kB/2.35MB
 e8c1ed569419 Extracting [======>                                            ]  327.7kB/2.35MB
 e8c1ed569419 Extracting [======>                                            ]  327.7kB/2.35MB
 e8c1ed569419 Extracting [==========>                                        ]  491.5kB/2.35MB
 e8c1ed569419 Extracting [==========>                                        ]  491.5kB/2.35MB
 e8c1ed569419 Extracting [===========>                                       ]  557.1kB/2.35MB
 e8c1ed569419 Extracting [===========>                                       ]  557.1kB/2.35MB
 e8c1ed569419 Extracting [==============>                                    ]  688.1kB/2.35MB
 e8c1ed569419 Extracting [==============>                                    ]  688.1kB/2.35MB
 e8c1ed569419 Extracting [==================>                                ]    852kB/2.35MB
 e8c1ed569419 Extracting [==================>                                ]    852kB/2.35MB
 e8c1ed569419 Extracting [======================>                            ]  1.049MB/2.35MB
 e8c1ed569419 Extracting [======================>                            ]  1.049MB/2.35MB
 e8c1ed569419 Extracting [================================>                  ]  1.507MB/2.35MB
 e8c1ed569419 Extracting [================================>                  ]  1.507MB/2.35MB
 e8c1ed569419 Extracting [==========================================>        ]  1.999MB/2.35MB
 e8c1ed569419 Extracting [==========================================>        ]  1.999MB/2.35MB
 e8c1ed569419 Extracting [===============================================>   ]  2.228MB/2.35MB
 e8c1ed569419 Extracting [===============================================>   ]  2.228MB/2.35MB
 e8c1ed569419 Extracting [==================================================>]   2.35MB/2.35MB
 e8c1ed569419 Extracting [==================================================>]   2.35MB/2.35MB
 e8c1ed569419 Extracting [==================================================>]   2.35MB/2.35MB
 e8c1ed569419 Extracting [==================================================>]   2.35MB/2.35MB
 e8c1ed569419 Pull complete 
 e8c1ed569419 Pull complete 
 service2 Pulled 
 service1 Pulled 
 Network willianmarquess-node_backend  Creating
 Network willianmarquess-node_backend  Created
 Container redis  Creating
 Container redis  Created
 Container willianmarquess-node-service1-1  Creating
 Container willianmarquess-node-service2-1  Creating
 Container willianmarquess-node-service1-1  Created
 Container willianmarquess-node-service2-1  Created
 Container willianmarquess-node-nginx-1  Creating
 Container willianmarquess-node-nginx-1  Created
Attaching to redis, nginx-1, service1-1, service2-1
redis       | Starting Redis Server
redis       | 1:C 22 Jul 2025 17:07:27.084 # WARNING Memory overcommit must be enabled! Without it, a background save or replication may fail under low memory condition. Being disabled, it can also cause failures without low memory condition, see https://github.com/jemalloc/jemalloc/issues/1328. To fix this issue add 'vm.overcommit_memory = 1' to /etc/sysctl.conf and then reboot or run the command 'sysctl vm.overcommit_memory=1' for this to take effect.
redis       | 1:C 22 Jul 2025 17:07:27.084 * oO0OoO0OoO0Oo Redis is starting oO0OoO0OoO0Oo
redis       | 1:C 22 Jul 2025 17:07:27.084 * Redis version=8.1.240, bits=64, commit=00000000, modified=1, pid=1, just started
redis       | 1:C 22 Jul 2025 17:07:27.084 * Configuration loaded
redis       | 1:M 22 Jul 2025 17:07:27.084 * monotonic clock: POSIX clock_gettime
redis       | 1:M 22 Jul 2025 17:07:27.085 * Running mode=standalone, port=6379.
redis       | 1:M 22 Jul 2025 17:07:27.086 * <bf> RedisBloom version 8.1.90 (Git=unknown)
redis       | 1:M 22 Jul 2025 17:07:27.086 * <bf> Registering configuration options: [
redis       | 1:M 22 Jul 2025 17:07:27.086 * <bf> 	{ bf-error-rate       :      0.01 }
redis       | 1:M 22 Jul 2025 17:07:27.086 * <bf> 	{ bf-initial-size     :       100 }
redis       | 1:M 22 Jul 2025 17:07:27.086 * <bf> 	{ bf-expansion-factor :         2 }
redis       | 1:M 22 Jul 2025 17:07:27.086 * <bf> 	{ cf-bucket-size      :         2 }
redis       | 1:M 22 Jul 2025 17:07:27.086 * <bf> 	{ cf-initial-size     :      1024 }
redis       | 1:M 22 Jul 2025 17:07:27.087 * <bf> 	{ cf-max-iterations   :        20 }
redis       | 1:M 22 Jul 2025 17:07:27.087 * <bf> 	{ cf-expansion-factor :         1 }
redis       | 1:M 22 Jul 2025 17:07:27.087 * <bf> 	{ cf-max-expansions   :        32 }
redis       | 1:M 22 Jul 2025 17:07:27.087 * <bf> ]
redis       | 1:M 22 Jul 2025 17:07:27.087 * Module 'bf' loaded from /usr/local/lib/redis/modules//redisbloom.so
redis       | 1:M 22 Jul 2025 17:07:27.099 * <search> Redis version found by RedisSearch : 8.1.240 - oss
redis       | 1:M 22 Jul 2025 17:07:27.099 * <search> RediSearch version 8.1.90 (Git=ce7d9d3)
redis       | 1:M 22 Jul 2025 17:07:27.099 * <search> Low level api version 1 initialized successfully
redis       | 1:M 22 Jul 2025 17:07:27.099 * <search> gc: ON, prefix min length: 2, min word length to stem: 4, prefix max expansions: 200, query timeout (ms): 500, timeout policy: return, cursor read size: 1000, cursor max idle (ms): 300000, max doctable size: 1000000, max number of search results:  1000000, 
redis       | 1:M 22 Jul 2025 17:07:27.099 * <search> Initialized thread pools!
redis       | 1:M 22 Jul 2025 17:07:27.099 * <search> Disabled workers threadpool of size 0
redis       | 1:M 22 Jul 2025 17:07:27.100 * <search> Subscribe to config changes
redis       | 1:M 22 Jul 2025 17:07:27.100 * <search> Enabled role change notification
redis       | 1:M 22 Jul 2025 17:07:27.100 * <search> Cluster configuration: AUTO partitions, type: 0, coordinator timeout: 0ms
redis       | 1:M 22 Jul 2025 17:07:27.100 * <search> Register write commands
redis       | 1:M 22 Jul 2025 17:07:27.100 * Module 'search' loaded from /usr/local/lib/redis/modules//redisearch.so
redis       | 1:M 22 Jul 2025 17:07:27.101 * <timeseries> RedisTimeSeries version 80190, git_sha=3289406cfcff9c2c2b744f5e3e5bf5ba865219a1
redis       | 1:M 22 Jul 2025 17:07:27.101 * <timeseries> Redis version found by RedisTimeSeries : 8.1.240 - oss
redis       | 1:M 22 Jul 2025 17:07:27.101 * <timeseries> Registering configuration options: [
redis       | 1:M 22 Jul 2025 17:07:27.101 * <timeseries> 	{ ts-compaction-policy   :              }
redis       | 1:M 22 Jul 2025 17:07:27.101 * <timeseries> 	{ ts-num-threads         :            3 }
redis       | 1:M 22 Jul 2025 17:07:27.101 * <timeseries> 	{ ts-retention-policy    :            0 }
redis       | 1:M 22 Jul 2025 17:07:27.101 * <timeseries> 	{ ts-duplicate-policy    :        block }
redis       | 1:M 22 Jul 2025 17:07:27.101 * <timeseries> 	{ ts-chunk-size-bytes    :         4096 }
redis       | 1:M 22 Jul 2025 17:07:27.101 * <timeseries> 	{ ts-encoding            :   compressed }
redis       | 1:M 22 Jul 2025 17:07:27.101 * <timeseries> 	{ ts-ignore-max-time-diff:            0 }
redis       | 1:M 22 Jul 2025 17:07:27.101 * <timeseries> 	{ ts-ignore-max-val-diff :     0.000000 }
redis       | 1:M 22 Jul 2025 17:07:27.101 * <timeseries> ]
redis       | 1:M 22 Jul 2025 17:07:27.101 * <timeseries> Detected redis oss
redis       | 1:M 22 Jul 2025 17:07:27.101 * <timeseries> Enabled diskless replication
redis       | 1:M 22 Jul 2025 17:07:27.101 * Module 'timeseries' loaded from /usr/local/lib/redis/modules//redistimeseries.so
redis       | 1:M 22 Jul 2025 17:07:27.104 * <ReJSON> Created new data type 'ReJSON-RL'
redis       | 1:M 22 Jul 2025 17:07:27.105 * <ReJSON> version: 80190 git sha: unknown branch: unknown
redis       | 1:M 22 Jul 2025 17:07:27.105 * <ReJSON> Exported RedisJSON_V1 API
redis       | 1:M 22 Jul 2025 17:07:27.105 * <ReJSON> Exported RedisJSON_V2 API
redis       | 1:M 22 Jul 2025 17:07:27.105 * <ReJSON> Exported RedisJSON_V3 API
redis       | 1:M 22 Jul 2025 17:07:27.105 * <ReJSON> Exported RedisJSON_V4 API
redis       | 1:M 22 Jul 2025 17:07:27.105 * <ReJSON> Exported RedisJSON_V5 API
redis       | 1:M 22 Jul 2025 17:07:27.105 * <ReJSON> Enabled diskless replication
redis       | 1:M 22 Jul 2025 17:07:27.105 * <ReJSON> Initialized shared string cache, thread safe: false.
redis       | 1:M 22 Jul 2025 17:07:27.105 * Module 'ReJSON' loaded from /usr/local/lib/redis/modules//rejson.so
redis       | 1:M 22 Jul 2025 17:07:27.105 * <search> Acquired RedisJSON_V5 API
redis       | 1:M 22 Jul 2025 17:07:27.105 * Server initialized
redis       | 1:M 22 Jul 2025 17:07:27.105 * Ready to accept connections tcp
service1-1  | [CACHE] Connected with success.
service2-1  | [CACHE] Connected with success.
service2-1  | {"level":30,"time":1753204049516,"pid":1,"hostname":"a75dd42cca26","msg":"Server listening at http://127.0.0.1:3333"}
service2-1  | App rodando 🔥
service2-1  | {"level":30,"time":1753204049517,"pid":1,"hostname":"a75dd42cca26","msg":"Server listening at http://172.19.0.4:3333"}
service2-1  | {"level":30,"time":1753204049517,"pid":1,"hostname":"a75dd42cca26","msg":"Server listening at http://172.20.0.3:3333"}
service1-1  | {"level":30,"time":1753204049713,"pid":1,"hostname":"1810a58b8ef6","msg":"Server listening at http://127.0.0.1:3333"}
service1-1  | App rodando 🔥
service1-1  | {"level":30,"time":1753204049713,"pid":1,"hostname":"1810a58b8ef6","msg":"Server listening at http://172.19.0.5:3333"}
service1-1  | {"level":30,"time":1753204049713,"pid":1,"hostname":"1810a58b8ef6","msg":"Server listening at http://172.20.0.4:3333"}
service2-1  | [CACHE] Connected with success.
service1-1  | [CACHE] Connected with success.
service2-1  | {"level":30,"time":1753204052585,"pid":1,"hostname":"a75dd42cca26","reqId":"req-1","req":{"method":"GET","url":"/healthcheck","host":"localhost:3333","remoteAddress":"127.0.0.1","remotePort":35616},"msg":"incoming request"}
service2-1  | {"level":30,"time":1753204052589,"pid":1,"hostname":"a75dd42cca26","reqId":"req-1","res":{"statusCode":200},"responseTime":3.4744720458984375,"msg":"request completed"}
service1-1  | {"level":30,"time":1753204052620,"pid":1,"hostname":"1810a58b8ef6","reqId":"req-1","req":{"method":"GET","url":"/healthcheck","host":"localhost:3333","remoteAddress":"127.0.0.1","remotePort":35624},"msg":"incoming request"}
service1-1  | {"level":30,"time":1753204052623,"pid":1,"hostname":"1810a58b8ef6","reqId":"req-1","res":{"statusCode":200},"responseTime":3.304671049118042,"msg":"request completed"}
nginx-1     | /docker-entrypoint.sh: /docker-entrypoint.d/ is not empty, will attempt to perform configuration
nginx-1     | /docker-entrypoint.sh: Looking for shell scripts in /docker-entrypoint.d/
nginx-1     | /docker-entrypoint.sh: Launching /docker-entrypoint.d/10-listen-on-ipv6-by-default.sh
nginx-1     | 10-listen-on-ipv6-by-default.sh: info: Getting the checksum of /etc/nginx/conf.d/default.conf
nginx-1     | 10-listen-on-ipv6-by-default.sh: info: Enabled listen on IPv6 in /etc/nginx/conf.d/default.conf
nginx-1     | /docker-entrypoint.sh: Sourcing /docker-entrypoint.d/15-local-resolvers.envsh
nginx-1     | /docker-entrypoint.sh: Launching /docker-entrypoint.d/20-envsubst-on-templates.sh
nginx-1     | /docker-entrypoint.sh: Launching /docker-entrypoint.d/30-tune-worker-processes.sh
nginx-1     | /docker-entrypoint.sh: Configuration complete; ready for start up
service1-1  | {"level":30,"time":1753204055211,"pid":1,"hostname":"1810a58b8ef6","reqId":"req-2","req":{"method":"GET","url":"/payments-summary","host":"api","remoteAddress":"172.20.0.5","remotePort":56604},"msg":"incoming request"}
service1-1  | {"level":30,"time":1753204055214,"pid":1,"hostname":"1810a58b8ef6","reqId":"req-2","res":{"statusCode":200},"responseTime":2.296111822128296,"msg":"request completed"}
service2-1  | {"level":30,"time":1753204057809,"pid":1,"hostname":"a75dd42cca26","reqId":"req-2","req":{"method":"GET","url":"/healthcheck","host":"localhost:3333","remoteAddress":"127.0.0.1","remotePort":35634},"msg":"incoming request"}
service2-1  | {"level":30,"time":1753204057810,"pid":1,"hostname":"a75dd42cca26","reqId":"req-2","res":{"statusCode":200},"responseTime":0.6920559406280518,"msg":"request completed"}
service1-1  | {"level":30,"time":1753204057884,"pid":1,"hostname":"1810a58b8ef6","reqId":"req-3","req":{"method":"GET","url":"/healthcheck","host":"localhost:3333","remoteAddress":"127.0.0.1","remotePort":35640},"msg":"incoming request"}
service1-1  | {"level":30,"time":1753204057885,"pid":1,"hostname":"1810a58b8ef6","reqId":"req-3","res":{"statusCode":200},"responseTime":0.5970001220703125,"msg":"request completed"}
service2-1  | {"level":30,"time":1753204061023,"pid":1,"hostname":"a75dd42cca26","reqId":"req-3","req":{"method":"POST","url":"/purge-payments","host":"api","remoteAddress":"172.20.0.5","remotePort":55862},"msg":"incoming request"}
service1-1  | {"level":30,"time":1753204062526,"pid":1,"hostname":"1810a58b8ef6","reqId":"req-4","req":{"method":"GET","url":"/payments-summary?from=2025-07-22T17:07:32.523Z&to=2025-07-22T17:07:42.423Z","host":"api","remoteAddress":"172.20.0.5","remotePort":56604},"msg":"incoming request"}
service1-1  | {"level":30,"time":1753204062528,"pid":1,"hostname":"1810a58b8ef6","reqId":"req-4","res":{"statusCode":200},"responseTime":1.7949528694152832,"msg":"request completed"}
service2-1  | {"level":30,"time":1753204062528,"pid":1,"hostname":"a75dd42cca26","reqId":"req-4","req":{"method":"POST","url":"/payments","host":"api","remoteAddress":"172.20.0.5","remotePort":55868},"msg":"incoming request"}
service2-1  | {"level":30,"time":1753204062531,"pid":1,"hostname":"a75dd42cca26","reqId":"req-4","res":{"statusCode":202},"responseTime":2.626138925552368,"msg":"request completed"}
service1-1  | {"level":30,"time":1753204062634,"pid":1,"hostname":"1810a58b8ef6","reqId":"req-5","req":{"method":"POST","url":"/payments","host":"api","remoteAddress":"172.20.0.5","remotePort":56604},"msg":"incoming request"}
service1-1  | {"level":30,"time":1753204062638,"pid":1,"hostname":"1810a58b8ef6","reqId":"req-5","res":{"statusCode":202},"responseTime":3.581805944442749,"msg":"request completed"}
service2-1  | {"level":30,"time":1753204062743,"pid":1,"hostname":"a75dd42cca26","reqId":"req-5","req":{"method":"POST","url":"/payments","host":"api","remoteAddress":"172.20.0.5","remotePort":55868},"msg":"incoming request"}
service2-1  | {"level":30,"time":1753204062744,"pid":1,"hostname":"a75dd42cca26","reqId":"req-5","res":{"statusCode":202},"responseTime":1.0538618564605713,"msg":"request completed"}
service1-1  | {"level":30,"time":1753204062852,"pid":1,"hostname":"1810a58b8ef6","reqId":"req-6","req":{"method":"POST","url":"/payments","host":"api","remoteAddress":"172.20.0.5","remotePort":56604},"msg":"incoming request"}
service1-1  | {"level":30,"time":1753204062853,"pid":1,"hostname":"1810a58b8ef6","reqId":"req-6","res":{"statusCode":202},"responseTime":0.593285083770752,"msg":"request completed"}
service2-1  | {"level":30,"time":1753204062982,"pid":1,"hostname":"a75dd42cca26","reqId":"req-6","req":{"method":"POST","url":"/payments","host":"api","remoteAddress":"172.20.0.5","remotePort":55868},"msg":"incoming request"}
service2-1  | {"level":30,"time":1753204062983,"pid":1,"hostname":"a75dd42cca26","reqId":"req-6","res":{"statusCode":202},"responseTime":0.636354923248291,"msg":"request completed"}
service1-1  | {"level":30,"time":1753204063071,"pid":1,"hostname":"1810a58b8ef6","reqId":"req-7","req":{"method":"POST","url":"/payments","host":"api","remoteAddress":"172.20.0.5","remotePort":56604},"msg":"incoming request"}
service1-1  | {"level":30,"time":1753204063072,"pid":1,"hostname":"1810a58b8ef6","reqId":"req-7","res":{"statusCode":202},"responseTime":0.4028501510620117,"msg":"request completed"}
service2-1  | {"level":30,"time":1753204063096,"pid":1,"hostname":"a75dd42cca26","reqId":"req-7","req":{"method":"GET","url":"/healthcheck","host":"localhost:3333","remoteAddress":"127.0.0.1","remotePort":38206},"msg":"incoming request"}
service2-1  | {"level":30,"time":1753204063097,"pid":1,"hostname":"a75dd42cca26","reqId":"req-7","res":{"statusCode":200},"responseTime":0.5434122085571289,"msg":"request completed"}
service1-1  | {"level":30,"time":1753204063106,"pid":1,"hostname":"1810a58b8ef6","reqId":"req-8","req":{"method":"GET","url":"/healthcheck","host":"localhost:3333","remoteAddress":"127.0.0.1","remotePort":38210},"msg":"incoming request"}
service1-1  | {"level":30,"time":1753204063107,"pid":1,"hostname":"1810a58b8ef6","reqId":"req-8","res":{"statusCode":200},"responseTime":0.4974839687347412,"msg":"request completed"}
service2-1  | {"level":30,"time":1753204063181,"pid":1,"hostname":"a75dd42cca26","reqId":"req-8","req":{"method":"POST","url":"/payments","host":"api","remoteAddress":"172.20.0.5","remotePort":55868},"msg":"incoming request"}
service2-1  | {"level":30,"time":1753204063181,"pid":1,"hostname":"a75dd42cca26","reqId":"req-8","res":{"statusCode":202},"responseTime":0.5651159286499023,"msg":"request completed"}
service1-1  | {"level":30,"time":1753204063290,"pid":1,"hostname":"1810a58b8ef6","reqId":"req-9","req":{"method":"POST","url":"/payments","host":"api","remoteAddress":"172.20.0.5","remotePort":56604},"msg":"incoming request"}
service1-1  | {"level":30,"time":1753204063291,"pid":1,"hostname":"1810a58b8ef6","reqId":"req-9","res":{"statusCode":202},"responseTime":1.0749409198760986,"msg":"request completed"}
service2-1  | {"level":30,"time":1753204063400,"pid":1,"hostname":"a75dd42cca26","reqId":"req-9","req":{"method":"POST","url":"/payments","host":"api","remoteAddress":"172.20.0.5","remotePort":55868},"msg":"incoming request"}
service2-1  | {"level":30,"time":1753204063401,"pid":1,"hostname":"a75dd42cca26","reqId":"req-9","res":{"statusCode":202},"responseTime":0.8585569858551025,"msg":"request completed"}
service1-1  | {"level":30,"time":1753204063509,"pid":1,"hostname":"1810a58b8ef6","reqId":"req-a","req":{"method":"POST","url":"/payments","host":"api","remoteAddress":"172.20.0.5","remotePort":56604},"msg":"incoming request"}
service1-1  | {"level":30,"time":1753204063510,"pid":1,"hostname":"1810a58b8ef6","reqId":"req-a","res":{"statusCode":202},"responseTime":0.756633996963501,"msg":"request completed"}
service2-1  | {"level":30,"time":1753204063534,"pid":1,"hostname":"a75dd42cca26","reqId":"req-a","req":{"method":"POST","url":"/payments","host":"api","remoteAddress":"172.20.0.5","remotePort":55868},"msg":"incoming request"}
service2-1  | {"level":30,"time":1753204063535,"pid":1,"hostname":"a75dd42cca26","reqId":"req-a","res":{"statusCode":202},"responseTime":1.0219900608062744,"msg":"request completed"}
service1-1  | {"level":30,"time":1753204063618,"pid":1,"hostname":"1810a58b8ef6","reqId":"req-b","req":{"method":"POST","url":"/payments","host":"api","remoteAddress":"172.20.0.5","remotePort":56604},"msg":"incoming request"}
service1-1  | {"level":30,"time":1753204063618,"pid":1,"hostname":"1810a58b8ef6","reqId":"req-b","res":{"statusCode":202},"responseTime":0.4224660396575928,"msg":"request completed"}
service2-1  | {"level":30,"time":1753204063640,"pid":1,"hostname":"a75dd42cca26","reqId":"req-b","req":{"method":"POST","url":"/payments","host":"api","remoteAddress":"172.20.0.5","remotePort":55868},"msg":"incoming request"}
service2-1  | {"level":30,"time":1753204063640,"pid":1,"hostname":"a75dd42cca26","reqId":"req-b","res":{"statusCode":202},"responseTime":0.5438559055328369,"msg":"request completed"}
service1-1  | {"level":30,"time":1753204063728,"pid":1,"hostname":"1810a58b8ef6","reqId":"req-c","req":{"method":"POST","url":"/payments","host":"api","remoteAddress":"172.20.0.5","remotePort":56604},"msg":"incoming request"}
service1-1  | {"level":30,"time":1753204063728,"pid":1,"hostname":"1810a58b8ef6","reqId":"req-c","res":{"statusCode":202},"responseTime":0.46111583709716797,"msg":"request completed"}
service2-1  | {"level":30,"time":1753204063746,"pid":1,"hostname":"a75dd42cca26","reqId":"req-c","req":{"method":"POST","url":"/payments","host":"api","remoteAddress":"172.20.0.5","remotePort":55868},"msg":"incoming request"}
service2-1  | {"level":30,"time":1753204063747,"pid":1,"hostname":"a75dd42cca26","reqId":"req-c","res":{"statusCode":202},"responseTime":1.3143599033355713,"msg":"request completed"}
service1-1  | {"level":30,"time":1753204063836,"pid":1,"hostname":"1810a58b8ef6","reqId":"req-d","req":{"method":"POST","url":"/payments","host":"api","remoteAddress":"172.20.0.5","remotePort":56604},"msg":"incoming request"}
service1-1  | {"level":30,"time":1753204063837,"pid":1,"hostname":"1810a58b8ef6","reqId":"req-d","res":{"statusCode":202},"responseTime":0.4212820529937744,"msg":"request completed"}
service2-1  | {"level":30,"time":1753204063855,"pid":1,"hostname":"a75dd42cca26","reqId":"req-d","req":{"method":"POST","url":"/payments","host":"api","remoteAddress":"172.20.0.5","remotePort":55868},"msg":"incoming request"}
service2-1  | {"level":30,"time":1753204063856,"pid":1,"hostname":"a75dd42cca26","reqId":"req-d","res":{"statusCode":202},"responseTime":0.713874101638794,"msg":"request completed"}
service1-1  | {"level":30,"time":1753204063945,"pid":1,"hostname":"1810a58b8ef6","reqId":"req-e","req":{"method":"POST","url":"/payments","host":"api","remoteAddress":"172.20.0.5","remotePort":56604},"msg":"incoming request"}
service1-1  | {"level":30,"time":1753204063946,"pid":1,"hostname":"1810a58b8ef6","reqId":"req-e","res":{"statusCode":202},"responseTime":0.9913361072540283,"msg":"request completed"}
service2-1  | {"level":30,"time":1753204063984,"pid":1,"hostname":"a75dd42cca26","reqId":"req-e","req":{"method":"POST","url":"/payments","host":"api","remoteAddress":"172.20.0.5","remotePort":55868},"msg":"incoming request"}
service2-1  | {"level":30,"time":1753204063985,"pid":1,"hostname":"a75dd42cca26","reqId":"req-e","res":{"statusCode":202},"responseTime":0.4466118812561035,"msg":"request completed"}
service1-1  | {"level":30,"time":1753204064055,"pid":1,"hostname":"1810a58b8ef6","reqId":"req-f","req":{"method":"POST","url":"/payments","host":"api","remoteAddress":"172.20.0.5","remotePort":56604},"msg":"incoming request"}
service1-1  | {"level":30,"time":1753204064055,"pid":1,"hostname":"1810a58b8ef6","reqId":"req-f","res":{"statusCode":202},"responseTime":0.5345938205718994,"msg":"request completed"}
service2-1  | {"level":30,"time":1753204064073,"pid":1,"hostname":"a75dd42cca26","reqId":"req-f","req":{"method":"POST","url":"/payments","host":"api","remoteAddress":"172.20.0.5","remotePort":55868},"msg":"incoming request"}
service2-1  | {"level":30,"time":1753204064074,"pid":1,"hostname":"a75dd42cca26","reqId":"req-f","res":{"statusCode":202},"responseTime":0.5037970542907715,"msg":"request completed"}
service1-1  | {"level":30,"time":1753204064164,"pid":1,"hostname":"1810a58b8ef6","reqId":"req-g","req":{"method":"POST","url":"/payments","host":"api","remoteAddress":"172.20.0.5","remotePort":56604},"msg":"incoming request"}
service1-1  | {"level":30,"time":1753204064165,"pid":1,"hostname":"1810a58b8ef6","reqId":"req-g","res":{"statusCode":202},"responseTime":0.5118408203125,"msg":"request completed"}
service2-1  | {"level":30,"time":1753204064183,"pid":1,"hostname":"a75dd42cca26","reqId":"req-g","req":{"method":"POST","url":"/payments","host":"api","remoteAddress":"172.20.0.5","remotePort":55868},"msg":"incoming request"}
service2-1  | {"level":30,"time":1753204064184,"pid":1,"hostname":"a75dd42cca26","reqId":"req-g","res":{"statusCode":202},"responseTime":0.5630538463592529,"msg":"request completed"}
service1-1  | {"level":30,"time":1753204064274,"pid":1,"hostname":"1810a58b8ef6","reqId":"req-h","req":{"method":"POST","url":"/payments","host":"api","remoteAddress":"172.20.0.5","remotePort":56604},"msg":"incoming request"}
service1-1  | {"level":30,"time":1753204064274,"pid":1,"hostname":"1810a58b8ef6","reqId":"req-h","res":{"statusCode":202},"responseTime":0.35301899909973145,"msg":"request completed"}
service2-1  | {"level":30,"time":1753204064293,"pid":1,"hostname":"a75dd42cca26","reqId":"req-h","req":{"method":"POST","url":"/payments","host":"api","remoteAddress":"172.20.0.5","remotePort":55868},"msg":"incoming request"}
service2-1  | {"level":30,"time":1753204064293,"pid":1,"hostname":"a75dd42cca26","reqId":"req-h","res":{"statusCode":202},"responseTime":0.48810386657714844,"msg":"request completed"}
service1-1  | {"level":30,"time":1753204064383,"pid":1,"hostname":"1810a58b8ef6","reqId":"req-i","req":{"method":"POST","url":"/payments","host":"api","remoteAddress":"172.20.0.5","remotePort":56604},"msg":"incoming request"}
service1-1  | {"level":30,"time":1753204064383,"pid":1,"hostname":"1810a58b8ef6","reqId":"req-i","res":{"statusCode":202},"responseTime":0.5068788528442383,"msg":"request completed"}
service2-1  | {"level":30,"time":1753204064402,"pid":1,"hostname":"a75dd42cca26","reqId":"req-i","req":{"method":"POST","url":"/payments","host":"api","remoteAddress":"172.20.0.5","remotePort":55868},"msg":"incoming request"}
service2-1  | {"level":30,"time":1753204064402,"pid":1,"hostname":"a75dd42cca26","reqId":"req-i","res":{"statusCode":202},"responseTime":0.4803190231323242,"msg":"request completed"}
service1-1  | {"level":30,"time":1753204064492,"pid":1,"hostname":"1810a58b8ef6","reqId":"req-j","req":{"method":"POST","url":"/payments","host":"api","remoteAddress":"172.20.0.5","remotePort":56604},"msg":"incoming request"}
service1-1  | {"level":30,"time":1753204064492,"pid":1,"hostname":"1810a58b8ef6","reqId":"req-j","res":{"statusCode":202},"responseTime":0.489577054977417,"msg":"request completed"}
service2-1  | {"level":30,"time":1753204064511,"pid":1,"hostname":"a75dd42cca26","reqId":"req-j","req":{"method":"POST","url":"/payments","host":"api","remoteAddress":"172.20.0.5","remotePort":55868},"msg":"incoming request"}
service2-1  | {"level":30,"time":1753204064512,"pid":1,"hostname":"a75dd42cca26","reqId":"req-j","res":{"statusCode":202},"responseTime":0.36348605155944824,"msg":"request completed"}
service1-1  | {"level":30,"time":1753204064537,"pid":1,"hostname":"1810a58b8ef6","reqId":"req-k","req":{"method":"POST","url":"/payments","host":"api","remoteAddress":"172.20.0.5","remotePort":56604},"msg":"incoming request"}
service1-1  | {"level":30,"time":1753204064538,"pid":1,"hostname":"1810a58b8ef6","reqId":"req-k","res":{"statusCode":202},"responseTime":0.40029001235961914,"msg":"request completed"}
service2-1  | {"level":30,"time":1753204064618,"pid":1,"hostname":"a75dd42cca26","reqId":"req-k","req":{"method":"POST","url":"/payments","host":"api","remoteAddress":"172.20.0.5","remotePort":55868},"msg":"incoming request"}
service2-1  | {"level":30,"time":1753204064618,"pid":1,"hostname":"a75dd42cca26","reqId":"req-k","res":{"statusCode":202},"responseTime":0.4593379497528076,"msg":"request completed"}
service1-1  | {"level":30,"time":1753204064619,"pid":1,"hostname":"1810a58b8ef6","reqId":"req-l","req":{"method":"POST","url":"/payments","host":"api","remoteAddress":"172.20.0.5","remotePort":56604},"msg":"incoming request"}
service1-1  | {"level":30,"time":1753204064620,"pid":1,"hostname":"1810a58b8ef6","reqId":"req-l","res":{"statusCode":202},"responseTime":0.725071907043457,"msg":"request completed"}
service2-1  | {"level":30,"time":1753204064642,"pid":1,"hostname":"a75dd42cca26","reqId":"req-l","req":{"method":"POST","url":"/payments","host":"api","remoteAddress":"172.20.0.5","remotePort":55868},"msg":"incoming request"}
service2-1  | {"level":30,"time":1753204064642,"pid":1,"hostname":"a75dd42cca26","reqId":"req-l","res":{"statusCode":202},"responseTime":0.30202293395996094,"msg":"request completed"}
service1-1  | {"level":30,"time":1753204064710,"pid":1,"hostname":"1810a58b8ef6","reqId":"req-m","req":{"method":"POST","url":"/payments","host":"api","remoteAddress":"172.20.0.5","remotePort":56604},"msg":"incoming request"}
service1-1  | {"level":30,"time":1753204064711,"pid":1,"hostname":"1810a58b8ef6","reqId":"req-m","res":{"statusCode":202},"responseTime":0.4807929992675781,"msg":"request completed"}
service2-1  | {"level":30,"time":1753204064730,"pid":1,"hostname":"a75dd42cca26","reqId":"req-m","req":{"method":"POST","url":"/payments","host":"api","remoteAddress":"172.20.0.5","remotePort":55868},"msg":"incoming request"}
service2-1  | {"level":30,"time":1753204064731,"pid":1,"hostname":"a75dd42cca26","reqId":"req-m","res":{"statusCode":202},"responseTime":0.4220578670501709,"msg":"request completed"}
service1-1  | {"level":30,"time":1753204064749,"pid":1,"hostname":"1810a58b8ef6","reqId":"req-n","req":{"method":"POST","url":"/payments","host":"api","remoteAddress":"172.20.0.5","remotePort":56604},"msg":"incoming request"}
service1-1  | {"level":30,"time":1753204064750,"pid":1,"hostname":"1810a58b8ef6","reqId":"req-n","res":{"statusCode":202},"responseTime":0.4937469959259033,"msg":"request completed"}
service2-1  | {"level":30,"time":1753204064821,"pid":1,"hostname":"a75dd42cca26","reqId":"req-n","req":{"method":"POST","url":"/payments","host":"api","remoteAddress":"172.20.0.5","remotePort":55868},"msg":"incoming request"}
service2-1  | {"level":30,"time":1753204064821,"pid":1,"hostname":"a75dd42cca26","reqId":"req-n","res":{"statusCode":202},"responseTime":0.49854516983032227,"msg":"request completed"}
service1-1  | {"level":30,"time":1753204064838,"pid":1,"hostname":"1810a58b8ef6","reqId":"req-o","req":{"method":"POST","url":"/payments","host":"api","remoteAddress":"172.20.0.5","remotePort":56604},"msg":"incoming request"}
service1-1  | {"level":30,"time":1753204064839,"pid":1,"hostname":"1810a58b8ef6","reqId":"req-o","res":{"statusCode":202},"responseTime":0.4754068851470947,"msg":"request completed"}
service2-1  | {"level":30,"time":1753204064858,"pid":1,"hostname":"a75dd42cca26","reqId":"req-o","req":{"method":"POST","url":"/payments","host":"api","remoteAddress":"172.20.0.5","remotePort":55868},"msg":"incoming request"}
service2-1  | {"level":30,"time":1753204064858,"pid":1,"hostname":"a75dd42cca26","reqId":"req-o","res":{"statusCode":202},"responseTime":0.48845601081848145,"msg":"request completed"}
service1-1  | {"level":30,"time":1753204064929,"pid":1,"hostname":"1810a58b8ef6","reqId":"req-p","req":{"method":"POST","url":"/payments","host":"api","remoteAddress":"172.20.0.5","remotePort":56604},"msg":"incoming request"}
service1-1  | {"level":30,"time":1753204064929,"pid":1,"hostname":"1810a58b8ef6","reqId":"req-p","res":{"statusCode":202},"responseTime":0.31041717529296875,"msg":"request completed"}
service2-1  | {"level":30,"time":1753204064948,"pid":1,"hostname":"a75dd42cca26","reqId":"req-p","req":{"method":"POST","url":"/payments","host":"api","remoteAddress":"172.20.0.5","remotePort":55868},"msg":"incoming request"}
service2-1  | {"level":30,"time":1753204064948,"pid":1,"hostname":"a75dd42cca26","reqId":"req-p","res":{"statusCode":202},"responseTime":0.39928603172302246,"msg":"request completed"}
service1-1  | {"level":30,"time":1753204064986,"pid":1,"hostname":"1810a58b8ef6","reqId":"req-q","req":{"method":"POST","url":"/payments","host":"api","remoteAddress":"172.20.0.5","remotePort":56604},"msg":"incoming request"}
service1-1  | {"level":30,"time":1753204064987,"pid":1,"hostname":"1810a58b8ef6","reqId":"req-q","res":{"statusCode":202},"responseTime":0.37228989601135254,"msg":"request completed"}
service2-1  | {"level":30,"time":1753204065038,"pid":1,"hostname":"a75dd42cca26","reqId":"req-q","req":{"method":"POST","url":"/payments","host":"api","remoteAddress":"172.20.0.5","remotePort":55868},"msg":"incoming request"}
service2-1  | {"level":30,"time":1753204065039,"pid":1,"hostname":"a75dd42cca26","reqId":"req-q","res":{"statusCode":202},"responseTime":0.5729160308837891,"msg":"request completed"}
service1-1  | {"level":30,"time":1753204065057,"pid":1,"hostname":"1810a58b8ef6","reqId":"req-r","req":{"method":"POST","url":"/payments","host":"api","remoteAddress":"172.20.0.5","remotePort":56604},"msg":"incoming request"}
service1-1  | {"level":30,"time":1753204065057,"pid":1,"hostname":"1810a58b8ef6","reqId":"req-r","res":{"statusCode":202},"responseTime":0.48113417625427246,"msg":"request completed"}
service2-1  | {"level":30,"time":1753204065075,"pid":1,"hostname":"a75dd42cca26","reqId":"req-r","req":{"method":"POST","url":"/payments","host":"api","remoteAddress":"172.20.0.5","remotePort":55868},"msg":"incoming request"}
service2-1  | {"level":30,"time":1753204065076,"pid":1,"hostname":"a75dd42cca26","reqId":"req-r","res":{"statusCode":202},"responseTime":0.8389267921447754,"msg":"request completed"}
service1-1  | {"level":30,"time":1753204065147,"pid":1,"hostname":"1810a58b8ef6","reqId":"req-s","req":{"method":"POST","url":"/payments","host":"api","remoteAddress":"172.20.0.5","remotePort":56604},"msg":"incoming request"}
service1-1  | {"level":30,"time":1753204065148,"pid":1,"hostname":"1810a58b8ef6","reqId":"req-s","res":{"statusCode":202},"responseTime":0.4044010639190674,"msg":"request completed"}
service2-1  | {"level":30,"time":1753204065167,"pid":1,"hostname":"a75dd42cca26","reqId":"req-s","req":{"method":"POST","url":"/payments","host":"api","remoteAddress":"172.20.0.5","remotePort":55868},"msg":"incoming request"}
service2-1  | {"level":30,"time":1753204065167,"pid":1,"hostname":"a75dd42cca26","reqId":"req-s","res":{"statusCode":202},"responseTime":0.4622228145599365,"msg":"request completed"}
service1-1  | {"level":30,"time":1753204065186,"pid":1,"hostname":"1810a58b8ef6","reqId":"req-t","req":{"method":"POST","url":"/payments","host":"api","remoteAddress":"172.20.0.5","remotePort":56604},"msg":"incoming request"}
service1-1  | {"level":30,"time":1753204065186,"pid":1,"hostname":"1810a58b8ef6","reqId":"req-t","res":{"statusCode":202},"responseTime":0.4536139965057373,"msg":"request completed"}
service2-1  | {"level":30,"time":1753204065257,"pid":1,"hostname":"a75dd42cca26","reqId":"req-t","req":{"method":"POST","url":"/payments","host":"api","remoteAddress":"172.20.0.5","remotePort":55868},"msg":"incoming request"}
service2-1  | {"level":30,"time":1753204065258,"pid":1,"hostname":"a75dd42cca26","reqId":"req-t","res":{"statusCode":202},"responseTime":0.4728419780731201,"msg":"request completed"}
service1-1  | {"level":30,"time":1753204065276,"pid":1,"hostname":"1810a58b8ef6","reqId":"req-u","req":{"method":"POST","url":"/payments","host":"api","remoteAddress":"172.20.0.5","remotePort":56604},"msg":"incoming request"}
service1-1  | {"level":30,"time":1753204065277,"pid":1,"hostname":"1810a58b8ef6","reqId":"req-u","res":{"statusCode":202},"responseTime":0.35201001167297363,"msg":"request completed"}
service2-1  | {"level":30,"time":1753204065295,"pid":1,"hostname":"a75dd42cca26","reqId":"req-u","req":{"method":"POST","url":"/payments","host":"api","remoteAddress":"172.20.0.5","remotePort":55868},"msg":"incoming request"}
service2-1  | {"level":30,"time":1753204065296,"pid":1,"hostname":"a75dd42cca26","reqId":"req-u","res":{"statusCode":202},"responseTime":0.44730186462402344,"msg":"request completed"}
service1-1  | {"level":30,"time":1753204065367,"pid":1,"hostname":"1810a58b8ef6","reqId":"req-v","req":{"method":"POST","url":"/payments","host":"api","remoteAddress":"172.20.0.5","remotePort":56604},"msg":"incoming request"}
service1-1  | {"level":30,"time":1753204065367,"pid":1,"hostname":"1810a58b8ef6","reqId":"req-v","res":{"statusCode":202},"responseTime":0.42232203483581543,"msg":"request completed"}
service2-1  | {"level":30,"time":1753204065385,"pid":1,"hostname":"a75dd42cca26","reqId":"req-v","req":{"method":"POST","url":"/payments","host":"api","remoteAddress":"172.20.0.5","remotePort":55868},"msg":"incoming request"}
service2-1  | {"level":30,"time":1753204065386,"pid":1,"hostname":"a75dd42cca26","reqId":"req-v","res":{"statusCode":202},"responseTime":0.47663092613220215,"msg":"request completed"}
service1-1  | {"level":30,"time":1753204065404,"pid":1,"hostname":"1810a58b8ef6","reqId":"req-w","req":{"method":"POST","url":"/payments","host":"api","remoteAddress":"172.20.0.5","remotePort":56604},"msg":"incoming request"}
service1-1  | {"level":30,"time":1753204065405,"pid":1,"hostname":"1810a58b8ef6","reqId":"req-w","res":{"statusCode":202},"responseTime":0.44986701011657715,"msg":"request completed"}
service2-1  | {"level":30,"time":1753204065476,"pid":1,"hostname":"a75dd42cca26","reqId":"req-w","req":{"method":"POST","url":"/payments","host":"api","remoteAddress":"172.20.0.5","remotePort":55868},"msg":"incoming request"}
service2-1  | {"level":30,"time":1753204065476,"pid":1,"hostname":"a75dd42cca26","reqId":"req-w","res":{"statusCode":202},"responseTime":0.5045490264892578,"msg":"request completed"}
service1-1  | {"level":30,"time":1753204065494,"pid":1,"hostname":"1810a58b8ef6","reqId":"req-x","req":{"method":"POST","url":"/payments","host":"api","remoteAddress":"172.20.0.5","remotePort":56604},"msg":"incoming request"}
service1-1  | {"level":30,"time":1753204065494,"pid":1,"hostname":"1810a58b8ef6","reqId":"req-x","res":{"statusCode":202},"responseTime":0.4339878559112549,"msg":"request completed"}
service2-1  | {"level":30,"time":1753204065513,"pid":1,"hostname":"a75dd42cca26","reqId":"req-x","req":{"method":"POST","url":"/payments","host":"api","remoteAddress":"172.20.0.5","remotePort":55868},"msg":"incoming request"}
service2-1  | {"level":30,"time":1753204065514,"pid":1,"hostname":"a75dd42cca26","reqId":"req-x","res":{"statusCode":202},"responseTime":0.45160579681396484,"msg":"request completed"}
service1-1  | {"level":30,"time":1753204065539,"pid":1,"hostname":"1810a58b8ef6","reqId":"req-y","req":{"method":"POST","url":"/payments","host":"api","remoteAddress":"172.20.0.5","remotePort":56604},"msg":"incoming request"}
service1-1  | {"level":30,"time":1753204065540,"pid":1,"hostname":"1810a58b8ef6","reqId":"req-y","res":{"statusCode":202},"responseTime":0.43146514892578125,"msg":"request completed"}
service2-1  | {"level":30,"time":1753204065584,"pid":1,"hostname":"a75dd42cca26","reqId":"req-y","req":{"method":"POST","url":"/payments","host":"api","remoteAddress":"172.20.0.5","remotePort":55868},"msg":"incoming request"}
service2-1  | {"level":30,"time":1753204065585,"pid":1,"hostname":"a75dd42cca26","reqId":"req-y","res":{"statusCode":202},"responseTime":0.3991248607635498,"msg":"request completed"}
service1-1  | {"level":30,"time":1753204065620,"pid":1,"hostname":"1810a58b8ef6","reqId":"req-z","req":{"method":"POST","url":"/payments","host":"api","remoteAddress":"172.20.0.5","remotePort":56604},"msg":"incoming request"}
service2-1  | {"level":30,"time":1753204065621,"pid":1,"hostname":"a75dd42cca26","reqId":"req-z","req":{"method":"POST","url":"/payments","host":"api","remoteAddress":"172.20.0.5","remotePort":55868},"msg":"incoming request"}
service1-1  | {"level":30,"time":1753204065621,"pid":1,"hostname":"1810a58b8ef6","reqId":"req-z","res":{"statusCode":202},"responseTime":0.337116003036499,"msg":"request completed"}
service2-1  | {"level":30,"time":1753204065621,"pid":1,"hostname":"a75dd42cca26","reqId":"req-z","res":{"statusCode":202},"responseTime":0.3135390281677246,"msg":"request completed"}
service1-1  | {"level":30,"time":1753204065644,"pid":1,"hostname":"1810a58b8ef6","reqId":"req-10","req":{"method":"POST","url":"/payments","host":"api","remoteAddress":"172.20.0.5","remotePort":56604},"msg":"incoming request"}
service1-1  | {"level":30,"time":1753204065644,"pid":1,"hostname":"1810a58b8ef6","reqId":"req-10","res":{"statusCode":202},"responseTime":0.35419607162475586,"msg":"request completed"}
service2-1  | {"level":30,"time":1753204065694,"pid":1,"hostname":"a75dd42cca26","reqId":"req-10","req":{"method":"POST","url":"/payments","host":"api","remoteAddress":"172.20.0.5","remotePort":55868},"msg":"incoming request"}
service2-1  | {"level":30,"time":1753204065694,"pid":1,"hostname":"a75dd42cca26","reqId":"req-10","res":{"statusCode":202},"responseTime":0.36822986602783203,"msg":"request completed"}
service1-1  | {"level":30,"time":1753204065712,"pid":1,"hostname":"1810a58b8ef6","reqId":"req-11","req":{"method":"POST","url":"/payments","host":"api","remoteAddress":"172.20.0.5","remotePort":56604},"msg":"incoming request"}
service1-1  | {"level":30,"time":1753204065713,"pid":1,"hostname":"1810a58b8ef6","reqId":"req-11","res":{"statusCode":202},"responseTime":0.4410848617553711,"msg":"request completed"}
service2-1  | {"level":30,"time":1753204065732,"pid":1,"hostname":"a75dd42cca26","reqId":"req-11","req":{"method":"POST","url":"/payments","host":"api","remoteAddress":"172.20.0.5","remotePort":55868},"msg":"incoming request"}
service2-1  | {"level":30,"time":1753204065733,"pid":1,"hostname":"a75dd42cca26","reqId":"req-11","res":{"statusCode":202},"responseTime":0.4216461181640625,"msg":"request completed"}
service1-1  | {"level":30,"time":1753204065751,"pid":1,"hostname":"1810a58b8ef6","reqId":"req-12","req":{"method":"POST","url":"/payments","host":"api","remoteAddress":"172.20.0.5","remotePort":56604},"msg":"incoming request"}
service1-1  | {"level":30,"time":1753204065752,"pid":1,"hostname":"1810a58b8ef6","reqId":"req-12","res":{"statusCode":202},"responseTime":0.4684889316558838,"msg":"request completed"}
service2-1  | {"level":30,"time":1753204065803,"pid":1,"hostname":"a75dd42cca26","reqId":"req-12","req":{"method":"POST","url":"/payments","host":"api","remoteAddress":"172.20.0.5","remotePort":55868},"msg":"incoming request"}
service2-1  | {"level":30,"time":1753204065804,"pid":1,"hostname":"a75dd42cca26","reqId":"req-12","res":{"statusCode":202},"responseTime":0.4549438953399658,"msg":"request completed"}
service1-1  | {"level":30,"time":1753204065823,"pid":1,"hostname":"1810a58b8ef6","reqId":"req-13","req":{"method":"POST","url":"/payments","host":"api","remoteAddress":"172.20.0.5","remotePort":56604},"msg":"incoming request"}
service1-1  | {"level":30,"time":1753204065823,"pid":1,"hostname":"1810a58b8ef6","reqId":"req-13","res":{"statusCode":202},"responseTime":0.32730817794799805,"msg":"request completed"}
service2-1  | {"level":30,"time":1753204065841,"pid":1,"hostname":"a75dd42cca26","reqId":"req-13","req":{"method":"POST","url":"/payments","host":"api","remoteAddress":"172.20.0.5","remotePort":55868},"msg":"incoming request"}
service2-1  | {"level":30,"time":1753204065841,"pid":1,"hostname":"a75dd42cca26","reqId":"req-13","res":{"statusCode":202},"responseTime":0.33931398391723633,"msg":"request completed"}
service1-1  | {"level":30,"time":1753204065859,"pid":1,"hostname":"1810a58b8ef6","reqId":"req-14","req":{"method":"POST","url":"/payments","host":"api","remoteAddress":"172.20.0.5","remotePort":56604},"msg":"incoming request"}
service1-1  | {"level":30,"time":1753204065860,"pid":1,"hostname":"1810a58b8ef6","reqId":"req-14","res":{"statusCode":202},"responseTime":0.41876888275146484,"msg":"request completed"}
service2-1  | {"level":30,"time":1753204065913,"pid":1,"hostname":"a75dd42cca26","reqId":"req-14","req":{"method":"POST","url":"/payments","host":"api","remoteAddress":"172.20.0.5","remotePort":55868},"msg":"incoming request"}
service2-1  | {"level":30,"time":1753204065913,"pid":1,"hostname":"a75dd42cca26","reqId":"req-14","res":{"statusCode":202},"responseTime":0.46631789207458496,"msg":"request completed"}
service1-1  | {"level":30,"time":1753204065931,"pid":1,"hostname":"1810a58b8ef6","reqId":"req-15","req":{"method":"POST","url":"/payments","host":"api","remoteAddress":"172.20.0.5","remotePort":56604},"msg":"incoming request"}
service1-1  | {"level":30,"time":1753204065931,"pid":1,"hostname":"1810a58b8ef6","reqId":"req-15","res":{"statusCode":202},"responseTime":0.348038911819458,"msg":"request completed"}
service2-1  | {"level":30,"time":1753204065950,"pid":1,"hostname":"a75dd42cca26","reqId":"req-15","req":{"method":"POST","url":"/payments","host":"api","remoteAddress":"172.20.0.5","remotePort":55868},"msg":"incoming request"}
service2-1  | {"level":30,"time":1753204065950,"pid":1,"hostname":"a75dd42cca26","reqId":"req-15","res":{"statusCode":202},"responseTime":0.4920830726623535,"msg":"request completed"}
service1-1  | {"level":30,"time":1753204065988,"pid":1,"hostname":"1810a58b8ef6","reqId":"req-16","req":{"method":"POST","url":"/payments","host":"api","remoteAddress":"172.20.0.5","remotePort":56604},"msg":"incoming request"}
service1-1  | {"level":30,"time":1753204065989,"pid":1,"hostname":"1810a58b8ef6","reqId":"req-16","res":{"statusCode":202},"responseTime":0.39146900177001953,"msg":"request completed"}
service2-1  | {"level":30,"time":1753204066022,"pid":1,"hostname":"a75dd42cca26","reqId":"req-16","req":{"method":"POST","url":"/payments","host":"api","remoteAddress":"172.20.0.5","remotePort":55868},"msg":"incoming request"}
service2-1  | {"level":30,"time":1753204066023,"pid":1,"hostname":"a75dd42cca26","reqId":"req-16","res":{"statusCode":202},"responseTime":0.3558199405670166,"msg":"request completed"}
service1-1  | {"level":30,"time":1753204066041,"pid":1,"hostname":"1810a58b8ef6","reqId":"req-17","req":{"method":"POST","url":"/payments","host":"api","remoteAddress":"172.20.0.5","remotePort":56604},"msg":"incoming request"}
service1-1  | {"level":30,"time":1753204066041,"pid":1,"hostname":"1810a58b8ef6","reqId":"req-17","res":{"statusCode":202},"responseTime":0.5610401630401611,"msg":"request completed"}
service2-1  | {"level":30,"time":1753204066064,"pid":1,"hostname":"a75dd42cca26","reqId":"req-17","req":{"method":"POST","url":"/payments","host":"api","remoteAddress":"172.20.0.5","remotePort":55868},"msg":"incoming request"}
service2-1  | {"level":30,"time":1753204066065,"pid":1,"hostname":"a75dd42cca26","reqId":"req-17","res":{"statusCode":202},"responseTime":0.30406808853149414,"msg":"request completed"}
service1-1  | {"level":30,"time":1753204066087,"pid":1,"hostname":"1810a58b8ef6","reqId":"req-18","req":{"method":"POST","url":"/payments","host":"api","remoteAddress":"172.20.0.5","remotePort":56604},"msg":"incoming request"}
service1-1  | {"level":30,"time":1753204066087,"pid":1,"hostname":"1810a58b8ef6","reqId":"req-18","res":{"statusCode":202},"responseTime":0.5368599891662598,"msg":"request completed"}
service2-1  | {"level":30,"time":1753204066131,"pid":1,"hostname":"a75dd42cca26","reqId":"req-18","req":{"method":"POST","url":"/payments","host":"api","remoteAddress":"172.20.0.5","remotePort":55868},"msg":"incoming request"}
service2-1  | {"level":30,"time":1753204066131,"pid":1,"hostname":"a75dd42cca26","reqId":"req-18","res":{"statusCode":202},"responseTime":0.2931520938873291,"msg":"request completed"}
service1-1  | {"level":30,"time":1753204066150,"pid":1,"hostname":"1810a58b8ef6","reqId":"req-19","req":{"method":"POST","url":"/payments","host":"api","remoteAddress":"172.20.0.5","remotePort":56604},"msg":"incoming request"}
service1-1  | {"level":30,"time":1753204066150,"pid":1,"hostname":"1810a58b8ef6","reqId":"req-19","res":{"statusCode":202},"responseTime":0.4877350330352783,"msg":"request completed"}
service2-1  | {"level":30,"time":1753204066169,"pid":1,"hostname":"a75dd42cca26","reqId":"req-19","req":{"method":"POST","url":"/payments","host":"api","remoteAddress":"172.20.0.5","remotePort":55868},"msg":"incoming request"}
service2-1  | {"level":30,"time":1753204066170,"pid":1,"hostname":"a75dd42cca26","reqId":"req-19","res":{"statusCode":202},"responseTime":0.5327119827270508,"msg":"request completed"}
service1-1  | {"level":30,"time":1753204066188,"pid":1,"hostname":"1810a58b8ef6","reqId":"req-1a","req":{"method":"POST","url":"/payments","host":"api","remoteAddress":"172.20.0.5","remotePort":56604},"msg":"incoming request"}
service1-1  | {"level":30,"time":1753204066188,"pid":1,"hostname":"1810a58b8ef6","reqId":"req-1a","res":{"statusCode":202},"responseTime":0.42438197135925293,"msg":"request completed"}
service2-1  | {"level":30,"time":1753204066240,"pid":1,"hostname":"a75dd42cca26","reqId":"req-1a","req":{"method":"POST","url":"/payments","host":"api","remoteAddress":"172.20.0.5","remotePort":55868},"msg":"incoming request"}
service2-1  | {"level":30,"time":1753204066241,"pid":1,"hostname":"a75dd42cca26","reqId":"req-1a","res":{"statusCode":202},"responseTime":0.4307379722595215,"msg":"request completed"}
service1-1  | {"level":30,"time":1753204066259,"pid":1,"hostname":"1810a58b8ef6","reqId":"req-1b","req":{"method":"POST","url":"/payments","host":"api","remoteAddress":"172.20.0.5","remotePort":56604},"msg":"incoming request"}
service1-1  | {"level":30,"time":1753204066260,"pid":1,"hostname":"1810a58b8ef6","reqId":"req-1b","res":{"statusCode":202},"responseTime":0.4543612003326416,"msg":"request completed"}
service2-1  | {"level":30,"time":1753204066279,"pid":1,"hostname":"a75dd42cca26","reqId":"req-1b","req":{"method":"POST","url":"/payments","host":"api","remoteAddress":"172.20.0.5","remotePort":55868},"msg":"incoming request"}
service2-1  | {"level":30,"time":1753204066279,"pid":1,"hostname":"a75dd42cca26","reqId":"req-1b","res":{"statusCode":202},"responseTime":0.3748290538787842,"msg":"request completed"}
