
 haproxy Pulling 
 jvpayments-1 Pulling 
 jvpayments-2 Pulling 
 9824c27679d3 Already exists 
 4f4fb700ef54 Pulling fs layer 
 7c3b32e64b22 Pulling fs layer 
 haproxy Pulled 
 9824c27679d3 Already exists 
 4f4fb700ef54 Pulling fs layer 
 7c3b32e64b22 Pulling fs layer 
 4f4fb700ef54 Download complete 
 4f4fb700ef54 Extracting [==================================================>]      32B/32B
 4f4fb700ef54 Downloading [==================================================>]      32B/32B
 4f4fb700ef54 Download complete 
 4f4fb700ef54 Extracting [==================================================>]      32B/32B
 4f4fb700ef54 Extracting [==================================================>]      32B/32B
 4f4fb700ef54 Extracting [==================================================>]      32B/32B
 4f4fb700ef54 Pull complete 
 4f4fb700ef54 Pull complete 
 7c3b32e64b22 Downloading [>                                                  ]  78.22kB/7.548MB
 7c3b32e64b22 Downloading [>                                                  ]  78.22kB/7.548MB
 7c3b32e64b22 Downloading [===========>                                       ]   1.72MB/7.548MB
 7c3b32e64b22 Downloading [===========>                                       ]   1.72MB/7.548MB
 7c3b32e64b22 Download complete 
 7c3b32e64b22 Verifying Checksum 
 7c3b32e64b22 Download complete 
 7c3b32e64b22 Extracting [>                                                  ]   98.3kB/7.548MB
 7c3b32e64b22 Extracting [>                                                  ]   98.3kB/7.548MB
 7c3b32e64b22 Extracting [===================================>               ]  5.407MB/7.548MB
 7c3b32e64b22 Extracting [===================================>               ]  5.407MB/7.548MB
 7c3b32e64b22 Extracting [==================================================>]  7.548MB/7.548MB
 7c3b32e64b22 Extracting [==================================================>]  7.548MB/7.548MB
 7c3b32e64b22 Extracting [==================================================>]  7.548MB/7.548MB
 7c3b32e64b22 Extracting [==================================================>]  7.548MB/7.548MB
 7c3b32e64b22 Pull complete 
 7c3b32e64b22 Pull complete 
 jvpayments-1 Pulled 
 jvpayments-2 Pulled 
 Network jvcouto-go_app  Creating
 Network jvcouto-go_app  Created
 Container jvcouto-go-redis-1  Creating
 Container jvcouto-go-redis-1  Created
 Container jvcouto-go-jvpayments-2-1  Creating
 Container jvcouto-go-jvpayments-1-1  Creating
 Container jvcouto-go-jvpayments-1-1  Created
 Container jvcouto-go-jvpayments-2-1  Created
 Container jvcouto-go-haproxy-1  Creating
 Container jvcouto-go-haproxy-1  Created
Attaching to haproxy-1, jvpayments-1-1, jvpayments-2-1, redis-1
redis-1         | 1:C 04 Aug 2025 23:08:40.776 # WARNING Memory overcommit must be enabled! Without it, a background save or replication may fail under low memory condition. Being disabled, it can also cause failures without low memory condition, see https://github.com/jemalloc/jemalloc/issues/1328. To fix this issue add 'vm.overcommit_memory = 1' to /etc/sysctl.conf and then reboot or run the command 'sysctl vm.overcommit_memory=1' for this to take effect.
redis-1         | 1:C 04 Aug 2025 23:08:40.776 * oO0OoO0OoO0Oo Redis is starting oO0OoO0OoO0Oo
redis-1         | 1:C 04 Aug 2025 23:08:40.776 * Redis version=7.4.5, bits=64, commit=00000000, modified=0, pid=1, just started
redis-1         | 1:C 04 Aug 2025 23:08:40.776 * Configuration loaded
redis-1         | 1:M 04 Aug 2025 23:08:40.777 * monotonic clock: POSIX clock_gettime
redis-1         | 1:M 04 Aug 2025 23:08:40.779 * Running mode=standalone, port=6379.
redis-1         | 1:M 04 Aug 2025 23:08:40.779 * Server initialized
redis-1         | 1:M 04 Aug 2025 23:08:40.779 * Ready to accept connections tcp
jvpayments-2-1  | 2025/08/04 23:08:46 Successfully connected to Redis
jvpayments-2-1  | 2025/08/04 23:08:46 Server starting on :3001
jvpayments-1-1  | 2025/08/04 23:08:46 Successfully connected to Redis
jvpayments-1-1  | 2025/08/04 23:08:46 Server starting on :3001
haproxy-1       | [NOTICE]   (1) : Initializing new worker (8)
haproxy-1       | [NOTICE]   (1) : Loading success.
jvpayments-2-1  | 2025/08/04 23:08:51 Processing heath check
haproxy-1       | 172.20.0.1:50574 [04/Aug/2025:23:08:51.597] http-in backend_servers/jvpayments-1 0/0/1/2/3 200 219 - - ---- 1/1/0/0/0 0/0 "GET /payments-summary HTTP/1.1"
jvpayments-2-1  | 2025/08/04 23:08:56 Processing heath check
haproxy-1       | 172.20.0.1:37380 [04/Aug/2025:23:08:57.293] http-in backend_servers/jvpayments-2 0/0/0/2/2 200 158 - - ---- 1/1/0/0/0 0/0 "POST /purge-payments HTTP/1.1"
jvpayments-1-1  | 2025/08/04 23:08:57 Starting processing payment
haproxy-1       | 172.20.0.1:37400 [04/Aug/2025:23:08:57.299] http-in backend_servers/jvpayments-1 0/0/0/4/4 204 89 - - ---- 3/3/1/0/0 0/0 "POST /payments HTTP/1.1"
haproxy-1       | 172.20.0.1:37394 [04/Aug/2025:23:08:57.298] http-in backend_servers/jvpayments-2 0/0/1/4/5 200 219 - - ---- 3/3/0/0/0 0/0 "GET /payments-summary?from=2025-08-04T23:08:42.298Z&to=2025-08-04T23:08:55.798Z HTTP/1.1"
jvpayments-1-1  | 2025/08/04 23:08:57 Starting processing payment
haproxy-1       | 172.20.0.1:37402 [04/Aug/2025:23:08:57.406] http-in backend_servers/jvpayments-1 0/0/0/0/0 204 89 - - ---- 4/4/0/0/0 0/0 "POST /payments HTTP/1.1"
jvpayments-2-1  | 2025/08/04 23:08:57 Starting processing payment
haproxy-1       | 172.20.0.1:37412 [04/Aug/2025:23:08:57.515] http-in backend_servers/jvpayments-2 0/0/0/3/3 204 89 - - ---- 5/5/0/0/0 0/0 "POST /payments HTTP/1.1"
jvpayments-1-1  | 2025/08/04 23:08:57 Starting processing payment
haproxy-1       | 172.20.0.1:37414 [04/Aug/2025:23:08:57.626] http-in backend_servers/jvpayments-1 0/0/0/0/0 204 89 - - ---- 6/6/0/0/0 0/0 "POST /payments HTTP/1.1"
jvpayments-2-1  | 2025/08/04 23:08:57 Starting processing payment
haproxy-1       | 172.20.0.1:37430 [04/Aug/2025:23:08:57.734] http-in backend_servers/jvpayments-2 0/0/0/0/0 204 89 - - ---- 7/7/0/0/0 0/0 "POST /payments HTTP/1.1"
jvpayments-1-1  | 2025/08/04 23:08:57 Starting processing payment
haproxy-1       | 172.20.0.1:37446 [04/Aug/2025:23:08:57.844] http-in backend_servers/jvpayments-1 0/0/0/0/0 204 89 - - ---- 8/8/0/0/0 0/0 "POST /payments HTTP/1.1"
haproxy-1       | 172.20.0.1:37456 [04/Aug/2025:23:08:57.953] http-in backend_servers/jvpayments-2 0/0/0/0/0 204 89 - - ---- 9/9/0/0/0 0/0 "POST /payments HTTP/1.1"
jvpayments-2-1  | 2025/08/04 23:08:57 Starting processing payment
jvpayments-1-1  | 2025/08/04 23:08:58 Starting processing payment
haproxy-1       | 172.20.0.1:37466 [04/Aug/2025:23:08:58.062] http-in backend_servers/jvpayments-1 0/0/0/0/0 204 89 - - ---- 10/10/0/0/0 0/0 "POST /payments HTTP/1.1"
jvpayments-2-1  | 2025/08/04 23:08:58 Starting processing payment
haproxy-1       | 172.20.0.1:37468 [04/Aug/2025:23:08:58.172] http-in backend_servers/jvpayments-2 0/0/0/0/0 204 89 - - ---- 11/11/0/0/0 0/0 "POST /payments HTTP/1.1"
jvpayments-1-1  | 2025/08/04 23:08:58 Starting processing payment
haproxy-1       | 172.20.0.1:37476 [04/Aug/2025:23:08:58.281] http-in backend_servers/jvpayments-1 0/0/0/0/0 204 89 - - ---- 12/12/0/0/0 0/0 "POST /payments HTTP/1.1"
jvpayments-2-1  | 2025/08/04 23:08:58 Starting processing payment
haproxy-1       | 172.20.0.1:37400 [04/Aug/2025:23:08:58.304] http-in backend_servers/jvpayments-2 0/0/0/1/1 204 89 - - ---- 12/12/0/0/0 0/0 "POST /payments HTTP/1.1"
jvpayments-1-1  | 2025/08/04 23:08:58 Starting processing payment
haproxy-1       | 172.20.0.1:37484 [04/Aug/2025:23:08:58.390] http-in backend_servers/jvpayments-1 0/0/0/0/0 204 89 - - ---- 13/13/0/0/0 0/0 "POST /payments HTTP/1.1"
jvpayments-2-1  | 2025/08/04 23:08:58 Starting processing payment
haproxy-1       | 172.20.0.1:37402 [04/Aug/2025:23:08:58.407] http-in backend_servers/jvpayments-2 0/0/0/1/1 204 89 - - ---- 13/13/0/0/0 0/0 "POST /payments HTTP/1.1"
jvpayments-1-1  | 2025/08/04 23:08:58 Starting processing payment
haproxy-1       | 172.20.0.1:37488 [04/Aug/2025:23:08:58.500] http-in backend_servers/jvpayments-1 0/0/0/0/0 204 89 - - ---- 14/14/0/0/0 0/0 "POST /payments HTTP/1.1"
jvpayments-2-1  | 2025/08/04 23:08:58 Starting processing payment
haproxy-1       | 172.20.0.1:37412 [04/Aug/2025:23:08:58.520] http-in backend_servers/jvpayments-2 0/0/0/0/0 204 89 - - ---- 14/14/0/0/0 0/0 "POST /payments HTTP/1.1"
jvpayments-1-1  | 2025/08/04 23:08:58 Starting processing payment
haproxy-1       | 172.20.0.1:37502 [04/Aug/2025:23:08:58.609] http-in backend_servers/jvpayments-1 0/0/0/0/0 204 89 - - ---- 15/15/0/0/0 0/0 "POST /payments HTTP/1.1"
jvpayments-2-1  | 2025/08/04 23:08:58 Starting processing payment
haproxy-1       | 172.20.0.1:37414 [04/Aug/2025:23:08:58.627] http-in backend_servers/jvpayments-2 0/0/0/0/0 204 89 - - ---- 15/15/0/0/0 0/0 "POST /payments HTTP/1.1"
jvpayments-1-1  | 2025/08/04 23:08:58 Starting processing payment
haproxy-1       | 172.20.0.1:37508 [04/Aug/2025:23:08:58.718] http-in backend_servers/jvpayments-1 0/0/0/0/0 204 89 - - ---- 16/16/0/0/0 0/0 "POST /payments HTTP/1.1"
jvpayments-2-1  | 2025/08/04 23:08:58 Starting processing payment
haproxy-1       | 172.20.0.1:37430 [04/Aug/2025:23:08:58.736] http-in backend_servers/jvpayments-2 0/0/0/0/0 204 89 - - ---- 16/16/0/0/0 0/0 "POST /payments HTTP/1.1"
haproxy-1       | 172.20.0.1:37516 [04/Aug/2025:23:08:58.828] http-in backend_servers/jvpayments-1 0/0/0/0/0 204 89 - - ---- 17/17/0/0/0 0/0 "POST /payments HTTP/1.1"
jvpayments-1-1  | 2025/08/04 23:08:58 Starting processing payment
haproxy-1       | 172.20.0.1:37446 [04/Aug/2025:23:08:58.845] http-in backend_servers/jvpayments-2 0/0/0/0/0 204 89 - - ---- 17/17/0/0/0 0/0 "POST /payments HTTP/1.1"
jvpayments-2-1  | 2025/08/04 23:08:58 Starting processing payment
jvpayments-1-1  | 2025/08/04 23:08:58 Starting processing payment
haproxy-1       | 172.20.0.1:37518 [04/Aug/2025:23:08:58.937] http-in backend_servers/jvpayments-1 0/0/0/0/0 204 89 - - ---- 18/18/0/0/0 0/0 "POST /payments HTTP/1.1"
jvpayments-2-1  | 2025/08/04 23:08:58 Starting processing payment
haproxy-1       | 172.20.0.1:37456 [04/Aug/2025:23:08:58.955] http-in backend_servers/jvpayments-2 0/0/0/0/0 204 89 - - ---- 18/18/0/0/0 0/0 "POST /payments HTTP/1.1"
jvpayments-1-1  | 2025/08/04 23:08:59 Starting processing payment
haproxy-1       | 172.20.0.1:37522 [04/Aug/2025:23:08:59.046] http-in backend_servers/jvpayments-1 0/0/0/0/0 204 89 - - ---- 19/19/0/0/0 0/0 "POST /payments HTTP/1.1"
jvpayments-2-1  | 2025/08/04 23:08:59 Starting processing payment
haproxy-1       | 172.20.0.1:37466 [04/Aug/2025:23:08:59.065] http-in backend_servers/jvpayments-2 0/0/0/0/0 204 89 - - ---- 19/19/0/0/0 0/0 "POST /payments HTTP/1.1"
jvpayments-1-1  | 2025/08/04 23:08:59 Starting processing payment
haproxy-1       | 172.20.0.1:37526 [04/Aug/2025:23:08:59.156] http-in backend_servers/jvpayments-1 0/0/0/0/0 204 89 - - ---- 20/20/0/0/0 0/0 "POST /payments HTTP/1.1"
jvpayments-2-1  | 2025/08/04 23:08:59 Starting processing payment
haproxy-1       | 172.20.0.1:37468 [04/Aug/2025:23:08:59.172] http-in backend_servers/jvpayments-2 0/0/0/1/1 204 89 - - ---- 20/20/0/0/0 0/0 "POST /payments HTTP/1.1"
jvpayments-1-1  | 2025/08/04 23:08:59 Starting processing payment
haproxy-1       | 172.20.0.1:37532 [04/Aug/2025:23:08:59.277] http-in backend_servers/jvpayments-1 0/0/0/1/1 204 89 - - ---- 21/21/0/0/0 0/0 "POST /payments HTTP/1.1"
jvpayments-2-1  | 2025/08/04 23:08:59 Starting processing payment
haproxy-1       | 172.20.0.1:37476 [04/Aug/2025:23:08:59.283] http-in backend_servers/jvpayments-2 0/0/0/0/0 204 89 - - ---- 21/21/0/0/0 0/0 "POST /payments HTTP/1.1"
jvpayments-1-1  | 2025/08/04 23:08:59 Starting processing payment
haproxy-1       | 172.20.0.1:37400 [04/Aug/2025:23:08:59.307] http-in backend_servers/jvpayments-1 0/0/0/0/0 204 89 - - ---- 21/21/0/0/0 0/0 "POST /payments HTTP/1.1"
haproxy-1       | 172.20.0.1:37544 [04/Aug/2025:23:08:59.374] http-in backend_servers/jvpayments-2 0/0/0/0/0 204 89 - - ---- 22/22/0/0/0 0/0 "POST /payments HTTP/1.1"
jvpayments-2-1  | 2025/08/04 23:08:59 Starting processing payment
haproxy-1       | 172.20.0.1:37484 [04/Aug/2025:23:08:59.391] http-in backend_servers/jvpayments-1 0/0/0/1/1 204 89 - - ---- 22/22/0/0/0 0/0 "POST /payments HTTP/1.1"
jvpayments-1-1  | 2025/08/04 23:08:59 Starting processing payment
jvpayments-2-1  | 2025/08/04 23:08:59 Starting processing payment
haproxy-1       | 172.20.0.1:37402 [04/Aug/2025:23:08:59.409] http-in backend_servers/jvpayments-2 0/0/0/0/0 204 89 - - ---- 22/22/0/0/0 0/0 "POST /payments HTTP/1.1"
jvpayments-1-1  | 2025/08/04 23:08:59 Starting processing payment
haproxy-1       | 172.20.0.1:37558 [04/Aug/2025:23:08:59.483] http-in backend_servers/jvpayments-1 0/0/0/0/0 204 89 - - ---- 23/23/0/0/0 0/0 "POST /payments HTTP/1.1"
haproxy-1       | 172.20.0.1:37488 [04/Aug/2025:23:08:59.500] http-in backend_servers/jvpayments-2 0/0/0/1/1 204 89 - - ---- 23/23/0/0/0 0/0 "POST /payments HTTP/1.1"
jvpayments-2-1  | 2025/08/04 23:08:59 Starting processing payment
jvpayments-1-1  | 2025/08/04 23:08:59 Starting processing payment
haproxy-1       | 172.20.0.1:37412 [04/Aug/2025:23:08:59.521] http-in backend_servers/jvpayments-1 0/0/0/0/0 204 89 - - ---- 23/23/0/0/0 0/0 "POST /payments HTTP/1.1"
jvpayments-2-1  | 2025/08/04 23:08:59 Starting processing payment
haproxy-1       | 172.20.0.1:37568 [04/Aug/2025:23:08:59.592] http-in backend_servers/jvpayments-2 0/0/0/0/0 204 89 - - ---- 24/24/0/0/0 0/0 "POST /payments HTTP/1.1"
jvpayments-1-1  | 2025/08/04 23:08:59 Starting processing payment
haproxy-1       | 172.20.0.1:37502 [04/Aug/2025:23:08:59.610] http-in backend_servers/jvpayments-1 0/0/0/0/0 204 89 - - ---- 24/24/0/0/0 0/0 "POST /payments HTTP/1.1"
jvpayments-2-1  | 2025/08/04 23:08:59 Starting processing payment
haproxy-1       | 172.20.0.1:37414 [04/Aug/2025:23:08:59.629] http-in backend_servers/jvpayments-2 0/0/0/0/0 204 89 - - ---- 24/24/0/0/0 0/0 "POST /payments HTTP/1.1"
jvpayments-1-1  | 2025/08/04 23:08:59 Starting processing payment
haproxy-1       | 172.20.0.1:37582 [04/Aug/2025:23:08:59.702] http-in backend_servers/jvpayments-1 0/0/0/0/0 204 89 - - ---- 25/25/0/0/0 0/0 "POST /payments HTTP/1.1"
jvpayments-2-1  | 2025/08/04 23:08:59 Starting processing payment
haproxy-1       | 172.20.0.1:37508 [04/Aug/2025:23:08:59.720] http-in backend_servers/jvpayments-2 0/0/0/0/0 204 89 - - ---- 25/25/0/0/0 0/0 "POST /payments HTTP/1.1"
jvpayments-1-1  | 2025/08/04 23:08:59 Starting processing payment
haproxy-1       | 172.20.0.1:37430 [04/Aug/2025:23:08:59.737] http-in backend_servers/jvpayments-1 0/0/0/1/1 204 89 - - ---- 25/25/0/0/0 0/0 "POST /payments HTTP/1.1"
jvpayments-2-1  | 2025/08/04 23:08:59 Starting processing payment
haproxy-1       | 172.20.0.1:37584 [04/Aug/2025:23:08:59.811] http-in backend_servers/jvpayments-2 0/0/0/0/0 204 89 - - ---- 26/26/0/0/0 0/0 "POST /payments HTTP/1.1"
jvpayments-1-1  | 2025/08/04 23:08:59 Starting processing payment
haproxy-1       | 172.20.0.1:37516 [04/Aug/2025:23:08:59.828] http-in backend_servers/jvpayments-1 0/0/0/1/1 204 89 - - ---- 26/26/0/0/0 0/0 "POST /payments HTTP/1.1"
jvpayments-2-1  | 2025/08/04 23:08:59 Starting processing payment
haproxy-1       | 172.20.0.1:37446 [04/Aug/2025:23:08:59.845] http-in backend_servers/jvpayments-2 0/0/0/1/1 204 89 - - ---- 26/26/0/0/0 0/0 "POST /payments HTTP/1.1"
jvpayments-1-1  | 2025/08/04 23:08:59 Starting processing payment
haproxy-1       | 172.20.0.1:37600 [04/Aug/2025:23:08:59.920] http-in backend_servers/jvpayments-1 0/0/0/0/0 204 89 - - ---- 27/27/0/0/0 0/0 "POST /payments HTTP/1.1"
jvpayments-2-1  | 2025/08/04 23:08:59 Starting processing payment
haproxy-1       | 172.20.0.1:37518 [04/Aug/2025:23:08:59.938] http-in backend_servers/jvpayments-2 0/0/0/0/0 204 89 - - ---- 27/27/0/0/0 0/0 "POST /payments HTTP/1.1"
jvpayments-1-1  | 2025/08/04 23:08:59 Starting processing payment
haproxy-1       | 172.20.0.1:37456 [04/Aug/2025:23:08:59.956] http-in backend_servers/jvpayments-1 0/0/0/0/0 204 89 - - ---- 27/27/0/0/0 0/0 "POST /payments HTTP/1.1"
haproxy-1       | 172.20.0.1:37610 [04/Aug/2025:23:09:00.030] http-in backend_servers/jvpayments-2 0/0/0/0/0 204 89 - - ---- 28/28/0/0/0 0/0 "POST /payments HTTP/1.1"
jvpayments-2-1  | 2025/08/04 23:09:00 Starting processing payment
jvpayments-1-1  | 2025/08/04 23:09:00 Starting processing payment
haproxy-1       | 172.20.0.1:37522 [04/Aug/2025:23:09:00.049] http-in backend_servers/jvpayments-1 0/0/0/4/4 204 89 - - ---- 28/28/0/0/0 0/0 "POST /payments HTTP/1.1"
jvpayments-2-1  | 2025/08/04 23:09:00 Starting processing payment
haproxy-1       | 172.20.0.1:37466 [04/Aug/2025:23:09:00.066] http-in backend_servers/jvpayments-2 0/0/0/0/0 204 89 - - ---- 28/28/0/0/0 0/0 "POST /payments HTTP/1.1"
jvpayments-1-1  | 2025/08/04 23:09:00 Starting processing payment
haproxy-1       | 172.20.0.1:37614 [04/Aug/2025:23:09:00.141] http-in backend_servers/jvpayments-1 0/0/0/1/1 204 89 - - ---- 29/29/0/0/0 0/0 "POST /payments HTTP/1.1"
haproxy-1       | 172.20.0.1:37526 [04/Aug/2025:23:09:00.157] http-in backend_servers/jvpayments-2 0/0/0/1/1 204 89 - - ---- 29/29/0/0/0 0/0 "POST /payments HTTP/1.1"
jvpayments-2-1  | 2025/08/04 23:09:00 Starting processing payment
haproxy-1       | 172.20.0.1:37468 [04/Aug/2025:23:09:00.174] http-in backend_servers/jvpayments-1 0/0/0/0/0 204 89 - - ---- 29/29/0/0/0 0/0 "POST /payments HTTP/1.1"
jvpayments-1-1  | 2025/08/04 23:09:00 Starting processing payment
haproxy-1       | 172.20.0.1:37630 [04/Aug/2025:23:09:00.249] http-in backend_servers/jvpayments-2 0/0/0/1/1 204 89 - - ---- 30/30/0/0/0 0/0 "POST /payments HTTP/1.1"
jvpayments-2-1  | 2025/08/04 23:09:00 Starting processing payment
jvpayments-1-1  | 2025/08/04 23:09:00 Starting processing payment
haproxy-1       | 172.20.0.1:37532 [04/Aug/2025:23:09:00.279] http-in backend_servers/jvpayments-1 0/0/0/2/2 204 89 - - ---- 30/30/0/0/0 0/0 "POST /payments HTTP/1.1"
jvpayments-2-1  | 2025/08/04 23:09:00 Starting processing payment
haproxy-1       | 172.20.0.1:37476 [04/Aug/2025:23:09:00.284] http-in backend_servers/jvpayments-2 0/0/0/1/1 204 89 - - ---- 30/30/0/0/0 0/0 "POST /payments HTTP/1.1"
jvpayments-1-1  | 2025/08/04 23:09:00 Starting processing payment
haproxy-1       | 172.20.0.1:37400 [04/Aug/2025:23:09:00.310] http-in backend_servers/jvpayments-1 0/0/0/0/0 204 89 - - ---- 30/30/0/0/0 0/0 "POST /payments HTTP/1.1"
haproxy-1       | 172.20.0.1:37640 [04/Aug/2025:23:09:00.357] http-in backend_servers/jvpayments-2 0/0/0/0/0 204 89 - - ---- 31/31/0/0/0 0/0 "POST /payments HTTP/1.1"
jvpayments-2-1  | 2025/08/04 23:09:00 Starting processing payment
jvpayments-1-1  | 2025/08/04 23:09:00 Starting processing payment
haproxy-1       | 172.20.0.1:37544 [04/Aug/2025:23:09:00.376] http-in backend_servers/jvpayments-1 0/0/0/0/0 204 89 - - ---- 31/31/0/0/0 0/0 "POST /payments HTTP/1.1"
haproxy-1       | 172.20.0.1:37484 [04/Aug/2025:23:09:00.393] http-in backend_servers/jvpayments-2 0/0/0/0/0 204 89 - - ---- 31/31/0/0/0 0/0 "POST /payments HTTP/1.1"
jvpayments-2-1  | 2025/08/04 23:09:00 Starting processing payment
jvpayments-1-1  | 2025/08/04 23:09:00 Starting processing payment
haproxy-1       | 172.20.0.1:37402 [04/Aug/2025:23:09:00.410] http-in backend_servers/jvpayments-1 0/0/0/0/0 204 89 - - ---- 31/31/0/0/0 0/0 "POST /payments HTTP/1.1"
jvpayments-2-1  | 2025/08/04 23:09:00 Starting processing payment
haproxy-1       | 172.20.0.1:37656 [04/Aug/2025:23:09:00.467] http-in backend_servers/jvpayments-2 0/0/5/3/8 204 89 - - ---- 32/32/0/0/0 0/0 "POST /payments HTTP/1.1"
jvpayments-1-1  | 2025/08/04 23:09:00 Starting processing payment
haproxy-1       | 172.20.0.1:37558 [04/Aug/2025:23:09:00.484] http-in backend_servers/jvpayments-1 0/0/0/0/0 204 89 - - ---- 32/32/0/0/0 0/0 "POST /payments HTTP/1.1"
haproxy-1       | 172.20.0.1:37488 [04/Aug/2025:23:09:00.501] http-in backend_servers/jvpayments-2 0/0/0/1/1 204 89 - - ---- 32/32/0/0/0 0/0 "POST /payments HTTP/1.1"
jvpayments-2-1  | 2025/08/04 23:09:00 Starting processing payment
jvpayments-1-1  | 2025/08/04 23:09:00 Starting processing payment
haproxy-1       | 172.20.0.1:37412 [04/Aug/2025:23:09:00.524] http-in backend_servers/jvpayments-1 0/0/0/0/0 204 89 - - ---- 32/32/0/0/0 0/0 "POST /payments HTTP/1.1"
jvpayments-2-1  | 2025/08/04 23:09:00 Starting processing payment
haproxy-1       | 172.20.0.1:37666 [04/Aug/2025:23:09:00.577] http-in backend_servers/jvpayments-2 0/0/0/0/0 204 89 - - ---- 33/33/0/0/0 0/0 "POST /payments HTTP/1.1"
jvpayments-1-1  | 2025/08/04 23:09:00 Starting processing payment
haproxy-1       | 172.20.0.1:37568 [04/Aug/2025:23:09:00.594] http-in backend_servers/jvpayments-1 0/0/0/1/1 204 89 - - ---- 33/33/0/0/0 0/0 "POST /payments HTTP/1.1"
jvpayments-2-1  | 2025/08/04 23:09:00 Starting processing payment
haproxy-1       | 172.20.0.1:37502 [04/Aug/2025:23:09:00.612] http-in backend_servers/jvpayments-2 0/0/0/1/1 204 89 - - ---- 33/33/0/0/0 0/0 "POST /payments HTTP/1.1"
jvpayments-1-1  | 2025/08/04 23:09:00 Starting processing payment
haproxy-1       | 172.20.0.1:37414 [04/Aug/2025:23:09:00.630] http-in backend_servers/jvpayments-1 0/0/0/0/0 204 89 - - ---- 33/33/0/0/0 0/0 "POST /payments HTTP/1.1"
jvpayments-2-1  | 2025/08/04 23:09:00 Starting processing payment
haproxy-1       | 172.20.0.1:37680 [04/Aug/2025:23:09:00.685] http-in backend_servers/jvpayments-2 0/0/0/0/0 204 89 - - ---- 34/34/0/0/0 0/0 "POST /payments HTTP/1.1"
jvpayments-1-1  | 2025/08/04 23:09:00 Starting processing payment
haproxy-1       | 172.20.0.1:37582 [04/Aug/2025:23:09:00.704] http-in backend_servers/jvpayments-1 0/0/0/0/0 204 89 - - ---- 34/34/0/0/0 0/0 "POST /payments HTTP/1.1"
haproxy-1       | 172.20.0.1:37508 [04/Aug/2025:23:09:00.721] http-in backend_servers/jvpayments-2 0/0/0/0/0 204 89 - - ---- 34/34/0/0/0 0/0 "POST /payments HTTP/1.1"
jvpayments-2-1  | 2025/08/04 23:09:00 Starting processing payment
jvpayments-1-1  | 2025/08/04 23:09:00 Starting processing payment
haproxy-1       | 172.20.0.1:37430 [04/Aug/2025:23:09:00.740] http-in backend_servers/jvpayments-1 0/0/0/0/0 204 89 - - ---- 34/34/0/0/0 0/0 "POST /payments HTTP/1.1"
jvpayments-2-1  | 2025/08/04 23:09:00 Starting processing payment
haproxy-1       | 172.20.0.1:37694 [04/Aug/2025:23:09:00.794] http-in backend_servers/jvpayments-2 0/0/0/0/0 204 89 - - ---- 35/35/0/0/0 0/0 "POST /payments HTTP/1.1"
jvpayments-1-1  | 2025/08/04 23:09:00 Starting processing payment
haproxy-1       | 172.20.0.1:37584 [04/Aug/2025:23:09:00.814] http-in backend_servers/jvpayments-1 0/0/0/0/0 204 89 - - ---- 35/35/0/0/0 0/0 "POST /payments HTTP/1.1"
jvpayments-2-1  | 2025/08/04 23:09:00 Starting processing payment
haproxy-1       | 172.20.0.1:37516 [04/Aug/2025:23:09:00.829] http-in backend_servers/jvpayments-2 0/0/0/1/1 204 89 - - ---- 35/35/0/0/0 0/0 "POST /payments HTTP/1.1"
haproxy-1       | 172.20.0.1:37446 [04/Aug/2025:23:09:00.847] http-in backend_servers/jvpayments-1 0/0/0/0/0 204 89 - - ---- 35/35/0/0/0 0/0 "POST /payments HTTP/1.1"
jvpayments-1-1  | 2025/08/04 23:09:00 Starting processing payment
jvpayments-2-1  | 2025/08/04 23:09:00 Starting processing payment
haproxy-1       | 172.20.0.1:37698 [04/Aug/2025:23:09:00.904] http-in backend_servers/jvpayments-2 0/0/0/0/0 204 89 - - ---- 38/38/0/0/0 0/0 "POST /payments HTTP/1.1"
jvpayments-1-1  | 2025/08/04 23:09:00 Starting processing payment
haproxy-1       | 172.20.0.1:37600 [04/Aug/2025:23:09:00.920] http-in backend_servers/jvpayments-1 0/0/0/0/0 204 89 - - ---- 36/36/0/0/0 0/0 "POST /payments HTTP/1.1"
jvpayments-2-1  | 2025/08/04 23:09:00 Starting processing payment
haproxy-1       | 172.20.0.1:37518 [04/Aug/2025:23:09:00.939] http-in backend_servers/jvpayments-2 0/0/0/1/1 204 89 - - ---- 36/36/0/0/0 0/0 "POST /payments HTTP/1.1"
jvpayments-1-1  | 2025/08/04 23:09:00 Starting processing payment
haproxy-1       | 172.20.0.1:37456 [04/Aug/2025:23:09:00.958] http-in backend_servers/jvpayments-1 0/0/0/0/0 204 89 - - ---- 36/36/0/0/0 0/0 "POST /payments HTTP/1.1"
haproxy-1       | 172.20.0.1:37700 [04/Aug/2025:23:09:01.013] http-in backend_servers/jvpayments-2 0/0/0/0/0 204 89 - - ---- 37/37/0/0/0 0/0 "POST /payments HTTP/1.1"
jvpayments-2-1  | 2025/08/04 23:09:01 Starting processing payment
jvpayments-1-1  | 2025/08/04 23:09:01 Starting processing payment
haproxy-1       | 172.20.0.1:37610 [04/Aug/2025:23:09:01.031] http-in backend_servers/jvpayments-1 0/0/0/1/1 204 89 - - ---- 37/37/0/0/0 0/0 "POST /payments HTTP/1.1"
haproxy-1       | 172.20.0.1:37522 [04/Aug/2025:23:09:01.055] http-in backend_servers/jvpayments-2 0/0/0/0/0 204 89 - - ---- 37/37/0/0/0 0/0 "POST /payments HTTP/1.1"
jvpayments-2-1  | 2025/08/04 23:09:01 Starting processing payment
jvpayments-1-1  | 2025/08/04 23:09:01 Starting processing payment
haproxy-1       | 172.20.0.1:37466 [04/Aug/2025:23:09:01.069] http-in backend_servers/jvpayments-1 0/0/0/0/0 204 89 - - ---- 37/37/0/0/0 0/0 "POST /payments HTTP/1.1"
jvpayments-2-1  | 2025/08/04 23:09:01 Starting processing payment
haproxy-1       | 172.20.0.1:37706 [04/Aug/2025:23:09:01.122] http-in backend_servers/jvpayments-2 0/0/0/0/0 204 89 - - ---- 38/38/0/0/0 0/0 "POST /payments HTTP/1.1"
jvpayments-1-1  | 2025/08/04 23:09:01 Starting processing payment
haproxy-1       | 172.20.0.1:37614 [04/Aug/2025:23:09:01.144] http-in backend_servers/jvpayments-1 0/0/0/0/0 204 89 - - ---- 38/38/0/0/0 0/0 "POST /payments HTTP/1.1"
haproxy-1       | 172.20.0.1:37526 [04/Aug/2025:23:09:01.161] http-in backend_servers/jvpayments-2 0/0/0/0/0 204 89 - - ---- 38/38/0/0/0 0/0 "POST /payments HTTP/1.1"
jvpayments-2-1  | 2025/08/04 23:09:01 Starting processing payment
jvpayments-1-1  | 2025/08/04 23:09:01 Starting processing payment
haproxy-1       | 172.20.0.1:37468 [04/Aug/2025:23:09:01.176] http-in backend_servers/jvpayments-1 0/0/0/1/1 204 89 - - ---- 38/38/0/0/0 0/0 "POST /payments HTTP/1.1"
jvpayments-2-1  | 2025/08/04 23:09:01 Starting processing payment
haproxy-1       | 172.20.0.1:37710 [04/Aug/2025:23:09:01.232] http-in backend_servers/jvpayments-2 0/0/0/0/0 204 89 - - ---- 39/39/0/0/0 0/0 "POST /payments HTTP/1.1"
jvpayments-1-1  | 2025/08/04 23:09:01 Starting processing payment
haproxy-1       | 172.20.0.1:37630 [04/Aug/2025:23:09:01.252] http-in backend_servers/jvpayments-1 0/0/0/0/0 204 89 - - ---- 39/39/0/0/0 0/0 "POST /payments HTTP/1.1"
haproxy-1       | 172.20.0.1:37532 [04/Aug/2025:23:09:01.283] http-in backend_servers/jvpayments-2 0/0/0/0/0 204 89 - - ---- 39/39/0/0/0 0/0 "POST /payments HTTP/1.1"
jvpayments-2-1  | 2025/08/04 23:09:01 Starting processing payment
haproxy-1       | 172.20.0.1:37476 [04/Aug/2025:23:09:01.286] http-in backend_servers/jvpayments-1 0/0/0/1/1 204 89 - - ---- 39/39/0/0/0 0/0 "POST /payments HTTP/1.1"
jvpayments-1-1  | 2025/08/04 23:09:01 Starting processing payment
jvpayments-2-1  | 2025/08/04 23:09:01 Starting processing payment
haproxy-1       | 172.20.0.1:37400 [04/Aug/2025:23:09:01.311] http-in backend_servers/jvpayments-2 0/0/0/1/1 204 89 - - ---- 39/39/0/0/0 0/0 "POST /payments HTTP/1.1"
jvpayments-1-1  | 2025/08/04 23:09:01 Starting processing payment
haproxy-1       | 172.20.0.1:37718 [04/Aug/2025:23:09:01.341] http-in backend_servers/jvpayments-1 0/0/0/0/0 204 89 - - ---- 40/40/0/0/0 0/0 "POST /payments HTTP/1.1"
jvpayments-2-1  | 2025/08/04 23:09:01 Starting processing payment
haproxy-1       | 172.20.0.1:37640 [04/Aug/2025:23:09:01.358] http-in backend_servers/jvpayments-2 0/0/0/0/0 204 89 - - ---- 40/40/0/0/0 0/0 "POST /payments HTTP/1.1"
jvpayments-1-1  | 2025/08/04 23:09:01 Starting processing payment
haproxy-1       | 172.20.0.1:37544 [04/Aug/2025:23:09:01.377] http-in backend_servers/jvpayments-1 0/0/0/0/0 204 89 - - ---- 40/40/0/0/0 0/0 "POST /payments HTTP/1.1"
jvpayments-2-1  | 2025/08/04 23:09:01 Starting processing payment
haproxy-1       | 172.20.0.1:37484 [04/Aug/2025:23:09:01.394] http-in backend_servers/jvpayments-2 0/0/0/1/1 204 89 - - ---- 40/40/0/0/0 0/0 "POST /payments HTTP/1.1"
haproxy-1       | 172.20.0.1:37402 [04/Aug/2025:23:09:01.412] http-in backend_servers/jvpayments-1 0/0/0/0/0 204 89 - - ---- 40/40/0/0/0 0/0 "POST /payments HTTP/1.1"
jvpayments-1-1  | 2025/08/04 23:09:01 Starting processing payment
jvpayments-2-1  | 2025/08/04 23:09:01 Starting processing payment
haproxy-1       | 172.20.0.1:37732 [04/Aug/2025:23:09:01.450] http-in backend_servers/jvpayments-2 0/0/0/0/0 204 89 - - ---- 41/41/0/0/0 0/0 "POST /payments HTTP/1.1"
jvpayments-1-1  | 2025/08/04 23:09:01 Starting processing payment
haproxy-1       | 172.20.0.1:37656 [04/Aug/2025:23:09:01.476] http-in backend_servers/jvpayments-1 0/0/0/1/1 204 89 - - ---- 41/41/0/0/0 0/0 "POST /payments HTTP/1.1"
jvpayments-2-1  | 2025/08/04 23:09:01 Starting processing payment
haproxy-1       | 172.20.0.1:37558 [04/Aug/2025:23:09:01.487] http-in backend_servers/jvpayments-2 0/0/0/1/1 204 89 - - ---- 41/41/0/0/0 0/0 "POST /payments HTTP/1.1"
jvpayments-1-1  | 2025/08/04 23:09:01 Starting processing payment
haproxy-1       | 172.20.0.1:37488 [04/Aug/2025:23:09:01.504] http-in backend_servers/jvpayments-1 0/0/0/1/1 204 89 - - ---- 41/41/0/0/0 0/0 "POST /payments HTTP/1.1"
jvpayments-2-1  | 2025/08/04 23:09:01 Starting processing payment
haproxy-1       | 172.20.0.1:37412 [04/Aug/2025:23:09:01.526] http-in backend_servers/jvpayments-2 0/0/0/0/0 204 89 - - ---- 41/41/0/0/0 0/0 "POST /payments HTTP/1.1"
haproxy-1       | 172.20.0.1:37666 [04/Aug/2025:23:09:01.578] http-in backend_servers/jvpayments-1 0/0/0/0/0 204 89 - - ---- 42/42/0/0/0 0/0 "POST /payments HTTP/1.1"
jvpayments-1-1  | 2025/08/04 23:09:01 Starting processing payment
jvpayments-2-1  | 2025/08/04 23:09:01 Processing heath check
jvpayments-2-1  | 2025/08/04 23:09:01 Starting processing payment
haproxy-1       | 172.20.0.1:37748 [04/Aug/2025:23:09:01.589] http-in backend_servers/jvpayments-2 0/0/1/0/1 204 89 - - ---- 42/42/0/0/0 0/0 "POST /payments HTTP/1.1"
jvpayments-1-1  | 2025/08/04 23:09:01 Starting processing payment
haproxy-1       | 172.20.0.1:37568 [04/Aug/2025:23:09:01.596] http-in backend_servers/jvpayments-1 0/0/0/0/0 204 89 - - ---- 42/42/0/0/0 0/0 "POST /payments HTTP/1.1"
haproxy-1       | 172.20.0.1:37502 [04/Aug/2025:23:09:01.614] http-in backend_servers/jvpayments-2 0/0/0/0/0 204 89 - - ---- 42/42/0/0/0 0/0 "POST /payments HTTP/1.1"
jvpayments-2-1  | 2025/08/04 23:09:01 Starting processing payment
jvpayments-1-1  | 2025/08/04 23:09:01 Starting processing payment
haproxy-1       | 172.20.0.1:37414 [04/Aug/2025:23:09:01.632] http-in backend_servers/jvpayments-1 0/0/0/1/1 204 89 - - ---- 42/42/0/0/0 0/0 "POST /payments HTTP/1.1"
jvpayments-2-1  | 2025/08/04 23:09:01 Starting processing payment
haproxy-1       | 172.20.0.1:37756 [04/Aug/2025:23:09:01.669] http-in backend_servers/jvpayments-2 0/0/0/0/0 204 89 - - ---- 43/43/0/0/0 0/0 "POST /payments HTTP/1.1"
jvpayments-1-1  | 2025/08/04 23:09:01 Starting processing payment
haproxy-1       | 172.20.0.1:37680 [04/Aug/2025:23:09:01.688] http-in backend_servers/jvpayments-1 0/0/0/0/0 204 89 - - ---- 43/43/0/0/0 0/0 "POST /payments HTTP/1.1"
jvpayments-2-1  | 2025/08/04 23:09:01 Starting processing payment
haproxy-1       | 172.20.0.1:37582 [04/Aug/2025:23:09:01.707] http-in backend_servers/jvpayments-2 0/0/0/0/0 204 89 - - ---- 43/43/0/0/0 0/0 "POST /payments HTTP/1.1"
haproxy-1       | 172.20.0.1:37508 [04/Aug/2025:23:09:01.723] http-in backend_servers/jvpayments-1 0/0/0/1/1 204 89 - - ---- 43/43/0/0/0 0/0 "POST /payments HTTP/1.1"
jvpayments-1-1  | 2025/08/04 23:09:01 Starting processing payment
jvpayments-2-1  | 2025/08/04 23:09:01 Starting processing payment
haproxy-1       | 172.20.0.1:37430 [04/Aug/2025:23:09:01.743] http-in backend_servers/jvpayments-2 0/0/0/0/0 204 89 - - ---- 43/43/0/0/0 0/0 "POST /payments HTTP/1.1"
haproxy-1       | 172.20.0.1:37772 [04/Aug/2025:23:09:01.779] http-in backend_servers/jvpayments-1 0/0/0/0/0 204 89 - - ---- 44/44/0/0/0 0/0 "POST /payments HTTP/1.1"
jvpayments-1-1  | 2025/08/04 23:09:01 Starting processing payment
jvpayments-2-1  | 2025/08/04 23:09:01 Starting processing payment
haproxy-1       | 172.20.0.1:37694 [04/Aug/2025:23:09:01.796] http-in backend_servers/jvpayments-2 0/0/0/1/1 204 89 - - ---- 44/44/0/0/0 0/0 "POST /payments HTTP/1.1"
jvpayments-1-1  | 2025/08/04 23:09:01 Starting processing payment
haproxy-1       | 172.20.0.1:37584 [04/Aug/2025:23:09:01.815] http-in backend_servers/jvpayments-1 0/0/0/1/1 204 89 - - ---- 44/44/0/0/0 0/0 "POST /payments HTTP/1.1"
jvpayments-2-1  | 2025/08/04 23:09:01 Starting processing payment
haproxy-1       | 172.20.0.1:37516 [04/Aug/2025:23:09:01.831] http-in backend_servers/jvpayments-2 0/0/0/0/0 204 89 - - ---- 44/44/0/0/0 0/0 "POST /payments HTTP/1.1"
jvpayments-1-1  | 2025/08/04 23:09:01 Starting processing payment
haproxy-1       | 172.20.0.1:37446 [04/Aug/2025:23:09:01.849] http-in backend_servers/jvpayments-1 0/0/0/0/0 204 89 - - ---- 44/44/0/0/0 0/0 "POST /payments HTTP/1.1"
haproxy-1       | 172.20.0.1:37774 [04/Aug/2025:23:09:01.887] http-in backend_servers/jvpayments-2 0/0/0/0/0 204 89 - - ---- 45/45/0/0/0 0/0 "POST /payments HTTP/1.1"
jvpayments-2-1  | 2025/08/04 23:09:01 Starting processing payment
jvpayments-1-1  | 2025/08/04 23:09:01 Starting processing payment
haproxy-1       | 172.20.0.1:37698 [04/Aug/2025:23:09:01.905] http-in backend_servers/jvpayments-1 0/0/0/0/0 204 89 - - ---- 45/45/0/0/0 0/0 "POST /payments HTTP/1.1"
haproxy-1       | 172.20.0.1:37600 [04/Aug/2025:23:09:01.922] http-in backend_servers/jvpayments-2 0/0/0/0/0 204 89 - - ---- 45/45/0/0/0 0/0 "POST /payments HTTP/1.1"
jvpayments-2-1  | 2025/08/04 23:09:01 Starting processing payment
jvpayments-1-1  | 2025/08/04 23:09:01 Starting processing payment
haproxy-1       | 172.20.0.1:37518 [04/Aug/2025:23:09:01.941] http-in backend_servers/jvpayments-1 0/0/0/0/0 204 89 - - ---- 45/45/0/0/0 0/0 "POST /payments HTTP/1.1"
jvpayments-2-1  | 2025/08/04 23:09:01 Starting processing payment
haproxy-1       | 172.20.0.1:37456 [04/Aug/2025:23:09:01.959] http-in backend_servers/jvpayments-2 0/0/0/0/0 204 89 - - ---- 45/45/0/0/0 0/0 "POST /payments HTTP/1.1"
haproxy-1       | 172.20.0.1:37778 [04/Aug/2025:23:09:01.996] http-in backend_servers/jvpayments-1 0/0/0/0/0 204 89 - - ---- 46/46/0/0/0 0/0 "POST /payments HTTP/1.1"
jvpayments-1-1  | 2025/08/04 23:09:01 Starting processing payment
jvpayments-2-1  | 2025/08/04 23:09:02 Starting processing payment
haproxy-1       | 172.20.0.1:37700 [04/Aug/2025:23:09:02.015] http-in backend_servers/jvpayments-2 0/0/0/0/0 204 89 - - ---- 46/46/0/0/0 0/0 "POST /payments HTTP/1.1"
jvpayments-1-1  | 2025/08/04 23:09:02 Starting processing payment
haproxy-1       | 172.20.0.1:37610 [04/Aug/2025:23:09:02.033] http-in backend_servers/jvpayments-1 0/0/0/0/0 204 89 - - ---- 46/46/0/0/0 0/0 "POST /payments HTTP/1.1"
jvpayments-2-1  | 2025/08/04 23:09:02 Starting processing payment
haproxy-1       | 172.20.0.1:37522 [04/Aug/2025:23:09:02.056] http-in backend_servers/jvpayments-2 0/0/0/0/0 204 89 - - ---- 46/46/0/0/0 0/0 "POST /payments HTTP/1.1"
jvpayments-1-1  | 2025/08/04 23:09:02 Starting processing payment
haproxy-1       | 172.20.0.1:37466 [04/Aug/2025:23:09:02.070] http-in backend_servers/jvpayments-1 0/0/0/0/0 204 89 - - ---- 46/46/0/0/0 0/0 "POST /payments HTTP/1.1"
haproxy-1       | 172.20.0.1:37782 [04/Aug/2025:23:09:02.106] http-in backend_servers/jvpayments-2 0/0/0/0/0 204 89 - - ---- 47/47/0/0/0 0/0 "POST /payments HTTP/1.1"
jvpayments-2-1  | 2025/08/04 23:09:02 Starting processing payment
jvpayments-1-1  | 2025/08/04 23:09:02 Starting processing payment
haproxy-1       | 172.20.0.1:37706 [04/Aug/2025:23:09:02.124] http-in backend_servers/jvpayments-1 0/0/0/0/0 204 89 - - ---- 47/47/0/0/0 0/0 "POST /payments HTTP/1.1"
jvpayments-2-1  | 2025/08/04 23:09:02 Starting processing payment
haproxy-1       | 172.20.0.1:37614 [04/Aug/2025:23:09:02.146] http-in backend_servers/jvpayments-2 0/0/0/0/0 204 89 - - ---- 47/47/0/0/0 0/0 "POST /payments HTTP/1.1"
jvpayments-1-1  | 2025/08/04 23:09:02 Starting processing payment
haproxy-1       | 172.20.0.1:37526 [04/Aug/2025:23:09:02.162] http-in backend_servers/jvpayments-1 0/0/0/0/0 204 89 - - ---- 47/47/0/0/0 0/0 "POST /payments HTTP/1.1"
jvpayments-2-1  | 2025/08/04 23:09:02 Starting processing payment
haproxy-1       | 172.20.0.1:37468 [04/Aug/2025:23:09:02.178] http-in backend_servers/jvpayments-2 0/0/0/1/1 204 89 - - ---- 47/47/0/0/0 0/0 "POST /payments HTTP/1.1"
haproxy-1       | 172.20.0.1:37796 [04/Aug/2025:23:09:02.216] http-in backend_servers/jvpayments-1 0/0/0/0/0 204 89 - - ---- 49/49/0/0/0 0/0 "POST /payments HTTP/1.1"
jvpayments-1-1  | 2025/08/04 23:09:02 Starting processing payment
jvpayments-2-1  | 2025/08/04 23:09:02 Starting processing payment
haproxy-1       | 172.20.0.1:37710 [04/Aug/2025:23:09:02.237] http-in backend_servers/jvpayments-2 0/0/0/0/0 204 89 - - ---- 48/48/0/0/0 0/0 "POST /payments HTTP/1.1"
haproxy-1       | 172.20.0.1:37630 [04/Aug/2025:23:09:02.254] http-in backend_servers/jvpayments-1 0/0/0/0/0 204 89 - - ---- 48/48/0/0/0 0/0 "POST /payments HTTP/1.1"
jvpayments-1-1  | 2025/08/04 23:09:02 Starting processing payment
jvpayments-2-1  | 2025/08/04 23:09:02 Starting processing payment
haproxy-1       | 172.20.0.1:37532 [04/Aug/2025:23:09:02.285] http-in backend_servers/jvpayments-2 0/0/0/2/2 204 89 - - ---- 48/48/0/0/0 0/0 "POST /payments HTTP/1.1"
jvpayments-1-1  | 2025/08/04 23:09:02 Starting processing payment
haproxy-1       | 172.20.0.1:37476 [04/Aug/2025:23:09:02.289] http-in backend_servers/jvpayments-1 0/0/0/2/2 204 89 - - ---- 48/48/0/0/0 0/0 "POST /payments HTTP/1.1"
jvpayments-2-1  | 2025/08/04 23:09:02 Starting processing payment
haproxy-1       | 172.20.0.1:37400 [04/Aug/2025:23:09:02.314] http-in backend_servers/jvpayments-2 0/0/0/0/0 204 89 - - ---- 46/46/0/0/0 0/0 "POST /payments HTTP/1.1"
jvpayments-1-1  | 2025/08/04 23:09:02 Starting processing payment
haproxy-1       | 172.20.0.1:37798 [04/Aug/2025:23:09:02.325] http-in backend_servers/jvpayments-1 0/0/0/0/0 204 89 - - ---- 47/47/0/0/0 0/0 "POST /payments HTTP/1.1"
haproxy-1       | 172.20.0.1:37718 [04/Aug/2025:23:09:02.342] http-in backend_servers/jvpayments-2 0/0/0/0/0 204 89 - - ---- 47/47/0/0/0 0/0 "POST /payments HTTP/1.1"
jvpayments-2-1  | 2025/08/04 23:09:02 Starting processing payment
jvpayments-1-1  | 2025/08/04 23:09:02 Starting processing payment
haproxy-1       | 172.20.0.1:37640 [04/Aug/2025:23:09:02.360] http-in backend_servers/jvpayments-1 0/0/0/0/0 204 89 - - ---- 47/47/0/0/0 0/0 "POST /payments HTTP/1.1"
haproxy-1       | 172.20.0.1:37544 [04/Aug/2025:23:09:02.379] http-in backend_servers/jvpayments-2 0/0/0/1/1 204 89 - - ---- 47/47/0/0/0 0/0 "POST /payments HTTP/1.1"
jvpayments-2-1  | 2025/08/04 23:09:02 Starting processing payment
haproxy-1       | 172.20.0.1:37484 [04/Aug/2025:23:09:02.396] http-in backend_servers/jvpayments-1 0/0/0/0/0 204 89 - - ---- 47/47/0/0/0 0/0 "POST /payments HTTP/1.1"
jvpayments-1-1  | 2025/08/04 23:09:02 Starting processing payment
jvpayments-2-1  | 2025/08/04 23:09:02 Starting processing payment
haproxy-1       | 172.20.0.1:37402 [04/Aug/2025:23:09:02.414] http-in backend_servers/jvpayments-2 0/0/0/0/0 204 89 - - ---- 47/47/0/0/0 0/0 "POST /payments HTTP/1.1"
jvpayments-1-1  | 2025/08/04 23:09:02 Starting processing payment
haproxy-1       | 172.20.0.1:37810 [04/Aug/2025:23:09:02.434] http-in backend_servers/jvpayments-1 0/0/0/0/0 204 89 - - ---- 48/48/0/0/0 0/0 "POST /payments HTTP/1.1"
jvpayments-2-1  | 2025/08/04 23:09:02 Starting processing payment
haproxy-1       | 172.20.0.1:37732 [04/Aug/2025:23:09:02.452] http-in backend_servers/jvpayments-2 0/0/0/1/1 204 89 - - ---- 48/48/0/0/0 0/0 "POST /payments HTTP/1.1"
jvpayments-1-1  | 2025/08/04 23:09:02 Starting processing payment
haproxy-1       | 172.20.0.1:37656 [04/Aug/2025:23:09:02.478] http-in backend_servers/jvpayments-1 0/0/0/1/1 204 89 - - ---- 48/48/0/0/0 0/0 "POST /payments HTTP/1.1"
jvpayments-2-1  | 2025/08/04 23:09:02 Starting processing payment
haproxy-1       | 172.20.0.1:37558 [04/Aug/2025:23:09:02.490] http-in backend_servers/jvpayments-2 0/0/0/1/1 204 89 - - ---- 48/48/0/0/0 0/0 "POST /payments HTTP/1.1"
haproxy-1       | 172.20.0.1:37488 [04/Aug/2025:23:09:02.506] http-in backend_servers/jvpayments-1 0/0/0/0/0 204 89 - - ---- 48/48/0/0/0 0/0 "POST /payments HTTP/1.1"
jvpayments-1-1  | 2025/08/04 23:09:02 Starting processing payment
jvpayments-2-1  | 2025/08/04 23:09:02 Starting processing payment
haproxy-1       | 172.20.0.1:37412 [04/Aug/2025:23:09:02.529] http-in backend_servers/jvpayments-2 0/0/0/1/1 204 89 - - ---- 48/48/0/0/0 0/0 "POST /payments HTTP/1.1"
haproxy-1       | 172.20.0.1:37826 [04/Aug/2025:23:09:02.544] http-in backend_servers/jvpayments-1 0/0/0/0/0 204 89 - - ---- 49/49/0/0/0 0/0 "POST /payments HTTP/1.1"
jvpayments-1-1  | 2025/08/04 23:09:02 Starting processing payment
jvpayments-2-1  | 2025/08/04 23:09:02 Starting processing payment
haproxy-1       | 172.20.0.1:37666 [04/Aug/2025:23:09:02.581] http-in backend_servers/jvpayments-2 0/0/0/0/0 204 89 - - ---- 49/49/0/0/0 0/0 "POST /payments HTTP/1.1"
jvpayments-1-1  | 2025/08/04 23:09:02 Starting processing payment
haproxy-1       | 172.20.0.1:37748 [04/Aug/2025:23:09:02.591] http-in backend_servers/jvpayments-1 0/0/0/0/0 204 89 - - ---- 49/49/0/0/0 0/0 "POST /payments HTTP/1.1"
haproxy-1       | 172.20.0.1:37568 [04/Aug/2025:23:09:02.597] http-in backend_servers/jvpayments-2 0/0/0/0/0 204 89 - - ---- 49/49/0/0/0 0/0 "POST /payments HTTP/1.1"
jvpayments-2-1  | 2025/08/04 23:09:02 Starting processing payment
jvpayments-1-1  | 2025/08/04 23:09:02 Starting processing payment
haproxy-1       | 172.20.0.1:37502 [04/Aug/2025:23:09:02.615] http-in backend_servers/jvpayments-1 0/0/0/0/0 204 89 - - ---- 49/49/0/0/0 0/0 "POST /payments HTTP/1.1"
jvpayments-2-1  | 2025/08/04 23:09:02 Starting processing payment
haproxy-1       | 172.20.0.1:37414 [04/Aug/2025:23:09:02.634] http-in backend_servers/jvpayments-2 0/0/0/1/1 204 89 - - ---- 49/49/0/0/0 0/0 "POST /payments HTTP/1.1"
haproxy-1       | 172.20.0.1:37836 [04/Aug/2025:23:09:02.666] http-in backend_servers/jvpayments-1 0/0/0/0/0 204 89 - - ---- 50/50/0/0/0 0/0 "POST /payments HTTP/1.1"
jvpayments-1-1  | 2025/08/04 23:09:02 Starting processing payment
jvpayments-2-1  | 2025/08/04 23:09:02 Starting processing payment
haproxy-1       | 172.20.0.1:37756 [04/Aug/2025:23:09:02.673] http-in backend_servers/jvpayments-2 0/0/0/0/0 204 89 - - ---- 50/50/0/0/0 0/0 "POST /payments HTTP/1.1"
jvpayments-1-1  | 2025/08/04 23:09:02 Starting processing payment
haproxy-1       | 172.20.0.1:37680 [04/Aug/2025:23:09:02.689] http-in backend_servers/jvpayments-1 0/0/0/0/0 204 89 - - ---- 50/50/0/0/0 0/0 "POST /payments HTTP/1.1"
jvpayments-2-1  | 2025/08/04 23:09:02 Starting processing payment
haproxy-1       | 172.20.0.1:37582 [04/Aug/2025:23:09:02.708] http-in backend_servers/jvpayments-2 0/0/0/0/0 204 89 - - ---- 50/50/0/0/0 0/0 "POST /payments HTTP/1.1"
haproxy-1       | 172.20.0.1:37508 [04/Aug/2025:23:09:02.725] http-in backend_servers/jvpayments-1 0/0/0/1/1 204 89 - - ---- 50/50/0/0/0 0/0 "POST /payments HTTP/1.1"
jvpayments-1-1  | 2025/08/04 23:09:02 Starting processing payment
jvpayments-2-1  | 2025/08/04 23:09:02 Starting processing payment
haproxy-1       | 172.20.0.1:37430 [04/Aug/2025:23:09:02.746] http-in backend_servers/jvpayments-2 0/0/0/0/0 204 89 - - ---- 50/50/0/0/0 0/0 "POST /payments HTTP/1.1"
haproxy-1       | 172.20.0.1:37848 [04/Aug/2025:23:09:02.762] http-in backend_servers/jvpayments-1 0/0/0/0/0 204 89 - - ---- 51/51/0/0/0 0/0 "POST /payments HTTP/1.1"
jvpayments-1-1  | 2025/08/04 23:09:02 Starting processing payment
jvpayments-2-1  | 2025/08/04 23:09:02 Starting processing payment
haproxy-1       | 172.20.0.1:37772 [04/Aug/2025:23:09:02.780] http-in backend_servers/jvpayments-2 0/0/0/1/1 204 89 - - ---- 51/51/0/0/0 0/0 "POST /payments HTTP/1.1"
jvpayments-1-1  | 2025/08/04 23:09:02 Starting processing payment
haproxy-1       | 172.20.0.1:37694 [04/Aug/2025:23:09:02.799] http-in backend_servers/jvpayments-1 0/0/0/0/0 204 89 - - ---- 51/51/0/0/0 0/0 "POST /payments HTTP/1.1"
jvpayments-2-1  | 2025/08/04 23:09:02 Starting processing payment
haproxy-1       | 172.20.0.1:37584 [04/Aug/2025:23:09:02.817] http-in backend_servers/jvpayments-2 0/0/0/0/0 204 89 - - ---- 51/51/0/0/0 0/0 "POST /payments HTTP/1.1"
jvpayments-1-1  | 2025/08/04 23:09:02 Starting processing payment
haproxy-1       | 172.20.0.1:37516 [04/Aug/2025:23:09:02.833] http-in backend_servers/jvpayments-1 0/0/0/0/0 204 89 - - ---- 51/51/0/0/0 0/0 "POST /payments HTTP/1.1"
jvpayments-2-1  | 2025/08/04 23:09:02 Starting processing payment
haproxy-1       | 172.20.0.1:37446 [04/Aug/2025:23:09:02.851] http-in backend_servers/jvpayments-2 0/0/0/1/1 204 89 - - ---- 51/51/0/0/0 0/0 "POST /payments HTTP/1.1"
jvpayments-1-1  | 2025/08/04 23:09:02 Starting processing payment
haproxy-1       | 172.20.0.1:37864 [04/Aug/2025:23:09:02.871] http-in backend_servers/jvpayments-1 0/0/0/0/0 204 89 - - ---- 52/52/0/0/0 0/0 "POST /payments HTTP/1.1"
jvpayments-2-1  | 2025/08/04 23:09:02 Starting processing payment
haproxy-1       | 172.20.0.1:37774 [04/Aug/2025:23:09:02.890] http-in backend_servers/jvpayments-2 0/0/0/1/1 204 89 - - ---- 52/52/0/0/0 0/0 "POST /payments HTTP/1.1"
jvpayments-1-1  | 2025/08/04 23:09:02 Starting processing payment
haproxy-1       | 172.20.0.1:37698 [04/Aug/2025:23:09:02.907] http-in backend_servers/jvpayments-1 0/0/0/1/1 204 89 - - ---- 52/52/0/0/0 0/0 "POST /payments HTTP/1.1"
jvpayments-2-1  | 2025/08/04 23:09:02 Starting processing payment
haproxy-1       | 172.20.0.1:37600 [04/Aug/2025:23:09:02.924] http-in backend_servers/jvpayments-2 0/0/0/2/2 204 89 - - ---- 52/52/0/0/0 0/0 "POST /payments HTTP/1.1"
jvpayments-1-1  | 2025/08/04 23:09:02 Starting processing payment
haproxy-1       | 172.20.0.1:37518 [04/Aug/2025:23:09:02.943] http-in backend_servers/jvpayments-1 0/0/0/0/0 204 89 - - ---- 52/52/0/0/0 0/0 "POST /payments HTTP/1.1"
jvpayments-2-1  | 2025/08/04 23:09:02 Starting processing payment
haproxy-1       | 172.20.0.1:37456 [04/Aug/2025:23:09:02.961] http-in backend_servers/jvpayments-2 0/0/0/0/0 204 89 - - ---- 52/52/0/0/0 0/0 "POST /payments HTTP/1.1"
jvpayments-1-1  | 2025/08/04 23:09:02 Starting processing payment
haproxy-1       | 172.20.0.1:37870 [04/Aug/2025:23:09:02.980] http-in backend_servers/jvpayments-1 0/0/0/0/0 204 89 - - ---- 53/53/0/0/0 0/0 "POST /payments HTTP/1.1"
jvpayments-2-1  | 2025/08/04 23:09:02 Starting processing payment
haproxy-1       | 172.20.0.1:37778 [04/Aug/2025:23:09:02.996] http-in backend_servers/jvpayments-2 0/0/0/1/1 204 89 - - ---- 53/53/0/0/0 0/0 "POST /payments HTTP/1.1"
jvpayments-1-1  | 2025/08/04 23:09:03 Starting processing payment
haproxy-1       | 172.20.0.1:37700 [04/Aug/2025:23:09:03.016] http-in backend_servers/jvpayments-1 0/0/0/1/1 204 89 - - ---- 53/53/0/0/0 0/0 "POST /payments HTTP/1.1"
jvpayments-2-1  | 2025/08/04 23:09:03 Starting processing payment
haproxy-1       | 172.20.0.1:37610 [04/Aug/2025:23:09:03.035] http-in backend_servers/jvpayments-2 0/0/0/0/0 204 89 - - ---- 53/53/0/0/0 0/0 "POST /payments HTTP/1.1"
jvpayments-1-1  | 2025/08/04 23:09:03 Starting processing payment
haproxy-1       | 172.20.0.1:37522 [04/Aug/2025:23:09:03.058] http-in backend_servers/jvpayments-1 0/0/0/1/1 204 89 - - ---- 53/53/0/0/0 0/0 "POST /payments HTTP/1.1"
jvpayments-2-1  | 2025/08/04 23:09:03 Starting processing payment
haproxy-1       | 172.20.0.1:37466 [04/Aug/2025:23:09:03.071] http-in backend_servers/jvpayments-2 0/0/0/1/1 204 89 - - ---- 53/53/0/0/0 0/0 "POST /payments HTTP/1.1"
jvpayments-1-1  | 2025/08/04 23:09:03 Starting processing payment
haproxy-1       | 172.20.0.1:37878 [04/Aug/2025:23:09:03.090] http-in backend_servers/jvpayments-1 0/0/0/0/0 204 89 - - ---- 54/54/0/0/0 0/0 "POST /payments HTTP/1.1"
jvpayments-2-1  | 2025/08/04 23:09:03 Starting processing payment
haproxy-1       | 172.20.0.1:37782 [04/Aug/2025:23:09:03.108] http-in backend_servers/jvpayments-2 0/0/0/0/0 204 89 - - ---- 54/54/0/0/0 0/0 "POST /payments HTTP/1.1"
haproxy-1       | 172.20.0.1:37706 [04/Aug/2025:23:09:03.125] http-in backend_servers/jvpayments-1 0/0/0/1/1 204 89 - - ---- 54/54/0/0/0 0/0 "POST /payments HTTP/1.1"
jvpayments-1-1  | 2025/08/04 23:09:03 Starting processing payment
haproxy-1       | 172.20.0.1:37614 [04/Aug/2025:23:09:03.148] http-in backend_servers/jvpayments-2 0/0/0/0/0 204 89 - - ---- 54/54/0/0/0 0/0 "POST /payments HTTP/1.1"
jvpayments-2-1  | 2025/08/04 23:09:03 Starting processing payment
jvpayments-1-1  | 2025/08/04 23:09:03 Starting processing payment
haproxy-1       | 172.20.0.1:37526 [04/Aug/2025:23:09:03.164] http-in backend_servers/jvpayments-1 0/0/0/0/0 204 89 - - ---- 54/54/0/0/0 0/0 "POST /payments HTTP/1.1"
jvpayments-2-1  | 2025/08/04 23:09:03 Starting processing payment
haproxy-1       | 172.20.0.1:37468 [04/Aug/2025:23:09:03.180] http-in backend_servers/jvpayments-2 0/0/0/0/0 204 89 - - ---- 54/54/0/0/0 0/0 "POST /payments HTTP/1.1"
jvpayments-1-1  | 2025/08/04 23:09:03 Starting processing payment
haproxy-1       | 172.20.0.1:37888 [04/Aug/2025:23:09:03.199] http-in backend_servers/jvpayments-1 0/0/0/0/0 204 89 - - ---- 55/55/0/0/0 0/0 "POST /payments HTTP/1.1"
jvpayments-2-1  | 2025/08/04 23:09:03 Starting processing payment
haproxy-1       | 172.20.0.1:37796 [04/Aug/2025:23:09:03.220] http-in backend_servers/jvpayments-2 0/0/0/0/0 204 89 - - ---- 55/55/0/0/0 0/0 "POST /payments HTTP/1.1"
jvpayments-1-1  | 2025/08/04 23:09:03 Starting processing payment
haproxy-1       | 172.20.0.1:37710 [04/Aug/2025:23:09:03.239] http-in backend_servers/jvpayments-1 0/0/0/0/0 204 89 - - ---- 55/55/0/0/0 0/0 "POST /payments HTTP/1.1"
jvpayments-2-1  | 2025/08/04 23:09:03 Starting processing payment
haproxy-1       | 172.20.0.1:37630 [04/Aug/2025:23:09:03.255] http-in backend_servers/jvpayments-2 0/0/0/0/0 204 89 - - ---- 55/55/0/0/0 0/0 "POST /payments HTTP/1.1"
jvpayments-1-1  | 2025/08/04 23:09:03 Starting processing payment
