
 Network gabriel-nardelli-perl-mojolicious_backend  Creating
 Network gabriel-nardelli-perl-mojolicious_backend  Created
 Volume "gabriel-nardelli-perl-mojolicious_pgdata"  Creating
 Volume "gabriel-nardelli-perl-mojolicious_pgdata"  Created
 Container gabriel-nardelli-perl-mojolicious-redis-1  Creating
 Container gabriel-nardelli-perl-mojolicious-postgres-1  Creating
 Container gabriel-nardelli-perl-mojolicious-postgres-1  Created
 Container gabriel-nardelli-perl-mojolicious-redis-1  Created
 Container gabriel-nardelli-perl-mojolicious-api2-1  Creating
 Container gabriel-nardelli-perl-mojolicious-worker_heavy-1  Creating
 Container gabriel-nardelli-perl-mojolicious-api1-1  Creating
 Container gabriel-nardelli-perl-mojolicious-worker_light-1  Creating
 Container gabriel-nardelli-perl-mojolicious-worker_light-1  Created
 Container gabriel-nardelli-perl-mojolicious-api2-1  Created
 Container gabriel-nardelli-perl-mojolicious-worker_heavy-1  Created
 Container gabriel-nardelli-perl-mojolicious-api1-1  Created
 Container gabriel-nardelli-perl-mojolicious-nginx-1  Creating
 Container gabriel-nardelli-perl-mojolicious-nginx-1  Created
Attaching to api1-1, api2-1, nginx-1, postgres-1, redis-1, worker_heavy-1, worker_light-1
postgres-1      | The files belonging to this database system will be owned by user "postgres".
postgres-1      | This user must also own the server process.
postgres-1      | 
postgres-1      | The database cluster will be initialized with locale "en_US.utf8".
postgres-1      | The default database encoding has accordingly been set to "UTF8".
postgres-1      | The default text search configuration will be set to "english".
postgres-1      | 
postgres-1      | Data page checksums are disabled.
postgres-1      | 
postgres-1      | fixing permissions on existing directory /var/lib/postgresql/data ... ok
postgres-1      | creating subdirectories ... ok
postgres-1      | selecting dynamic shared memory implementation ... posix
postgres-1      | selecting default max_connections ... 100
postgres-1      | selecting default shared_buffers ... 128MB
redis-1         | 1:C 05 Aug 2025 22:10:09.812 # WARNING Memory overcommit must be enabled! Without it, a background save or replication may fail under low memory condition. Being disabled, it can also cause failures without low memory condition, see https://github.com/jemalloc/jemalloc/issues/1328. To fix this issue add 'vm.overcommit_memory = 1' to /etc/sysctl.conf and then reboot or run the command 'sysctl vm.overcommit_memory=1' for this to take effect.
redis-1         | 1:C 05 Aug 2025 22:10:09.812 * oO0OoO0OoO0Oo Redis is starting oO0OoO0OoO0Oo
redis-1         | 1:C 05 Aug 2025 22:10:09.812 * Redis version=7.2.10, bits=64, commit=00000000, modified=0, pid=1, just started
redis-1         | 1:C 05 Aug 2025 22:10:09.812 * Configuration loaded
redis-1         | 1:M 05 Aug 2025 22:10:09.812 * monotonic clock: POSIX clock_gettime
redis-1         | 1:M 05 Aug 2025 22:10:09.812 * Running mode=standalone, port=6379.
redis-1         | 1:M 05 Aug 2025 22:10:09.813 * Server initialized
redis-1         | 1:M 05 Aug 2025 22:10:09.813 * Ready to accept connections tcp
postgres-1      | selecting default time zone ... UTC
postgres-1      | creating configuration files ... ok
postgres-1      | running bootstrap script ... ok
postgres-1      | sh: locale: not found
postgres-1      | 2025-08-05 22:10:11.209 UTC [35] WARNING:  no usable system locales were found
postgres-1      | performing post-bootstrap initialization ... ok
postgres-1      | syncing data to disk ... ok
postgres-1      | 
postgres-1      | initdb: warning: enabling "trust" authentication for local connections
postgres-1      | initdb: hint: You can change this by editing pg_hba.conf or using the option -A, or --auth-local and --auth-host, the next time you run initdb.
postgres-1      | 
postgres-1      | Success. You can now start the database server using:
postgres-1      | 
postgres-1      |     pg_ctl -D /var/lib/postgresql/data -l logfile start
postgres-1      | 
postgres-1      | waiting for server to start....2025-08-05 22:10:13.146 UTC [41] LOG:  starting PostgreSQL 15.13 on x86_64-pc-linux-musl, compiled by gcc (Alpine 14.2.0) 14.2.0, 64-bit
postgres-1      | 2025-08-05 22:10:13.157 UTC [41] LOG:  listening on Unix socket "/var/run/postgresql/.s.PGSQL.5432"
postgres-1      | 2025-08-05 22:10:13.175 UTC [44] LOG:  database system was shut down at 2025-08-05 22:10:12 UTC
postgres-1      | 2025-08-05 22:10:13.184 UTC [41] LOG:  database system is ready to accept connections
postgres-1      |  done
postgres-1      | server started
postgres-1      | CREATE DATABASE
postgres-1      | 
postgres-1      | 
postgres-1      | /usr/local/bin/docker-entrypoint.sh: running /docker-entrypoint-initdb.d/init.sql
postgres-1      | CREATE TABLE
postgres-1      | 
postgres-1      | 
postgres-1      | waiting for server to shut down....2025-08-05 22:10:13.812 UTC [41] LOG:  received fast shutdown request
postgres-1      | 2025-08-05 22:10:13.819 UTC [41] LOG:  aborting any active transactions
postgres-1      | 2025-08-05 22:10:13.823 UTC [41] LOG:  background worker "logical replication launcher" (PID 47) exited with exit code 1
postgres-1      | 2025-08-05 22:10:13.824 UTC [42] LOG:  shutting down
postgres-1      | 2025-08-05 22:10:13.831 UTC [42] LOG:  checkpoint starting: shutdown immediate
postgres-1      | 2025-08-05 22:10:13.940 UTC [42] LOG:  checkpoint complete: wrote 921 buffers (5.6%); 0 WAL file(s) added, 0 removed, 0 recycled; write=0.060 s, sync=0.028 s, total=0.117 s; sync files=305, longest=0.012 s, average=0.001 s; distance=4253 kB, estimate=4253 kB
postgres-1      | 2025-08-05 22:10:13.948 UTC [41] LOG:  database system is shut down
postgres-1      |  done
postgres-1      | server stopped
postgres-1      | 
postgres-1      | PostgreSQL init process complete; ready for start up.
postgres-1      | 
postgres-1      | 2025-08-05 22:10:14.052 UTC [1] LOG:  starting PostgreSQL 15.13 on x86_64-pc-linux-musl, compiled by gcc (Alpine 14.2.0) 14.2.0, 64-bit
postgres-1      | 2025-08-05 22:10:14.053 UTC [1] LOG:  listening on IPv4 address "0.0.0.0", port 5432
postgres-1      | 2025-08-05 22:10:14.053 UTC [1] LOG:  listening on IPv6 address "::", port 5432
postgres-1      | 2025-08-05 22:10:14.067 UTC [1] LOG:  listening on Unix socket "/var/run/postgresql/.s.PGSQL.5432"
postgres-1      | 2025-08-05 22:10:14.090 UTC [59] LOG:  database system was shut down at 2025-08-05 22:10:13 UTC
postgres-1      | 2025-08-05 22:10:14.101 UTC [1] LOG:  database system is ready to accept connections
nginx-1         | /docker-entrypoint.sh: /docker-entrypoint.d/ is not empty, will attempt to perform configuration
nginx-1         | /docker-entrypoint.sh: Looking for shell scripts in /docker-entrypoint.d/
nginx-1         | /docker-entrypoint.sh: Launching /docker-entrypoint.d/10-listen-on-ipv6-by-default.sh
nginx-1         | 10-listen-on-ipv6-by-default.sh: info: Getting the checksum of /etc/nginx/conf.d/default.conf
nginx-1         | 10-listen-on-ipv6-by-default.sh: info: Enabled listen on IPv6 in /etc/nginx/conf.d/default.conf
nginx-1         | /docker-entrypoint.sh: Sourcing /docker-entrypoint.d/15-local-resolvers.envsh
nginx-1         | /docker-entrypoint.sh: Launching /docker-entrypoint.d/20-envsubst-on-templates.sh
nginx-1         | /docker-entrypoint.sh: Launching /docker-entrypoint.d/30-tune-worker-processes.sh
nginx-1         | /docker-entrypoint.sh: Configuration complete; ready for start up
api1-1          | Web application available at http://127.0.0.1:3000
api2-1          | Web application available at http://127.0.0.1:3000
api1-1          | [2025-08-05 22:10:18.16299] [7] [trace] [Xjq0eIkiSLl_] GET "/payments-summary"
api1-1          | [2025-08-05 22:10:18.16343] [7] [trace] [Xjq0eIkiSLl_] Routing to a callback
api1-1          | [2025-08-05 22:10:18.18301] [7] [trace] [Xjq0eIkiSLl_] 200 OK (0.02002s, 49.950/s)
nginx-1         | 172.20.0.1 - - [05/Aug/2025:22:10:18 +0000] "GET /payments-summary HTTP/1.1" 200 2 "-" "curl/7.88.1"
api2-1          | [2025-08-05 22:10:23.74911] [7] [trace] [5vPtqj2PNRDt] POST "/purge-payments"
api2-1          | [2025-08-05 22:10:23.75041] [7] [trace] [5vPtqj2PNRDt] Template "not_found.development.html.ep" not found
api2-1          | [2025-08-05 22:10:23.75059] [7] [trace] [5vPtqj2PNRDt] Template "not_found.html.ep" not found
api2-1          | [2025-08-05 22:10:23.75073] [7] [trace] [5vPtqj2PNRDt] Rendering template "mojo/debug.html.ep"
api2-1          | [2025-08-05 22:10:23.77448] [7] [trace] Your secret passphrase needs to be changed (see FAQ for more)
api2-1          | [2025-08-05 22:10:23.77639] [7] [trace] [5vPtqj2PNRDt] 404 Not Found (0.027291s, 36.642/s)
nginx-1         | 172.20.0.1 - - [05/Aug/2025:22:10:23 +0000] "POST /purge-payments HTTP/1.1" 404 18792 "-" "Grafana k6/1.1.0"
api1-1          | [2025-08-05 22:10:23.78090] [7] [trace] [okFo9mchK1Z4] GET "/payments-summary"
api1-1          | [2025-08-05 22:10:23.78117] [7] [trace] [okFo9mchK1Z4] Routing to a callback
api2-1          | [2025-08-05 22:10:23.78252] [7] [trace] [d8BVfGj2QhET] POST "/payments"
api2-1          | [2025-08-05 22:10:23.78295] [7] [trace] [d8BVfGj2QhET] Routing to a callback
api2-1          | [2025-08-05 22:10:23.78418] [7] [trace] [d8BVfGj2QhET] 200 OK (0.00166s, 602.410/s)
nginx-1         | 172.20.0.1 - - [05/Aug/2025:22:10:23 +0000] "POST /payments HTTP/1.1" 200 19 "-" "Grafana k6/1.1.0"
api1-1          | [2025-08-05 22:10:23.80249] [7] [trace] [okFo9mchK1Z4] 200 OK (0.021578s, 46.343/s)
nginx-1         | 172.20.0.1 - - [05/Aug/2025:22:10:23 +0000] "GET /payments-summary?from=2025-08-05T22:10:08.777Z&to=2025-08-05T22:10:22.277Z HTTP/1.1" 200 2 "-" "Grafana k6/1.1.0"
api1-1          | [2025-08-05 22:10:23.80599] [7] [trace] [9Zb5K4t_X0Ds] GET "/payments-summary"
api1-1          | [2025-08-05 22:10:23.80625] [7] [trace] [9Zb5K4t_X0Ds] Routing to a callback
api1-1          | [2025-08-05 22:10:23.82421] [7] [trace] [9Zb5K4t_X0Ds] 200 OK (0.018207s, 54.924/s)
nginx-1         | 172.20.0.1 - - [05/Aug/2025:22:10:23 +0000] "GET /payments-summary?from=2025-08-05T22:10:08.803Z&to=2025-08-05T22:10:22.303Z HTTP/1.1" 200 2 "-" "Grafana k6/1.1.0"
api2-1          | [2025-08-05 22:10:23.82735] [7] [trace] [mUkZMApw64nT] GET "/payments-summary"
api2-1          | [2025-08-05 22:10:23.82776] [7] [trace] [mUkZMApw64nT] Routing to a callback
api2-1          | [2025-08-05 22:10:23.84532] [7] [trace] [mUkZMApw64nT] 200 OK (0.017953s, 55.701/s)
nginx-1         | 172.20.0.1 - - [05/Aug/2025:22:10:23 +0000] "GET /payments-summary?from=2025-08-05T22:10:08.825Z&to=2025-08-05T22:10:22.325Z HTTP/1.1" 200 2 "-" "Grafana k6/1.1.0"
api1-1          | [2025-08-05 22:10:23.84816] [7] [trace] [JOSyqKGnOUOe] GET "/payments-summary"
api1-1          | [2025-08-05 22:10:23.84841] [7] [trace] [JOSyqKGnOUOe] Routing to a callback
api1-1          | [2025-08-05 22:10:23.86235] [7] [trace] [JOSyqKGnOUOe] 200 OK (0.014173s, 70.557/s)
nginx-1         | 172.20.0.1 - - [05/Aug/2025:22:10:23 +0000] "GET /payments-summary?from=2025-08-05T22:10:08.846Z&to=2025-08-05T22:10:22.346Z HTTP/1.1" 200 2 "-" "Grafana k6/1.1.0"
api2-1          | [2025-08-05 22:10:23.86525] [7] [trace] [FkLKNIq_jEjy] GET "/payments-summary"
api2-1          | [2025-08-05 22:10:23.86542] [7] [trace] [FkLKNIq_jEjy] Routing to a callback
api2-1          | [2025-08-05 22:10:23.88220] [7] [trace] [FkLKNIq_jEjy] 200 OK (0.016916s, 59.116/s)
nginx-1         | 172.20.0.1 - - [05/Aug/2025:22:10:23 +0000] "GET /payments-summary?from=2025-08-05T22:10:08.863Z&to=2025-08-05T22:10:22.363Z HTTP/1.1" 200 2 "-" "Grafana k6/1.1.0"
api1-1          | [2025-08-05 22:10:23.88522] [7] [trace] [CEh3FAcyFAJD] GET "/payments-summary"
api1-1          | [2025-08-05 22:10:23.88548] [7] [trace] [CEh3FAcyFAJD] Routing to a callback
api2-1          | [2025-08-05 22:10:23.88902] [7] [trace] [dYEYmBiIgF4m] POST "/payments"
api2-1          | [2025-08-05 22:10:23.88925] [7] [trace] [dYEYmBiIgF4m] Routing to a callback
api2-1          | [2025-08-05 22:10:23.88974] [7] [trace] [dYEYmBiIgF4m] 200 OK (0.000711s, 1406.470/s)
nginx-1         | 172.20.0.1 - - [05/Aug/2025:22:10:23 +0000] "POST /payments HTTP/1.1" 200 19 "-" "Grafana k6/1.1.0"
api1-1          | [2025-08-05 22:10:23.91535] [7] [trace] [CEh3FAcyFAJD] 200 OK (0.030111s, 33.210/s)
nginx-1         | 172.20.0.1 - - [05/Aug/2025:22:10:23 +0000] "GET /payments-summary?from=2025-08-05T22:10:08.883Z&to=2025-08-05T22:10:22.383Z HTTP/1.1" 200 2 "-" "Grafana k6/1.1.0"
api1-1          | [2025-08-05 22:10:23.91824] [7] [trace] [Fs7j2fKYl78m] GET "/payments-summary"
api1-1          | [2025-08-05 22:10:23.91846] [7] [trace] [Fs7j2fKYl78m] Routing to a callback
api1-1          | [2025-08-05 22:10:23.93350] [7] [trace] [Fs7j2fKYl78m] 200 OK (0.01525s, 65.574/s)
nginx-1         | 172.20.0.1 - - [05/Aug/2025:22:10:23 +0000] "GET /payments-summary?from=2025-08-05T22:10:08.916Z&to=2025-08-05T22:10:22.416Z HTTP/1.1" 200 2 "-" "Grafana k6/1.1.0"
api2-1          | [2025-08-05 22:10:23.93902] [7] [trace] [qmcV3tpEy2QZ] GET "/payments-summary"
api2-1          | [2025-08-05 22:10:23.93928] [7] [trace] [qmcV3tpEy2QZ] Routing to a callback
api2-1          | [2025-08-05 22:10:23.95441] [7] [trace] [qmcV3tpEy2QZ] 200 OK (0.015371s, 65.058/s)
nginx-1         | 172.20.0.1 - - [05/Aug/2025:22:10:23 +0000] "GET /payments-summary?from=2025-08-05T22:10:08.937Z&to=2025-08-05T22:10:22.437Z HTTP/1.1" 200 2 "-" "Grafana k6/1.1.0"
api1-1          | [2025-08-05 22:10:23.95741] [7] [trace] [PrRaDmzlnymp] GET "/payments-summary"
api1-1          | [2025-08-05 22:10:23.95768] [7] [trace] [PrRaDmzlnymp] Routing to a callback
api2-1          | [2025-08-05 22:10:23.99857] [7] [trace] [g87kAMwespOO] POST "/payments"
api2-1          | [2025-08-05 22:10:23.99883] [7] [trace] [g87kAMwespOO] Routing to a callback
api2-1          | [2025-08-05 22:10:23.99937] [7] [trace] [g87kAMwespOO] 200 OK (0.000787s, 1270.648/s)
nginx-1         | 172.20.0.1 - - [05/Aug/2025:22:10:23 +0000] "POST /payments HTTP/1.1" 200 19 "-" "Grafana k6/1.1.0"
api1-1          | [2025-08-05 22:10:24.01626] [7] [trace] [PrRaDmzlnymp] 200 OK (0.0588419999999999s, 16.995/s)
nginx-1         | 172.20.0.1 - - [05/Aug/2025:22:10:24 +0000] "GET /payments-summary?from=2025-08-05T22:10:08.955Z&to=2025-08-05T22:10:22.455Z HTTP/1.1" 200 2 "-" "Grafana k6/1.1.0"
api1-1          | [2025-08-05 22:10:24.01926] [7] [trace] [UyK1t5joY1Sz] GET "/payments-summary"
api1-1          | [2025-08-05 22:10:24.01954] [7] [trace] [UyK1t5joY1Sz] Routing to a callback
api1-1          | [2025-08-05 22:10:24.03582] [7] [trace] [UyK1t5joY1Sz] 200 OK (0.016513s, 60.558/s)
nginx-1         | 172.20.0.1 - - [05/Aug/2025:22:10:24 +0000] "GET /payments-summary?from=2025-08-05T22:10:09.017Z&to=2025-08-05T22:10:22.517Z HTTP/1.1" 200 2 "-" "Grafana k6/1.1.0"
api2-1          | [2025-08-05 22:10:24.03923] [7] [trace] [1WgSV6Cs7SoL] GET "/payments-summary"
api2-1          | [2025-08-05 22:10:24.03951] [7] [trace] [1WgSV6Cs7SoL] Routing to a callback
api2-1          | [2025-08-05 22:10:24.05654] [7] [trace] [1WgSV6Cs7SoL] 200 OK (0.017294s, 57.824/s)
nginx-1         | 172.20.0.1 - - [05/Aug/2025:22:10:24 +0000] "GET /payments-summary?from=2025-08-05T22:10:09.036Z&to=2025-08-05T22:10:22.536Z HTTP/1.1" 200 2 "-" "Grafana k6/1.1.0"
api1-1          | [2025-08-05 22:10:24.06098] [7] [trace] [aianIu8o_2Oa] GET "/payments-summary"
api1-1          | [2025-08-05 22:10:24.06115] [7] [trace] [aianIu8o_2Oa] Routing to a callback
api1-1          | [2025-08-05 22:10:24.07804] [7] [trace] [aianIu8o_2Oa] 200 OK (0.01704s, 58.685/s)
nginx-1         | 172.20.0.1 - - [05/Aug/2025:22:10:24 +0000] "GET /payments-summary?from=2025-08-05T22:10:09.059Z&to=2025-08-05T22:10:22.559Z HTTP/1.1" 200 2 "-" "Grafana k6/1.1.0"
api2-1          | [2025-08-05 22:10:24.08109] [7] [trace] [0udaYHgoEy6J] GET "/payments-summary"
api2-1          | [2025-08-05 22:10:24.08136] [7] [trace] [0udaYHgoEy6J] Routing to a callback
api1-1          | [2025-08-05 22:10:24.10812] [7] [trace] [oYthNhB3z99j] POST "/payments"
api1-1          | [2025-08-05 22:10:24.10844] [7] [trace] [oYthNhB3z99j] Routing to a callback
api1-1          | [2025-08-05 22:10:24.10952] [7] [trace] [oYthNhB3z99j] 200 OK (0.001381s, 724.113/s)
nginx-1         | 172.20.0.1 - - [05/Aug/2025:22:10:24 +0000] "POST /payments HTTP/1.1" 200 19 "-" "Grafana k6/1.1.0"
api2-1          | [2025-08-05 22:10:24.12157] [7] [trace] [0udaYHgoEy6J] 200 OK (0.040459s, 24.716/s)
nginx-1         | 172.20.0.1 - - [05/Aug/2025:22:10:24 +0000] "GET /payments-summary?from=2025-08-05T22:10:09.079Z&to=2025-08-05T22:10:22.579Z HTTP/1.1" 200 2 "-" "Grafana k6/1.1.0"
api2-1          | [2025-08-05 22:10:24.12499] [7] [trace] [yXE7iDAVXC7C] GET "/payments-summary"
api2-1          | [2025-08-05 22:10:24.12527] [7] [trace] [yXE7iDAVXC7C] Routing to a callback
api2-1          | [2025-08-05 22:10:24.14653] [7] [trace] [yXE7iDAVXC7C] 200 OK (0.021521s, 46.466/s)
nginx-1         | 172.20.0.1 - - [05/Aug/2025:22:10:24 +0000] "GET /payments-summary?from=2025-08-05T22:10:09.122Z&to=2025-08-05T22:10:22.622Z HTTP/1.1" 200 2 "-" "Grafana k6/1.1.0"
api1-1          | [2025-08-05 22:10:24.14966] [7] [trace] [vl3Q0M60qeqS] GET "/payments-summary"
api1-1          | [2025-08-05 22:10:24.14993] [7] [trace] [vl3Q0M60qeqS] Routing to a callback
api1-1          | [2025-08-05 22:10:24.17188] [7] [trace] [vl3Q0M60qeqS] 200 OK (0.022199s, 45.047/s)
nginx-1         | 172.20.0.1 - - [05/Aug/2025:22:10:24 +0000] "GET /payments-summary?from=2025-08-05T22:10:09.147Z&to=2025-08-05T22:10:22.647Z HTTP/1.1" 200 2 "-" "Grafana k6/1.1.0"
api2-1          | [2025-08-05 22:10:24.17497] [7] [trace] [c1Oztkqm9SXq] GET "/payments-summary"
api2-1          | [2025-08-05 22:10:24.17526] [7] [trace] [c1Oztkqm9SXq] Routing to a callback
api1-1          | [2025-08-05 22:10:24.21714] [7] [trace] [zwq_oApbDVev] POST "/payments"
api1-1          | [2025-08-05 22:10:24.21733] [7] [trace] [zwq_oApbDVev] Routing to a callback
api1-1          | [2025-08-05 22:10:24.21781] [7] [trace] [zwq_oApbDVev] 200 OK (0.000649s, 1540.832/s)
nginx-1         | 172.20.0.1 - - [05/Aug/2025:22:10:24 +0000] "POST /payments HTTP/1.1" 200 19 "-" "Grafana k6/1.1.0"
api2-1          | [2025-08-05 22:10:24.21833] [7] [trace] [c1Oztkqm9SXq] 200 OK (0.043324s, 23.082/s)
nginx-1         | 172.20.0.1 - - [05/Aug/2025:22:10:24 +0000] "GET /payments-summary?from=2025-08-05T22:10:09.173Z&to=2025-08-05T22:10:22.673Z HTTP/1.1" 200 2 "-" "Grafana k6/1.1.0"
api2-1          | [2025-08-05 22:10:24.22152] [7] [trace] [uKv9fHmNVJEk] GET "/payments-summary"
api2-1          | [2025-08-05 22:10:24.22188] [7] [trace] [uKv9fHmNVJEk] Routing to a callback
api2-1          | [2025-08-05 22:10:24.24426] [7] [trace] [uKv9fHmNVJEk] 200 OK (0.022731s, 43.993/s)
nginx-1         | 172.20.0.1 - - [05/Aug/2025:22:10:24 +0000] "GET /payments-summary?from=2025-08-05T22:10:09.219Z&to=2025-08-05T22:10:22.719Z HTTP/1.1" 200 2 "-" "Grafana k6/1.1.0"
api1-1          | [2025-08-05 22:10:24.24676] [7] [trace] [oW1QKPI68j7v] GET "/payments-summary"
api1-1          | [2025-08-05 22:10:24.24700] [7] [trace] [oW1QKPI68j7v] Routing to a callback
api1-1          | [2025-08-05 22:10:24.26126] [7] [trace] [oW1QKPI68j7v] 200 OK (0.01449s, 69.013/s)
nginx-1         | 172.20.0.1 - - [05/Aug/2025:22:10:24 +0000] "GET /payments-summary?from=2025-08-05T22:10:09.245Z&to=2025-08-05T22:10:22.745Z HTTP/1.1" 200 2 "-" "Grafana k6/1.1.0"
api2-1          | [2025-08-05 22:10:24.26387] [7] [trace] [h9-UAoTbnP7Q] GET "/payments-summary"
api2-1          | [2025-08-05 22:10:24.26423] [7] [trace] [h9-UAoTbnP7Q] Routing to a callback
api2-1          | [2025-08-05 22:10:24.30638] [7] [trace] [h9-UAoTbnP7Q] 200 OK (0.042495s, 23.532/s)
nginx-1         | 172.20.0.1 - - [05/Aug/2025:22:10:24 +0000] "GET /payments-summary?from=2025-08-05T22:10:09.262Z&to=2025-08-05T22:10:22.762Z HTTP/1.1" 200 2 "-" "Grafana k6/1.1.0"
api1-1          | [2025-08-05 22:10:24.30946] [7] [trace] [iz4ATB9A7NCH] GET "/payments-summary"
api1-1          | [2025-08-05 22:10:24.30969] [7] [trace] [iz4ATB9A7NCH] Routing to a callback
api1-1          | [2025-08-05 22:10:24.32480] [7] [trace] [iz4ATB9A7NCH] 200 OK (0.015295s, 65.381/s)
nginx-1         | 172.20.0.1 - - [05/Aug/2025:22:10:24 +0000] "GET /payments-summary?from=2025-08-05T22:10:09.307Z&to=2025-08-05T22:10:22.807Z HTTP/1.1" 200 2 "-" "Grafana k6/1.1.0"
api2-1          | [2025-08-05 22:10:24.32661] [7] [trace] [EQBddSHzYy-_] POST "/payments"
api2-1          | [2025-08-05 22:10:24.32741] [7] [trace] [EQBddSHzYy-_] Routing to a callback
api2-1          | [2025-08-05 22:10:24.32803] [7] [trace] [EQBddSHzYy-_] 200 OK (0.001391s, 718.907/s)
api1-1          | [2025-08-05 22:10:24.32817] [7] [trace] [Cr7_2lW6Qr2Q] GET "/payments-summary"
nginx-1         | 172.20.0.1 - - [05/Aug/2025:22:10:24 +0000] "POST /payments HTTP/1.1" 200 19 "-" "Grafana k6/1.1.0"
api1-1          | [2025-08-05 22:10:24.32833] [7] [trace] [Cr7_2lW6Qr2Q] Routing to a callback
api1-1          | [2025-08-05 22:10:24.34376] [7] [trace] [Cr7_2lW6Qr2Q] 200 OK (0.015575s, 64.205/s)
nginx-1         | 172.20.0.1 - - [05/Aug/2025:22:10:24 +0000] "GET /payments-summary?from=2025-08-05T22:10:09.326Z&to=2025-08-05T22:10:22.826Z HTTP/1.1" 200 2 "-" "Grafana k6/1.1.0"
api2-1          | [2025-08-05 22:10:24.34623] [7] [trace] [4KLYP357cZaa] GET "/payments-summary"
api2-1          | [2025-08-05 22:10:24.34649] [7] [trace] [4KLYP357cZaa] Routing to a callback
api2-1          | [2025-08-05 22:10:24.36649] [7] [trace] [4KLYP357cZaa] 200 OK (0.020245s, 49.395/s)
nginx-1         | 172.20.0.1 - - [05/Aug/2025:22:10:24 +0000] "GET /payments-summary?from=2025-08-05T22:10:09.344Z&to=2025-08-05T22:10:22.844Z HTTP/1.1" 200 2 "-" "Grafana k6/1.1.0"
api1-1          | [2025-08-05 22:10:24.36928] [7] [trace] [0_bDxQkzkEdP] GET "/payments-summary"
api1-1          | [2025-08-05 22:10:24.36945] [7] [trace] [0_bDxQkzkEdP] Routing to a callback
api1-1          | [2025-08-05 22:10:24.38589] [7] [trace] [0_bDxQkzkEdP] 200 OK (0.016593s, 60.266/s)
nginx-1         | 172.20.0.1 - - [05/Aug/2025:22:10:24 +0000] "GET /payments-summary?from=2025-08-05T22:10:09.367Z&to=2025-08-05T22:10:22.867Z HTTP/1.1" 200 2 "-" "Grafana k6/1.1.0"
api2-1          | [2025-08-05 22:10:24.38890] [7] [trace] [o9RI8IcFztFh] GET "/payments-summary"
api2-1          | [2025-08-05 22:10:24.38913] [7] [trace] [o9RI8IcFztFh] Routing to a callback
api2-1          | [2025-08-05 22:10:24.41703] [7] [trace] [o9RI8IcFztFh] 200 OK (0.028118s, 35.564/s)
nginx-1         | 172.20.0.1 - - [05/Aug/2025:22:10:24 +0000] "GET /payments-summary?from=2025-08-05T22:10:09.386Z&to=2025-08-05T22:10:22.886Z HTTP/1.1" 200 2 "-" "Grafana k6/1.1.0"
api1-1          | [2025-08-05 22:10:24.41987] [7] [trace] [NABMrdpnHYGK] GET "/payments-summary"
api1-1          | [2025-08-05 22:10:24.42016] [7] [trace] [NABMrdpnHYGK] Routing to a callback
api2-1          | [2025-08-05 22:10:24.43566] [7] [trace] [8XvWUy_fjUEq] POST "/payments"
api2-1          | [2025-08-05 22:10:24.43593] [7] [trace] [8XvWUy_fjUEq] Routing to a callback
api2-1          | [2025-08-05 22:10:24.43635] [7] [trace] [8XvWUy_fjUEq] 200 OK (0.000682s, 1466.276/s)
nginx-1         | 172.20.0.1 - - [05/Aug/2025:22:10:24 +0000] "POST /payments HTTP/1.1" 200 19 "-" "Grafana k6/1.1.0"
api1-1          | [2025-08-05 22:10:24.43798] [7] [trace] [NABMrdpnHYGK] 200 OK (0.018105s, 55.233/s)
nginx-1         | 172.20.0.1 - - [05/Aug/2025:22:10:24 +0000] "GET /payments-summary?from=2025-08-05T22:10:09.417Z&to=2025-08-05T22:10:22.917Z HTTP/1.1" 200 2 "-" "Grafana k6/1.1.0"
api1-1          | [2025-08-05 22:10:24.44045] [7] [trace] [ET8iDh2Uly5R] GET "/payments-summary"
api1-1          | [2025-08-05 22:10:24.44121] [7] [trace] [ET8iDh2Uly5R] Routing to a callback
api1-1          | [2025-08-05 22:10:24.45981] [7] [trace] [ET8iDh2Uly5R] 200 OK (0.019311s, 51.784/s)
nginx-1         | 172.20.0.1 - - [05/Aug/2025:22:10:24 +0000] "GET /payments-summary?from=2025-08-05T22:10:09.439Z&to=2025-08-05T22:10:22.939Z HTTP/1.1" 200 2 "-" "Grafana k6/1.1.0"
api2-1          | [2025-08-05 22:10:24.46422] [7] [trace] [vNQkjZ7M9via] GET "/payments-summary"
api2-1          | [2025-08-05 22:10:24.46446] [7] [trace] [vNQkjZ7M9via] Routing to a callback
api2-1          | [2025-08-05 22:10:24.51622] [7] [trace] [vNQkjZ7M9via] 200 OK (0.051987s, 19.236/s)
nginx-1         | 172.20.0.1 - - [05/Aug/2025:22:10:24 +0000] "GET /payments-summary?from=2025-08-05T22:10:09.461Z&to=2025-08-05T22:10:22.961Z HTTP/1.1" 200 2 "-" "Grafana k6/1.1.0"
api1-1          | [2025-08-05 22:10:24.51910] [7] [trace] [ytoLcGSUnmGr] GET "/payments-summary"
api1-1          | [2025-08-05 22:10:24.51945] [7] [trace] [ytoLcGSUnmGr] Routing to a callback
api1-1          | [2025-08-05 22:10:24.53563] [7] [trace] [ytoLcGSUnmGr] 200 OK (0.016516s, 60.547/s)
nginx-1         | 172.20.0.1 - - [05/Aug/2025:22:10:24 +0000] "GET /payments-summary?from=2025-08-05T22:10:09.517Z&to=2025-08-05T22:10:23.017Z HTTP/1.1" 200 50 "-" "Grafana k6/1.1.0"
api2-1          | [2025-08-05 22:10:24.53898] [7] [trace] [5Ydg3C6ioQgU] GET "/payments-summary"
api2-1          | [2025-08-05 22:10:24.53926] [7] [trace] [5Ydg3C6ioQgU] Routing to a callback
api1-1          | [2025-08-05 22:10:24.54514] [7] [trace] [yDNVbUhqshYP] POST "/payments"
api1-1          | [2025-08-05 22:10:24.54547] [7] [trace] [yDNVbUhqshYP] Routing to a callback
api1-1          | [2025-08-05 22:10:24.54610] [7] [trace] [yDNVbUhqshYP] 200 OK (0.000934s, 1070.664/s)
nginx-1         | 172.20.0.1 - - [05/Aug/2025:22:10:24 +0000] "POST /payments HTTP/1.1" 200 19 "-" "Grafana k6/1.1.0"
api2-1          | [2025-08-05 22:10:24.55724] [7] [trace] [5Ydg3C6ioQgU] 200 OK (0.018245s, 54.810/s)
nginx-1         | 172.20.0.1 - - [05/Aug/2025:22:10:24 +0000] "GET /payments-summary?from=2025-08-05T22:10:09.536Z&to=2025-08-05T22:10:23.036Z HTTP/1.1" 200 50 "-" "Grafana k6/1.1.0"
api2-1          | [2025-08-05 22:10:24.56037] [7] [trace] [r0Iw0edu49rT] GET "/payments-summary"
api2-1          | [2025-08-05 22:10:24.56053] [7] [trace] [r0Iw0edu49rT] Routing to a callback
api2-1          | [2025-08-05 22:10:24.60598] [7] [trace] [r0Iw0edu49rT] 200 OK (0.045603s, 21.928/s)
nginx-1         | 172.20.0.1 - - [05/Aug/2025:22:10:24 +0000] "GET /payments-summary?from=2025-08-05T22:10:09.558Z&to=2025-08-05T22:10:23.058Z HTTP/1.1" 200 50 "-" "Grafana k6/1.1.0"
api1-1          | [2025-08-05 22:10:24.60905] [7] [trace] [Wk5SBK-mwA-z] GET "/payments-summary"
api1-1          | [2025-08-05 22:10:24.60924] [7] [trace] [Wk5SBK-mwA-z] Routing to a callback
api1-1          | [2025-08-05 22:10:24.62339] [7] [trace] [Wk5SBK-mwA-z] 200 OK (0.014326s, 69.803/s)
nginx-1         | 172.20.0.1 - - [05/Aug/2025:22:10:24 +0000] "GET /payments-summary?from=2025-08-05T22:10:09.607Z&to=2025-08-05T22:10:23.107Z HTTP/1.1" 200 50 "-" "Grafana k6/1.1.0"
api2-1          | [2025-08-05 22:10:24.62596] [7] [trace] [gHChxY1H_kEh] GET "/payments-summary"
api2-1          | [2025-08-05 22:10:24.62616] [7] [trace] [gHChxY1H_kEh] Routing to a callback
api2-1          | [2025-08-05 22:10:24.64048] [7] [trace] [gHChxY1H_kEh] 200 OK (0.014505s, 68.942/s)
nginx-1         | 172.20.0.1 - - [05/Aug/2025:22:10:24 +0000] "GET /payments-summary?from=2025-08-05T22:10:09.624Z&to=2025-08-05T22:10:23.124Z HTTP/1.1" 200 50 "-" "Grafana k6/1.1.0"
api1-1          | [2025-08-05 22:10:24.64300] [7] [trace] [huqnwxMrTBeS] GET "/payments-summary"
api1-1          | [2025-08-05 22:10:24.64326] [7] [trace] [huqnwxMrTBeS] Routing to a callback
api2-1          | [2025-08-05 22:10:24.65405] [7] [trace] [BUx11z3Opo_k] POST "/payments"
api2-1          | [2025-08-05 22:10:24.65435] [7] [trace] [BUx11z3Opo_k] Routing to a callback
api2-1          | [2025-08-05 22:10:24.65483] [7] [trace] [BUx11z3Opo_k] 200 OK (0.000768s, 1302.083/s)
nginx-1         | 172.20.0.1 - - [05/Aug/2025:22:10:24 +0000] "POST /payments HTTP/1.1" 200 19 "-" "Grafana k6/1.1.0"
api1-1          | [2025-08-05 22:10:24.65937] [7] [trace] [huqnwxMrTBeS] 200 OK (0.016359s, 61.128/s)
nginx-1         | 172.20.0.1 - - [05/Aug/2025:22:10:24 +0000] "GET /payments-summary?from=2025-08-05T22:10:09.641Z&to=2025-08-05T22:10:23.141Z HTTP/1.1" 200 50 "-" "Grafana k6/1.1.0"
api1-1          | [2025-08-05 22:10:24.66195] [7] [trace] [p6boK7YqaDP3] GET "/payments-summary"
api1-1          | [2025-08-05 22:10:24.66220] [7] [trace] [p6boK7YqaDP3] Routing to a callback
api1-1          | [2025-08-05 22:10:24.70502] [7] [trace] [p6boK7YqaDP3] 200 OK (0.043055s, 23.226/s)
nginx-1         | 172.20.0.1 - - [05/Aug/2025:22:10:24 +0000] "GET /payments-summary?from=2025-08-05T22:10:09.660Z&to=2025-08-05T22:10:23.160Z HTTP/1.1" 200 50 "-" "Grafana k6/1.1.0"
api2-1          | [2025-08-05 22:10:24.70815] [7] [trace] [KK3Ja6OkwAps] GET "/payments-summary"
api2-1          | [2025-08-05 22:10:24.70835] [7] [trace] [KK3Ja6OkwAps] Routing to a callback
api2-1          | [2025-08-05 22:10:24.72190] [7] [trace] [KK3Ja6OkwAps] 200 OK (0.013742s, 72.770/s)
nginx-1         | 172.20.0.1 - - [05/Aug/2025:22:10:24 +0000] "GET /payments-summary?from=2025-08-05T22:10:09.706Z&to=2025-08-05T22:10:23.206Z HTTP/1.1" 200 50 "-" "Grafana k6/1.1.0"
api1-1          | [2025-08-05 22:10:24.72458] [7] [trace] [7cjIeCg0WcLL] GET "/payments-summary"
api1-1          | [2025-08-05 22:10:24.72486] [7] [trace] [7cjIeCg0WcLL] Routing to a callback
api1-1          | [2025-08-05 22:10:24.74031] [7] [trace] [7cjIeCg0WcLL] 200 OK (0.015721s, 63.609/s)
nginx-1         | 172.20.0.1 - - [05/Aug/2025:22:10:24 +0000] "GET /payments-summary?from=2025-08-05T22:10:09.722Z&to=2025-08-05T22:10:23.222Z HTTP/1.1" 200 50 "-" "Grafana k6/1.1.0"
api2-1          | [2025-08-05 22:10:24.74281] [7] [trace] [fBRGuPl6wSL5] GET "/payments-summary"
api2-1          | [2025-08-05 22:10:24.74301] [7] [trace] [fBRGuPl6wSL5] Routing to a callback
api2-1          | [2025-08-05 22:10:24.75678] [7] [trace] [fBRGuPl6wSL5] 200 OK (0.013989s, 71.485/s)
nginx-1         | 172.20.0.1 - - [05/Aug/2025:22:10:24 +0000] "GET /payments-summary?from=2025-08-05T22:10:09.741Z&to=2025-08-05T22:10:23.241Z HTTP/1.1" 200 50 "-" "Grafana k6/1.1.0"
api1-1          | [2025-08-05 22:10:24.76076] [7] [trace] [stYw2FnMb6Y0] GET "/payments-summary"
api1-1          | [2025-08-05 22:10:24.76105] [7] [trace] [stYw2FnMb6Y0] Routing to a callback
api2-1          | [2025-08-05 22:10:24.76394] [7] [trace] [MEaXidJFtSrh] POST "/payments"
api2-1          | [2025-08-05 22:10:24.76414] [7] [trace] [MEaXidJFtSrh] Routing to a callback
api2-1          | [2025-08-05 22:10:24.76462] [7] [trace] [MEaXidJFtSrh] 200 OK (0.000673s, 1485.884/s)
nginx-1         | 172.20.0.1 - - [05/Aug/2025:22:10:24 +0000] "POST /payments HTTP/1.1" 200 19 "-" "Grafana k6/1.1.0"
api1-1          | [2025-08-05 22:10:24.80595] [7] [trace] [stYw2FnMb6Y0] 200 OK (0.045181s, 22.133/s)
api1-1          | [2025-08-05 22:10:24.80774] [7] [trace] [8DAd9HBKKbAw] POST "/payments"
api1-1          | [2025-08-05 22:10:24.80798] [7] [trace] [8DAd9HBKKbAw] Routing to a callback
api1-1          | [2025-08-05 22:10:24.80842] [7] [trace] [8DAd9HBKKbAw] 200 OK (0.000666s, 1501.502/s)
nginx-1         | 172.20.0.1 - - [05/Aug/2025:22:10:24 +0000] "GET /payments-summary?from=2025-08-05T22:10:09.758Z&to=2025-08-05T22:10:23.258Z HTTP/1.1" 200 50 "-" "Grafana k6/1.1.0"
nginx-1         | 172.20.0.1 - - [05/Aug/2025:22:10:24 +0000] "POST /payments HTTP/1.1" 200 19 "-" "Grafana k6/1.1.0"
api2-1          | [2025-08-05 22:10:24.81352] [7] [trace] [GN0AIg03617H] GET "/payments-summary"
api2-1          | [2025-08-05 22:10:24.81376] [7] [trace] [GN0AIg03617H] Routing to a callback
api1-1          | [2025-08-05 22:10:24.87314] [7] [trace] [AnIiOvuIRqak] POST "/payments"
api1-1          | [2025-08-05 22:10:24.87331] [7] [trace] [AnIiOvuIRqak] Routing to a callback
api1-1          | [2025-08-05 22:10:24.87382] [7] [trace] [AnIiOvuIRqak] 200 OK (0.000668s, 1497.006/s)
nginx-1         | 172.20.0.1 - - [05/Aug/2025:22:10:24 +0000] "POST /payments HTTP/1.1" 200 19 "-" "Grafana k6/1.1.0"
api2-1          | [2025-08-05 22:10:24.90706] [7] [trace] [GN0AIg03617H] 200 OK (0.093533s, 10.691/s)
nginx-1         | 172.20.0.1 - - [05/Aug/2025:22:10:24 +0000] "GET /payments-summary?from=2025-08-05T22:10:09.810Z&to=2025-08-05T22:10:23.310Z HTTP/1.1" 200 50 "-" "Grafana k6/1.1.0"
nginx-1         | 172.20.0.1 - - [05/Aug/2025:22:10:24 +0000] "POST /payments HTTP/1.1" 200 19 "-" "Grafana k6/1.1.0"
api2-1          | [2025-08-05 22:10:24.90842] [7] [trace] [b_t8oUw2U8W4] POST "/payments"
api2-1          | [2025-08-05 22:10:24.90859] [7] [trace] [b_t8oUw2U8W4] Routing to a callback
api2-1          | [2025-08-05 22:10:24.90897] [7] [trace] [b_t8oUw2U8W4] 200 OK (0.000541s, 1848.429/s)
api1-1          | [2025-08-05 22:10:24.91095] [7] [trace] [m3LvZVBzXC5F] GET "/payments-summary"
api1-1          | [2025-08-05 22:10:24.91159] [7] [trace] [m3LvZVBzXC5F] Routing to a callback
api1-1          | [2025-08-05 22:10:24.92840] [7] [trace] [m3LvZVBzXC5F] 200 OK (0.017471s, 57.238/s)
nginx-1         | 172.20.0.1 - - [05/Aug/2025:22:10:24 +0000] "GET /payments-summary?from=2025-08-05T22:10:09.908Z&to=2025-08-05T22:10:23.408Z HTTP/1.1" 200 50 "-" "Grafana k6/1.1.0"
api2-1          | [2025-08-05 22:10:24.93096] [7] [trace] [_4753S3Nnuys] GET "/payments-summary"
api2-1          | [2025-08-05 22:10:24.93113] [7] [trace] [_4753S3Nnuys] Routing to a callback
api2-1          | [2025-08-05 22:10:24.94572] [7] [trace] [_4753S3Nnuys] 200 OK (0.014741s, 67.838/s)
nginx-1         | 172.20.0.1 - - [05/Aug/2025:22:10:24 +0000] "GET /payments-summary?from=2025-08-05T22:10:09.929Z&to=2025-08-05T22:10:23.429Z HTTP/1.1" 200 50 "-" "Grafana k6/1.1.0"
api1-1          | [2025-08-05 22:10:24.94831] [7] [trace] [BthOS7Xkp6Jz] GET "/payments-summary"
api1-1          | [2025-08-05 22:10:24.94859] [7] [trace] [BthOS7Xkp6Jz] Routing to a callback
api2-1          | [2025-08-05 22:10:24.98197] [7] [trace] [Dsw__5GejWM8] POST "/payments"
api2-1          | [2025-08-05 22:10:24.98218] [7] [trace] [Dsw__5GejWM8] Routing to a callback
api2-1          | [2025-08-05 22:10:24.98263] [7] [trace] [Dsw__5GejWM8] 200 OK (0.000651s, 1536.098/s)
nginx-1         | 172.20.0.1 - - [05/Aug/2025:22:10:24 +0000] "POST /payments HTTP/1.1" 200 19 "-" "Grafana k6/1.1.0"
api1-1          | [2025-08-05 22:10:25.01450] [7] [trace] [BthOS7Xkp6Jz] 200 OK (0.066177s, 15.111/s)
nginx-1         | 172.20.0.1 - - [05/Aug/2025:22:10:25 +0000] "GET /payments-summary?from=2025-08-05T22:10:09.946Z&to=2025-08-05T22:10:23.446Z HTTP/1.1" 200 50 "-" "Grafana k6/1.1.0"
api2-1          | [2025-08-05 22:10:25.01691] [7] [trace] [m86T3bjpl0CV] GET "/payments-summary"
api2-1          | [2025-08-05 22:10:25.01710] [7] [trace] [m86T3bjpl0CV] Routing to a callback
api1-1          | [2025-08-05 22:10:25.01601] [7] [trace] [pvGhPeZimVKU] POST "/payments"
api1-1          | [2025-08-05 22:10:25.01789] [7] [trace] [pvGhPeZimVKU] Routing to a callback
api1-1          | [2025-08-05 22:10:25.01860] [7] [trace] [pvGhPeZimVKU] 200 OK (0.002549s, 392.311/s)
nginx-1         | 172.20.0.1 - - [05/Aug/2025:22:10:25 +0000] "POST /payments HTTP/1.1" 200 19 "-" "Grafana k6/1.1.0"
api2-1          | [2025-08-05 22:10:25.03147] [7] [trace] [m86T3bjpl0CV] 200 OK (0.014557s, 68.695/s)
nginx-1         | 172.20.0.1 - - [05/Aug/2025:22:10:25 +0000] "GET /payments-summary?from=2025-08-05T22:10:10.015Z&to=2025-08-05T22:10:23.515Z HTTP/1.1" 200 50 "-" "Grafana k6/1.1.0"
api1-1          | [2025-08-05 22:10:25.03497] [7] [trace] [wA6ry-LN9vGO] GET "/payments-summary"
api1-1          | [2025-08-05 22:10:25.03520] [7] [trace] [wA6ry-LN9vGO] Routing to a callback
api1-1          | [2025-08-05 22:10:25.05799] [7] [trace] [wA6ry-LN9vGO] 200 OK (0.023014s, 43.452/s)
nginx-1         | 172.20.0.1 - - [05/Aug/2025:22:10:25 +0000] "GET /payments-summary?from=2025-08-05T22:10:10.032Z&to=2025-08-05T22:10:23.532Z HTTP/1.1" 200 50 "-" "Grafana k6/1.1.0"
api2-1          | [2025-08-05 22:10:25.06066] [7] [trace] [8M4fpiq3RvMj] GET "/payments-summary"
api2-1          | [2025-08-05 22:10:25.06089] [7] [trace] [8M4fpiq3RvMj] Routing to a callback
api2-1          | [2025-08-05 22:10:25.07684] [7] [trace] [8M4fpiq3RvMj] 200 OK (0.016158s, 61.889/s)
nginx-1         | 172.20.0.1 - - [05/Aug/2025:22:10:25 +0000] "GET /payments-summary?from=2025-08-05T22:10:10.058Z&to=2025-08-05T22:10:23.558Z HTTP/1.1" 200 50 "-" "Grafana k6/1.1.0"
api1-1          | [2025-08-05 22:10:25.07984] [7] [trace] [O5jLuAUkXDEe] GET "/payments-summary"
api1-1          | [2025-08-05 22:10:25.08009] [7] [trace] [O5jLuAUkXDEe] Routing to a callback
api2-1          | [2025-08-05 22:10:25.09208] [7] [trace] [VJYZAu1tivVc] POST "/payments"
api2-1          | [2025-08-05 22:10:25.09228] [7] [trace] [VJYZAu1tivVc] Routing to a callback
api2-1          | [2025-08-05 22:10:25.09270] [7] [trace] [VJYZAu1tivVc] 200 OK (0.000612s, 1633.987/s)
nginx-1         | 172.20.0.1 - - [05/Aug/2025:22:10:25 +0000] "POST /payments HTTP/1.1" 200 19 "-" "Grafana k6/1.1.0"
api1-1          | [2025-08-05 22:10:25.11490] [7] [trace] [O5jLuAUkXDEe] 200 OK (0.035048s, 28.532/s)
nginx-1         | 172.20.0.1 - - [05/Aug/2025:22:10:25 +0000] "GET /payments-summary?from=2025-08-05T22:10:10.077Z&to=2025-08-05T22:10:23.577Z HTTP/1.1" 200 50 "-" "Grafana k6/1.1.0"
nginx-1         | 172.20.0.1 - - [05/Aug/2025:22:10:25 +0000] "POST /payments HTTP/1.1" 200 19 "-" "Grafana k6/1.1.0"
api1-1          | [2025-08-05 22:10:25.11629] [7] [trace] [RnJwPmhntnfz] POST "/payments"
api1-1          | [2025-08-05 22:10:25.11650] [7] [trace] [RnJwPmhntnfz] Routing to a callback
api1-1          | [2025-08-05 22:10:25.11688] [7] [trace] [RnJwPmhntnfz] 200 OK (0.000577s, 1733.102/s)
api2-1          | [2025-08-05 22:10:25.11732] [7] [trace] [7ZqlBuXAUQGF] GET "/payments-summary"
api2-1          | [2025-08-05 22:10:25.11748] [7] [trace] [7ZqlBuXAUQGF] Routing to a callback
api2-1          | [2025-08-05 22:10:25.13269] [7] [trace] [7ZqlBuXAUQGF] 200 OK (0.015358s, 65.113/s)
nginx-1         | 172.20.0.1 - - [05/Aug/2025:22:10:25 +0000] "GET /payments-summary?from=2025-08-05T22:10:10.115Z&to=2025-08-05T22:10:23.615Z HTTP/1.1" 200 50 "-" "Grafana k6/1.1.0"
api1-1          | [2025-08-05 22:10:25.13520] [7] [trace] [Sn_Zdc_leYwj] GET "/payments-summary"
api1-1          | [2025-08-05 22:10:25.13544] [7] [trace] [Sn_Zdc_leYwj] Routing to a callback
api1-1          | [2025-08-05 22:10:25.14959] [7] [trace] [Sn_Zdc_leYwj] 200 OK (0.014363s, 69.623/s)
nginx-1         | 172.20.0.1 - - [05/Aug/2025:22:10:25 +0000] "GET /payments-summary?from=2025-08-05T22:10:10.133Z&to=2025-08-05T22:10:23.633Z HTTP/1.1" 200 50 "-" "Grafana k6/1.1.0"
api2-1          | [2025-08-05 22:10:25.15264] [7] [trace] [irSNoG0eIlSU] GET "/payments-summary"
api2-1          | [2025-08-05 22:10:25.15281] [7] [trace] [irSNoG0eIlSU] Routing to a callback
api2-1          | [2025-08-05 22:10:25.16965] [7] [trace] [irSNoG0eIlSU] 200 OK (0.017008s, 58.796/s)
nginx-1         | 172.20.0.1 - - [05/Aug/2025:22:10:25 +0000] "GET /payments-summary?from=2025-08-05T22:10:10.150Z&to=2025-08-05T22:10:23.650Z HTTP/1.1" 200 50 "-" "Grafana k6/1.1.0"
api1-1          | [2025-08-05 22:10:25.17264] [7] [trace] [L7u2hmtHlw2O] GET "/payments-summary"
api1-1          | [2025-08-05 22:10:25.17294] [7] [trace] [L7u2hmtHlw2O] Routing to a callback
api2-1          | [2025-08-05 22:10:25.20180] [7] [trace] [_8TnqkbcAxaM] POST "/payments"
api2-1          | [2025-08-05 22:10:25.20206] [7] [trace] [_8TnqkbcAxaM] Routing to a callback
api2-1          | [2025-08-05 22:10:25.20274] [7] [trace] [_8TnqkbcAxaM] 200 OK (0.00093s, 1075.269/s)
nginx-1         | 172.20.0.1 - - [05/Aug/2025:22:10:25 +0000] "POST /payments HTTP/1.1" 200 19 "-" "Grafana k6/1.1.0"
api1-1          | [2025-08-05 22:10:25.22358] [7] [trace] [L7u2hmtHlw2O] 200 OK (0.050926s, 19.636/s)
nginx-1         | 172.20.0.1 - - [05/Aug/2025:22:10:25 +0000] "GET /payments-summary?from=2025-08-05T22:10:10.170Z&to=2025-08-05T22:10:23.670Z HTTP/1.1" 200 50 "-" "Grafana k6/1.1.0"
nginx-1         | 172.20.0.1 - - [05/Aug/2025:22:10:25 +0000] "POST /payments HTTP/1.1" 200 19 "-" "Grafana k6/1.1.0"
api1-1          | [2025-08-05 22:10:25.22537] [7] [trace] [mD9TTge3xae2] POST "/payments"
api1-1          | [2025-08-05 22:10:25.22588] [7] [trace] [mD9TTge3xae2] Routing to a callback
api1-1          | [2025-08-05 22:10:25.22672] [7] [trace] [mD9TTge3xae2] 200 OK (0.00134s, 746.269/s)
api2-1          | [2025-08-05 22:10:25.22951] [7] [trace] [Ckkmwfq-iqBN] GET "/payments-summary"
api2-1          | [2025-08-05 22:10:25.22972] [7] [trace] [Ckkmwfq-iqBN] Routing to a callback
api2-1          | [2025-08-05 22:10:25.24673] [7] [trace] [Ckkmwfq-iqBN] 200 OK (0.017211s, 58.102/s)
nginx-1         | 172.20.0.1 - - [05/Aug/2025:22:10:25 +0000] "GET /payments-summary?from=2025-08-05T22:10:10.224Z&to=2025-08-05T22:10:23.724Z HTTP/1.1" 200 50 "-" "Grafana k6/1.1.0"
api1-1          | [2025-08-05 22:10:25.25016] [7] [trace] [DibmicMzjgNx] GET "/payments-summary"
api1-1          | [2025-08-05 22:10:25.25032] [7] [trace] [DibmicMzjgNx] Routing to a callback
api1-1          | [2025-08-05 22:10:25.26425] [7] [trace] [DibmicMzjgNx] 200 OK (0.014075s, 71.048/s)
nginx-1         | 172.20.0.1 - - [05/Aug/2025:22:10:25 +0000] "GET /payments-summary?from=2025-08-05T22:10:10.247Z&to=2025-08-05T22:10:23.747Z HTTP/1.1" 200 50 "-" "Grafana k6/1.1.0"
api2-1          | [2025-08-05 22:10:25.26691] [7] [trace] [hyOSNfP-SOZz] GET "/payments-summary"
api2-1          | [2025-08-05 22:10:25.26710] [7] [trace] [hyOSNfP-SOZz] Routing to a callback
api2-1          | [2025-08-05 22:10:25.28127] [7] [trace] [hyOSNfP-SOZz] 200 OK (0.014341s, 69.730/s)
nginx-1         | 172.20.0.1 - - [05/Aug/2025:22:10:25 +0000] "GET /payments-summary?from=2025-08-05T22:10:10.265Z&to=2025-08-05T22:10:23.765Z HTTP/1.1" 200 50 "-" "Grafana k6/1.1.0"
api1-1          | [2025-08-05 22:10:25.28369] [7] [trace] [P97E4uwzxnDx] GET "/payments-summary"
api1-1          | [2025-08-05 22:10:25.28387] [7] [trace] [P97E4uwzxnDx] Routing to a callback
api2-1          | [2025-08-05 22:10:25.30961] [7] [trace] [flQTpQr9NEXO] POST "/payments"
api2-1          | [2025-08-05 22:10:25.30978] [7] [trace] [flQTpQr9NEXO] Routing to a callback
api2-1          | [2025-08-05 22:10:25.31018] [7] [trace] [flQTpQr9NEXO] 200 OK (0.000557s, 1795.332/s)
nginx-1         | 172.20.0.1 - - [05/Aug/2025:22:10:25 +0000] "POST /payments HTTP/1.1" 200 19 "-" "Grafana k6/1.1.0"
api1-1          | [2025-08-05 22:10:25.31563] [7] [trace] [P97E4uwzxnDx] 200 OK (0.031924s, 31.324/s)
nginx-1         | 172.20.0.1 - - [05/Aug/2025:22:10:25 +0000] "GET /payments-summary?from=2025-08-05T22:10:10.282Z&to=2025-08-05T22:10:23.782Z HTTP/1.1" 200 50 "-" "Grafana k6/1.1.0"
api1-1          | [2025-08-05 22:10:25.31862] [7] [trace] [mdpH2uhR8LiQ] GET "/payments-summary"
api1-1          | [2025-08-05 22:10:25.31884] [7] [trace] [mdpH2uhR8LiQ] Routing to a callback
api2-1          | [2025-08-05 22:10:25.33054] [7] [trace] [0YVK3wU0vRx1] POST "/payments"
api2-1          | [2025-08-05 22:10:25.33071] [7] [trace] [0YVK3wU0vRx1] Routing to a callback
api2-1          | [2025-08-05 22:10:25.33111] [7] [trace] [0YVK3wU0vRx1] 200 OK (0.000562s, 1779.359/s)
nginx-1         | 172.20.0.1 - - [05/Aug/2025:22:10:25 +0000] "POST /payments HTTP/1.1" 200 19 "-" "Grafana k6/1.1.0"
api1-1          | [2025-08-05 22:10:25.33401] [7] [trace] [mdpH2uhR8LiQ] 200 OK (0.015374s, 65.045/s)
nginx-1         | 172.20.0.1 - - [05/Aug/2025:22:10:25 +0000] "GET /payments-summary?from=2025-08-05T22:10:10.316Z&to=2025-08-05T22:10:23.816Z HTTP/1.1" 200 50 "-" "Grafana k6/1.1.0"
api1-1          | [2025-08-05 22:10:25.33723] [7] [trace] [cdt-Yc_ebGY0] GET "/payments-summary"
api1-1          | [2025-08-05 22:10:25.33744] [7] [trace] [cdt-Yc_ebGY0] Routing to a callback
api1-1          | [2025-08-05 22:10:25.35163] [7] [trace] [cdt-Yc_ebGY0] 200 OK (0.01439s, 69.493/s)
nginx-1         | 172.20.0.1 - - [05/Aug/2025:22:10:25 +0000] "GET /payments-summary?from=2025-08-05T22:10:10.335Z&to=2025-08-05T22:10:23.835Z HTTP/1.1" 200 50 "-" "Grafana k6/1.1.0"
api2-1          | [2025-08-05 22:10:25.35811] [7] [trace] [ir21V9ge5C_V] GET "/payments-summary"
api2-1          | [2025-08-05 22:10:25.35835] [7] [trace] [ir21V9ge5C_V] Routing to a callback
api2-1          | [2025-08-05 22:10:25.37297] [7] [trace] [ir21V9ge5C_V] 200 OK (0.014863s, 67.281/s)
nginx-1         | 172.20.0.1 - - [05/Aug/2025:22:10:25 +0000] "GET /payments-summary?from=2025-08-05T22:10:10.352Z&to=2025-08-05T22:10:23.852Z HTTP/1.1" 200 50 "-" "Grafana k6/1.1.0"
api1-1          | [2025-08-05 22:10:25.37525] [7] [trace] [4wASjwUnZ1GB] GET "/payments-summary"
api1-1          | [2025-08-05 22:10:25.37555] [7] [trace] [4wASjwUnZ1GB] Routing to a callback
api1-1          | [2025-08-05 22:10:25.41874] [7] [trace] [4wASjwUnZ1GB] 200 OK (0.043465s, 23.007/s)
nginx-1         | 172.20.0.1 - - [05/Aug/2025:22:10:25 +0000] "GET /payments-summary?from=2025-08-05T22:10:10.373Z&to=2025-08-05T22:10:23.873Z HTTP/1.1" 200 50 "-" "Grafana k6/1.1.0"
api2-1          | [2025-08-05 22:10:25.42017] [7] [trace] [pcmRUAWh6U6I] POST "/payments"
api2-1          | [2025-08-05 22:10:25.42044] [7] [trace] [pcmRUAWh6U6I] Routing to a callback
api2-1          | [2025-08-05 22:10:25.42132] [7] [trace] [pcmRUAWh6U6I] 200 OK (0.001137s, 879.507/s)
api1-1          | [2025-08-05 22:10:25.42298] [7] [trace] [iXcGd7NwqEdN] GET "/payments-summary"
nginx-1         | 172.20.0.1 - - [05/Aug/2025:22:10:25 +0000] "POST /payments HTTP/1.1" 200 19 "-" "Grafana k6/1.1.0"
api1-1          | [2025-08-05 22:10:25.42339] [7] [trace] [iXcGd7NwqEdN] Routing to a callback
api2-1          | [2025-08-05 22:10:25.43946] [7] [trace] [erd4uhF040Ih] POST "/payments"
api1-1          | [2025-08-05 22:10:25.43948] [7] [trace] [iXcGd7NwqEdN] 200 OK (0.016483s, 60.669/s)
api2-1          | [2025-08-05 22:10:25.43969] [7] [trace] [erd4uhF040Ih] Routing to a callback
api2-1          | [2025-08-05 22:10:25.44028] [7] [trace] [erd4uhF040Ih] 200 OK (0.000792s, 1262.626/s)
nginx-1         | 172.20.0.1 - - [05/Aug/2025:22:10:25 +0000] "GET /payments-summary?from=2025-08-05T22:10:10.420Z&to=2025-08-05T22:10:23.920Z HTTP/1.1" 200 50 "-" "Grafana k6/1.1.0"
nginx-1         | 172.20.0.1 - - [05/Aug/2025:22:10:25 +0000] "POST /payments HTTP/1.1" 200 19 "-" "Grafana k6/1.1.0"
api1-1          | [2025-08-05 22:10:25.44291] [7] [trace] [RCSLoo8bk6Kh] GET "/payments-summary"
api1-1          | [2025-08-05 22:10:25.44316] [7] [trace] [RCSLoo8bk6Kh] Routing to a callback
api1-1          | [2025-08-05 22:10:25.45852] [7] [trace] [RCSLoo8bk6Kh] 200 OK (0.015596s, 64.119/s)
nginx-1         | 172.20.0.1 - - [05/Aug/2025:22:10:25 +0000] "GET /payments-summary?from=2025-08-05T22:10:10.440Z&to=2025-08-05T22:10:23.940Z HTTP/1.1" 200 50 "-" "Grafana k6/1.1.0"
api2-1          | [2025-08-05 22:10:25.46159] [7] [trace] [3r_Pyi1bQgOq] GET "/payments-summary"
api2-1          | [2025-08-05 22:10:25.46184] [7] [trace] [3r_Pyi1bQgOq] Routing to a callback
api2-1          | [2025-08-05 22:10:25.50566] [7] [trace] [3r_Pyi1bQgOq] 200 OK (0.044048s, 22.703/s)
nginx-1         | 172.20.0.1 - - [05/Aug/2025:22:10:25 +0000] "GET /payments-summary?from=2025-08-05T22:10:10.459Z&to=2025-08-05T22:10:23.959Z HTTP/1.1" 200 50 "-" "Grafana k6/1.1.0"
api1-1          | [2025-08-05 22:10:25.50819] [7] [trace] [HyRhZ1OX9QRV] GET "/payments-summary"
api1-1          | [2025-08-05 22:10:25.50837] [7] [trace] [HyRhZ1OX9QRV] Routing to a callback
api1-1          | [2025-08-05 22:10:25.52398] [7] [trace] [HyRhZ1OX9QRV] 200 OK (0.015773s, 63.399/s)
nginx-1         | 172.20.0.1 - - [05/Aug/2025:22:10:25 +0000] "GET /payments-summary?from=2025-08-05T22:10:10.506Z&to=2025-08-05T22:10:24.006Z HTTP/1.1" 200 52 "-" "Grafana k6/1.1.0"
api2-1          | [2025-08-05 22:10:25.52724] [7] [trace] [mfpAHT7CxUh4] GET "/payments-summary"
api2-1          | [2025-08-05 22:10:25.52751] [7] [trace] [mfpAHT7CxUh4] Routing to a callback
api1-1          | [2025-08-05 22:10:25.53004] [7] [trace] [uuJMqCV2ou4F] POST "/payments"
api1-1          | [2025-08-05 22:10:25.53033] [7] [trace] [uuJMqCV2ou4F] Routing to a callback
api1-1          | [2025-08-05 22:10:25.53090] [7] [trace] [uuJMqCV2ou4F] 200 OK (0.000855s, 1169.591/s)
nginx-1         | 172.20.0.1 - - [05/Aug/2025:22:10:25 +0000] "POST /payments HTTP/1.1" 200 19 "-" "Grafana k6/1.1.0"
api2-1          | [2025-08-05 22:10:25.54652] [7] [trace] [mfpAHT7CxUh4] 200 OK (0.019254s, 51.937/s)
nginx-1         | 172.20.0.1 - - [05/Aug/2025:22:10:25 +0000] "GET /payments-summary?from=2025-08-05T22:10:10.525Z&to=2025-08-05T22:10:24.025Z HTTP/1.1" 200 52 "-" "Grafana k6/1.1.0"
api1-1          | [2025-08-05 22:10:25.55067] [7] [trace] [7tyB-eUS2jM7] POST "/payments"
api1-1          | [2025-08-05 22:10:25.55095] [7] [trace] [7tyB-eUS2jM7] Routing to a callback
api2-1          | [2025-08-05 22:10:25.55089] [7] [trace] [qZL8rt7D8PAd] GET "/payments-summary"
api2-1          | [2025-08-05 22:10:25.55121] [7] [trace] [qZL8rt7D8PAd] Routing to a callback
api1-1          | [2025-08-05 22:10:25.55150] [7] [trace] [7tyB-eUS2jM7] 200 OK (0.000815s, 1226.994/s)
nginx-1         | 172.20.0.1 - - [05/Aug/2025:22:10:25 +0000] "POST /payments HTTP/1.1" 200 19 "-" "Grafana k6/1.1.0"
api2-1          | [2025-08-05 22:10:25.60302] [7] [trace] [qZL8rt7D8PAd] 200 OK (0.052133s, 19.182/s)
nginx-1         | 172.20.0.1 - - [05/Aug/2025:22:10:25 +0000] "GET /payments-summary?from=2025-08-05T22:10:10.548Z&to=2025-08-05T22:10:24.048Z HTTP/1.1" 200 52 "-" "Grafana k6/1.1.0"
api2-1          | [2025-08-05 22:10:25.60573] [7] [trace] [OtVGTFeP3IpC] GET "/payments-summary"
api2-1          | [2025-08-05 22:10:25.60599] [7] [trace] [OtVGTFeP3IpC] Routing to a callback
api2-1          | [2025-08-05 22:10:25.62276] [7] [trace] [OtVGTFeP3IpC] 200 OK (0.017013s, 58.779/s)
