
 app2 Pulling 
 app1 Pulling 
 9824c27679d3 Already exists 
 e8bb6d11e01f Already exists 
 58a82a581402 Already exists 
 0875f8f645ba Already exists 
 9498878100ff Already exists 
 ffb3b9e22dbd Already exists 
 8d244030c1d9 Already exists 
 d3e318bb5cfa Already exists 
 5df01366e5a0 Already exists 
 b43760dff68a Already exists 
 4f4fb700ef54 Already exists 
 5bce753bab54 Already exists 
 41a2d747eda9 Already exists 
 bd756135230f Already exists 
 4c09b4442082 Pulling fs layer 
 297e48b92c55 Pulling fs layer 
 4f4fb700ef54 Pulling fs layer 
 9824c27679d3 Already exists 
 e8bb6d11e01f Already exists 
 58a82a581402 Already exists 
 0875f8f645ba Already exists 
 9498878100ff Already exists 
 ffb3b9e22dbd Already exists 
 8d244030c1d9 Already exists 
 d3e318bb5cfa Already exists 
 5df01366e5a0 Already exists 
 b43760dff68a Already exists 
 4f4fb700ef54 Already exists 
 5bce753bab54 Already exists 
 41a2d747eda9 Already exists 
 bd756135230f Already exists 
 4c09b4442082 Pulling fs layer 
 297e48b92c55 Pulling fs layer 
 4f4fb700ef54 Pulling fs layer 
 4f4fb700ef54 Download complete 
 4f4fb700ef54 Download complete 
 4c09b4442082 Download complete 
 4c09b4442082 Downloading [==================================================>]     338B/338B
 4c09b4442082 Download complete 
 4c09b4442082 Extracting [==================================================>]     338B/338B
 4c09b4442082 Extracting [==================================================>]     338B/338B
 4c09b4442082 Extracting [==================================================>]     338B/338B
 4c09b4442082 Extracting [==================================================>]     338B/338B
 297e48b92c55 Downloading [=========================>                         ]     934B/1.809kB
 297e48b92c55 Downloading [=========================>                         ]     934B/1.809kB
 297e48b92c55 Downloading [==================================================>]  1.809kB/1.809kB
 297e48b92c55 Verifying Checksum 
 297e48b92c55 Download complete 
 297e48b92c55 Verifying Checksum 
 297e48b92c55 Download complete 
 4c09b4442082 Pull complete 
 4c09b4442082 Pull complete 
 297e48b92c55 Extracting [==================================================>]  1.809kB/1.809kB
 297e48b92c55 Extracting [==================================================>]  1.809kB/1.809kB
 297e48b92c55 Extracting [==================================================>]  1.809kB/1.809kB
 297e48b92c55 Extracting [==================================================>]  1.809kB/1.809kB
 297e48b92c55 Pull complete 
 297e48b92c55 Pull complete 
 4f4fb700ef54 Extracting [==================================================>]      32B/32B
 4f4fb700ef54 Extracting [==================================================>]      32B/32B
 4f4fb700ef54 Extracting [==================================================>]      32B/32B
 4f4fb700ef54 Extracting [==================================================>]      32B/32B
 4f4fb700ef54 Pull complete 
 4f4fb700ef54 Pull complete 
 app2 Pulled 
 app1 Pulled 
 Network joao-bittencourt-php_rinha  Creating
 Network joao-bittencourt-php_rinha  Created
 Container joao-bittencourt-php-db-1  Creating
 Container joao-bittencourt-php-app1-1  Creating
 Container joao-bittencourt-php-app2-1  Creating
 Container joao-bittencourt-php-app2-1  Created
 Container joao-bittencourt-php-app1-1  Created
 Container joao-bittencourt-php-nginx-1  Creating
 Container joao-bittencourt-php-db-1  Created
 Container joao-bittencourt-php-nginx-1  Created
Attaching to app1-1, app2-1, db-1, nginx-1
db-1     | 2025-07-24 19:41:32+00:00 [Note] [Entrypoint]: Entrypoint script for MySQL Server 8.0.36-1.el8 started.
app1-1   | Cannot load Zend OPcache - it was already loaded
app2-1   | Cannot load Zend OPcache - it was already loaded
app2-1   | [24-Jul-2025 19:41:32] NOTICE: fpm is running, pid 1
app2-1   | [24-Jul-2025 19:41:32] NOTICE: ready to handle connections
app1-1   | [24-Jul-2025 19:41:32] NOTICE: fpm is running, pid 1
app1-1   | [24-Jul-2025 19:41:32] NOTICE: ready to handle connections
nginx-1  | /docker-entrypoint.sh: /docker-entrypoint.d/ is not empty, will attempt to perform configuration
nginx-1  | /docker-entrypoint.sh: Looking for shell scripts in /docker-entrypoint.d/
nginx-1  | /docker-entrypoint.sh: Launching /docker-entrypoint.d/10-listen-on-ipv6-by-default.sh
nginx-1  | 10-listen-on-ipv6-by-default.sh: info: Getting the checksum of /etc/nginx/conf.d/default.conf
db-1     | 2025-07-24 19:41:32+00:00 [Note] [Entrypoint]: Switching to dedicated user 'mysql'
nginx-1  | 10-listen-on-ipv6-by-default.sh: info: /etc/nginx/conf.d/default.conf differs from the packaged version
nginx-1  | /docker-entrypoint.sh: Sourcing /docker-entrypoint.d/15-local-resolvers.envsh
nginx-1  | /docker-entrypoint.sh: Launching /docker-entrypoint.d/20-envsubst-on-templates.sh
nginx-1  | /docker-entrypoint.sh: Launching /docker-entrypoint.d/30-tune-worker-processes.sh
db-1     | 2025-07-24 19:41:32+00:00 [Note] [Entrypoint]: Entrypoint script for MySQL Server 8.0.36-1.el8 started.
nginx-1  | /docker-entrypoint.sh: Configuration complete; ready for start up
nginx-1  | 2025/07/24 19:41:32 [notice] 1#1: using the "epoll" event method
nginx-1  | 2025/07/24 19:41:32 [notice] 1#1: nginx/1.29.0
nginx-1  | 2025/07/24 19:41:32 [notice] 1#1: built by gcc 14.2.0 (Alpine 14.2.0) 
nginx-1  | 2025/07/24 19:41:32 [notice] 1#1: OS: Linux 6.1.0-37-amd64
nginx-1  | 2025/07/24 19:41:32 [notice] 1#1: getrlimit(RLIMIT_NOFILE): 1048576:1048576
nginx-1  | 2025/07/24 19:41:32 [notice] 1#1: start worker processes
nginx-1  | 2025/07/24 19:41:32 [notice] 1#1: start worker process 29
nginx-1  | 2025/07/24 19:41:32 [notice] 1#1: start worker process 30
nginx-1  | 2025/07/24 19:41:32 [notice] 1#1: start worker process 31
nginx-1  | 2025/07/24 19:41:32 [notice] 1#1: start worker process 32
db-1     | 2025-07-24 19:41:32+00:00 [Note] [Entrypoint]: Initializing database files
db-1     | 2025-07-24T19:41:32.543857Z 0 [Warning] [MY-011068] [Server] The syntax '--skip-host-cache' is deprecated and will be removed in a future release. Please use SET GLOBAL host_cache_size=0 instead.
db-1     | 2025-07-24T19:41:32.543937Z 0 [Warning] [MY-010918] [Server] 'default_authentication_plugin' is deprecated and will be removed in a future release. Please use authentication_policy instead.
db-1     | 2025-07-24T19:41:32.543958Z 0 [System] [MY-013169] [Server] /usr/sbin/mysqld (mysqld 8.0.36) initializing of server in progress as process 81
db-1     | 2025-07-24T19:41:32.555972Z 0 [Warning] [MY-013907] [InnoDB] Deprecated configuration parameters innodb_log_file_size and/or innodb_log_files_in_group have been used to compute innodb_redo_log_capacity=67108864. Please use innodb_redo_log_capacity instead.
db-1     | 2025-07-24T19:41:32.558274Z 1 [System] [MY-013576] [InnoDB] InnoDB initialization has started.
app1-1   | 172.20.0.5 -  24/Jul/2025:19:41:33 +0000 "GET /payments-summary" 500
nginx-1  | 172.20.0.1 - - [24/Jul/2025:19:41:33 +0000] "GET /payments-summary HTTP/1.1" 500 66 "-" "curl/7.88.1" "-"
db-1     | 2025-07-24T19:41:35.036385Z 1 [System] [MY-013577] [InnoDB] InnoDB initialization has ended.
db-1     | 2025-07-24T19:41:38.248192Z 6 [Warning] [MY-010453] [Server] root@localhost is created with an empty password ! Please consider switching off the --initialize-insecure option.
app1-1   | 172.20.0.5 -  24/Jul/2025:19:41:38 +0000 "GET /payments-summary" 500
nginx-1  | 172.20.0.1 - - [24/Jul/2025:19:41:38 +0000] "GET /payments-summary HTTP/1.1" 500 66 "-" "curl/7.88.1" "-"
db-1     | 2025-07-24T19:41:38.709640Z 6 [Warning] [MY-013360] [Server] Plugin mysql_native_password reported: ''mysql_native_password' is deprecated and will be removed in a future release. Please use caching_sha2_password instead'
app1-1   | 172.20.0.5 -  24/Jul/2025:19:41:43 +0000 "GET /payments-summary" 500
nginx-1  | 172.20.0.1 - - [24/Jul/2025:19:41:43 +0000] "GET /payments-summary HTTP/1.1" 500 66 "-" "curl/7.88.1" "-"
db-1     | 2025-07-24 19:41:48+00:00 [Note] [Entrypoint]: Database files initialized
db-1     | 2025-07-24 19:41:48+00:00 [Note] [Entrypoint]: Starting temporary server
app1-1   | 172.20.0.5 -  24/Jul/2025:19:41:48 +0000 "GET /payments-summary" 500
nginx-1  | 172.20.0.1 - - [24/Jul/2025:19:41:48 +0000] "GET /payments-summary HTTP/1.1" 500 66 "-" "curl/7.88.1" "-"
db-1     | 2025-07-24T19:41:48.553260Z 0 [Warning] [MY-011068] [Server] The syntax '--skip-host-cache' is deprecated and will be removed in a future release. Please use SET GLOBAL host_cache_size=0 instead.
db-1     | 2025-07-24T19:41:48.555412Z 0 [Warning] [MY-010918] [Server] 'default_authentication_plugin' is deprecated and will be removed in a future release. Please use authentication_policy instead.
db-1     | 2025-07-24T19:41:48.555436Z 0 [System] [MY-010116] [Server] /usr/sbin/mysqld (mysqld 8.0.36) starting as process 137
db-1     | 2025-07-24T19:41:48.593585Z 0 [Warning] [MY-013907] [InnoDB] Deprecated configuration parameters innodb_log_file_size and/or innodb_log_files_in_group have been used to compute innodb_redo_log_capacity=67108864. Please use innodb_redo_log_capacity instead.
db-1     | 2025-07-24T19:41:48.596597Z 1 [System] [MY-013576] [InnoDB] InnoDB initialization has started.
db-1     | 2025-07-24T19:41:49.602652Z 1 [System] [MY-013577] [InnoDB] InnoDB initialization has ended.
db-1     | 2025-07-24T19:41:50.299823Z 0 [Warning] [MY-010068] [Server] CA certificate ca.pem is self signed.
db-1     | 2025-07-24T19:41:50.299853Z 0 [System] [MY-013602] [Server] Channel mysql_main configured to support TLS. Encrypted connections are now supported for this channel.
db-1     | 2025-07-24T19:41:50.308365Z 0 [Warning] [MY-011810] [Server] Insecure configuration for --pid-file: Location '/var/run/mysqld' in the path is accessible to all OS users. Consider choosing a different directory.
db-1     | 2025-07-24T19:41:50.335324Z 0 [System] [MY-011323] [Server] X Plugin ready for connections. Socket: /var/run/mysqld/mysqlx.sock
db-1     | 2025-07-24T19:41:50.335493Z 0 [System] [MY-010931] [Server] /usr/sbin/mysqld: ready for connections. Version: '8.0.36'  socket: '/var/run/mysqld/mysqld.sock'  port: 0  MySQL Community Server - GPL.
db-1     | 2025-07-24 19:41:50+00:00 [Note] [Entrypoint]: Temporary server started.
db-1     | '/var/lib/mysql/mysql.sock' -> '/var/run/mysqld/mysqld.sock'
db-1     | 2025-07-24T19:41:50.501027Z 8 [Warning] [MY-013360] [Server] Plugin mysql_native_password reported: ''mysql_native_password' is deprecated and will be removed in a future release. Please use caching_sha2_password instead'
db-1     | Warning: Unable to load '/usr/share/zoneinfo/iso3166.tab' as time zone. Skipping it.
db-1     | Warning: Unable to load '/usr/share/zoneinfo/leap-seconds.list' as time zone. Skipping it.
db-1     | Warning: Unable to load '/usr/share/zoneinfo/leapseconds' as time zone. Skipping it.
db-1     | 2025-07-24T19:41:52.305923Z 9 [Warning] [MY-013360] [Server] Plugin mysql_native_password reported: ''mysql_native_password' is deprecated and will be removed in a future release. Please use caching_sha2_password instead'
db-1     | Warning: Unable to load '/usr/share/zoneinfo/tzdata.zi' as time zone. Skipping it.
db-1     | Warning: Unable to load '/usr/share/zoneinfo/zone.tab' as time zone. Skipping it.
db-1     | Warning: Unable to load '/usr/share/zoneinfo/zone1970.tab' as time zone. Skipping it.
db-1     | 2025-07-24T19:41:53.391966Z 10 [Warning] [MY-013360] [Server] Plugin mysql_native_password reported: ''mysql_native_password' is deprecated and will be removed in a future release. Please use caching_sha2_password instead'
db-1     | 2025-07-24T19:41:53.412808Z 10 [Warning] [MY-013360] [Server] Plugin mysql_native_password reported: ''mysql_native_password' is deprecated and will be removed in a future release. Please use caching_sha2_password instead'
db-1     | 2025-07-24T19:41:53.419731Z 10 [Warning] [MY-013360] [Server] Plugin mysql_native_password reported: ''mysql_native_password' is deprecated and will be removed in a future release. Please use caching_sha2_password instead'
db-1     | 2025-07-24 19:41:53+00:00 [Note] [Entrypoint]: Creating database rinha
db-1     | 2025-07-24T19:41:53.438120Z 11 [Warning] [MY-013360] [Server] Plugin mysql_native_password reported: ''mysql_native_password' is deprecated and will be removed in a future release. Please use caching_sha2_password instead'
db-1     | 2025-07-24 19:41:53+00:00 [Note] [Entrypoint]: Creating user username
db-1     | 2025-07-24T19:41:53.470346Z 12 [Warning] [MY-013360] [Server] Plugin mysql_native_password reported: ''mysql_native_password' is deprecated and will be removed in a future release. Please use caching_sha2_password instead'
db-1     | 2025-07-24T19:41:53.473002Z 12 [Warning] [MY-013360] [Server] Plugin mysql_native_password reported: ''mysql_native_password' is deprecated and will be removed in a future release. Please use caching_sha2_password instead'
db-1     | 2025-07-24 19:41:53+00:00 [Note] [Entrypoint]: Giving user username access to schema rinha
app2-1   | 172.20.0.5 -  24/Jul/2025:19:41:53 +0000 "GET /payments-summary" 500
nginx-1  | 172.20.0.1 - - [24/Jul/2025:19:41:53 +0000] "GET /payments-summary HTTP/1.1" 500 66 "-" "curl/7.88.1" "-"
db-1     | 2025-07-24T19:41:53.492157Z 13 [Warning] [MY-013360] [Server] Plugin mysql_native_password reported: ''mysql_native_password' is deprecated and will be removed in a future release. Please use caching_sha2_password instead'
db-1     | 
db-1     | 2025-07-24 19:41:53+00:00 [Note] [Entrypoint]: /usr/local/bin/docker-entrypoint.sh: running /docker-entrypoint-initdb.d/init.sql
db-1     | 2025-07-24T19:41:53.521592Z 14 [Warning] [MY-013360] [Server] Plugin mysql_native_password reported: ''mysql_native_password' is deprecated and will be removed in a future release. Please use caching_sha2_password instead'
db-1     | 
db-1     | 
db-1     | 2025-07-24 19:41:53+00:00 [Note] [Entrypoint]: Stopping temporary server
db-1     | 2025-07-24T19:41:53.976908Z 15 [Warning] [MY-013360] [Server] Plugin mysql_native_password reported: ''mysql_native_password' is deprecated and will be removed in a future release. Please use caching_sha2_password instead'
db-1     | 2025-07-24T19:41:54.019538Z 15 [System] [MY-013172] [Server] Received SHUTDOWN from user root. Shutting down mysqld (Version: 8.0.36).
db-1     | 2025-07-24T19:41:57.701079Z 0 [System] [MY-010910] [Server] /usr/sbin/mysqld: Shutdown complete (mysqld 8.0.36)  MySQL Community Server - GPL.
db-1     | 2025-07-24 19:41:58+00:00 [Note] [Entrypoint]: Temporary server stopped
db-1     | 
db-1     | 2025-07-24 19:41:58+00:00 [Note] [Entrypoint]: MySQL init process done. Ready for start up.
db-1     | 
db-1     | 2025-07-24T19:41:58.260974Z 0 [Warning] [MY-011068] [Server] The syntax '--skip-host-cache' is deprecated and will be removed in a future release. Please use SET GLOBAL host_cache_size=0 instead.
db-1     | 2025-07-24T19:41:58.282198Z 0 [Warning] [MY-010918] [Server] 'default_authentication_plugin' is deprecated and will be removed in a future release. Please use authentication_policy instead.
db-1     | 2025-07-24T19:41:58.282242Z 0 [System] [MY-010116] [Server] /usr/sbin/mysqld (mysqld 8.0.36) starting as process 1
db-1     | 2025-07-24T19:41:58.287593Z 0 [Warning] [MY-013907] [InnoDB] Deprecated configuration parameters innodb_log_file_size and/or innodb_log_files_in_group have been used to compute innodb_redo_log_capacity=67108864. Please use innodb_redo_log_capacity instead.
db-1     | 2025-07-24T19:41:58.289185Z 1 [System] [MY-013576] [InnoDB] InnoDB initialization has started.
app1-1   | 172.20.0.5 -  24/Jul/2025:19:41:58 +0000 "GET /payments-summary" 500
nginx-1  | 172.20.0.1 - - [24/Jul/2025:19:41:58 +0000] "GET /payments-summary HTTP/1.1" 500 66 "-" "curl/7.88.1" "-"
db-1     | 2025-07-24T19:41:59.233459Z 1 [System] [MY-013577] [InnoDB] InnoDB initialization has ended.
db-1     | 2025-07-24T19:41:59.779302Z 0 [Warning] [MY-010068] [Server] CA certificate ca.pem is self signed.
db-1     | 2025-07-24T19:41:59.779339Z 0 [System] [MY-013602] [Server] Channel mysql_main configured to support TLS. Encrypted connections are now supported for this channel.
db-1     | 2025-07-24T19:41:59.789857Z 0 [Warning] [MY-011810] [Server] Insecure configuration for --pid-file: Location '/var/run/mysqld' in the path is accessible to all OS users. Consider choosing a different directory.
db-1     | 2025-07-24T19:41:59.815615Z 0 [System] [MY-011323] [Server] X Plugin ready for connections. Bind-address: '::' port: 33060, socket: /var/run/mysqld/mysqlx.sock
db-1     | 2025-07-24T19:41:59.815659Z 0 [System] [MY-010931] [Server] /usr/sbin/mysqld: ready for connections. Version: '8.0.36'  socket: '/var/run/mysqld/mysqld.sock'  port: 3306  MySQL Community Server - GPL.
db-1     | 2025-07-24T19:42:02.416555Z 8 [Warning] [MY-013360] [Server] Plugin mysql_native_password reported: ''mysql_native_password' is deprecated and will be removed in a future release. Please use caching_sha2_password instead'
db-1     | 2025-07-24T19:42:03.513268Z 9 [Warning] [MY-013360] [Server] Plugin mysql_native_password reported: ''mysql_native_password' is deprecated and will be removed in a future release. Please use caching_sha2_password instead'
app2-1   | 172.20.0.5 -  24/Jul/2025:19:42:03 +0000 "GET /payments-summary" 200
nginx-1  | 172.20.0.1 - - [24/Jul/2025:19:42:03 +0000] "GET /payments-summary HTTP/1.1" 200 105 "-" "curl/7.88.1" "-"
db-1     | 2025-07-24T19:42:09.865126Z 10 [Warning] [MY-013360] [Server] Plugin mysql_native_password reported: ''mysql_native_password' is deprecated and will be removed in a future release. Please use caching_sha2_password instead'
app1-1   | 172.20.0.5 -  24/Jul/2025:19:42:09 +0000 "POST /purge-payments" 200
nginx-1  | 172.20.0.1 - - [24/Jul/2025:19:42:10 +0000] "POST /purge-payments HTTP/1.1" 200 45 "-" "Grafana k6/1.1.0" "-"
db-1     | 2025-07-24T19:42:10.038931Z 11 [Warning] [MY-013360] [Server] Plugin mysql_native_password reported: ''mysql_native_password' is deprecated and will be removed in a future release. Please use caching_sha2_password instead'
db-1     | 2025-07-24T19:42:10.040348Z 12 [Warning] [MY-013360] [Server] Plugin mysql_native_password reported: ''mysql_native_password' is deprecated and will be removed in a future release. Please use caching_sha2_password instead'
app2-1   | 172.20.0.5 -  24/Jul/2025:19:42:10 +0000 "GET /payments-summary" 200
nginx-1  | 172.20.0.1 - - [24/Jul/2025:19:42:10 +0000] "GET /payments-summary?from=2025-07-24T19:42:00.035Z&to=2025-07-24T19:42:09.935Z HTTP/1.1" 200 105 "-" "Grafana k6/1.1.0" "-"
nginx-1  | 172.20.0.1 - - [24/Jul/2025:19:42:10 +0000] "POST /payments HTTP/1.1" 200 5 "-" "Grafana k6/1.1.0" "-"
app1-1   | 172.20.0.5 -  24/Jul/2025:19:42:10 +0000 "POST /payments" 200
db-1     | 2025-07-24T19:42:10.146876Z 13 [Warning] [MY-013360] [Server] Plugin mysql_native_password reported: ''mysql_native_password' is deprecated and will be removed in a future release. Please use caching_sha2_password instead'
nginx-1  | 172.20.0.1 - - [24/Jul/2025:19:42:10 +0000] "POST /payments HTTP/1.1" 200 5 "-" "Grafana k6/1.1.0" "-"
app2-1   | 172.20.0.5 -  24/Jul/2025:19:42:10 +0000 "POST /payments" 200
db-1     | 2025-07-24T19:42:10.256547Z 14 [Warning] [MY-013360] [Server] Plugin mysql_native_password reported: ''mysql_native_password' is deprecated and will be removed in a future release. Please use caching_sha2_password instead'
nginx-1  | 172.20.0.1 - - [24/Jul/2025:19:42:10 +0000] "POST /payments HTTP/1.1" 200 5 "-" "Grafana k6/1.1.0" "-"
app1-1   | 172.20.0.5 -  24/Jul/2025:19:42:10 +0000 "POST /payments" 200
db-1     | 2025-07-24T19:42:10.369287Z 15 [Warning] [MY-013360] [Server] Plugin mysql_native_password reported: ''mysql_native_password' is deprecated and will be removed in a future release. Please use caching_sha2_password instead'
nginx-1  | 172.20.0.1 - - [24/Jul/2025:19:42:10 +0000] "POST /payments HTTP/1.1" 200 5 "-" "Grafana k6/1.1.0" "-"
app2-1   | 172.20.0.5 -  24/Jul/2025:19:42:10 +0000 "POST /payments" 200
db-1     | 2025-07-24T19:42:10.474579Z 16 [Warning] [MY-013360] [Server] Plugin mysql_native_password reported: ''mysql_native_password' is deprecated and will be removed in a future release. Please use caching_sha2_password instead'
nginx-1  | 172.20.0.1 - - [24/Jul/2025:19:42:10 +0000] "POST /payments HTTP/1.1" 200 5 "-" "Grafana k6/1.1.0" "-"
app1-1   | 172.20.0.5 -  24/Jul/2025:19:42:10 +0000 "POST /payments" 200
db-1     | 2025-07-24T19:42:10.584208Z 17 [Warning] [MY-013360] [Server] Plugin mysql_native_password reported: ''mysql_native_password' is deprecated and will be removed in a future release. Please use caching_sha2_password instead'
nginx-1  | 172.20.0.1 - - [24/Jul/2025:19:42:10 +0000] "POST /payments HTTP/1.1" 200 5 "-" "Grafana k6/1.1.0" "-"
app2-1   | 172.20.0.5 -  24/Jul/2025:19:42:10 +0000 "POST /payments" 200
db-1     | 2025-07-24T19:42:10.693405Z 18 [Warning] [MY-013360] [Server] Plugin mysql_native_password reported: ''mysql_native_password' is deprecated and will be removed in a future release. Please use caching_sha2_password instead'
nginx-1  | 172.20.0.1 - - [24/Jul/2025:19:42:10 +0000] "POST /payments HTTP/1.1" 200 5 "-" "Grafana k6/1.1.0" "-"
app1-1   | 172.20.0.5 -  24/Jul/2025:19:42:10 +0000 "POST /payments" 200
db-1     | 2025-07-24T19:42:10.803038Z 19 [Warning] [MY-013360] [Server] Plugin mysql_native_password reported: ''mysql_native_password' is deprecated and will be removed in a future release. Please use caching_sha2_password instead'
nginx-1  | 172.20.0.1 - - [24/Jul/2025:19:42:10 +0000] "POST /payments HTTP/1.1" 200 5 "-" "Grafana k6/1.1.0" "-"
app2-1   | 172.20.0.5 -  24/Jul/2025:19:42:10 +0000 "POST /payments" 200
db-1     | 2025-07-24T19:42:10.911813Z 20 [Warning] [MY-013360] [Server] Plugin mysql_native_password reported: ''mysql_native_password' is deprecated and will be removed in a future release. Please use caching_sha2_password instead'
nginx-1  | 172.20.0.1 - - [24/Jul/2025:19:42:10 +0000] "POST /payments HTTP/1.1" 200 5 "-" "Grafana k6/1.1.0" "-"
app1-1   | 172.20.0.5 -  24/Jul/2025:19:42:10 +0000 "POST /payments" 200
db-1     | 2025-07-24T19:42:11.020994Z 21 [Warning] [MY-013360] [Server] Plugin mysql_native_password reported: ''mysql_native_password' is deprecated and will be removed in a future release. Please use caching_sha2_password instead'
nginx-1  | 172.20.0.1 - - [24/Jul/2025:19:42:11 +0000] "POST /payments HTTP/1.1" 200 5 "-" "Grafana k6/1.1.0" "-"
app2-1   | 172.20.0.5 -  24/Jul/2025:19:42:11 +0000 "POST /payments" 200
db-1     | 2025-07-24T19:42:11.092123Z 22 [Warning] [MY-013360] [Server] Plugin mysql_native_password reported: ''mysql_native_password' is deprecated and will be removed in a future release. Please use caching_sha2_password instead'
nginx-1  | 172.20.0.1 - - [24/Jul/2025:19:42:11 +0000] "POST /payments HTTP/1.1" 200 5 "-" "Grafana k6/1.1.0" "-"
app1-1   | 172.20.0.5 -  24/Jul/2025:19:42:11 +0000 "POST /payments" 200
db-1     | 2025-07-24T19:42:11.131368Z 23 [Warning] [MY-013360] [Server] Plugin mysql_native_password reported: ''mysql_native_password' is deprecated and will be removed in a future release. Please use caching_sha2_password instead'
nginx-1  | 172.20.0.1 - - [24/Jul/2025:19:42:11 +0000] "POST /payments HTTP/1.1" 200 5 "-" "Grafana k6/1.1.0" "-"
app2-1   | 172.20.0.5 -  24/Jul/2025:19:42:11 +0000 "POST /payments" 200
db-1     | 2025-07-24T19:42:11.152014Z 24 [Warning] [MY-013360] [Server] Plugin mysql_native_password reported: ''mysql_native_password' is deprecated and will be removed in a future release. Please use caching_sha2_password instead'
nginx-1  | 172.20.0.1 - - [24/Jul/2025:19:42:11 +0000] "POST /payments HTTP/1.1" 200 5 "-" "Grafana k6/1.1.0" "-"
app1-1   | 172.20.0.5 -  24/Jul/2025:19:42:11 +0000 "POST /payments" 200
db-1     | 2025-07-24T19:42:11.240012Z 25 [Warning] [MY-013360] [Server] Plugin mysql_native_password reported: ''mysql_native_password' is deprecated and will be removed in a future release. Please use caching_sha2_password instead'
nginx-1  | 172.20.0.1 - - [24/Jul/2025:19:42:11 +0000] "POST /payments HTTP/1.1" 200 5 "-" "Grafana k6/1.1.0" "-"
app2-1   | 172.20.0.5 -  24/Jul/2025:19:42:11 +0000 "POST /payments" 200
db-1     | 2025-07-24T19:42:11.262676Z 26 [Warning] [MY-013360] [Server] Plugin mysql_native_password reported: ''mysql_native_password' is deprecated and will be removed in a future release. Please use caching_sha2_password instead'
nginx-1  | 172.20.0.1 - - [24/Jul/2025:19:42:11 +0000] "POST /payments HTTP/1.1" 200 5 "-" "Grafana k6/1.1.0" "-"
app2-1   | 172.20.0.5 -  24/Jul/2025:19:42:11 +0000 "POST /payments" 200
db-1     | 2025-07-24T19:42:11.349615Z 27 [Warning] [MY-013360] [Server] Plugin mysql_native_password reported: ''mysql_native_password' is deprecated and will be removed in a future release. Please use caching_sha2_password instead'
nginx-1  | 172.20.0.1 - - [24/Jul/2025:19:42:11 +0000] "POST /payments HTTP/1.1" 200 5 "-" "Grafana k6/1.1.0" "-"
app1-1   | 172.20.0.5 -  24/Jul/2025:19:42:11 +0000 "POST /payments" 200
db-1     | 2025-07-24T19:42:11.375104Z 28 [Warning] [MY-013360] [Server] Plugin mysql_native_password reported: ''mysql_native_password' is deprecated and will be removed in a future release. Please use caching_sha2_password instead'
nginx-1  | 172.20.0.1 - - [24/Jul/2025:19:42:11 +0000] "POST /payments HTTP/1.1" 200 5 "-" "Grafana k6/1.1.0" "-"
app1-1   | 172.20.0.5 -  24/Jul/2025:19:42:11 +0000 "POST /payments" 200
db-1     | 2025-07-24T19:42:11.459042Z 29 [Warning] [MY-013360] [Server] Plugin mysql_native_password reported: ''mysql_native_password' is deprecated and will be removed in a future release. Please use caching_sha2_password instead'
nginx-1  | 172.20.0.1 - - [24/Jul/2025:19:42:11 +0000] "POST /payments HTTP/1.1" 200 5 "-" "Grafana k6/1.1.0" "-"
app2-1   | 172.20.0.5 -  24/Jul/2025:19:42:11 +0000 "POST /payments" 200
db-1     | 2025-07-24T19:42:11.479936Z 30 [Warning] [MY-013360] [Server] Plugin mysql_native_password reported: ''mysql_native_password' is deprecated and will be removed in a future release. Please use caching_sha2_password instead'
nginx-1  | 172.20.0.1 - - [24/Jul/2025:19:42:11 +0000] "POST /payments HTTP/1.1" 200 5 "-" "Grafana k6/1.1.0" "-"
app2-1   | 172.20.0.5 -  24/Jul/2025:19:42:11 +0000 "POST /payments" 200
db-1     | 2025-07-24T19:42:11.568243Z 31 [Warning] [MY-013360] [Server] Plugin mysql_native_password reported: ''mysql_native_password' is deprecated and will be removed in a future release. Please use caching_sha2_password instead'
nginx-1  | 172.20.0.1 - - [24/Jul/2025:19:42:11 +0000] "POST /payments HTTP/1.1" 200 5 "-" "Grafana k6/1.1.0" "-"
app1-1   | 172.20.0.5 -  24/Jul/2025:19:42:11 +0000 "POST /payments" 200
db-1     | 2025-07-24T19:42:11.589575Z 32 [Warning] [MY-013360] [Server] Plugin mysql_native_password reported: ''mysql_native_password' is deprecated and will be removed in a future release. Please use caching_sha2_password instead'
nginx-1  | 172.20.0.1 - - [24/Jul/2025:19:42:11 +0000] "POST /payments HTTP/1.1" 200 5 "-" "Grafana k6/1.1.0" "-"
app1-1   | 172.20.0.5 -  24/Jul/2025:19:42:11 +0000 "POST /payments" 200
db-1     | 2025-07-24T19:42:11.677660Z 33 [Warning] [MY-013360] [Server] Plugin mysql_native_password reported: ''mysql_native_password' is deprecated and will be removed in a future release. Please use caching_sha2_password instead'
nginx-1  | 172.20.0.1 - - [24/Jul/2025:19:42:11 +0000] "POST /payments HTTP/1.1" 200 5 "-" "Grafana k6/1.1.0" "-"
app2-1   | 172.20.0.5 -  24/Jul/2025:19:42:11 +0000 "POST /payments" 200
db-1     | 2025-07-24T19:42:11.698039Z 34 [Warning] [MY-013360] [Server] Plugin mysql_native_password reported: ''mysql_native_password' is deprecated and will be removed in a future release. Please use caching_sha2_password instead'
nginx-1  | 172.20.0.1 - - [24/Jul/2025:19:42:11 +0000] "POST /payments HTTP/1.1" 200 5 "-" "Grafana k6/1.1.0" "-"
app2-1   | 172.20.0.5 -  24/Jul/2025:19:42:11 +0000 "POST /payments" 200
db-1     | 2025-07-24T19:42:11.786193Z 35 [Warning] [MY-013360] [Server] Plugin mysql_native_password reported: ''mysql_native_password' is deprecated and will be removed in a future release. Please use caching_sha2_password instead'
nginx-1  | 172.20.0.1 - - [24/Jul/2025:19:42:11 +0000] "POST /payments HTTP/1.1" 200 5 "-" "Grafana k6/1.1.0" "-"
app1-1   | 172.20.0.5 -  24/Jul/2025:19:42:11 +0000 "POST /payments" 200
db-1     | 2025-07-24T19:42:11.807591Z 36 [Warning] [MY-013360] [Server] Plugin mysql_native_password reported: ''mysql_native_password' is deprecated and will be removed in a future release. Please use caching_sha2_password instead'
nginx-1  | 172.20.0.1 - - [24/Jul/2025:19:42:11 +0000] "POST /payments HTTP/1.1" 200 5 "-" "Grafana k6/1.1.0" "-"
app1-1   | 172.20.0.5 -  24/Jul/2025:19:42:11 +0000 "POST /payments" 200
db-1     | 2025-07-24T19:42:11.896153Z 37 [Warning] [MY-013360] [Server] Plugin mysql_native_password reported: ''mysql_native_password' is deprecated and will be removed in a future release. Please use caching_sha2_password instead'
nginx-1  | 172.20.0.1 - - [24/Jul/2025:19:42:11 +0000] "POST /payments HTTP/1.1" 200 5 "-" "Grafana k6/1.1.0" "-"
app2-1   | 172.20.0.5 -  24/Jul/2025:19:42:11 +0000 "POST /payments" 200
db-1     | 2025-07-24T19:42:11.916380Z 38 [Warning] [MY-013360] [Server] Plugin mysql_native_password reported: ''mysql_native_password' is deprecated and will be removed in a future release. Please use caching_sha2_password instead'
nginx-1  | 172.20.0.1 - - [24/Jul/2025:19:42:11 +0000] "POST /payments HTTP/1.1" 200 5 "-" "Grafana k6/1.1.0" "-"
app2-1   | 172.20.0.5 -  24/Jul/2025:19:42:11 +0000 "POST /payments" 200
db-1     | 2025-07-24T19:42:12.026747Z 39 [Warning] [MY-013360] [Server] Plugin mysql_native_password reported: ''mysql_native_password' is deprecated and will be removed in a future release. Please use caching_sha2_password instead'
db-1     | 2025-07-24T19:42:12.027624Z 40 [Warning] [MY-013360] [Server] Plugin mysql_native_password reported: ''mysql_native_password' is deprecated and will be removed in a future release. Please use caching_sha2_password instead'
nginx-1  | 172.20.0.1 - - [24/Jul/2025:19:42:12 +0000] "POST /payments HTTP/1.1" 200 5 "-" "Grafana k6/1.1.0" "-"
nginx-1  | 172.20.0.1 - - [24/Jul/2025:19:42:12 +0000] "POST /payments HTTP/1.1" 200 5 "-" "Grafana k6/1.1.0" "-"
app1-1   | 172.20.0.5 -  24/Jul/2025:19:42:12 +0000 "POST /payments" 200
app1-1   | 172.20.0.5 -  24/Jul/2025:19:42:12 +0000 "POST /payments" 200
db-1     | 2025-07-24T19:42:12.096786Z 41 [Warning] [MY-013360] [Server] Plugin mysql_native_password reported: ''mysql_native_password' is deprecated and will be removed in a future release. Please use caching_sha2_password instead'
nginx-1  | 172.20.0.1 - - [24/Jul/2025:19:42:12 +0000] "POST /payments HTTP/1.1" 200 5 "-" "Grafana k6/1.1.0" "-"
app2-1   | 172.20.0.5 -  24/Jul/2025:19:42:12 +0000 "POST /payments" 200
db-1     | 2025-07-24T19:42:12.114670Z 42 [Warning] [MY-013360] [Server] Plugin mysql_native_password reported: ''mysql_native_password' is deprecated and will be removed in a future release. Please use caching_sha2_password instead'
nginx-1  | 172.20.0.1 - - [24/Jul/2025:19:42:12 +0000] "POST /payments HTTP/1.1" 200 5 "-" "Grafana k6/1.1.0" "-"
app2-1   | 172.20.0.5 -  24/Jul/2025:19:42:12 +0000 "POST /payments" 200
db-1     | 2025-07-24T19:42:12.137066Z 43 [Warning] [MY-013360] [Server] Plugin mysql_native_password reported: ''mysql_native_password' is deprecated and will be removed in a future release. Please use caching_sha2_password instead'
nginx-1  | 172.20.0.1 - - [24/Jul/2025:19:42:12 +0000] "POST /payments HTTP/1.1" 200 5 "-" "Grafana k6/1.1.0" "-"
app1-1   | 172.20.0.5 -  24/Jul/2025:19:42:12 +0000 "POST /payments" 200
db-1     | 2025-07-24T19:42:12.157339Z 44 [Warning] [MY-013360] [Server] Plugin mysql_native_password reported: ''mysql_native_password' is deprecated and will be removed in a future release. Please use caching_sha2_password instead'
nginx-1  | 172.20.0.1 - - [24/Jul/2025:19:42:12 +0000] "POST /payments HTTP/1.1" 200 5 "-" "Grafana k6/1.1.0" "-"
app2-1   | 172.20.0.5 -  24/Jul/2025:19:42:12 +0000 "POST /payments" 200
db-1     | 2025-07-24T19:42:12.223746Z 45 [Warning] [MY-013360] [Server] Plugin mysql_native_password reported: ''mysql_native_password' is deprecated and will be removed in a future release. Please use caching_sha2_password instead'
nginx-1  | 172.20.0.1 - - [24/Jul/2025:19:42:12 +0000] "POST /payments HTTP/1.1" 200 5 "-" "Grafana k6/1.1.0" "-"
app1-1   | 172.20.0.5 -  24/Jul/2025:19:42:12 +0000 "POST /payments" 200
db-1     | 2025-07-24T19:42:12.245282Z 46 [Warning] [MY-013360] [Server] Plugin mysql_native_password reported: ''mysql_native_password' is deprecated and will be removed in a future release. Please use caching_sha2_password instead'
nginx-1  | 172.20.0.1 - - [24/Jul/2025:19:42:12 +0000] "POST /payments HTTP/1.1" 200 5 "-" "Grafana k6/1.1.0" "-"
app2-1   | 172.20.0.5 -  24/Jul/2025:19:42:12 +0000 "POST /payments" 200
db-1     | 2025-07-24T19:42:12.267886Z 47 [Warning] [MY-013360] [Server] Plugin mysql_native_password reported: ''mysql_native_password' is deprecated and will be removed in a future release. Please use caching_sha2_password instead'
nginx-1  | 172.20.0.1 - - [24/Jul/2025:19:42:12 +0000] "POST /payments HTTP/1.1" 200 5 "-" "Grafana k6/1.1.0" "-"
app1-1   | 172.20.0.5 -  24/Jul/2025:19:42:12 +0000 "POST /payments" 200
db-1     | 2025-07-24T19:42:12.332928Z 48 [Warning] [MY-013360] [Server] Plugin mysql_native_password reported: ''mysql_native_password' is deprecated and will be removed in a future release. Please use caching_sha2_password instead'
nginx-1  | 172.20.0.1 - - [24/Jul/2025:19:42:12 +0000] "POST /payments HTTP/1.1" 200 5 "-" "Grafana k6/1.1.0" "-"
app1-1   | 172.20.0.5 -  24/Jul/2025:19:42:12 +0000 "POST /payments" 200
db-1     | 2025-07-24T19:42:12.355179Z 49 [Warning] [MY-013360] [Server] Plugin mysql_native_password reported: ''mysql_native_password' is deprecated and will be removed in a future release. Please use caching_sha2_password instead'
nginx-1  | 172.20.0.1 - - [24/Jul/2025:19:42:12 +0000] "POST /payments HTTP/1.1" 200 5 "-" "Grafana k6/1.1.0" "-"
app2-1   | 172.20.0.5 -  24/Jul/2025:19:42:12 +0000 "POST /payments" 200
db-1     | 2025-07-24T19:42:12.380870Z 50 [Warning] [MY-013360] [Server] Plugin mysql_native_password reported: ''mysql_native_password' is deprecated and will be removed in a future release. Please use caching_sha2_password instead'
nginx-1  | 172.20.0.1 - - [24/Jul/2025:19:42:12 +0000] "POST /payments HTTP/1.1" 200 5 "-" "Grafana k6/1.1.0" "-"
app2-1   | 172.20.0.5 -  24/Jul/2025:19:42:12 +0000 "POST /payments" 200
db-1     | 2025-07-24T19:42:12.442288Z 51 [Warning] [MY-013360] [Server] Plugin mysql_native_password reported: ''mysql_native_password' is deprecated and will be removed in a future release. Please use caching_sha2_password instead'
nginx-1  | 172.20.0.1 - - [24/Jul/2025:19:42:12 +0000] "POST /payments HTTP/1.1" 200 5 "-" "Grafana k6/1.1.0" "-"
app1-1   | 172.20.0.5 -  24/Jul/2025:19:42:12 +0000 "POST /payments" 200
db-1     | 2025-07-24T19:42:12.463927Z 52 [Warning] [MY-013360] [Server] Plugin mysql_native_password reported: ''mysql_native_password' is deprecated and will be removed in a future release. Please use caching_sha2_password instead'
nginx-1  | 172.20.0.1 - - [24/Jul/2025:19:42:12 +0000] "POST /payments HTTP/1.1" 200 5 "-" "Grafana k6/1.1.0" "-"
app2-1   | 172.20.0.5 -  24/Jul/2025:19:42:12 +0000 "POST /payments" 200
db-1     | 2025-07-24T19:42:12.484831Z 53 [Warning] [MY-013360] [Server] Plugin mysql_native_password reported: ''mysql_native_password' is deprecated and will be removed in a future release. Please use caching_sha2_password instead'
nginx-1  | 172.20.0.1 - - [24/Jul/2025:19:42:12 +0000] "POST /payments HTTP/1.1" 200 5 "-" "Grafana k6/1.1.0" "-"
app1-1   | 172.20.0.5 -  24/Jul/2025:19:42:12 +0000 "POST /payments" 200
db-1     | 2025-07-24T19:42:12.500471Z 54 [Warning] [MY-013360] [Server] Plugin mysql_native_password reported: ''mysql_native_password' is deprecated and will be removed in a future release. Please use caching_sha2_password instead'
db-1     | 2025-07-24T19:42:12.551934Z 55 [Warning] [MY-013360] [Server] Plugin mysql_native_password reported: ''mysql_native_password' is deprecated and will be removed in a future release. Please use caching_sha2_password instead'
nginx-1  | 172.20.0.1 - - [24/Jul/2025:19:42:12 +0000] "POST /payments HTTP/1.1" 200 5 "-" "Grafana k6/1.1.0" "-"
app1-1   | 172.20.0.5 -  24/Jul/2025:19:42:12 +0000 "POST /payments" 200
db-1     | 2025-07-24T19:42:12.573233Z 56 [Warning] [MY-013360] [Server] Plugin mysql_native_password reported: ''mysql_native_password' is deprecated and will be removed in a future release. Please use caching_sha2_password instead'
nginx-1  | 172.20.0.1 - - [24/Jul/2025:19:42:12 +0000] "POST /payments HTTP/1.1" 200 5 "-" "Grafana k6/1.1.0" "-"
app2-1   | 172.20.0.5 -  24/Jul/2025:19:42:12 +0000 "POST /payments" 200
db-1     | 2025-07-24T19:42:12.594786Z 57 [Warning] [MY-013360] [Server] Plugin mysql_native_password reported: ''mysql_native_password' is deprecated and will be removed in a future release. Please use caching_sha2_password instead'
nginx-1  | 172.20.0.1 - - [24/Jul/2025:19:42:12 +0000] "POST /payments HTTP/1.1" 200 5 "-" "Grafana k6/1.1.0" "-"
app2-1   | 172.20.0.5 -  24/Jul/2025:19:42:12 +0000 "POST /payments" 200
db-1     | 2025-07-24T19:42:12.661152Z 58 [Warning] [MY-013360] [Server] Plugin mysql_native_password reported: ''mysql_native_password' is deprecated and will be removed in a future release. Please use caching_sha2_password instead'
nginx-1  | 172.20.0.1 - - [24/Jul/2025:19:42:12 +0000] "POST /payments HTTP/1.1" 200 5 "-" "Grafana k6/1.1.0" "-"
app1-1   | 172.20.0.5 -  24/Jul/2025:19:42:12 +0000 "POST /payments" 200
db-1     | 2025-07-24T19:42:12.682948Z 59 [Warning] [MY-013360] [Server] Plugin mysql_native_password reported: ''mysql_native_password' is deprecated and will be removed in a future release. Please use caching_sha2_password instead'
nginx-1  | 172.20.0.1 - - [24/Jul/2025:19:42:12 +0000] "POST /payments HTTP/1.1" 200 5 "-" "Grafana k6/1.1.0" "-"
app2-1   | 172.20.0.5 -  24/Jul/2025:19:42:12 +0000 "POST /payments" 200
db-1     | 2025-07-24T19:42:12.703261Z 60 [Warning] [MY-013360] [Server] Plugin mysql_native_password reported: ''mysql_native_password' is deprecated and will be removed in a future release. Please use caching_sha2_password instead'
nginx-1  | 172.20.0.1 - - [24/Jul/2025:19:42:12 +0000] "POST /payments HTTP/1.1" 200 5 "-" "Grafana k6/1.1.0" "-"
app1-1   | 172.20.0.5 -  24/Jul/2025:19:42:12 +0000 "POST /payments" 200
db-1     | 2025-07-24T19:42:12.770102Z 61 [Warning] [MY-013360] [Server] Plugin mysql_native_password reported: ''mysql_native_password' is deprecated and will be removed in a future release. Please use caching_sha2_password instead'
nginx-1  | 172.20.0.1 - - [24/Jul/2025:19:42:12 +0000] "POST /payments HTTP/1.1" 200 5 "-" "Grafana k6/1.1.0" "-"
app1-1   | 172.20.0.5 -  24/Jul/2025:19:42:12 +0000 "POST /payments" 200
db-1     | 2025-07-24T19:42:12.791434Z 62 [Warning] [MY-013360] [Server] Plugin mysql_native_password reported: ''mysql_native_password' is deprecated and will be removed in a future release. Please use caching_sha2_password instead'
nginx-1  | 172.20.0.1 - - [24/Jul/2025:19:42:12 +0000] "POST /payments HTTP/1.1" 200 5 "-" "Grafana k6/1.1.0" "-"
app2-1   | 172.20.0.5 -  24/Jul/2025:19:42:12 +0000 "POST /payments" 200
db-1     | 2025-07-24T19:42:12.812320Z 63 [Warning] [MY-013360] [Server] Plugin mysql_native_password reported: ''mysql_native_password' is deprecated and will be removed in a future release. Please use caching_sha2_password instead'
nginx-1  | 172.20.0.1 - - [24/Jul/2025:19:42:12 +0000] "POST /payments HTTP/1.1" 200 5 "-" "Grafana k6/1.1.0" "-"
app2-1   | 172.20.0.5 -  24/Jul/2025:19:42:12 +0000 "POST /payments" 200
db-1     | 2025-07-24T19:42:12.878890Z 64 [Warning] [MY-013360] [Server] Plugin mysql_native_password reported: ''mysql_native_password' is deprecated and will be removed in a future release. Please use caching_sha2_password instead'
nginx-1  | 172.20.0.1 - - [24/Jul/2025:19:42:12 +0000] "POST /payments HTTP/1.1" 200 5 "-" "Grafana k6/1.1.0" "-"
app1-1   | 172.20.0.5 -  24/Jul/2025:19:42:12 +0000 "POST /payments" 200
db-1     | 2025-07-24T19:42:12.901199Z 65 [Warning] [MY-013360] [Server] Plugin mysql_native_password reported: ''mysql_native_password' is deprecated and will be removed in a future release. Please use caching_sha2_password instead'
nginx-1  | 172.20.0.1 - - [24/Jul/2025:19:42:12 +0000] "POST /payments HTTP/1.1" 200 5 "-" "Grafana k6/1.1.0" "-"
app2-1   | 172.20.0.5 -  24/Jul/2025:19:42:12 +0000 "POST /payments" 200
db-1     | 2025-07-24T19:42:12.920712Z 66 [Warning] [MY-013360] [Server] Plugin mysql_native_password reported: ''mysql_native_password' is deprecated and will be removed in a future release. Please use caching_sha2_password instead'
nginx-1  | 172.20.0.1 - - [24/Jul/2025:19:42:12 +0000] "POST /payments HTTP/1.1" 200 5 "-" "Grafana k6/1.1.0" "-"
app1-1   | 172.20.0.5 -  24/Jul/2025:19:42:12 +0000 "POST /payments" 200
db-1     | 2025-07-24T19:42:12.988712Z 67 [Warning] [MY-013360] [Server] Plugin mysql_native_password reported: ''mysql_native_password' is deprecated and will be removed in a future release. Please use caching_sha2_password instead'
nginx-1  | 172.20.0.1 - - [24/Jul/2025:19:42:12 +0000] "POST /payments HTTP/1.1" 200 5 "-" "Grafana k6/1.1.0" "-"
app2-1   | 172.20.0.5 -  24/Jul/2025:19:42:12 +0000 "POST /payments" 200
db-1     | 2025-07-24T19:42:13.032303Z 68 [Warning] [MY-013360] [Server] Plugin mysql_native_password reported: ''mysql_native_password' is deprecated and will be removed in a future release. Please use caching_sha2_password instead'
db-1     | 2025-07-24T19:42:13.032375Z 69 [Warning] [MY-013360] [Server] Plugin mysql_native_password reported: ''mysql_native_password' is deprecated and will be removed in a future release. Please use caching_sha2_password instead'
nginx-1  | 172.20.0.1 - - [24/Jul/2025:19:42:13 +0000] "POST /payments HTTP/1.1" 200 5 "-" "Grafana k6/1.1.0" "-"
nginx-1  | 172.20.0.1 - - [24/Jul/2025:19:42:13 +0000] "POST /payments HTTP/1.1" 200 5 "-" "Grafana k6/1.1.0" "-"
app1-1   | 172.20.0.5 -  24/Jul/2025:19:42:13 +0000 "POST /payments" 200
app2-1   | 172.20.0.5 -  24/Jul/2025:19:42:13 +0000 "POST /payments" 200
db-1     | 2025-07-24T19:42:13.098797Z 70 [Warning] [MY-013360] [Server] Plugin mysql_native_password reported: ''mysql_native_password' is deprecated and will be removed in a future release. Please use caching_sha2_password instead'
nginx-1  | 172.20.0.1 - - [24/Jul/2025:19:42:13 +0000] "POST /payments HTTP/1.1" 200 5 "-" "Grafana k6/1.1.0" "-"
db-1     | 2025-07-24T19:42:13.102107Z 71 [Warning] [MY-013360] [Server] Plugin mysql_native_password reported: ''mysql_native_password' is deprecated and will be removed in a future release. Please use caching_sha2_password instead'
app1-1   | 172.20.0.5 -  24/Jul/2025:19:42:13 +0000 "POST /payments" 200
nginx-1  | 172.20.0.1 - - [24/Jul/2025:19:42:13 +0000] "POST /payments HTTP/1.1" 200 5 "-" "Grafana k6/1.1.0" "-"
app1-1   | 172.20.0.5 -  24/Jul/2025:19:42:13 +0000 "POST /payments" 200
db-1     | 2025-07-24T19:42:13.119541Z 72 [Warning] [MY-013360] [Server] Plugin mysql_native_password reported: ''mysql_native_password' is deprecated and will be removed in a future release. Please use caching_sha2_password instead'
nginx-1  | 172.20.0.1 - - [24/Jul/2025:19:42:13 +0000] "POST /payments HTTP/1.1" 200 5 "-" "Grafana k6/1.1.0" "-"
app2-1   | 172.20.0.5 -  24/Jul/2025:19:42:13 +0000 "POST /payments" 200
db-1     | 2025-07-24T19:42:13.141519Z 73 [Warning] [MY-013360] [Server] Plugin mysql_native_password reported: ''mysql_native_password' is deprecated and will be removed in a future release. Please use caching_sha2_password instead'
nginx-1  | 172.20.0.1 - - [24/Jul/2025:19:42:13 +0000] "POST /payments HTTP/1.1" 200 5 "-" "Grafana k6/1.1.0" "-"
app2-1   | 172.20.0.5 -  24/Jul/2025:19:42:13 +0000 "POST /payments" 200
db-1     | 2025-07-24T19:42:13.162088Z 74 [Warning] [MY-013360] [Server] Plugin mysql_native_password reported: ''mysql_native_password' is deprecated and will be removed in a future release. Please use caching_sha2_password instead'
nginx-1  | 172.20.0.1 - - [24/Jul/2025:19:42:13 +0000] "POST /payments HTTP/1.1" 200 5 "-" "Grafana k6/1.1.0" "-"
app1-1   | 172.20.0.5 -  24/Jul/2025:19:42:13 +0000 "POST /payments" 200
db-1     | 2025-07-24T19:42:13.207185Z 75 [Warning] [MY-013360] [Server] Plugin mysql_native_password reported: ''mysql_native_password' is deprecated and will be removed in a future release. Please use caching_sha2_password instead'
nginx-1  | 172.20.0.1 - - [24/Jul/2025:19:42:13 +0000] "POST /payments HTTP/1.1" 200 5 "-" "Grafana k6/1.1.0" "-"
app2-1   | 172.20.0.5 -  24/Jul/2025:19:42:13 +0000 "POST /payments" 200
db-1     | 2025-07-24T19:42:13.228330Z 76 [Warning] [MY-013360] [Server] Plugin mysql_native_password reported: ''mysql_native_password' is deprecated and will be removed in a future release. Please use caching_sha2_password instead'
nginx-1  | 172.20.0.1 - - [24/Jul/2025:19:42:13 +0000] "POST /payments HTTP/1.1" 200 5 "-" "Grafana k6/1.1.0" "-"
app1-1   | 172.20.0.5 -  24/Jul/2025:19:42:13 +0000 "POST /payments" 200
db-1     | 2025-07-24T19:42:13.251042Z 77 [Warning] [MY-013360] [Server] Plugin mysql_native_password reported: ''mysql_native_password' is deprecated and will be removed in a future release. Please use caching_sha2_password instead'
nginx-1  | 172.20.0.1 - - [24/Jul/2025:19:42:13 +0000] "POST /payments HTTP/1.1" 200 5 "-" "Grafana k6/1.1.0" "-"
app2-1   | 172.20.0.5 -  24/Jul/2025:19:42:13 +0000 "POST /payments" 200
db-1     | 2025-07-24T19:42:13.272254Z 78 [Warning] [MY-013360] [Server] Plugin mysql_native_password reported: ''mysql_native_password' is deprecated and will be removed in a future release. Please use caching_sha2_password instead'
nginx-1  | 172.20.0.1 - - [24/Jul/2025:19:42:13 +0000] "POST /payments HTTP/1.1" 200 5 "-" "Grafana k6/1.1.0" "-"
app2-1   | 172.20.0.5 -  24/Jul/2025:19:42:13 +0000 "POST /payments" 200
db-1     | 2025-07-24T19:42:13.316810Z 79 [Warning] [MY-013360] [Server] Plugin mysql_native_password reported: ''mysql_native_password' is deprecated and will be removed in a future release. Please use caching_sha2_password instead'
nginx-1  | 172.20.0.1 - - [24/Jul/2025:19:42:13 +0000] "POST /payments HTTP/1.1" 200 5 "-" "Grafana k6/1.1.0" "-"
app1-1   | 172.20.0.5 -  24/Jul/2025:19:42:13 +0000 "POST /payments" 200
db-1     | 2025-07-24T19:42:13.337720Z 80 [Warning] [MY-013360] [Server] Plugin mysql_native_password reported: ''mysql_native_password' is deprecated and will be removed in a future release. Please use caching_sha2_password instead'
nginx-1  | 172.20.0.1 - - [24/Jul/2025:19:42:13 +0000] "POST /payments HTTP/1.1" 200 5 "-" "Grafana k6/1.1.0" "-"
app1-1   | 172.20.0.5 -  24/Jul/2025:19:42:13 +0000 "POST /payments" 200
db-1     | 2025-07-24T19:42:13.360058Z 81 [Warning] [MY-013360] [Server] Plugin mysql_native_password reported: ''mysql_native_password' is deprecated and will be removed in a future release. Please use caching_sha2_password instead'
nginx-1  | 172.20.0.1 - - [24/Jul/2025:19:42:13 +0000] "POST /payments HTTP/1.1" 200 5 "-" "Grafana k6/1.1.0" "-"
app2-1   | 172.20.0.5 -  24/Jul/2025:19:42:13 +0000 "POST /payments" 200
db-1     | 2025-07-24T19:42:13.385670Z 82 [Warning] [MY-013360] [Server] Plugin mysql_native_password reported: ''mysql_native_password' is deprecated and will be removed in a future release. Please use caching_sha2_password instead'
nginx-1  | 172.20.0.1 - - [24/Jul/2025:19:42:13 +0000] "POST /payments HTTP/1.1" 200 5 "-" "Grafana k6/1.1.0" "-"
app1-1   | 172.20.0.5 -  24/Jul/2025:19:42:13 +0000 "POST /payments" 200
db-1     | 2025-07-24T19:42:13.425165Z 83 [Warning] [MY-013360] [Server] Plugin mysql_native_password reported: ''mysql_native_password' is deprecated and will be removed in a future release. Please use caching_sha2_password instead'
nginx-1  | 172.20.0.1 - - [24/Jul/2025:19:42:13 +0000] "POST /payments HTTP/1.1" 200 5 "-" "Grafana k6/1.1.0" "-"
app2-1   | 172.20.0.5 -  24/Jul/2025:19:42:13 +0000 "POST /payments" 200
db-1     | 2025-07-24T19:42:13.447401Z 84 [Warning] [MY-013360] [Server] Plugin mysql_native_password reported: ''mysql_native_password' is deprecated and will be removed in a future release. Please use caching_sha2_password instead'
nginx-1  | 172.20.0.1 - - [24/Jul/2025:19:42:13 +0000] "POST /payments HTTP/1.1" 200 5 "-" "Grafana k6/1.1.0" "-"
app1-1   | 172.20.0.5 -  24/Jul/2025:19:42:13 +0000 "POST /payments" 200
db-1     | 2025-07-24T19:42:13.468981Z 85 [Warning] [MY-013360] [Server] Plugin mysql_native_password reported: ''mysql_native_password' is deprecated and will be removed in a future release. Please use caching_sha2_password instead'
nginx-1  | 172.20.0.1 - - [24/Jul/2025:19:42:13 +0000] "POST /payments HTTP/1.1" 200 5 "-" "Grafana k6/1.1.0" "-"
app2-1   | 172.20.0.5 -  24/Jul/2025:19:42:13 +0000 "POST /payments" 200
db-1     | 2025-07-24T19:42:13.489235Z 86 [Warning] [MY-013360] [Server] Plugin mysql_native_password reported: ''mysql_native_password' is deprecated and will be removed in a future release. Please use caching_sha2_password instead'
nginx-1  | 172.20.0.1 - - [24/Jul/2025:19:42:13 +0000] "POST /payments HTTP/1.1" 200 5 "-" "Grafana k6/1.1.0" "-"
app2-1   | 172.20.0.5 -  24/Jul/2025:19:42:13 +0000 "POST /payments" 200
