
 Network joao-bittencourt-php_rinha  Creating
 Network joao-bittencourt-php_rinha  Created
 Container joao-bittencourt-php-app2-1  Creating
 Container joao-bittencourt-php-db-1  Creating
 Container joao-bittencourt-php-app1-1  Creating
 Container joao-bittencourt-php-app1-1  Created
 Container joao-bittencourt-php-app2-1  Created
 Container joao-bittencourt-php-nginx-1  Creating
 Container joao-bittencourt-php-db-1  Created
 Container joao-bittencourt-php-nginx-1  Created
Attaching to app1-1, app2-1, db-1, nginx-1
db-1     | 2025-07-26 20:33:02+00:00 [Note] [Entrypoint]: Entrypoint script for MySQL Server 8.0.36-1.el8 started.
app1-1   | Cannot load Zend OPcache - it was already loaded
app2-1   | Cannot load Zend OPcache - it was already loaded
app2-1   | [26-Jul-2025 20:33:03] NOTICE: fpm is running, pid 1
app2-1   | [26-Jul-2025 20:33:03] NOTICE: ready to handle connections
app1-1   | [26-Jul-2025 20:33:03] NOTICE: fpm is running, pid 1
app1-1   | [26-Jul-2025 20:33:03] NOTICE: ready to handle connections
nginx-1  | /docker-entrypoint.sh: /docker-entrypoint.d/ is not empty, will attempt to perform configuration
nginx-1  | /docker-entrypoint.sh: Looking for shell scripts in /docker-entrypoint.d/
nginx-1  | /docker-entrypoint.sh: Launching /docker-entrypoint.d/10-listen-on-ipv6-by-default.sh
nginx-1  | 10-listen-on-ipv6-by-default.sh: info: Getting the checksum of /etc/nginx/conf.d/default.conf
nginx-1  | 10-listen-on-ipv6-by-default.sh: info: /etc/nginx/conf.d/default.conf differs from the packaged version
nginx-1  | /docker-entrypoint.sh: Sourcing /docker-entrypoint.d/15-local-resolvers.envsh
nginx-1  | /docker-entrypoint.sh: Launching /docker-entrypoint.d/20-envsubst-on-templates.sh
nginx-1  | /docker-entrypoint.sh: Launching /docker-entrypoint.d/30-tune-worker-processes.sh
nginx-1  | /docker-entrypoint.sh: Configuration complete; ready for start up
nginx-1  | 2025/07/26 20:33:03 [notice] 1#1: using the "epoll" event method
nginx-1  | 2025/07/26 20:33:03 [notice] 1#1: nginx/1.29.0
nginx-1  | 2025/07/26 20:33:03 [notice] 1#1: built by gcc 14.2.0 (Alpine 14.2.0) 
nginx-1  | 2025/07/26 20:33:03 [notice] 1#1: OS: Linux 6.1.0-37-amd64
nginx-1  | 2025/07/26 20:33:03 [notice] 1#1: getrlimit(RLIMIT_NOFILE): 1048576:1048576
nginx-1  | 2025/07/26 20:33:03 [notice] 1#1: start worker processes
nginx-1  | 2025/07/26 20:33:03 [notice] 1#1: start worker process 29
nginx-1  | 2025/07/26 20:33:03 [notice] 1#1: start worker process 30
nginx-1  | 2025/07/26 20:33:03 [notice] 1#1: start worker process 31
nginx-1  | 2025/07/26 20:33:03 [notice] 1#1: start worker process 32
db-1     | 2025-07-26 20:33:03+00:00 [Note] [Entrypoint]: Switching to dedicated user 'mysql'
db-1     | 2025-07-26 20:33:03+00:00 [Note] [Entrypoint]: Entrypoint script for MySQL Server 8.0.36-1.el8 started.
db-1     | 2025-07-26 20:33:04+00:00 [Note] [Entrypoint]: Initializing database files
db-1     | 2025-07-26T20:33:04.046847Z 0 [Warning] [MY-011068] [Server] The syntax '--skip-host-cache' is deprecated and will be removed in a future release. Please use SET GLOBAL host_cache_size=0 instead.
db-1     | 2025-07-26T20:33:04.047534Z 0 [Warning] [MY-010918] [Server] 'default_authentication_plugin' is deprecated and will be removed in a future release. Please use authentication_policy instead.
db-1     | 2025-07-26T20:33:04.047556Z 0 [System] [MY-013169] [Server] /usr/sbin/mysqld (mysqld 8.0.36) initializing of server in progress as process 80
db-1     | 2025-07-26T20:33:04.103849Z 0 [Warning] [MY-013907] [InnoDB] Deprecated configuration parameters innodb_log_file_size and/or innodb_log_files_in_group have been used to compute innodb_redo_log_capacity=67108864. Please use innodb_redo_log_capacity instead.
db-1     | 2025-07-26T20:33:04.107511Z 1 [System] [MY-013576] [InnoDB] InnoDB initialization has started.
app1-1   | 172.20.0.5 -  26/Jul/2025:20:33:04 +0000 "GET /payments-summary" 500
nginx-1  | 172.20.0.1 - - [26/Jul/2025:20:33:04 +0000] "GET /payments-summary HTTP/1.1" 500 66 "-" "curl/7.88.1" "-"
db-1     | 2025-07-26T20:33:06.540166Z 1 [System] [MY-013577] [InnoDB] InnoDB initialization has ended.
app1-1   | 172.20.0.5 -  26/Jul/2025:20:33:10 +0000 "GET /payments-summary" 500
nginx-1  | 172.20.0.1 - - [26/Jul/2025:20:33:10 +0000] "GET /payments-summary HTTP/1.1" 500 66 "-" "curl/7.88.1" "-"
db-1     | 2025-07-26T20:33:10.204684Z 6 [Warning] [MY-010453] [Server] root@localhost is created with an empty password ! Please consider switching off the --initialize-insecure option.
db-1     | 2025-07-26T20:33:10.806273Z 6 [Warning] [MY-013360] [Server] Plugin mysql_native_password reported: ''mysql_native_password' is deprecated and will be removed in a future release. Please use caching_sha2_password instead'
app1-1   | 172.20.0.5 -  26/Jul/2025:20:33:15 +0000 "GET /payments-summary" 500
nginx-1  | 172.20.0.1 - - [26/Jul/2025:20:33:15 +0000] "GET /payments-summary HTTP/1.1" 500 66 "-" "curl/7.88.1" "-"
app1-1   | 172.20.0.5 -  26/Jul/2025:20:33:20 +0000 "GET /payments-summary" 500
nginx-1  | 172.20.0.1 - - [26/Jul/2025:20:33:20 +0000] "GET /payments-summary HTTP/1.1" 500 66 "-" "curl/7.88.1" "-"
db-1     | 2025-07-26 20:33:21+00:00 [Note] [Entrypoint]: Database files initialized
db-1     | 2025-07-26 20:33:21+00:00 [Note] [Entrypoint]: Starting temporary server
db-1     | 2025-07-26T20:33:21.614510Z 0 [Warning] [MY-011068] [Server] The syntax '--skip-host-cache' is deprecated and will be removed in a future release. Please use SET GLOBAL host_cache_size=0 instead.
db-1     | 2025-07-26T20:33:21.617725Z 0 [Warning] [MY-010918] [Server] 'default_authentication_plugin' is deprecated and will be removed in a future release. Please use authentication_policy instead.
db-1     | 2025-07-26T20:33:21.617749Z 0 [System] [MY-010116] [Server] /usr/sbin/mysqld (mysqld 8.0.36) starting as process 137
db-1     | 2025-07-26T20:33:21.647463Z 0 [Warning] [MY-013907] [InnoDB] Deprecated configuration parameters innodb_log_file_size and/or innodb_log_files_in_group have been used to compute innodb_redo_log_capacity=67108864. Please use innodb_redo_log_capacity instead.
db-1     | 2025-07-26T20:33:21.662898Z 1 [System] [MY-013576] [InnoDB] InnoDB initialization has started.
db-1     | 2025-07-26T20:33:23.324717Z 1 [System] [MY-013577] [InnoDB] InnoDB initialization has ended.
db-1     | 2025-07-26T20:33:23.941094Z 0 [Warning] [MY-010068] [Server] CA certificate ca.pem is self signed.
db-1     | 2025-07-26T20:33:23.941177Z 0 [System] [MY-013602] [Server] Channel mysql_main configured to support TLS. Encrypted connections are now supported for this channel.
db-1     | 2025-07-26T20:33:23.948001Z 0 [Warning] [MY-011810] [Server] Insecure configuration for --pid-file: Location '/var/run/mysqld' in the path is accessible to all OS users. Consider choosing a different directory.
db-1     | 2025-07-26T20:33:23.977447Z 0 [System] [MY-011323] [Server] X Plugin ready for connections. Socket: /var/run/mysqld/mysqlx.sock
db-1     | 2025-07-26T20:33:23.977457Z 0 [System] [MY-010931] [Server] /usr/sbin/mysqld: ready for connections. Version: '8.0.36'  socket: '/var/run/mysqld/mysqld.sock'  port: 0  MySQL Community Server - GPL.
db-1     | 2025-07-26 20:33:24+00:00 [Note] [Entrypoint]: Temporary server started.
db-1     | '/var/lib/mysql/mysql.sock' -> '/var/run/mysqld/mysqld.sock'
db-1     | 2025-07-26T20:33:24.494776Z 8 [Warning] [MY-013360] [Server] Plugin mysql_native_password reported: ''mysql_native_password' is deprecated and will be removed in a future release. Please use caching_sha2_password instead'
app2-1   | 172.20.0.5 -  26/Jul/2025:20:33:25 +0000 "GET /payments-summary" 500
nginx-1  | 172.20.0.1 - - [26/Jul/2025:20:33:25 +0000] "GET /payments-summary HTTP/1.1" 500 66 "-" "curl/7.88.1" "-"
db-1     | Warning: Unable to load '/usr/share/zoneinfo/iso3166.tab' as time zone. Skipping it.
db-1     | Warning: Unable to load '/usr/share/zoneinfo/leap-seconds.list' as time zone. Skipping it.
db-1     | Warning: Unable to load '/usr/share/zoneinfo/leapseconds' as time zone. Skipping it.
db-1     | Warning: Unable to load '/usr/share/zoneinfo/tzdata.zi' as time zone. Skipping it.
db-1     | Warning: Unable to load '/usr/share/zoneinfo/zone.tab' as time zone. Skipping it.
db-1     | Warning: Unable to load '/usr/share/zoneinfo/zone1970.tab' as time zone. Skipping it.
db-1     | 2025-07-26T20:33:27.364759Z 9 [Warning] [MY-013360] [Server] Plugin mysql_native_password reported: ''mysql_native_password' is deprecated and will be removed in a future release. Please use caching_sha2_password instead'
db-1     | 2025-07-26T20:33:27.378602Z 9 [Warning] [MY-013360] [Server] Plugin mysql_native_password reported: ''mysql_native_password' is deprecated and will be removed in a future release. Please use caching_sha2_password instead'
db-1     | 2025-07-26T20:33:27.397980Z 9 [Warning] [MY-013360] [Server] Plugin mysql_native_password reported: ''mysql_native_password' is deprecated and will be removed in a future release. Please use caching_sha2_password instead'
db-1     | 2025-07-26 20:33:27+00:00 [Note] [Entrypoint]: Creating database rinha
db-1     | 2025-07-26T20:33:27.432981Z 10 [Warning] [MY-013360] [Server] Plugin mysql_native_password reported: ''mysql_native_password' is deprecated and will be removed in a future release. Please use caching_sha2_password instead'
db-1     | 2025-07-26 20:33:27+00:00 [Note] [Entrypoint]: Creating user username
db-1     | 2025-07-26T20:33:27.461413Z 11 [Warning] [MY-013360] [Server] Plugin mysql_native_password reported: ''mysql_native_password' is deprecated and will be removed in a future release. Please use caching_sha2_password instead'
db-1     | 2025-07-26T20:33:27.471046Z 11 [Warning] [MY-013360] [Server] Plugin mysql_native_password reported: ''mysql_native_password' is deprecated and will be removed in a future release. Please use caching_sha2_password instead'
db-1     | 2025-07-26 20:33:27+00:00 [Note] [Entrypoint]: Giving user username access to schema rinha
db-1     | 2025-07-26T20:33:27.482783Z 12 [Warning] [MY-013360] [Server] Plugin mysql_native_password reported: ''mysql_native_password' is deprecated and will be removed in a future release. Please use caching_sha2_password instead'
db-1     | 
db-1     | 2025-07-26 20:33:27+00:00 [Note] [Entrypoint]: /usr/local/bin/docker-entrypoint.sh: running /docker-entrypoint-initdb.d/init.sql
db-1     | 2025-07-26T20:33:27.510334Z 13 [Warning] [MY-013360] [Server] Plugin mysql_native_password reported: ''mysql_native_password' is deprecated and will be removed in a future release. Please use caching_sha2_password instead'
db-1     | 
db-1     | 
db-1     | 2025-07-26 20:33:27+00:00 [Note] [Entrypoint]: Stopping temporary server
db-1     | 2025-07-26T20:33:28.014244Z 14 [Warning] [MY-013360] [Server] Plugin mysql_native_password reported: ''mysql_native_password' is deprecated and will be removed in a future release. Please use caching_sha2_password instead'
db-1     | 2025-07-26T20:33:28.039190Z 14 [System] [MY-013172] [Server] Received SHUTDOWN from user root. Shutting down mysqld (Version: 8.0.36).
app1-1   | 172.20.0.5 -  26/Jul/2025:20:33:30 +0000 "GET /payments-summary" 500
nginx-1  | 172.20.0.1 - - [26/Jul/2025:20:33:30 +0000] "GET /payments-summary HTTP/1.1" 500 66 "-" "curl/7.88.1" "-"
db-1     | 2025-07-26T20:33:31.621619Z 0 [System] [MY-010910] [Server] /usr/sbin/mysqld: Shutdown complete (mysqld 8.0.36)  MySQL Community Server - GPL.
db-1     | 2025-07-26 20:33:32+00:00 [Note] [Entrypoint]: Temporary server stopped
db-1     | 
db-1     | 2025-07-26 20:33:32+00:00 [Note] [Entrypoint]: MySQL init process done. Ready for start up.
db-1     | 
db-1     | 2025-07-26T20:33:32.360064Z 0 [Warning] [MY-011068] [Server] The syntax '--skip-host-cache' is deprecated and will be removed in a future release. Please use SET GLOBAL host_cache_size=0 instead.
db-1     | 2025-07-26T20:33:32.382091Z 0 [Warning] [MY-010918] [Server] 'default_authentication_plugin' is deprecated and will be removed in a future release. Please use authentication_policy instead.
db-1     | 2025-07-26T20:33:32.382149Z 0 [System] [MY-010116] [Server] /usr/sbin/mysqld (mysqld 8.0.36) starting as process 1
db-1     | 2025-07-26T20:33:32.428602Z 0 [Warning] [MY-013907] [InnoDB] Deprecated configuration parameters innodb_log_file_size and/or innodb_log_files_in_group have been used to compute innodb_redo_log_capacity=67108864. Please use innodb_redo_log_capacity instead.
db-1     | 2025-07-26T20:33:32.445334Z 1 [System] [MY-013576] [InnoDB] InnoDB initialization has started.
db-1     | 2025-07-26T20:33:33.723132Z 1 [System] [MY-013577] [InnoDB] InnoDB initialization has ended.
db-1     | 2025-07-26T20:33:34.353306Z 0 [Warning] [MY-010068] [Server] CA certificate ca.pem is self signed.
db-1     | 2025-07-26T20:33:34.353342Z 0 [System] [MY-013602] [Server] Channel mysql_main configured to support TLS. Encrypted connections are now supported for this channel.
db-1     | 2025-07-26T20:33:34.364540Z 0 [Warning] [MY-011810] [Server] Insecure configuration for --pid-file: Location '/var/run/mysqld' in the path is accessible to all OS users. Consider choosing a different directory.
db-1     | 2025-07-26T20:33:34.400376Z 0 [System] [MY-011323] [Server] X Plugin ready for connections. Bind-address: '::' port: 33060, socket: /var/run/mysqld/mysqlx.sock
db-1     | 2025-07-26T20:33:34.400419Z 0 [System] [MY-010931] [Server] /usr/sbin/mysqld: ready for connections. Version: '8.0.36'  socket: '/var/run/mysqld/mysqld.sock'  port: 3306  MySQL Community Server - GPL.
db-1     | 2025-07-26T20:33:35.065647Z 8 [Warning] [MY-013360] [Server] Plugin mysql_native_password reported: ''mysql_native_password' is deprecated and will be removed in a future release. Please use caching_sha2_password instead'
app2-1   | 172.20.0.5 -  26/Jul/2025:20:33:35 +0000 "GET /payments-summary" 200
nginx-1  | 172.20.0.1 - - [26/Jul/2025:20:33:35 +0000] "GET /payments-summary HTTP/1.1" 200 105 "-" "curl/7.88.1" "-"
db-1     | 2025-07-26T20:33:41.390382Z 9 [Warning] [MY-013360] [Server] Plugin mysql_native_password reported: ''mysql_native_password' is deprecated and will be removed in a future release. Please use caching_sha2_password instead'
app1-1   | 172.20.0.5 -  26/Jul/2025:20:33:41 +0000 "POST /purge-payments" 200
nginx-1  | 172.20.0.1 - - [26/Jul/2025:20:33:41 +0000] "POST /purge-payments HTTP/1.1" 200 45 "-" "Grafana k6/1.1.0" "-"
db-1     | 2025-07-26T20:33:41.585475Z 10 [Warning] [MY-013360] [Server] Plugin mysql_native_password reported: ''mysql_native_password' is deprecated and will be removed in a future release. Please use caching_sha2_password instead'
db-1     | 2025-07-26T20:33:41.586312Z 11 [Warning] [MY-013360] [Server] Plugin mysql_native_password reported: ''mysql_native_password' is deprecated and will be removed in a future release. Please use caching_sha2_password instead'
nginx-1  | 172.20.0.1 - - [26/Jul/2025:20:33:41 +0000] "GET /payments-summary?from=2025-07-26T20:33:31.579Z&to=2025-07-26T20:33:41.479Z HTTP/1.1" 200 105 "-" "Grafana k6/1.1.0" "-"
app1-1   | 172.20.0.5 -  26/Jul/2025:20:33:41 +0000 "GET /payments-summary" 200
nginx-1  | 172.20.0.1 - - [26/Jul/2025:20:33:41 +0000] "POST /payments HTTP/1.1" 200 5 "-" "Grafana k6/1.1.0" "-"
app2-1   | 172.20.0.5 -  26/Jul/2025:20:33:41 +0000 "POST /payments" 200
db-1     | 2025-07-26T20:33:41.689376Z 12 [Warning] [MY-013360] [Server] Plugin mysql_native_password reported: ''mysql_native_password' is deprecated and will be removed in a future release. Please use caching_sha2_password instead'
nginx-1  | 172.20.0.1 - - [26/Jul/2025:20:33:41 +0000] "POST /payments HTTP/1.1" 200 5 "-" "Grafana k6/1.1.0" "-"
app2-1   | 172.20.0.5 -  26/Jul/2025:20:33:41 +0000 "POST /payments" 200
db-1     | 2025-07-26T20:33:41.798039Z 13 [Warning] [MY-013360] [Server] Plugin mysql_native_password reported: ''mysql_native_password' is deprecated and will be removed in a future release. Please use caching_sha2_password instead'
nginx-1  | 172.20.0.1 - - [26/Jul/2025:20:33:41 +0000] "POST /payments HTTP/1.1" 200 5 "-" "Grafana k6/1.1.0" "-"
app1-1   | 172.20.0.5 -  26/Jul/2025:20:33:41 +0000 "POST /payments" 200
db-1     | 2025-07-26T20:33:41.907853Z 14 [Warning] [MY-013360] [Server] Plugin mysql_native_password reported: ''mysql_native_password' is deprecated and will be removed in a future release. Please use caching_sha2_password instead'
nginx-1  | 172.20.0.1 - - [26/Jul/2025:20:33:41 +0000] "POST /payments HTTP/1.1" 200 5 "-" "Grafana k6/1.1.0" "-"
app2-1   | 172.20.0.5 -  26/Jul/2025:20:33:41 +0000 "POST /payments" 200
db-1     | 2025-07-26T20:33:42.016813Z 15 [Warning] [MY-013360] [Server] Plugin mysql_native_password reported: ''mysql_native_password' is deprecated and will be removed in a future release. Please use caching_sha2_password instead'
nginx-1  | 172.20.0.1 - - [26/Jul/2025:20:33:42 +0000] "POST /payments HTTP/1.1" 200 5 "-" "Grafana k6/1.1.0" "-"
app1-1   | 172.20.0.5 -  26/Jul/2025:20:33:42 +0000 "POST /payments" 200
db-1     | 2025-07-26T20:33:42.126349Z 16 [Warning] [MY-013360] [Server] Plugin mysql_native_password reported: ''mysql_native_password' is deprecated and will be removed in a future release. Please use caching_sha2_password instead'
nginx-1  | 172.20.0.1 - - [26/Jul/2025:20:33:42 +0000] "POST /payments HTTP/1.1" 200 5 "-" "Grafana k6/1.1.0" "-"
app2-1   | 172.20.0.5 -  26/Jul/2025:20:33:42 +0000 "POST /payments" 200
db-1     | 2025-07-26T20:33:42.234708Z 17 [Warning] [MY-013360] [Server] Plugin mysql_native_password reported: ''mysql_native_password' is deprecated and will be removed in a future release. Please use caching_sha2_password instead'
nginx-1  | 172.20.0.1 - - [26/Jul/2025:20:33:42 +0000] "POST /payments HTTP/1.1" 200 5 "-" "Grafana k6/1.1.0" "-"
app1-1   | 172.20.0.5 -  26/Jul/2025:20:33:42 +0000 "POST /payments" 200
db-1     | 2025-07-26T20:33:42.346040Z 18 [Warning] [MY-013360] [Server] Plugin mysql_native_password reported: ''mysql_native_password' is deprecated and will be removed in a future release. Please use caching_sha2_password instead'
nginx-1  | 172.20.0.1 - - [26/Jul/2025:20:33:42 +0000] "POST /payments HTTP/1.1" 200 5 "-" "Grafana k6/1.1.0" "-"
app2-1   | 172.20.0.5 -  26/Jul/2025:20:33:42 +0000 "POST /payments" 200
db-1     | 2025-07-26T20:33:42.454332Z 19 [Warning] [MY-013360] [Server] Plugin mysql_native_password reported: ''mysql_native_password' is deprecated and will be removed in a future release. Please use caching_sha2_password instead'
nginx-1  | 172.20.0.1 - - [26/Jul/2025:20:33:42 +0000] "POST /payments HTTP/1.1" 200 5 "-" "Grafana k6/1.1.0" "-"
app1-1   | 172.20.0.5 -  26/Jul/2025:20:33:42 +0000 "POST /payments" 200
db-1     | 2025-07-26T20:33:42.563735Z 20 [Warning] [MY-013360] [Server] Plugin mysql_native_password reported: ''mysql_native_password' is deprecated and will be removed in a future release. Please use caching_sha2_password instead'
nginx-1  | 172.20.0.1 - - [26/Jul/2025:20:33:42 +0000] "POST /payments HTTP/1.1" 200 5 "-" "Grafana k6/1.1.0" "-"
app2-1   | 172.20.0.5 -  26/Jul/2025:20:33:42 +0000 "POST /payments" 200
db-1     | 2025-07-26T20:33:42.657509Z 21 [Warning] [MY-013360] [Server] Plugin mysql_native_password reported: ''mysql_native_password' is deprecated and will be removed in a future release. Please use caching_sha2_password instead'
nginx-1  | 172.20.0.1 - - [26/Jul/2025:20:33:42 +0000] "POST /payments HTTP/1.1" 200 5 "-" "Grafana k6/1.1.0" "-"
app1-1   | 172.20.0.5 -  26/Jul/2025:20:33:42 +0000 "POST /payments" 200
db-1     | 2025-07-26T20:33:42.672675Z 22 [Warning] [MY-013360] [Server] Plugin mysql_native_password reported: ''mysql_native_password' is deprecated and will be removed in a future release. Please use caching_sha2_password instead'
nginx-1  | 172.20.0.1 - - [26/Jul/2025:20:33:42 +0000] "POST /payments HTTP/1.1" 200 5 "-" "Grafana k6/1.1.0" "-"
app2-1   | 172.20.0.5 -  26/Jul/2025:20:33:42 +0000 "POST /payments" 200
db-1     | 2025-07-26T20:33:42.695008Z 23 [Warning] [MY-013360] [Server] Plugin mysql_native_password reported: ''mysql_native_password' is deprecated and will be removed in a future release. Please use caching_sha2_password instead'
nginx-1  | 172.20.0.1 - - [26/Jul/2025:20:33:42 +0000] "POST /payments HTTP/1.1" 200 5 "-" "Grafana k6/1.1.0" "-"
app1-1   | 172.20.0.5 -  26/Jul/2025:20:33:42 +0000 "POST /payments" 200
db-1     | 2025-07-26T20:33:42.782554Z 24 [Warning] [MY-013360] [Server] Plugin mysql_native_password reported: ''mysql_native_password' is deprecated and will be removed in a future release. Please use caching_sha2_password instead'
nginx-1  | 172.20.0.1 - - [26/Jul/2025:20:33:42 +0000] "POST /payments HTTP/1.1" 200 5 "-" "Grafana k6/1.1.0" "-"
app2-1   | 172.20.0.5 -  26/Jul/2025:20:33:42 +0000 "POST /payments" 200
db-1     | 2025-07-26T20:33:42.804284Z 25 [Warning] [MY-013360] [Server] Plugin mysql_native_password reported: ''mysql_native_password' is deprecated and will be removed in a future release. Please use caching_sha2_password instead'
nginx-1  | 172.20.0.1 - - [26/Jul/2025:20:33:42 +0000] "POST /payments HTTP/1.1" 200 5 "-" "Grafana k6/1.1.0" "-"
app2-1   | 172.20.0.5 -  26/Jul/2025:20:33:42 +0000 "POST /payments" 200
db-1     | 2025-07-26T20:33:42.891664Z 26 [Warning] [MY-013360] [Server] Plugin mysql_native_password reported: ''mysql_native_password' is deprecated and will be removed in a future release. Please use caching_sha2_password instead'
nginx-1  | 172.20.0.1 - - [26/Jul/2025:20:33:42 +0000] "POST /payments HTTP/1.1" 200 5 "-" "Grafana k6/1.1.0" "-"
app1-1   | 172.20.0.5 -  26/Jul/2025:20:33:42 +0000 "POST /payments" 200
db-1     | 2025-07-26T20:33:42.913346Z 27 [Warning] [MY-013360] [Server] Plugin mysql_native_password reported: ''mysql_native_password' is deprecated and will be removed in a future release. Please use caching_sha2_password instead'
nginx-1  | 172.20.0.1 - - [26/Jul/2025:20:33:42 +0000] "POST /payments HTTP/1.1" 200 5 "-" "Grafana k6/1.1.0" "-"
app1-1   | 172.20.0.5 -  26/Jul/2025:20:33:42 +0000 "POST /payments" 200
db-1     | 2025-07-26T20:33:43.000161Z 28 [Warning] [MY-013360] [Server] Plugin mysql_native_password reported: ''mysql_native_password' is deprecated and will be removed in a future release. Please use caching_sha2_password instead'
nginx-1  | 172.20.0.1 - - [26/Jul/2025:20:33:43 +0000] "POST /payments HTTP/1.1" 200 5 "-" "Grafana k6/1.1.0" "-"
app2-1   | 172.20.0.5 -  26/Jul/2025:20:33:42 +0000 "POST /payments" 200
db-1     | 2025-07-26T20:33:43.021958Z 29 [Warning] [MY-013360] [Server] Plugin mysql_native_password reported: ''mysql_native_password' is deprecated and will be removed in a future release. Please use caching_sha2_password instead'
nginx-1  | 172.20.0.1 - - [26/Jul/2025:20:33:43 +0000] "POST /payments HTTP/1.1" 200 5 "-" "Grafana k6/1.1.0" "-"
app2-1   | 172.20.0.5 -  26/Jul/2025:20:33:43 +0000 "POST /payments" 200
db-1     | 2025-07-26T20:33:43.109387Z 30 [Warning] [MY-013360] [Server] Plugin mysql_native_password reported: ''mysql_native_password' is deprecated and will be removed in a future release. Please use caching_sha2_password instead'
nginx-1  | 172.20.0.1 - - [26/Jul/2025:20:33:43 +0000] "POST /payments HTTP/1.1" 200 5 "-" "Grafana k6/1.1.0" "-"
app1-1   | 172.20.0.5 -  26/Jul/2025:20:33:43 +0000 "POST /payments" 200
db-1     | 2025-07-26T20:33:43.131263Z 31 [Warning] [MY-013360] [Server] Plugin mysql_native_password reported: ''mysql_native_password' is deprecated and will be removed in a future release. Please use caching_sha2_password instead'
nginx-1  | 172.20.0.1 - - [26/Jul/2025:20:33:43 +0000] "POST /payments HTTP/1.1" 200 5 "-" "Grafana k6/1.1.0" "-"
app1-1   | 172.20.0.5 -  26/Jul/2025:20:33:43 +0000 "POST /payments" 200
db-1     | 2025-07-26T20:33:43.218538Z 32 [Warning] [MY-013360] [Server] Plugin mysql_native_password reported: ''mysql_native_password' is deprecated and will be removed in a future release. Please use caching_sha2_password instead'
nginx-1  | 172.20.0.1 - - [26/Jul/2025:20:33:43 +0000] "POST /payments HTTP/1.1" 200 5 "-" "Grafana k6/1.1.0" "-"
app2-1   | 172.20.0.5 -  26/Jul/2025:20:33:43 +0000 "POST /payments" 200
db-1     | 2025-07-26T20:33:43.239630Z 33 [Warning] [MY-013360] [Server] Plugin mysql_native_password reported: ''mysql_native_password' is deprecated and will be removed in a future release. Please use caching_sha2_password instead'
nginx-1  | 172.20.0.1 - - [26/Jul/2025:20:33:43 +0000] "POST /payments HTTP/1.1" 200 5 "-" "Grafana k6/1.1.0" "-"
app2-1   | 172.20.0.5 -  26/Jul/2025:20:33:43 +0000 "POST /payments" 200
db-1     | 2025-07-26T20:33:43.329349Z 34 [Warning] [MY-013360] [Server] Plugin mysql_native_password reported: ''mysql_native_password' is deprecated and will be removed in a future release. Please use caching_sha2_password instead'
nginx-1  | 172.20.0.1 - - [26/Jul/2025:20:33:43 +0000] "POST /payments HTTP/1.1" 200 5 "-" "Grafana k6/1.1.0" "-"
app1-1   | 172.20.0.5 -  26/Jul/2025:20:33:43 +0000 "POST /payments" 200
db-1     | 2025-07-26T20:33:43.350624Z 35 [Warning] [MY-013360] [Server] Plugin mysql_native_password reported: ''mysql_native_password' is deprecated and will be removed in a future release. Please use caching_sha2_password instead'
nginx-1  | 172.20.0.1 - - [26/Jul/2025:20:33:43 +0000] "POST /payments HTTP/1.1" 200 5 "-" "Grafana k6/1.1.0" "-"
app1-1   | 172.20.0.5 -  26/Jul/2025:20:33:43 +0000 "POST /payments" 200
db-1     | 2025-07-26T20:33:43.438216Z 36 [Warning] [MY-013360] [Server] Plugin mysql_native_password reported: ''mysql_native_password' is deprecated and will be removed in a future release. Please use caching_sha2_password instead'
nginx-1  | 172.20.0.1 - - [26/Jul/2025:20:33:43 +0000] "POST /payments HTTP/1.1" 200 5 "-" "Grafana k6/1.1.0" "-"
app2-1   | 172.20.0.5 -  26/Jul/2025:20:33:43 +0000 "POST /payments" 200
db-1     | 2025-07-26T20:33:43.459580Z 37 [Warning] [MY-013360] [Server] Plugin mysql_native_password reported: ''mysql_native_password' is deprecated and will be removed in a future release. Please use caching_sha2_password instead'
nginx-1  | 172.20.0.1 - - [26/Jul/2025:20:33:43 +0000] "POST /payments HTTP/1.1" 200 5 "-" "Grafana k6/1.1.0" "-"
app2-1   | 172.20.0.5 -  26/Jul/2025:20:33:43 +0000 "POST /payments" 200
db-1     | 2025-07-26T20:33:43.486054Z 38 [Warning] [MY-013360] [Server] Plugin mysql_native_password reported: ''mysql_native_password' is deprecated and will be removed in a future release. Please use caching_sha2_password instead'
db-1     | 2025-07-26T20:33:43.568866Z 39 [Warning] [MY-013360] [Server] Plugin mysql_native_password reported: ''mysql_native_password' is deprecated and will be removed in a future release. Please use caching_sha2_password instead'
db-1     | 2025-07-26T20:33:43.570881Z 40 [Warning] [MY-013360] [Server] Plugin mysql_native_password reported: ''mysql_native_password' is deprecated and will be removed in a future release. Please use caching_sha2_password instead'
nginx-1  | 172.20.0.1 - - [26/Jul/2025:20:33:43 +0000] "POST /payments HTTP/1.1" 200 5 "-" "Grafana k6/1.1.0" "-"
nginx-1  | 172.20.0.1 - - [26/Jul/2025:20:33:43 +0000] "POST /payments HTTP/1.1" 200 5 "-" "Grafana k6/1.1.0" "-"
app1-1   | 172.20.0.5 -  26/Jul/2025:20:33:43 +0000 "POST /payments" 200
app1-1   | 172.20.0.5 -  26/Jul/2025:20:33:43 +0000 "POST /payments" 200
db-1     | 2025-07-26T20:33:43.656171Z 41 [Warning] [MY-013360] [Server] Plugin mysql_native_password reported: ''mysql_native_password' is deprecated and will be removed in a future release. Please use caching_sha2_password instead'
nginx-1  | 172.20.0.1 - - [26/Jul/2025:20:33:43 +0000] "POST /payments HTTP/1.1" 200 5 "-" "Grafana k6/1.1.0" "-"
app2-1   | 172.20.0.5 -  26/Jul/2025:20:33:43 +0000 "POST /payments" 200
db-1     | 2025-07-26T20:33:43.662417Z 42 [Warning] [MY-013360] [Server] Plugin mysql_native_password reported: ''mysql_native_password' is deprecated and will be removed in a future release. Please use caching_sha2_password instead'
nginx-1  | 172.20.0.1 - - [26/Jul/2025:20:33:43 +0000] "POST /payments HTTP/1.1" 200 5 "-" "Grafana k6/1.1.0" "-"
app2-1   | 172.20.0.5 -  26/Jul/2025:20:33:43 +0000 "POST /payments" 200
db-1     | 2025-07-26T20:33:43.676928Z 43 [Warning] [MY-013360] [Server] Plugin mysql_native_password reported: ''mysql_native_password' is deprecated and will be removed in a future release. Please use caching_sha2_password instead'
nginx-1  | 172.20.0.1 - - [26/Jul/2025:20:33:43 +0000] "POST /payments HTTP/1.1" 200 5 "-" "Grafana k6/1.1.0" "-"
app1-1   | 172.20.0.5 -  26/Jul/2025:20:33:43 +0000 "POST /payments" 200
db-1     | 2025-07-26T20:33:43.700006Z 44 [Warning] [MY-013360] [Server] Plugin mysql_native_password reported: ''mysql_native_password' is deprecated and will be removed in a future release. Please use caching_sha2_password instead'
nginx-1  | 172.20.0.1 - - [26/Jul/2025:20:33:43 +0000] "POST /payments HTTP/1.1" 200 5 "-" "Grafana k6/1.1.0" "-"
app2-1   | 172.20.0.5 -  26/Jul/2025:20:33:43 +0000 "POST /payments" 200
db-1     | 2025-07-26T20:33:43.764727Z 45 [Warning] [MY-013360] [Server] Plugin mysql_native_password reported: ''mysql_native_password' is deprecated and will be removed in a future release. Please use caching_sha2_password instead'
nginx-1  | 172.20.0.1 - - [26/Jul/2025:20:33:43 +0000] "POST /payments HTTP/1.1" 200 5 "-" "Grafana k6/1.1.0" "-"
app1-1   | 172.20.0.5 -  26/Jul/2025:20:33:43 +0000 "POST /payments" 200
db-1     | 2025-07-26T20:33:43.788267Z 46 [Warning] [MY-013360] [Server] Plugin mysql_native_password reported: ''mysql_native_password' is deprecated and will be removed in a future release. Please use caching_sha2_password instead'
nginx-1  | 172.20.0.1 - - [26/Jul/2025:20:33:43 +0000] "POST /payments HTTP/1.1" 200 5 "-" "Grafana k6/1.1.0" "-"
app2-1   | 172.20.0.5 -  26/Jul/2025:20:33:43 +0000 "POST /payments" 200
db-1     | 2025-07-26T20:33:43.809451Z 47 [Warning] [MY-013360] [Server] Plugin mysql_native_password reported: ''mysql_native_password' is deprecated and will be removed in a future release. Please use caching_sha2_password instead'
nginx-1  | 172.20.0.1 - - [26/Jul/2025:20:33:43 +0000] "POST /payments HTTP/1.1" 200 5 "-" "Grafana k6/1.1.0" "-"
app1-1   | 172.20.0.5 -  26/Jul/2025:20:33:43 +0000 "POST /payments" 200
db-1     | 2025-07-26T20:33:43.874526Z 48 [Warning] [MY-013360] [Server] Plugin mysql_native_password reported: ''mysql_native_password' is deprecated and will be removed in a future release. Please use caching_sha2_password instead'
nginx-1  | 172.20.0.1 - - [26/Jul/2025:20:33:43 +0000] "POST /payments HTTP/1.1" 200 5 "-" "Grafana k6/1.1.0" "-"
app1-1   | 172.20.0.5 -  26/Jul/2025:20:33:43 +0000 "POST /payments" 200
db-1     | 2025-07-26T20:33:43.896525Z 49 [Warning] [MY-013360] [Server] Plugin mysql_native_password reported: ''mysql_native_password' is deprecated and will be removed in a future release. Please use caching_sha2_password instead'
nginx-1  | 172.20.0.1 - - [26/Jul/2025:20:33:43 +0000] "POST /payments HTTP/1.1" 200 5 "-" "Grafana k6/1.1.0" "-"
app2-1   | 172.20.0.5 -  26/Jul/2025:20:33:43 +0000 "POST /payments" 200
db-1     | 2025-07-26T20:33:43.918624Z 50 [Warning] [MY-013360] [Server] Plugin mysql_native_password reported: ''mysql_native_password' is deprecated and will be removed in a future release. Please use caching_sha2_password instead'
nginx-1  | 172.20.0.1 - - [26/Jul/2025:20:33:43 +0000] "POST /payments HTTP/1.1" 200 5 "-" "Grafana k6/1.1.0" "-"
app2-1   | 172.20.0.5 -  26/Jul/2025:20:33:43 +0000 "POST /payments" 200
db-1     | 2025-07-26T20:33:43.983937Z 51 [Warning] [MY-013360] [Server] Plugin mysql_native_password reported: ''mysql_native_password' is deprecated and will be removed in a future release. Please use caching_sha2_password instead'
nginx-1  | 172.20.0.1 - - [26/Jul/2025:20:33:43 +0000] "POST /payments HTTP/1.1" 200 5 "-" "Grafana k6/1.1.0" "-"
app1-1   | 172.20.0.5 -  26/Jul/2025:20:33:43 +0000 "POST /payments" 200
db-1     | 2025-07-26T20:33:44.005264Z 52 [Warning] [MY-013360] [Server] Plugin mysql_native_password reported: ''mysql_native_password' is deprecated and will be removed in a future release. Please use caching_sha2_password instead'
nginx-1  | 172.20.0.1 - - [26/Jul/2025:20:33:44 +0000] "POST /payments HTTP/1.1" 200 5 "-" "Grafana k6/1.1.0" "-"
app2-1   | 172.20.0.5 -  26/Jul/2025:20:33:44 +0000 "POST /payments" 200
db-1     | 2025-07-26T20:33:44.027509Z 53 [Warning] [MY-013360] [Server] Plugin mysql_native_password reported: ''mysql_native_password' is deprecated and will be removed in a future release. Please use caching_sha2_password instead'
nginx-1  | 172.20.0.1 - - [26/Jul/2025:20:33:44 +0000] "POST /payments HTTP/1.1" 200 5 "-" "Grafana k6/1.1.0" "-"
app1-1   | 172.20.0.5 -  26/Jul/2025:20:33:44 +0000 "POST /payments" 200
db-1     | 2025-07-26T20:33:44.093358Z 54 [Warning] [MY-013360] [Server] Plugin mysql_native_password reported: ''mysql_native_password' is deprecated and will be removed in a future release. Please use caching_sha2_password instead'
nginx-1  | 172.20.0.1 - - [26/Jul/2025:20:33:44 +0000] "POST /payments HTTP/1.1" 200 5 "-" "Grafana k6/1.1.0" "-"
app1-1   | 172.20.0.5 -  26/Jul/2025:20:33:44 +0000 "POST /payments" 200
db-1     | 2025-07-26T20:33:44.115005Z 55 [Warning] [MY-013360] [Server] Plugin mysql_native_password reported: ''mysql_native_password' is deprecated and will be removed in a future release. Please use caching_sha2_password instead'
nginx-1  | 172.20.0.1 - - [26/Jul/2025:20:33:44 +0000] "POST /payments HTTP/1.1" 200 5 "-" "Grafana k6/1.1.0" "-"
app2-1   | 172.20.0.5 -  26/Jul/2025:20:33:44 +0000 "POST /payments" 200
db-1     | 2025-07-26T20:33:44.135796Z 56 [Warning] [MY-013360] [Server] Plugin mysql_native_password reported: ''mysql_native_password' is deprecated and will be removed in a future release. Please use caching_sha2_password instead'
nginx-1  | 172.20.0.1 - - [26/Jul/2025:20:33:44 +0000] "POST /payments HTTP/1.1" 200 5 "-" "Grafana k6/1.1.0" "-"
app2-1   | 172.20.0.5 -  26/Jul/2025:20:33:44 +0000 "POST /payments" 200
db-1     | 2025-07-26T20:33:44.202859Z 57 [Warning] [MY-013360] [Server] Plugin mysql_native_password reported: ''mysql_native_password' is deprecated and will be removed in a future release. Please use caching_sha2_password instead'
nginx-1  | 172.20.0.1 - - [26/Jul/2025:20:33:44 +0000] "POST /payments HTTP/1.1" 200 5 "-" "Grafana k6/1.1.0" "-"
app1-1   | 172.20.0.5 -  26/Jul/2025:20:33:44 +0000 "POST /payments" 200
db-1     | 2025-07-26T20:33:44.223396Z 58 [Warning] [MY-013360] [Server] Plugin mysql_native_password reported: ''mysql_native_password' is deprecated and will be removed in a future release. Please use caching_sha2_password instead'
nginx-1  | 172.20.0.1 - - [26/Jul/2025:20:33:44 +0000] "POST /payments HTTP/1.1" 200 5 "-" "Grafana k6/1.1.0" "-"
app2-1   | 172.20.0.5 -  26/Jul/2025:20:33:44 +0000 "POST /payments" 200
db-1     | 2025-07-26T20:33:44.248018Z 59 [Warning] [MY-013360] [Server] Plugin mysql_native_password reported: ''mysql_native_password' is deprecated and will be removed in a future release. Please use caching_sha2_password instead'
nginx-1  | 172.20.0.1 - - [26/Jul/2025:20:33:44 +0000] "POST /payments HTTP/1.1" 200 5 "-" "Grafana k6/1.1.0" "-"
app1-1   | 172.20.0.5 -  26/Jul/2025:20:33:44 +0000 "POST /payments" 200
db-1     | 2025-07-26T20:33:44.312279Z 60 [Warning] [MY-013360] [Server] Plugin mysql_native_password reported: ''mysql_native_password' is deprecated and will be removed in a future release. Please use caching_sha2_password instead'
nginx-1  | 172.20.0.1 - - [26/Jul/2025:20:33:44 +0000] "POST /payments HTTP/1.1" 200 5 "-" "Grafana k6/1.1.0" "-"
app1-1   | 172.20.0.5 -  26/Jul/2025:20:33:44 +0000 "POST /payments" 200
db-1     | 2025-07-26T20:33:44.334689Z 61 [Warning] [MY-013360] [Server] Plugin mysql_native_password reported: ''mysql_native_password' is deprecated and will be removed in a future release. Please use caching_sha2_password instead'
nginx-1  | 172.20.0.1 - - [26/Jul/2025:20:33:44 +0000] "POST /payments HTTP/1.1" 200 5 "-" "Grafana k6/1.1.0" "-"
app2-1   | 172.20.0.5 -  26/Jul/2025:20:33:44 +0000 "POST /payments" 200
db-1     | 2025-07-26T20:33:44.355048Z 62 [Warning] [MY-013360] [Server] Plugin mysql_native_password reported: ''mysql_native_password' is deprecated and will be removed in a future release. Please use caching_sha2_password instead'
nginx-1  | 172.20.0.1 - - [26/Jul/2025:20:33:44 +0000] "POST /payments HTTP/1.1" 200 5 "-" "Grafana k6/1.1.0" "-"
app2-1   | 172.20.0.5 -  26/Jul/2025:20:33:44 +0000 "POST /payments" 200
db-1     | 2025-07-26T20:33:44.421150Z 63 [Warning] [MY-013360] [Server] Plugin mysql_native_password reported: ''mysql_native_password' is deprecated and will be removed in a future release. Please use caching_sha2_password instead'
nginx-1  | 172.20.0.1 - - [26/Jul/2025:20:33:44 +0000] "POST /payments HTTP/1.1" 200 5 "-" "Grafana k6/1.1.0" "-"
app1-1   | 172.20.0.5 -  26/Jul/2025:20:33:44 +0000 "POST /payments" 200
db-1     | 2025-07-26T20:33:44.443245Z 64 [Warning] [MY-013360] [Server] Plugin mysql_native_password reported: ''mysql_native_password' is deprecated and will be removed in a future release. Please use caching_sha2_password instead'
nginx-1  | 172.20.0.1 - - [26/Jul/2025:20:33:44 +0000] "POST /payments HTTP/1.1" 200 5 "-" "Grafana k6/1.1.0" "-"
app2-1   | 172.20.0.5 -  26/Jul/2025:20:33:44 +0000 "POST /payments" 200
db-1     | 2025-07-26T20:33:44.464700Z 65 [Warning] [MY-013360] [Server] Plugin mysql_native_password reported: ''mysql_native_password' is deprecated and will be removed in a future release. Please use caching_sha2_password instead'
nginx-1  | 172.20.0.1 - - [26/Jul/2025:20:33:44 +0000] "POST /payments HTTP/1.1" 200 5 "-" "Grafana k6/1.1.0" "-"
app1-1   | 172.20.0.5 -  26/Jul/2025:20:33:44 +0000 "POST /payments" 200
db-1     | 2025-07-26T20:33:44.530618Z 66 [Warning] [MY-013360] [Server] Plugin mysql_native_password reported: ''mysql_native_password' is deprecated and will be removed in a future release. Please use caching_sha2_password instead'
nginx-1  | 172.20.0.1 - - [26/Jul/2025:20:33:44 +0000] "POST /payments HTTP/1.1" 200 5 "-" "Grafana k6/1.1.0" "-"
app2-1   | 172.20.0.5 -  26/Jul/2025:20:33:44 +0000 "POST /payments" 200
db-1     | 2025-07-26T20:33:44.574402Z 67 [Warning] [MY-013360] [Server] Plugin mysql_native_password reported: ''mysql_native_password' is deprecated and will be removed in a future release. Please use caching_sha2_password instead'
db-1     | 2025-07-26T20:33:44.575239Z 68 [Warning] [MY-013360] [Server] Plugin mysql_native_password reported: ''mysql_native_password' is deprecated and will be removed in a future release. Please use caching_sha2_password instead'
nginx-1  | 172.20.0.1 - - [26/Jul/2025:20:33:44 +0000] "POST /payments HTTP/1.1" 200 5 "-" "Grafana k6/1.1.0" "-"
nginx-1  | 172.20.0.1 - - [26/Jul/2025:20:33:44 +0000] "POST /payments HTTP/1.1" 200 5 "-" "Grafana k6/1.1.0" "-"
app2-1   | 172.20.0.5 -  26/Jul/2025:20:33:44 +0000 "POST /payments" 200
app1-1   | 172.20.0.5 -  26/Jul/2025:20:33:44 +0000 "POST /payments" 200
db-1     | 2025-07-26T20:33:44.639813Z 69 [Warning] [MY-013360] [Server] Plugin mysql_native_password reported: ''mysql_native_password' is deprecated and will be removed in a future release. Please use caching_sha2_password instead'
nginx-1  | 172.20.0.1 - - [26/Jul/2025:20:33:44 +0000] "POST /payments HTTP/1.1" 200 5 "-" "Grafana k6/1.1.0" "-"
app1-1   | 172.20.0.5 -  26/Jul/2025:20:33:44 +0000 "POST /payments" 200
db-1     | 2025-07-26T20:33:44.661657Z 70 [Warning] [MY-013360] [Server] Plugin mysql_native_password reported: ''mysql_native_password' is deprecated and will be removed in a future release. Please use caching_sha2_password instead'
nginx-1  | 172.20.0.1 - - [26/Jul/2025:20:33:44 +0000] "POST /payments HTTP/1.1" 200 5 "-" "Grafana k6/1.1.0" "-"
app2-1   | 172.20.0.5 -  26/Jul/2025:20:33:44 +0000 "POST /payments" 200
db-1     | 2025-07-26T20:33:44.668403Z 71 [Warning] [MY-013360] [Server] Plugin mysql_native_password reported: ''mysql_native_password' is deprecated and will be removed in a future release. Please use caching_sha2_password instead'
nginx-1  | 172.20.0.1 - - [26/Jul/2025:20:33:44 +0000] "POST /payments HTTP/1.1" 200 5 "-" "Grafana k6/1.1.0" "-"
app1-1   | 172.20.0.5 -  26/Jul/2025:20:33:44 +0000 "POST /payments" 200
db-1     | 2025-07-26T20:33:44.682390Z 72 [Warning] [MY-013360] [Server] Plugin mysql_native_password reported: ''mysql_native_password' is deprecated and will be removed in a future release. Please use caching_sha2_password instead'
nginx-1  | 172.20.0.1 - - [26/Jul/2025:20:33:44 +0000] "POST /payments HTTP/1.1" 200 5 "-" "Grafana k6/1.1.0" "-"
app2-1   | 172.20.0.5 -  26/Jul/2025:20:33:44 +0000 "POST /payments" 200
db-1     | 2025-07-26T20:33:44.704598Z 73 [Warning] [MY-013360] [Server] Plugin mysql_native_password reported: ''mysql_native_password' is deprecated and will be removed in a future release. Please use caching_sha2_password instead'
nginx-1  | 172.20.0.1 - - [26/Jul/2025:20:33:44 +0000] "POST /payments HTTP/1.1" 200 5 "-" "Grafana k6/1.1.0" "-"
app1-1   | 172.20.0.5 -  26/Jul/2025:20:33:44 +0000 "POST /payments" 200
db-1     | 2025-07-26T20:33:44.749542Z 74 [Warning] [MY-013360] [Server] Plugin mysql_native_password reported: ''mysql_native_password' is deprecated and will be removed in a future release. Please use caching_sha2_password instead'
nginx-1  | 172.20.0.1 - - [26/Jul/2025:20:33:44 +0000] "POST /payments HTTP/1.1" 200 5 "-" "Grafana k6/1.1.0" "-"
app2-1   | 172.20.0.5 -  26/Jul/2025:20:33:44 +0000 "POST /payments" 200
db-1     | 2025-07-26T20:33:44.770182Z 75 [Warning] [MY-013360] [Server] Plugin mysql_native_password reported: ''mysql_native_password' is deprecated and will be removed in a future release. Please use caching_sha2_password instead'
nginx-1  | 172.20.0.1 - - [26/Jul/2025:20:33:44 +0000] "POST /payments HTTP/1.1" 200 5 "-" "Grafana k6/1.1.0" "-"
app1-1   | 172.20.0.5 -  26/Jul/2025:20:33:44 +0000 "POST /payments" 200
db-1     | 2025-07-26T20:33:44.793818Z 76 [Warning] [MY-013360] [Server] Plugin mysql_native_password reported: ''mysql_native_password' is deprecated and will be removed in a future release. Please use caching_sha2_password instead'
nginx-1  | 172.20.0.1 - - [26/Jul/2025:20:33:44 +0000] "POST /payments HTTP/1.1" 200 5 "-" "Grafana k6/1.1.0" "-"
app2-1   | 172.20.0.5 -  26/Jul/2025:20:33:44 +0000 "POST /payments" 200
db-1     | 2025-07-26T20:33:44.814053Z 77 [Warning] [MY-013360] [Server] Plugin mysql_native_password reported: ''mysql_native_password' is deprecated and will be removed in a future release. Please use caching_sha2_password instead'
nginx-1  | 172.20.0.1 - - [26/Jul/2025:20:33:44 +0000] "POST /payments HTTP/1.1" 200 5 "-" "Grafana k6/1.1.0" "-"
app2-1   | 172.20.0.5 -  26/Jul/2025:20:33:44 +0000 "POST /payments" 200
db-1     | 2025-07-26T20:33:44.858567Z 78 [Warning] [MY-013360] [Server] Plugin mysql_native_password reported: ''mysql_native_password' is deprecated and will be removed in a future release. Please use caching_sha2_password instead'
nginx-1  | 172.20.0.1 - - [26/Jul/2025:20:33:44 +0000] "POST /payments HTTP/1.1" 200 5 "-" "Grafana k6/1.1.0" "-"
app1-1   | 172.20.0.5 -  26/Jul/2025:20:33:44 +0000 "POST /payments" 200
db-1     | 2025-07-26T20:33:44.879253Z 79 [Warning] [MY-013360] [Server] Plugin mysql_native_password reported: ''mysql_native_password' is deprecated and will be removed in a future release. Please use caching_sha2_password instead'
nginx-1  | 172.20.0.1 - - [26/Jul/2025:20:33:44 +0000] "POST /payments HTTP/1.1" 200 5 "-" "Grafana k6/1.1.0" "-"
app1-1   | 172.20.0.5 -  26/Jul/2025:20:33:44 +0000 "POST /payments" 200
db-1     | 2025-07-26T20:33:44.901900Z 80 [Warning] [MY-013360] [Server] Plugin mysql_native_password reported: ''mysql_native_password' is deprecated and will be removed in a future release. Please use caching_sha2_password instead'
nginx-1  | 172.20.0.1 - - [26/Jul/2025:20:33:44 +0000] "POST /payments HTTP/1.1" 200 5 "-" "Grafana k6/1.1.0" "-"
app2-1   | 172.20.0.5 -  26/Jul/2025:20:33:44 +0000 "POST /payments" 200
db-1     | 2025-07-26T20:33:44.923094Z 81 [Warning] [MY-013360] [Server] Plugin mysql_native_password reported: ''mysql_native_password' is deprecated and will be removed in a future release. Please use caching_sha2_password instead'
nginx-1  | 172.20.0.1 - - [26/Jul/2025:20:33:44 +0000] "POST /payments HTTP/1.1" 200 5 "-" "Grafana k6/1.1.0" "-"
app1-1   | 172.20.0.5 -  26/Jul/2025:20:33:44 +0000 "POST /payments" 200
db-1     | 2025-07-26T20:33:44.967843Z 82 [Warning] [MY-013360] [Server] Plugin mysql_native_password reported: ''mysql_native_password' is deprecated and will be removed in a future release. Please use caching_sha2_password instead'
nginx-1  | 172.20.0.1 - - [26/Jul/2025:20:33:44 +0000] "POST /payments HTTP/1.1" 200 5 "-" "Grafana k6/1.1.0" "-"
app2-1   | 172.20.0.5 -  26/Jul/2025:20:33:44 +0000 "POST /payments" 200
db-1     | 2025-07-26T20:33:44.988964Z 83 [Warning] [MY-013360] [Server] Plugin mysql_native_password reported: ''mysql_native_password' is deprecated and will be removed in a future release. Please use caching_sha2_password instead'
nginx-1  | 172.20.0.1 - - [26/Jul/2025:20:33:44 +0000] "POST /payments HTTP/1.1" 200 5 "-" "Grafana k6/1.1.0" "-"
app1-1   | 172.20.0.5 -  26/Jul/2025:20:33:44 +0000 "POST /payments" 200
db-1     | 2025-07-26T20:33:45.017918Z 84 [Warning] [MY-013360] [Server] Plugin mysql_native_password reported: ''mysql_native_password' is deprecated and will be removed in a future release. Please use caching_sha2_password instead'
nginx-1  | 172.20.0.1 - - [26/Jul/2025:20:33:45 +0000] "POST /payments HTTP/1.1" 200 5 "-" "Grafana k6/1.1.0" "-"
app2-1   | 172.20.0.5 -  26/Jul/2025:20:33:45 +0000 "POST /payments" 200
db-1     | 2025-07-26T20:33:45.032327Z 85 [Warning] [MY-013360] [Server] Plugin mysql_native_password reported: ''mysql_native_password' is deprecated and will be removed in a future release. Please use caching_sha2_password instead'
nginx-1  | 172.20.0.1 - - [26/Jul/2025:20:33:45 +0000] "POST /payments HTTP/1.1" 200 5 "-" "Grafana k6/1.1.0" "-"
app2-1   | 172.20.0.5 -  26/Jul/2025:20:33:45 +0000 "POST /payments" 200
db-1     | 2025-07-26T20:33:45.077657Z 86 [Warning] [MY-013360] [Server] Plugin mysql_native_password reported: ''mysql_native_password' is deprecated and will be removed in a future release. Please use caching_sha2_password instead'
nginx-1  | 172.20.0.1 - - [26/Jul/2025:20:33:45 +0000] "POST /payments HTTP/1.1" 200 5 "-" "Grafana k6/1.1.0" "-"
app1-1   | 172.20.0.5 -  26/Jul/2025:20:33:45 +0000 "POST /payments" 200
db-1     | 2025-07-26T20:33:45.098885Z 87 [Warning] [MY-013360] [Server] Plugin mysql_native_password reported: ''mysql_native_password' is deprecated and will be removed in a future release. Please use caching_sha2_password instead'
nginx-1  | 172.20.0.1 - - [26/Jul/2025:20:33:45 +0000] "POST /payments HTTP/1.1" 200 5 "-" "Grafana k6/1.1.0" "-"
app1-1   | 172.20.0.5 -  26/Jul/2025:20:33:45 +0000 "POST /payments" 200
db-1     | 2025-07-26T20:33:45.119803Z 88 [Warning] [MY-013360] [Server] Plugin mysql_native_password reported: ''mysql_native_password' is deprecated and will be removed in a future release. Please use caching_sha2_password instead'
nginx-1  | 172.20.0.1 - - [26/Jul/2025:20:33:45 +0000] "POST /payments HTTP/1.1" 200 5 "-" "Grafana k6/1.1.0" "-"
app2-1   | 172.20.0.5 -  26/Jul/2025:20:33:45 +0000 "POST /payments" 200
db-1     | 2025-07-26T20:33:45.140672Z 89 [Warning] [MY-013360] [Server] Plugin mysql_native_password reported: ''mysql_native_password' is deprecated and will be removed in a future release. Please use caching_sha2_password instead'
nginx-1  | 172.20.0.1 - - [26/Jul/2025:20:33:45 +0000] "POST /payments HTTP/1.1" 200 5 "-" "Grafana k6/1.1.0" "-"
app1-1   | 172.20.0.5 -  26/Jul/2025:20:33:45 +0000 "POST /payments" 200
db-1     | 2025-07-26T20:33:45.186554Z 90 [Warning] [MY-013360] [Server] Plugin mysql_native_password reported: ''mysql_native_password' is deprecated and will be removed in a future release. Please use caching_sha2_password instead'
nginx-1  | 172.20.0.1 - - [26/Jul/2025:20:33:45 +0000] "POST /payments HTTP/1.1" 200 5 "-" "Grafana k6/1.1.0" "-"
app2-1   | 172.20.0.5 -  26/Jul/2025:20:33:45 +0000 "POST /payments" 200
db-1     | 2025-07-26T20:33:45.208021Z 91 [Warning] [MY-013360] [Server] Plugin mysql_native_password reported: ''mysql_native_password' is deprecated and will be removed in a future release. Please use caching_sha2_password instead'
nginx-1  | 172.20.0.1 - - [26/Jul/2025:20:33:45 +0000] "POST /payments HTTP/1.1" 200 5 "-" "Grafana k6/1.1.0" "-"
app1-1   | 172.20.0.5 -  26/Jul/2025:20:33:45 +0000 "POST /payments" 200
db-1     | 2025-07-26T20:33:45.228587Z 92 [Warning] [MY-013360] [Server] Plugin mysql_native_password reported: ''mysql_native_password' is deprecated and will be removed in a future release. Please use caching_sha2_password instead'
nginx-1  | 172.20.0.1 - - [26/Jul/2025:20:33:45 +0000] "POST /payments HTTP/1.1" 200 5 "-" "Grafana k6/1.1.0" "-"
app2-1   | 172.20.0.5 -  26/Jul/2025:20:33:45 +0000 "POST /payments" 200
db-1     | 2025-07-26T20:33:45.252585Z 93 [Warning] [MY-013360] [Server] Plugin mysql_native_password reported: ''mysql_native_password' is deprecated and will be removed in a future release. Please use caching_sha2_password instead'
nginx-1  | 172.20.0.1 - - [26/Jul/2025:20:33:45 +0000] "POST /payments HTTP/1.1" 200 5 "-" "Grafana k6/1.1.0" "-"
app2-1   | 172.20.0.5 -  26/Jul/2025:20:33:45 +0000 "POST /payments" 200
db-1     | 2025-07-26T20:33:45.295282Z 94 [Warning] [MY-013360] [Server] Plugin mysql_native_password reported: ''mysql_native_password' is deprecated and will be removed in a future release. Please use caching_sha2_password instead'
