
 Network joao-bittencourt-php_rinha  Creating
 Network joao-bittencourt-php_rinha  Created
 Container joao-bittencourt-php-app2-1  Creating
 Container joao-bittencourt-php-db-1  Creating
 Container joao-bittencourt-php-app1-1  Creating
 Container joao-bittencourt-php-app2-1  Created
 Container joao-bittencourt-php-app1-1  Created
 Container joao-bittencourt-php-nginx-1  Creating
 Container joao-bittencourt-php-db-1  Created
 Container joao-bittencourt-php-nginx-1  Created
Attaching to app1-1, app2-1, db-1, nginx-1
db-1     | 2025-07-21 02:24:48+00:00 [Note] [Entrypoint]: Entrypoint script for MySQL Server 8.0.36-1.el8 started.
db-1     | 2025-07-21 02:24:49+00:00 [Note] [Entrypoint]: Switching to dedicated user 'mysql'
db-1     | 2025-07-21 02:24:49+00:00 [Note] [Entrypoint]: Entrypoint script for MySQL Server 8.0.36-1.el8 started.
app2-1   | [21-Jul-2025 02:24:49] NOTICE: fpm is running, pid 1
app2-1   | [21-Jul-2025 02:24:49] NOTICE: ready to handle connections
app1-1   | [21-Jul-2025 02:24:49] NOTICE: fpm is running, pid 1
app1-1   | [21-Jul-2025 02:24:49] NOTICE: ready to handle connections
db-1     | 2025-07-21 02:24:49+00:00 [Note] [Entrypoint]: Initializing database files
db-1     | 2025-07-21T02:24:49.324248Z 0 [Warning] [MY-011068] [Server] The syntax '--skip-host-cache' is deprecated and will be removed in a future release. Please use SET GLOBAL host_cache_size=0 instead.
db-1     | 2025-07-21T02:24:49.324343Z 0 [Warning] [MY-010918] [Server] 'default_authentication_plugin' is deprecated and will be removed in a future release. Please use authentication_policy instead.
db-1     | 2025-07-21T02:24:49.324367Z 0 [System] [MY-013169] [Server] /usr/sbin/mysqld (mysqld 8.0.36) initializing of server in progress as process 81
db-1     | 2025-07-21T02:24:49.351435Z 0 [Warning] [MY-013907] [InnoDB] Deprecated configuration parameters innodb_log_file_size and/or innodb_log_files_in_group have been used to compute innodb_redo_log_capacity=67108864. Please use innodb_redo_log_capacity instead.
db-1     | 2025-07-21T02:24:49.353465Z 1 [System] [MY-013576] [InnoDB] InnoDB initialization has started.
nginx-1  | /docker-entrypoint.sh: /docker-entrypoint.d/ is not empty, will attempt to perform configuration
nginx-1  | /docker-entrypoint.sh: Looking for shell scripts in /docker-entrypoint.d/
nginx-1  | /docker-entrypoint.sh: Launching /docker-entrypoint.d/10-listen-on-ipv6-by-default.sh
nginx-1  | 10-listen-on-ipv6-by-default.sh: info: Getting the checksum of /etc/nginx/conf.d/default.conf
nginx-1  | 10-listen-on-ipv6-by-default.sh: info: /etc/nginx/conf.d/default.conf differs from the packaged version
nginx-1  | /docker-entrypoint.sh: Sourcing /docker-entrypoint.d/15-local-resolvers.envsh
nginx-1  | /docker-entrypoint.sh: Launching /docker-entrypoint.d/20-envsubst-on-templates.sh
nginx-1  | /docker-entrypoint.sh: Launching /docker-entrypoint.d/30-tune-worker-processes.sh
nginx-1  | /docker-entrypoint.sh: Configuration complete; ready for start up
nginx-1  | 2025/07/21 02:24:49 [notice] 1#1: using the "epoll" event method
nginx-1  | 2025/07/21 02:24:49 [notice] 1#1: nginx/1.29.0
nginx-1  | 2025/07/21 02:24:49 [notice] 1#1: built by gcc 14.2.0 (Alpine 14.2.0) 
nginx-1  | 2025/07/21 02:24:49 [notice] 1#1: OS: Linux 6.1.0-37-amd64
nginx-1  | 2025/07/21 02:24:49 [notice] 1#1: getrlimit(RLIMIT_NOFILE): 1048576:1048576
nginx-1  | 2025/07/21 02:24:49 [notice] 1#1: start worker processes
nginx-1  | 2025/07/21 02:24:49 [notice] 1#1: start worker process 29
nginx-1  | 2025/07/21 02:24:49 [notice] 1#1: start worker process 30
nginx-1  | 2025/07/21 02:24:49 [notice] 1#1: start worker process 31
nginx-1  | 2025/07/21 02:24:49 [notice] 1#1: start worker process 32
app1-1   | 172.20.0.5 -  21/Jul/2025:02:24:51 +0000 "GET /index.php" 500
nginx-1  | 172.20.0.1 - - [21/Jul/2025:02:24:51 +0000] "GET /payments-summary HTTP/1.1" 500 320 "-" "curl/7.88.1" "-"
db-1     | 2025-07-21T02:24:52.178029Z 1 [System] [MY-013577] [InnoDB] InnoDB initialization has ended.
db-1     | 2025-07-21T02:24:55.851615Z 6 [Warning] [MY-010453] [Server] root@localhost is created with an empty password ! Please consider switching off the --initialize-insecure option.
db-1     | 2025-07-21T02:24:56.264142Z 6 [Warning] [MY-013360] [Server] Plugin mysql_native_password reported: ''mysql_native_password' is deprecated and will be removed in a future release. Please use caching_sha2_password instead'
app1-1   | 172.20.0.5 -  21/Jul/2025:02:24:56 +0000 "GET /index.php" 500
nginx-1  | 172.20.0.1 - - [21/Jul/2025:02:24:56 +0000] "GET /payments-summary HTTP/1.1" 500 320 "-" "curl/7.88.1" "-"
app1-1   | 172.20.0.5 -  21/Jul/2025:02:25:01 +0000 "GET /index.php" 500
nginx-1  | 172.20.0.1 - - [21/Jul/2025:02:25:01 +0000] "GET /payments-summary HTTP/1.1" 500 320 "-" "curl/7.88.1" "-"
db-1     | 2025-07-21 02:25:06+00:00 [Note] [Entrypoint]: Database files initialized
db-1     | 2025-07-21 02:25:06+00:00 [Note] [Entrypoint]: Starting temporary server
db-1     | 2025-07-21T02:25:06.418641Z 0 [Warning] [MY-011068] [Server] The syntax '--skip-host-cache' is deprecated and will be removed in a future release. Please use SET GLOBAL host_cache_size=0 instead.
db-1     | 2025-07-21T02:25:06.420801Z 0 [Warning] [MY-010918] [Server] 'default_authentication_plugin' is deprecated and will be removed in a future release. Please use authentication_policy instead.
db-1     | 2025-07-21T02:25:06.420825Z 0 [System] [MY-010116] [Server] /usr/sbin/mysqld (mysqld 8.0.36) starting as process 137
db-1     | 2025-07-21T02:25:06.433719Z 0 [Warning] [MY-013907] [InnoDB] Deprecated configuration parameters innodb_log_file_size and/or innodb_log_files_in_group have been used to compute innodb_redo_log_capacity=67108864. Please use innodb_redo_log_capacity instead.
db-1     | 2025-07-21T02:25:06.436406Z 1 [System] [MY-013576] [InnoDB] InnoDB initialization has started.
app1-1   | 172.20.0.5 -  21/Jul/2025:02:25:06 +0000 "GET /index.php" 500
nginx-1  | 172.20.0.1 - - [21/Jul/2025:02:25:06 +0000] "GET /payments-summary HTTP/1.1" 500 320 "-" "curl/7.88.1" "-"
db-1     | 2025-07-21T02:25:07.849407Z 1 [System] [MY-013577] [InnoDB] InnoDB initialization has ended.
db-1     | 2025-07-21T02:25:08.340851Z 0 [Warning] [MY-010068] [Server] CA certificate ca.pem is self signed.
db-1     | 2025-07-21T02:25:08.340912Z 0 [System] [MY-013602] [Server] Channel mysql_main configured to support TLS. Encrypted connections are now supported for this channel.
db-1     | 2025-07-21T02:25:08.347258Z 0 [Warning] [MY-011810] [Server] Insecure configuration for --pid-file: Location '/var/run/mysqld' in the path is accessible to all OS users. Consider choosing a different directory.
db-1     | 2025-07-21T02:25:08.370457Z 0 [System] [MY-011323] [Server] X Plugin ready for connections. Socket: /var/run/mysqld/mysqlx.sock
db-1     | 2025-07-21T02:25:08.370539Z 0 [System] [MY-010931] [Server] /usr/sbin/mysqld: ready for connections. Version: '8.0.36'  socket: '/var/run/mysqld/mysqld.sock'  port: 0  MySQL Community Server - GPL.
db-1     | 2025-07-21 02:25:08+00:00 [Note] [Entrypoint]: Temporary server started.
db-1     | '/var/lib/mysql/mysql.sock' -> '/var/run/mysqld/mysqld.sock'
db-1     | 2025-07-21T02:25:08.509892Z 8 [Warning] [MY-013360] [Server] Plugin mysql_native_password reported: ''mysql_native_password' is deprecated and will be removed in a future release. Please use caching_sha2_password instead'
db-1     | 2025-07-21T02:25:08.935183Z 9 [Warning] [MY-013360] [Server] Plugin mysql_native_password reported: ''mysql_native_password' is deprecated and will be removed in a future release. Please use caching_sha2_password instead'
db-1     | Warning: Unable to load '/usr/share/zoneinfo/iso3166.tab' as time zone. Skipping it.
db-1     | Warning: Unable to load '/usr/share/zoneinfo/leap-seconds.list' as time zone. Skipping it.
db-1     | Warning: Unable to load '/usr/share/zoneinfo/leapseconds' as time zone. Skipping it.
db-1     | Warning: Unable to load '/usr/share/zoneinfo/tzdata.zi' as time zone. Skipping it.
db-1     | Warning: Unable to load '/usr/share/zoneinfo/zone.tab' as time zone. Skipping it.
db-1     | Warning: Unable to load '/usr/share/zoneinfo/zone1970.tab' as time zone. Skipping it.
db-1     | 2025-07-21T02:25:10.941972Z 10 [Warning] [MY-013360] [Server] Plugin mysql_native_password reported: ''mysql_native_password' is deprecated and will be removed in a future release. Please use caching_sha2_password instead'
db-1     | 2025-07-21T02:25:10.946956Z 10 [Warning] [MY-013360] [Server] Plugin mysql_native_password reported: ''mysql_native_password' is deprecated and will be removed in a future release. Please use caching_sha2_password instead'
db-1     | 2025-07-21T02:25:10.961749Z 10 [Warning] [MY-013360] [Server] Plugin mysql_native_password reported: ''mysql_native_password' is deprecated and will be removed in a future release. Please use caching_sha2_password instead'
db-1     | 2025-07-21 02:25:10+00:00 [Note] [Entrypoint]: Creating database rinha
db-1     | 2025-07-21T02:25:10.983895Z 11 [Warning] [MY-013360] [Server] Plugin mysql_native_password reported: ''mysql_native_password' is deprecated and will be removed in a future release. Please use caching_sha2_password instead'
db-1     | 2025-07-21 02:25:11+00:00 [Note] [Entrypoint]: Creating user username
db-1     | 2025-07-21T02:25:11.022751Z 12 [Warning] [MY-013360] [Server] Plugin mysql_native_password reported: ''mysql_native_password' is deprecated and will be removed in a future release. Please use caching_sha2_password instead'
db-1     | 2025-07-21T02:25:11.030941Z 12 [Warning] [MY-013360] [Server] Plugin mysql_native_password reported: ''mysql_native_password' is deprecated and will be removed in a future release. Please use caching_sha2_password instead'
db-1     | 2025-07-21 02:25:11+00:00 [Note] [Entrypoint]: Giving user username access to schema rinha
db-1     | 2025-07-21T02:25:11.041943Z 13 [Warning] [MY-013360] [Server] Plugin mysql_native_password reported: ''mysql_native_password' is deprecated and will be removed in a future release. Please use caching_sha2_password instead'
db-1     | 
db-1     | 2025-07-21 02:25:11+00:00 [Note] [Entrypoint]: /usr/local/bin/docker-entrypoint.sh: running /docker-entrypoint-initdb.d/init.sql
db-1     | 2025-07-21T02:25:11.063137Z 14 [Warning] [MY-013360] [Server] Plugin mysql_native_password reported: ''mysql_native_password' is deprecated and will be removed in a future release. Please use caching_sha2_password instead'
db-1     | 
db-1     | 
db-1     | 2025-07-21 02:25:11+00:00 [Note] [Entrypoint]: Stopping temporary server
db-1     | 2025-07-21T02:25:11.562050Z 15 [Warning] [MY-013360] [Server] Plugin mysql_native_password reported: ''mysql_native_password' is deprecated and will be removed in a future release. Please use caching_sha2_password instead'
db-1     | 2025-07-21T02:25:11.609229Z 15 [System] [MY-013172] [Server] Received SHUTDOWN from user root. Shutting down mysqld (Version: 8.0.36).
app2-1   | 172.20.0.5 -  21/Jul/2025:02:25:11 +0000 "GET /index.php" 500
nginx-1  | 172.20.0.1 - - [21/Jul/2025:02:25:11 +0000] "GET /payments-summary HTTP/1.1" 500 320 "-" "curl/7.88.1" "-"
db-1     | 2025-07-21T02:25:15.208754Z 0 [System] [MY-010910] [Server] /usr/sbin/mysqld: Shutdown complete (mysqld 8.0.36)  MySQL Community Server - GPL.
db-1     | 2025-07-21 02:25:15+00:00 [Note] [Entrypoint]: Temporary server stopped
db-1     | 
db-1     | 2025-07-21 02:25:15+00:00 [Note] [Entrypoint]: MySQL init process done. Ready for start up.
db-1     | 
db-1     | 2025-07-21T02:25:15.885230Z 0 [Warning] [MY-011068] [Server] The syntax '--skip-host-cache' is deprecated and will be removed in a future release. Please use SET GLOBAL host_cache_size=0 instead.
db-1     | 2025-07-21T02:25:15.887186Z 0 [Warning] [MY-010918] [Server] 'default_authentication_plugin' is deprecated and will be removed in a future release. Please use authentication_policy instead.
db-1     | 2025-07-21T02:25:15.887210Z 0 [System] [MY-010116] [Server] /usr/sbin/mysqld (mysqld 8.0.36) starting as process 1
db-1     | 2025-07-21T02:25:15.892857Z 0 [Warning] [MY-013907] [InnoDB] Deprecated configuration parameters innodb_log_file_size and/or innodb_log_files_in_group have been used to compute innodb_redo_log_capacity=67108864. Please use innodb_redo_log_capacity instead.
db-1     | 2025-07-21T02:25:15.894467Z 1 [System] [MY-013576] [InnoDB] InnoDB initialization has started.
app1-1   | 172.20.0.5 -  21/Jul/2025:02:25:16 +0000 "GET /index.php" 500
nginx-1  | 172.20.0.1 - - [21/Jul/2025:02:25:16 +0000] "GET /payments-summary HTTP/1.1" 500 320 "-" "curl/7.88.1" "-"
db-1     | 2025-07-21T02:25:16.952053Z 1 [System] [MY-013577] [InnoDB] InnoDB initialization has ended.
db-1     | 2025-07-21T02:25:17.492016Z 0 [Warning] [MY-010068] [Server] CA certificate ca.pem is self signed.
db-1     | 2025-07-21T02:25:17.492072Z 0 [System] [MY-013602] [Server] Channel mysql_main configured to support TLS. Encrypted connections are now supported for this channel.
db-1     | 2025-07-21T02:25:17.497925Z 0 [Warning] [MY-011810] [Server] Insecure configuration for --pid-file: Location '/var/run/mysqld' in the path is accessible to all OS users. Consider choosing a different directory.
db-1     | 2025-07-21T02:25:17.520923Z 0 [System] [MY-010931] [Server] /usr/sbin/mysqld: ready for connections. Version: '8.0.36'  socket: '/var/run/mysqld/mysqld.sock'  port: 3306  MySQL Community Server - GPL.
db-1     | 2025-07-21T02:25:17.520926Z 0 [System] [MY-011323] [Server] X Plugin ready for connections. Bind-address: '::' port: 33060, socket: /var/run/mysqld/mysqlx.sock
db-1     | 2025-07-21T02:25:19.098049Z 8 [Warning] [MY-013360] [Server] Plugin mysql_native_password reported: ''mysql_native_password' is deprecated and will be removed in a future release. Please use caching_sha2_password instead'
db-1     | 2025-07-21T02:25:21.910986Z 9 [Warning] [MY-013360] [Server] Plugin mysql_native_password reported: ''mysql_native_password' is deprecated and will be removed in a future release. Please use caching_sha2_password instead'
app2-1   | 172.20.0.5 -  21/Jul/2025:02:25:21 +0000 "GET /index.php" 200
nginx-1  | 172.20.0.1 - - [21/Jul/2025:02:25:21 +0000] "GET /payments-summary HTTP/1.1" 200 105 "-" "curl/7.88.1" "-"
db-1     | 2025-07-21T02:25:28.149231Z 10 [Warning] [MY-013360] [Server] Plugin mysql_native_password reported: ''mysql_native_password' is deprecated and will be removed in a future release. Please use caching_sha2_password instead'
app1-1   | 172.20.0.5 -  21/Jul/2025:02:25:28 +0000 "POST /index.php" 200
nginx-1  | 172.20.0.1 - - [21/Jul/2025:02:25:28 +0000] "POST /purge-payments HTTP/1.1" 200 356 "-" "Grafana k6/1.1.0" "-"
db-1     | 2025-07-21T02:25:28.171202Z 11 [Warning] [MY-013360] [Server] Plugin mysql_native_password reported: ''mysql_native_password' is deprecated and will be removed in a future release. Please use caching_sha2_password instead'
db-1     | 2025-07-21T02:25:28.171628Z 12 [Warning] [MY-013360] [Server] Plugin mysql_native_password reported: ''mysql_native_password' is deprecated and will be removed in a future release. Please use caching_sha2_password instead'
app2-1   | 172.20.0.5 -  21/Jul/2025:02:25:28 +0000 "POST /index.php" 200
nginx-1  | 172.20.0.1 - - [21/Jul/2025:02:25:28 +0000] "POST /payments HTTP/1.1" 200 5 "-" "Grafana k6/1.1.0" "-"
app2-1   | 172.20.0.5 -  21/Jul/2025:02:25:28 +0000 "GET /index.php" 200
nginx-1  | 172.20.0.1 - - [21/Jul/2025:02:25:28 +0000] "GET /payments-summary?from=2025-07-21T02:25:18.168Z&to=2025-07-21T02:25:28.068Z HTTP/1.1" 200 105 "-" "Grafana k6/1.1.0" "-"
db-1     | 2025-07-21T02:25:28.279144Z 13 [Warning] [MY-013360] [Server] Plugin mysql_native_password reported: ''mysql_native_password' is deprecated and will be removed in a future release. Please use caching_sha2_password instead'
app1-1   | 172.20.0.5 -  21/Jul/2025:02:25:28 +0000 "POST /index.php" 200
nginx-1  | 172.20.0.1 - - [21/Jul/2025:02:25:28 +0000] "POST /payments HTTP/1.1" 200 5 "-" "Grafana k6/1.1.0" "-"
db-1     | 2025-07-21T02:25:28.387711Z 14 [Warning] [MY-013360] [Server] Plugin mysql_native_password reported: ''mysql_native_password' is deprecated and will be removed in a future release. Please use caching_sha2_password instead'
app2-1   | 172.20.0.5 -  21/Jul/2025:02:25:28 +0000 "POST /index.php" 200
nginx-1  | 172.20.0.1 - - [21/Jul/2025:02:25:28 +0000] "POST /payments HTTP/1.1" 200 5 "-" "Grafana k6/1.1.0" "-"
db-1     | 2025-07-21T02:25:28.496351Z 15 [Warning] [MY-013360] [Server] Plugin mysql_native_password reported: ''mysql_native_password' is deprecated and will be removed in a future release. Please use caching_sha2_password instead'
nginx-1  | 172.20.0.1 - - [21/Jul/2025:02:25:28 +0000] "POST /payments HTTP/1.1" 200 5 "-" "Grafana k6/1.1.0" "-"
app1-1   | 172.20.0.5 -  21/Jul/2025:02:25:28 +0000 "POST /index.php" 200
db-1     | 2025-07-21T02:25:28.606530Z 16 [Warning] [MY-013360] [Server] Plugin mysql_native_password reported: ''mysql_native_password' is deprecated and will be removed in a future release. Please use caching_sha2_password instead'
app2-1   | 172.20.0.5 -  21/Jul/2025:02:25:28 +0000 "POST /index.php" 200
nginx-1  | 172.20.0.1 - - [21/Jul/2025:02:25:28 +0000] "POST /payments HTTP/1.1" 200 5 "-" "Grafana k6/1.1.0" "-"
db-1     | 2025-07-21T02:25:28.715115Z 17 [Warning] [MY-013360] [Server] Plugin mysql_native_password reported: ''mysql_native_password' is deprecated and will be removed in a future release. Please use caching_sha2_password instead'
app1-1   | 172.20.0.5 -  21/Jul/2025:02:25:28 +0000 "POST /index.php" 200
nginx-1  | 172.20.0.1 - - [21/Jul/2025:02:25:28 +0000] "POST /payments HTTP/1.1" 200 5 "-" "Grafana k6/1.1.0" "-"
db-1     | 2025-07-21T02:25:28.824703Z 18 [Warning] [MY-013360] [Server] Plugin mysql_native_password reported: ''mysql_native_password' is deprecated and will be removed in a future release. Please use caching_sha2_password instead'
app2-1   | 172.20.0.5 -  21/Jul/2025:02:25:28 +0000 "POST /index.php" 200
nginx-1  | 172.20.0.1 - - [21/Jul/2025:02:25:28 +0000] "POST /payments HTTP/1.1" 200 5 "-" "Grafana k6/1.1.0" "-"
db-1     | 2025-07-21T02:25:28.933293Z 19 [Warning] [MY-013360] [Server] Plugin mysql_native_password reported: ''mysql_native_password' is deprecated and will be removed in a future release. Please use caching_sha2_password instead'
app1-1   | 172.20.0.5 -  21/Jul/2025:02:25:28 +0000 "POST /index.php" 200
nginx-1  | 172.20.0.1 - - [21/Jul/2025:02:25:28 +0000] "POST /payments HTTP/1.1" 200 5 "-" "Grafana k6/1.1.0" "-"
db-1     | 2025-07-21T02:25:29.042793Z 20 [Warning] [MY-013360] [Server] Plugin mysql_native_password reported: ''mysql_native_password' is deprecated and will be removed in a future release. Please use caching_sha2_password instead'
app2-1   | 172.20.0.5 -  21/Jul/2025:02:25:29 +0000 "POST /index.php" 200
nginx-1  | 172.20.0.1 - - [21/Jul/2025:02:25:29 +0000] "POST /payments HTTP/1.1" 200 5 "-" "Grafana k6/1.1.0" "-"
db-1     | 2025-07-21T02:25:29.151873Z 21 [Warning] [MY-013360] [Server] Plugin mysql_native_password reported: ''mysql_native_password' is deprecated and will be removed in a future release. Please use caching_sha2_password instead'
app1-1   | 172.20.0.5 -  21/Jul/2025:02:25:29 +0000 "POST /index.php" 200
nginx-1  | 172.20.0.1 - - [21/Jul/2025:02:25:29 +0000] "POST /payments HTTP/1.1" 200 5 "-" "Grafana k6/1.1.0" "-"
db-1     | 2025-07-21T02:25:29.171678Z 22 [Warning] [MY-013360] [Server] Plugin mysql_native_password reported: ''mysql_native_password' is deprecated and will be removed in a future release. Please use caching_sha2_password instead'
db-1     | 2025-07-21T02:25:29.175349Z 23 [Warning] [MY-013360] [Server] Plugin mysql_native_password reported: ''mysql_native_password' is deprecated and will be removed in a future release. Please use caching_sha2_password instead'
app1-1   | 172.20.0.5 -  21/Jul/2025:02:25:29 +0000 "POST /index.php" 200
nginx-1  | 172.20.0.1 - - [21/Jul/2025:02:25:29 +0000] "POST /payments HTTP/1.1" 200 5 "-" "Grafana k6/1.1.0" "-"
db-1     | 2025-07-21T02:25:29.262021Z 24 [Warning] [MY-013360] [Server] Plugin mysql_native_password reported: ''mysql_native_password' is deprecated and will be removed in a future release. Please use caching_sha2_password instead'
app2-1   | 172.20.0.5 -  21/Jul/2025:02:25:29 +0000 "POST /index.php" 200
nginx-1  | 172.20.0.1 - - [21/Jul/2025:02:25:29 +0000] "POST /payments HTTP/1.1" 200 5 "-" "Grafana k6/1.1.0" "-"
db-1     | 2025-07-21T02:25:29.282754Z 25 [Warning] [MY-013360] [Server] Plugin mysql_native_password reported: ''mysql_native_password' is deprecated and will be removed in a future release. Please use caching_sha2_password instead'
app1-1   | 172.20.0.5 -  21/Jul/2025:02:25:29 +0000 "POST /index.php" 200
nginx-1  | 172.20.0.1 - - [21/Jul/2025:02:25:29 +0000] "POST /payments HTTP/1.1" 200 5 "-" "Grafana k6/1.1.0" "-"
db-1     | 2025-07-21T02:25:29.370022Z 26 [Warning] [MY-013360] [Server] Plugin mysql_native_password reported: ''mysql_native_password' is deprecated and will be removed in a future release. Please use caching_sha2_password instead'
app2-1   | 172.20.0.5 -  21/Jul/2025:02:25:29 +0000 "POST /index.php" 200
nginx-1  | 172.20.0.1 - - [21/Jul/2025:02:25:29 +0000] "POST /payments HTTP/1.1" 200 5 "-" "Grafana k6/1.1.0" "-"
db-1     | 2025-07-21T02:25:29.391507Z 27 [Warning] [MY-013360] [Server] Plugin mysql_native_password reported: ''mysql_native_password' is deprecated and will be removed in a future release. Please use caching_sha2_password instead'
app1-1   | 172.20.0.5 -  21/Jul/2025:02:25:29 +0000 "POST /index.php" 200
nginx-1  | 172.20.0.1 - - [21/Jul/2025:02:25:29 +0000] "POST /payments HTTP/1.1" 200 5 "-" "Grafana k6/1.1.0" "-"
db-1     | 2025-07-21T02:25:29.480255Z 28 [Warning] [MY-013360] [Server] Plugin mysql_native_password reported: ''mysql_native_password' is deprecated and will be removed in a future release. Please use caching_sha2_password instead'
app2-1   | 172.20.0.5 -  21/Jul/2025:02:25:29 +0000 "POST /index.php" 200
nginx-1  | 172.20.0.1 - - [21/Jul/2025:02:25:29 +0000] "POST /payments HTTP/1.1" 200 5 "-" "Grafana k6/1.1.0" "-"
db-1     | 2025-07-21T02:25:29.500771Z 29 [Warning] [MY-013360] [Server] Plugin mysql_native_password reported: ''mysql_native_password' is deprecated and will be removed in a future release. Please use caching_sha2_password instead'
app2-1   | 172.20.0.5 -  21/Jul/2025:02:25:29 +0000 "POST /index.php" 200
nginx-1  | 172.20.0.1 - - [21/Jul/2025:02:25:29 +0000] "POST /payments HTTP/1.1" 200 5 "-" "Grafana k6/1.1.0" "-"
db-1     | 2025-07-21T02:25:29.589345Z 30 [Warning] [MY-013360] [Server] Plugin mysql_native_password reported: ''mysql_native_password' is deprecated and will be removed in a future release. Please use caching_sha2_password instead'
app1-1   | 172.20.0.5 -  21/Jul/2025:02:25:29 +0000 "POST /index.php" 200
nginx-1  | 172.20.0.1 - - [21/Jul/2025:02:25:29 +0000] "POST /payments HTTP/1.1" 200 5 "-" "Grafana k6/1.1.0" "-"
db-1     | 2025-07-21T02:25:29.609066Z 31 [Warning] [MY-013360] [Server] Plugin mysql_native_password reported: ''mysql_native_password' is deprecated and will be removed in a future release. Please use caching_sha2_password instead'
app1-1   | 172.20.0.5 -  21/Jul/2025:02:25:29 +0000 "POST /index.php" 200
nginx-1  | 172.20.0.1 - - [21/Jul/2025:02:25:29 +0000] "POST /payments HTTP/1.1" 200 5 "-" "Grafana k6/1.1.0" "-"
db-1     | 2025-07-21T02:25:29.698018Z 32 [Warning] [MY-013360] [Server] Plugin mysql_native_password reported: ''mysql_native_password' is deprecated and will be removed in a future release. Please use caching_sha2_password instead'
app2-1   | 172.20.0.5 -  21/Jul/2025:02:25:29 +0000 "POST /index.php" 200
nginx-1  | 172.20.0.1 - - [21/Jul/2025:02:25:29 +0000] "POST /payments HTTP/1.1" 200 5 "-" "Grafana k6/1.1.0" "-"
db-1     | 2025-07-21T02:25:29.718065Z 33 [Warning] [MY-013360] [Server] Plugin mysql_native_password reported: ''mysql_native_password' is deprecated and will be removed in a future release. Please use caching_sha2_password instead'
app2-1   | 172.20.0.5 -  21/Jul/2025:02:25:29 +0000 "POST /index.php" 200
nginx-1  | 172.20.0.1 - - [21/Jul/2025:02:25:29 +0000] "POST /payments HTTP/1.1" 200 5 "-" "Grafana k6/1.1.0" "-"
db-1     | 2025-07-21T02:25:29.807368Z 34 [Warning] [MY-013360] [Server] Plugin mysql_native_password reported: ''mysql_native_password' is deprecated and will be removed in a future release. Please use caching_sha2_password instead'
app1-1   | 172.20.0.5 -  21/Jul/2025:02:25:29 +0000 "POST /index.php" 200
nginx-1  | 172.20.0.1 - - [21/Jul/2025:02:25:29 +0000] "POST /payments HTTP/1.1" 200 5 "-" "Grafana k6/1.1.0" "-"
db-1     | 2025-07-21T02:25:29.827776Z 35 [Warning] [MY-013360] [Server] Plugin mysql_native_password reported: ''mysql_native_password' is deprecated and will be removed in a future release. Please use caching_sha2_password instead'
app1-1   | 172.20.0.5 -  21/Jul/2025:02:25:29 +0000 "POST /index.php" 200
nginx-1  | 172.20.0.1 - - [21/Jul/2025:02:25:29 +0000] "POST /payments HTTP/1.1" 200 5 "-" "Grafana k6/1.1.0" "-"
db-1     | 2025-07-21T02:25:29.917200Z 36 [Warning] [MY-013360] [Server] Plugin mysql_native_password reported: ''mysql_native_password' is deprecated and will be removed in a future release. Please use caching_sha2_password instead'
app2-1   | 172.20.0.5 -  21/Jul/2025:02:25:29 +0000 "POST /index.php" 200
nginx-1  | 172.20.0.1 - - [21/Jul/2025:02:25:29 +0000] "POST /payments HTTP/1.1" 200 5 "-" "Grafana k6/1.1.0" "-"
db-1     | 2025-07-21T02:25:29.937427Z 37 [Warning] [MY-013360] [Server] Plugin mysql_native_password reported: ''mysql_native_password' is deprecated and will be removed in a future release. Please use caching_sha2_password instead'
app2-1   | 172.20.0.5 -  21/Jul/2025:02:25:29 +0000 "POST /index.php" 200
nginx-1  | 172.20.0.1 - - [21/Jul/2025:02:25:29 +0000] "POST /payments HTTP/1.1" 200 5 "-" "Grafana k6/1.1.0" "-"
db-1     | 2025-07-21T02:25:30.026395Z 38 [Warning] [MY-013360] [Server] Plugin mysql_native_password reported: ''mysql_native_password' is deprecated and will be removed in a future release. Please use caching_sha2_password instead'
app1-1   | 172.20.0.5 -  21/Jul/2025:02:25:30 +0000 "POST /index.php" 200
nginx-1  | 172.20.0.1 - - [21/Jul/2025:02:25:30 +0000] "POST /payments HTTP/1.1" 200 5 "-" "Grafana k6/1.1.0" "-"
db-1     | 2025-07-21T02:25:30.046093Z 39 [Warning] [MY-013360] [Server] Plugin mysql_native_password reported: ''mysql_native_password' is deprecated and will be removed in a future release. Please use caching_sha2_password instead'
app1-1   | 172.20.0.5 -  21/Jul/2025:02:25:30 +0000 "POST /index.php" 200
nginx-1  | 172.20.0.1 - - [21/Jul/2025:02:25:30 +0000] "POST /payments HTTP/1.1" 200 5 "-" "Grafana k6/1.1.0" "-"
db-1     | 2025-07-21T02:25:30.151643Z 40 [Warning] [MY-013360] [Server] Plugin mysql_native_password reported: ''mysql_native_password' is deprecated and will be removed in a future release. Please use caching_sha2_password instead'
app2-1   | 172.20.0.5 -  21/Jul/2025:02:25:30 +0000 "POST /index.php" 200
nginx-1  | 172.20.0.1 - - [21/Jul/2025:02:25:30 +0000] "POST /payments HTTP/1.1" 200 5 "-" "Grafana k6/1.1.0" "-"
db-1     | 2025-07-21T02:25:30.155103Z 41 [Warning] [MY-013360] [Server] Plugin mysql_native_password reported: ''mysql_native_password' is deprecated and will be removed in a future release. Please use caching_sha2_password instead'
app2-1   | 172.20.0.5 -  21/Jul/2025:02:25:30 +0000 "POST /index.php" 200
nginx-1  | 172.20.0.1 - - [21/Jul/2025:02:25:30 +0000] "POST /payments HTTP/1.1" 200 5 "-" "Grafana k6/1.1.0" "-"
db-1     | 2025-07-21T02:25:30.178740Z 42 [Warning] [MY-013360] [Server] Plugin mysql_native_password reported: ''mysql_native_password' is deprecated and will be removed in a future release. Please use caching_sha2_password instead'
app1-1   | 172.20.0.5 -  21/Jul/2025:02:25:30 +0000 "POST /index.php" 200
nginx-1  | 172.20.0.1 - - [21/Jul/2025:02:25:30 +0000] "POST /payments HTTP/1.1" 200 5 "-" "Grafana k6/1.1.0" "-"
db-1     | 2025-07-21T02:25:30.244859Z 43 [Warning] [MY-013360] [Server] Plugin mysql_native_password reported: ''mysql_native_password' is deprecated and will be removed in a future release. Please use caching_sha2_password instead'
app2-1   | 172.20.0.5 -  21/Jul/2025:02:25:30 +0000 "POST /index.php" 200
nginx-1  | 172.20.0.1 - - [21/Jul/2025:02:25:30 +0000] "POST /payments HTTP/1.1" 200 5 "-" "Grafana k6/1.1.0" "-"
db-1     | 2025-07-21T02:25:30.264439Z 44 [Warning] [MY-013360] [Server] Plugin mysql_native_password reported: ''mysql_native_password' is deprecated and will be removed in a future release. Please use caching_sha2_password instead'
app1-1   | 172.20.0.5 -  21/Jul/2025:02:25:30 +0000 "POST /index.php" 200
nginx-1  | 172.20.0.1 - - [21/Jul/2025:02:25:30 +0000] "POST /payments HTTP/1.1" 200 5 "-" "Grafana k6/1.1.0" "-"
db-1     | 2025-07-21T02:25:30.285929Z 45 [Warning] [MY-013360] [Server] Plugin mysql_native_password reported: ''mysql_native_password' is deprecated and will be removed in a future release. Please use caching_sha2_password instead'
app2-1   | 172.20.0.5 -  21/Jul/2025:02:25:30 +0000 "POST /index.php" 200
nginx-1  | 172.20.0.1 - - [21/Jul/2025:02:25:30 +0000] "POST /payments HTTP/1.1" 200 5 "-" "Grafana k6/1.1.0" "-"
db-1     | 2025-07-21T02:25:30.354373Z 46 [Warning] [MY-013360] [Server] Plugin mysql_native_password reported: ''mysql_native_password' is deprecated and will be removed in a future release. Please use caching_sha2_password instead'
app1-1   | 172.20.0.5 -  21/Jul/2025:02:25:30 +0000 "POST /index.php" 200
nginx-1  | 172.20.0.1 - - [21/Jul/2025:02:25:30 +0000] "POST /payments HTTP/1.1" 200 5 "-" "Grafana k6/1.1.0" "-"
db-1     | 2025-07-21T02:25:30.372837Z 47 [Warning] [MY-013360] [Server] Plugin mysql_native_password reported: ''mysql_native_password' is deprecated and will be removed in a future release. Please use caching_sha2_password instead'
app1-1   | 172.20.0.5 -  21/Jul/2025:02:25:30 +0000 "POST /index.php" 200
nginx-1  | 172.20.0.1 - - [21/Jul/2025:02:25:30 +0000] "POST /payments HTTP/1.1" 200 5 "-" "Grafana k6/1.1.0" "-"
db-1     | 2025-07-21T02:25:30.394717Z 48 [Warning] [MY-013360] [Server] Plugin mysql_native_password reported: ''mysql_native_password' is deprecated and will be removed in a future release. Please use caching_sha2_password instead'
app2-1   | 172.20.0.5 -  21/Jul/2025:02:25:30 +0000 "POST /index.php" 200
nginx-1  | 172.20.0.1 - - [21/Jul/2025:02:25:30 +0000] "POST /payments HTTP/1.1" 200 5 "-" "Grafana k6/1.1.0" "-"
db-1     | 2025-07-21T02:25:30.464219Z 49 [Warning] [MY-013360] [Server] Plugin mysql_native_password reported: ''mysql_native_password' is deprecated and will be removed in a future release. Please use caching_sha2_password instead'
app2-1   | 172.20.0.5 -  21/Jul/2025:02:25:30 +0000 "POST /index.php" 200
nginx-1  | 172.20.0.1 - - [21/Jul/2025:02:25:30 +0000] "POST /payments HTTP/1.1" 200 5 "-" "Grafana k6/1.1.0" "-"
db-1     | 2025-07-21T02:25:30.483733Z 50 [Warning] [MY-013360] [Server] Plugin mysql_native_password reported: ''mysql_native_password' is deprecated and will be removed in a future release. Please use caching_sha2_password instead'
app1-1   | 172.20.0.5 -  21/Jul/2025:02:25:30 +0000 "POST /index.php" 200
nginx-1  | 172.20.0.1 - - [21/Jul/2025:02:25:30 +0000] "POST /payments HTTP/1.1" 200 5 "-" "Grafana k6/1.1.0" "-"
db-1     | 2025-07-21T02:25:30.504205Z 51 [Warning] [MY-013360] [Server] Plugin mysql_native_password reported: ''mysql_native_password' is deprecated and will be removed in a future release. Please use caching_sha2_password instead'
app1-1   | 172.20.0.5 -  21/Jul/2025:02:25:30 +0000 "POST /index.php" 200
nginx-1  | 172.20.0.1 - - [21/Jul/2025:02:25:30 +0000] "POST /payments HTTP/1.1" 200 5 "-" "Grafana k6/1.1.0" "-"
db-1     | 2025-07-21T02:25:30.573548Z 52 [Warning] [MY-013360] [Server] Plugin mysql_native_password reported: ''mysql_native_password' is deprecated and will be removed in a future release. Please use caching_sha2_password instead'
app2-1   | 172.20.0.5 -  21/Jul/2025:02:25:30 +0000 "POST /index.php" 200
nginx-1  | 172.20.0.1 - - [21/Jul/2025:02:25:30 +0000] "POST /payments HTTP/1.1" 200 5 "-" "Grafana k6/1.1.0" "-"
db-1     | 2025-07-21T02:25:30.592171Z 53 [Warning] [MY-013360] [Server] Plugin mysql_native_password reported: ''mysql_native_password' is deprecated and will be removed in a future release. Please use caching_sha2_password instead'
app1-1   | 172.20.0.5 -  21/Jul/2025:02:25:30 +0000 "POST /index.php" 200
nginx-1  | 172.20.0.1 - - [21/Jul/2025:02:25:30 +0000] "POST /payments HTTP/1.1" 200 5 "-" "Grafana k6/1.1.0" "-"
db-1     | 2025-07-21T02:25:30.612017Z 54 [Warning] [MY-013360] [Server] Plugin mysql_native_password reported: ''mysql_native_password' is deprecated and will be removed in a future release. Please use caching_sha2_password instead'
app2-1   | 172.20.0.5 -  21/Jul/2025:02:25:30 +0000 "POST /index.php" 200
nginx-1  | 172.20.0.1 - - [21/Jul/2025:02:25:30 +0000] "POST /payments HTTP/1.1" 200 5 "-" "Grafana k6/1.1.0" "-"
db-1     | 2025-07-21T02:25:30.681823Z 55 [Warning] [MY-013360] [Server] Plugin mysql_native_password reported: ''mysql_native_password' is deprecated and will be removed in a future release. Please use caching_sha2_password instead'
app2-1   | 172.20.0.5 -  21/Jul/2025:02:25:30 +0000 "POST /index.php" 200
nginx-1  | 172.20.0.1 - - [21/Jul/2025:02:25:30 +0000] "POST /payments HTTP/1.1" 200 5 "-" "Grafana k6/1.1.0" "-"
db-1     | 2025-07-21T02:25:30.702085Z 56 [Warning] [MY-013360] [Server] Plugin mysql_native_password reported: ''mysql_native_password' is deprecated and will be removed in a future release. Please use caching_sha2_password instead'
app1-1   | 172.20.0.5 -  21/Jul/2025:02:25:30 +0000 "POST /index.php" 200
nginx-1  | 172.20.0.1 - - [21/Jul/2025:02:25:30 +0000] "POST /payments HTTP/1.1" 200 5 "-" "Grafana k6/1.1.0" "-"
db-1     | 2025-07-21T02:25:30.721129Z 57 [Warning] [MY-013360] [Server] Plugin mysql_native_password reported: ''mysql_native_password' is deprecated and will be removed in a future release. Please use caching_sha2_password instead'
app1-1   | 172.20.0.5 -  21/Jul/2025:02:25:30 +0000 "POST /index.php" 200
nginx-1  | 172.20.0.1 - - [21/Jul/2025:02:25:30 +0000] "POST /payments HTTP/1.1" 200 5 "-" "Grafana k6/1.1.0" "-"
db-1     | 2025-07-21T02:25:30.791181Z 58 [Warning] [MY-013360] [Server] Plugin mysql_native_password reported: ''mysql_native_password' is deprecated and will be removed in a future release. Please use caching_sha2_password instead'
app2-1   | 172.20.0.5 -  21/Jul/2025:02:25:30 +0000 "POST /index.php" 200
nginx-1  | 172.20.0.1 - - [21/Jul/2025:02:25:30 +0000] "POST /payments HTTP/1.1" 200 5 "-" "Grafana k6/1.1.0" "-"
db-1     | 2025-07-21T02:25:30.810758Z 59 [Warning] [MY-013360] [Server] Plugin mysql_native_password reported: ''mysql_native_password' is deprecated and will be removed in a future release. Please use caching_sha2_password instead'
app1-1   | 172.20.0.5 -  21/Jul/2025:02:25:30 +0000 "POST /index.php" 200
nginx-1  | 172.20.0.1 - - [21/Jul/2025:02:25:30 +0000] "POST /payments HTTP/1.1" 200 5 "-" "Grafana k6/1.1.0" "-"
db-1     | 2025-07-21T02:25:30.831014Z 60 [Warning] [MY-013360] [Server] Plugin mysql_native_password reported: ''mysql_native_password' is deprecated and will be removed in a future release. Please use caching_sha2_password instead'
app2-1   | 172.20.0.5 -  21/Jul/2025:02:25:30 +0000 "POST /index.php" 200
nginx-1  | 172.20.0.1 - - [21/Jul/2025:02:25:30 +0000] "POST /payments HTTP/1.1" 200 5 "-" "Grafana k6/1.1.0" "-"
db-1     | 2025-07-21T02:25:30.900837Z 61 [Warning] [MY-013360] [Server] Plugin mysql_native_password reported: ''mysql_native_password' is deprecated and will be removed in a future release. Please use caching_sha2_password instead'
app2-1   | 172.20.0.5 -  21/Jul/2025:02:25:30 +0000 "POST /index.php" 200
nginx-1  | 172.20.0.1 - - [21/Jul/2025:02:25:30 +0000] "POST /payments HTTP/1.1" 200 5 "-" "Grafana k6/1.1.0" "-"
db-1     | 2025-07-21T02:25:30.919634Z 62 [Warning] [MY-013360] [Server] Plugin mysql_native_password reported: ''mysql_native_password' is deprecated and will be removed in a future release. Please use caching_sha2_password instead'
app1-1   | 172.20.0.5 -  21/Jul/2025:02:25:30 +0000 "POST /index.php" 200
nginx-1  | 172.20.0.1 - - [21/Jul/2025:02:25:30 +0000] "POST /payments HTTP/1.1" 200 5 "-" "Grafana k6/1.1.0" "-"
db-1     | 2025-07-21T02:25:30.940142Z 63 [Warning] [MY-013360] [Server] Plugin mysql_native_password reported: ''mysql_native_password' is deprecated and will be removed in a future release. Please use caching_sha2_password instead'
app1-1   | 172.20.0.5 -  21/Jul/2025:02:25:30 +0000 "POST /index.php" 200
nginx-1  | 172.20.0.1 - - [21/Jul/2025:02:25:30 +0000] "POST /payments HTTP/1.1" 200 5 "-" "Grafana k6/1.1.0" "-"
db-1     | 2025-07-21T02:25:31.011049Z 64 [Warning] [MY-013360] [Server] Plugin mysql_native_password reported: ''mysql_native_password' is deprecated and will be removed in a future release. Please use caching_sha2_password instead'
app2-1   | 172.20.0.5 -  21/Jul/2025:02:25:31 +0000 "POST /index.php" 200
nginx-1  | 172.20.0.1 - - [21/Jul/2025:02:25:31 +0000] "POST /payments HTTP/1.1" 200 5 "-" "Grafana k6/1.1.0" "-"
db-1     | 2025-07-21T02:25:31.029679Z 65 [Warning] [MY-013360] [Server] Plugin mysql_native_password reported: ''mysql_native_password' is deprecated and will be removed in a future release. Please use caching_sha2_password instead'
app1-1   | 172.20.0.5 -  21/Jul/2025:02:25:31 +0000 "POST /index.php" 200
nginx-1  | 172.20.0.1 - - [21/Jul/2025:02:25:31 +0000] "POST /payments HTTP/1.1" 200 5 "-" "Grafana k6/1.1.0" "-"
db-1     | 2025-07-21T02:25:31.049337Z 66 [Warning] [MY-013360] [Server] Plugin mysql_native_password reported: ''mysql_native_password' is deprecated and will be removed in a future release. Please use caching_sha2_password instead'
app2-1   | 172.20.0.5 -  21/Jul/2025:02:25:31 +0000 "POST /index.php" 200
nginx-1  | 172.20.0.1 - - [21/Jul/2025:02:25:31 +0000] "POST /payments HTTP/1.1" 200 5 "-" "Grafana k6/1.1.0" "-"
db-1     | 2025-07-21T02:25:31.120133Z 67 [Warning] [MY-013360] [Server] Plugin mysql_native_password reported: ''mysql_native_password' is deprecated and will be removed in a future release. Please use caching_sha2_password instead'
app2-1   | 172.20.0.5 -  21/Jul/2025:02:25:31 +0000 "POST /index.php" 200
nginx-1  | 172.20.0.1 - - [21/Jul/2025:02:25:31 +0000] "POST /payments HTTP/1.1" 200 5 "-" "Grafana k6/1.1.0" "-"
db-1     | 2025-07-21T02:25:31.154708Z 68 [Warning] [MY-013360] [Server] Plugin mysql_native_password reported: ''mysql_native_password' is deprecated and will be removed in a future release. Please use caching_sha2_password instead'
app2-1   | 172.20.0.5 -  21/Jul/2025:02:25:31 +0000 "POST /index.php" 200
nginx-1  | 172.20.0.1 - - [21/Jul/2025:02:25:31 +0000] "POST /payments HTTP/1.1" 200 5 "-" "Grafana k6/1.1.0" "-"
db-1     | 2025-07-21T02:25:31.157822Z 69 [Warning] [MY-013360] [Server] Plugin mysql_native_password reported: ''mysql_native_password' is deprecated and will be removed in a future release. Please use caching_sha2_password instead'
app1-1   | 172.20.0.5 -  21/Jul/2025:02:25:31 +0000 "POST /index.php" 200
nginx-1  | 172.20.0.1 - - [21/Jul/2025:02:25:31 +0000] "POST /payments HTTP/1.1" 200 5 "-" "Grafana k6/1.1.0" "-"
db-1     | 2025-07-21T02:25:31.182105Z 70 [Warning] [MY-013360] [Server] Plugin mysql_native_password reported: ''mysql_native_password' is deprecated and will be removed in a future release. Please use caching_sha2_password instead'
app1-1   | 172.20.0.5 -  21/Jul/2025:02:25:31 +0000 "POST /index.php" 200
nginx-1  | 172.20.0.1 - - [21/Jul/2025:02:25:31 +0000] "POST /payments HTTP/1.1" 200 5 "-" "Grafana k6/1.1.0" "-"
db-1     | 2025-07-21T02:25:31.228581Z 71 [Warning] [MY-013360] [Server] Plugin mysql_native_password reported: ''mysql_native_password' is deprecated and will be removed in a future release. Please use caching_sha2_password instead'
app1-1   | 172.20.0.5 -  21/Jul/2025:02:25:31 +0000 "POST /index.php" 200
nginx-1  | 172.20.0.1 - - [21/Jul/2025:02:25:31 +0000] "POST /payments HTTP/1.1" 200 5 "-" "Grafana k6/1.1.0" "-"
db-1     | 2025-07-21T02:25:31.248059Z 72 [Warning] [MY-013360] [Server] Plugin mysql_native_password reported: ''mysql_native_password' is deprecated and will be removed in a future release. Please use caching_sha2_password instead'
app2-1   | 172.20.0.5 -  21/Jul/2025:02:25:31 +0000 "POST /index.php" 200
nginx-1  | 172.20.0.1 - - [21/Jul/2025:02:25:31 +0000] "POST /payments HTTP/1.1" 200 5 "-" "Grafana k6/1.1.0" "-"
db-1     | 2025-07-21T02:25:31.266911Z 73 [Warning] [MY-013360] [Server] Plugin mysql_native_password reported: ''mysql_native_password' is deprecated and will be removed in a future release. Please use caching_sha2_password instead'
app2-1   | 172.20.0.5 -  21/Jul/2025:02:25:31 +0000 "POST /index.php" 200
nginx-1  | 172.20.0.1 - - [21/Jul/2025:02:25:31 +0000] "POST /payments HTTP/1.1" 200 5 "-" "Grafana k6/1.1.0" "-"
db-1     | 2025-07-21T02:25:31.289376Z 74 [Warning] [MY-013360] [Server] Plugin mysql_native_password reported: ''mysql_native_password' is deprecated and will be removed in a future release. Please use caching_sha2_password instead'
app1-1   | 172.20.0.5 -  21/Jul/2025:02:25:31 +0000 "POST /index.php" 200
nginx-1  | 172.20.0.1 - - [21/Jul/2025:02:25:31 +0000] "POST /payments HTTP/1.1" 200 5 "-" "Grafana k6/1.1.0" "-"
db-1     | 2025-07-21T02:25:31.337219Z 75 [Warning] [MY-013360] [Server] Plugin mysql_native_password reported: ''mysql_native_password' is deprecated and will be removed in a future release. Please use caching_sha2_password instead'
app2-1   | 172.20.0.5 -  21/Jul/2025:02:25:31 +0000 "POST /index.php" 200
nginx-1  | 172.20.0.1 - - [21/Jul/2025:02:25:31 +0000] "POST /payments HTTP/1.1" 200 5 "-" "Grafana k6/1.1.0" "-"
db-1     | 2025-07-21T02:25:31.357004Z 76 [Warning] [MY-013360] [Server] Plugin mysql_native_password reported: ''mysql_native_password' is deprecated and will be removed in a future release. Please use caching_sha2_password instead'
app1-1   | 172.20.0.5 -  21/Jul/2025:02:25:31 +0000 "POST /index.php" 200
nginx-1  | 172.20.0.1 - - [21/Jul/2025:02:25:31 +0000] "POST /payments HTTP/1.1" 200 5 "-" "Grafana k6/1.1.0" "-"
db-1     | 2025-07-21T02:25:31.375318Z 77 [Warning] [MY-013360] [Server] Plugin mysql_native_password reported: ''mysql_native_password' is deprecated and will be removed in a future release. Please use caching_sha2_password instead'
app2-1   | 172.20.0.5 -  21/Jul/2025:02:25:31 +0000 "POST /index.php" 200
nginx-1  | 172.20.0.1 - - [21/Jul/2025:02:25:31 +0000] "POST /payments HTTP/1.1" 200 5 "-" "Grafana k6/1.1.0" "-"
db-1     | 2025-07-21T02:25:31.397849Z 78 [Warning] [MY-013360] [Server] Plugin mysql_native_password reported: ''mysql_native_password' is deprecated and will be removed in a future release. Please use caching_sha2_password instead'
app1-1   | 172.20.0.5 -  21/Jul/2025:02:25:31 +0000 "POST /index.php" 200
nginx-1  | 172.20.0.1 - - [21/Jul/2025:02:25:31 +0000] "POST /payments HTTP/1.1" 200 5 "-" "Grafana k6/1.1.0" "-"
db-1     | 2025-07-21T02:25:31.446987Z 79 [Warning] [MY-013360] [Server] Plugin mysql_native_password reported: ''mysql_native_password' is deprecated and will be removed in a future release. Please use caching_sha2_password instead'
app1-1   | 172.20.0.5 -  21/Jul/2025:02:25:31 +0000 "POST /index.php" 200
nginx-1  | 172.20.0.1 - - [21/Jul/2025:02:25:31 +0000] "POST /payments HTTP/1.1" 200 5 "-" "Grafana k6/1.1.0" "-"
db-1     | 2025-07-21T02:25:31.467637Z 80 [Warning] [MY-013360] [Server] Plugin mysql_native_password reported: ''mysql_native_password' is deprecated and will be removed in a future release. Please use caching_sha2_password instead'
app2-1   | 172.20.0.5 -  21/Jul/2025:02:25:31 +0000 "POST /index.php" 200
nginx-1  | 172.20.0.1 - - [21/Jul/2025:02:25:31 +0000] "POST /payments HTTP/1.1" 200 5 "-" "Grafana k6/1.1.0" "-"
db-1     | 2025-07-21T02:25:31.486004Z 81 [Warning] [MY-013360] [Server] Plugin mysql_native_password reported: ''mysql_native_password' is deprecated and will be removed in a future release. Please use caching_sha2_password instead'
app1-1   | 172.20.0.5 -  21/Jul/2025:02:25:31 +0000 "POST /index.php" 200
nginx-1  | 172.20.0.1 - - [21/Jul/2025:02:25:31 +0000] "POST /payments HTTP/1.1" 200 5 "-" "Grafana k6/1.1.0" "-"
db-1     | 2025-07-21T02:25:31.507922Z 82 [Warning] [MY-013360] [Server] Plugin mysql_native_password reported: ''mysql_native_password' is deprecated and will be removed in a future release. Please use caching_sha2_password instead'
app2-1   | 172.20.0.5 -  21/Jul/2025:02:25:31 +0000 "POST /index.php" 200
nginx-1  | 172.20.0.1 - - [21/Jul/2025:02:25:31 +0000] "POST /payments HTTP/1.1" 200 5 "-" "Grafana k6/1.1.0" "-"
db-1     | 2025-07-21T02:25:31.556834Z 83 [Warning] [MY-013360] [Server] Plugin mysql_native_password reported: ''mysql_native_password' is deprecated and will be removed in a future release. Please use caching_sha2_password instead'
app2-1   | 172.20.0.5 -  21/Jul/2025:02:25:31 +0000 "POST /index.php" 200
nginx-1  | 172.20.0.1 - - [21/Jul/2025:02:25:31 +0000] "POST /payments HTTP/1.1" 200 5 "-" "Grafana k6/1.1.0" "-"
db-1     | 2025-07-21T02:25:31.576069Z 84 [Warning] [MY-013360] [Server] Plugin mysql_native_password reported: ''mysql_native_password' is deprecated and will be removed in a future release. Please use caching_sha2_password instead'
app2-1   | 172.20.0.5 -  21/Jul/2025:02:25:31 +0000 "POST /index.php" 200
nginx-1  | 172.20.0.1 - - [21/Jul/2025:02:25:31 +0000] "POST /payments HTTP/1.1" 200 5 "-" "Grafana k6/1.1.0" "-"
db-1     | 2025-07-21T02:25:31.595512Z 85 [Warning] [MY-013360] [Server] Plugin mysql_native_password reported: ''mysql_native_password' is deprecated and will be removed in a future release. Please use caching_sha2_password instead'
app1-1   | 172.20.0.5 -  21/Jul/2025:02:25:31 +0000 "POST /index.php" 200
nginx-1  | 172.20.0.1 - - [21/Jul/2025:02:25:31 +0000] "POST /payments HTTP/1.1" 200 5 "-" "Grafana k6/1.1.0" "-"
db-1     | 2025-07-21T02:25:31.615345Z 86 [Warning] [MY-013360] [Server] Plugin mysql_native_password reported: ''mysql_native_password' is deprecated and will be removed in a future release. Please use caching_sha2_password instead'
app1-1   | 172.20.0.5 -  21/Jul/2025:02:25:31 +0000 "POST /index.php" 200
nginx-1  | 172.20.0.1 - - [21/Jul/2025:02:25:31 +0000] "POST /payments HTTP/1.1" 200 5 "-" "Grafana k6/1.1.0" "-"
db-1     | 2025-07-21T02:25:31.665556Z 87 [Warning] [MY-013360] [Server] Plugin mysql_native_password reported: ''mysql_native_password' is deprecated and will be removed in a future release. Please use caching_sha2_password instead'
app1-1   | 172.20.0.5 -  21/Jul/2025:02:25:31 +0000 "POST /index.php" 200
nginx-1  | 172.20.0.1 - - [21/Jul/2025:02:25:31 +0000] "POST /payments HTTP/1.1" 200 5 "-" "Grafana k6/1.1.0" "-"
db-1     | 2025-07-21T02:25:31.685281Z 88 [Warning] [MY-013360] [Server] Plugin mysql_native_password reported: ''mysql_native_password' is deprecated and will be removed in a future release. Please use caching_sha2_password instead'
app2-1   | 172.20.0.5 -  21/Jul/2025:02:25:31 +0000 "POST /index.php" 200
nginx-1  | 172.20.0.1 - - [21/Jul/2025:02:25:31 +0000] "POST /payments HTTP/1.1" 200 5 "-" "Grafana k6/1.1.0" "-"
db-1     | 2025-07-21T02:25:31.705091Z 89 [Warning] [MY-013360] [Server] Plugin mysql_native_password reported: ''mysql_native_password' is deprecated and will be removed in a future release. Please use caching_sha2_password instead'
app1-1   | 172.20.0.5 -  21/Jul/2025:02:25:31 +0000 "POST /index.php" 200
nginx-1  | 172.20.0.1 - - [21/Jul/2025:02:25:31 +0000] "POST /payments HTTP/1.1" 200 5 "-" "Grafana k6/1.1.0" "-"
db-1     | 2025-07-21T02:25:31.724197Z 90 [Warning] [MY-013360] [Server] Plugin mysql_native_password reported: ''mysql_native_password' is deprecated and will be removed in a future release. Please use caching_sha2_password instead'
app2-1   | 172.20.0.5 -  21/Jul/2025:02:25:31 +0000 "POST /index.php" 200
nginx-1  | 172.20.0.1 - - [21/Jul/2025:02:25:31 +0000] "POST /payments HTTP/1.1" 200 5 "-" "Grafana k6/1.1.0" "-"
db-1     | 2025-07-21T02:25:31.775180Z 91 [Warning] [MY-013360] [Server] Plugin mysql_native_password reported: ''mysql_native_password' is deprecated and will be removed in a future release. Please use caching_sha2_password instead'
app2-1   | 172.20.0.5 -  21/Jul/2025:02:25:31 +0000 "POST /index.php" 200
nginx-1  | 172.20.0.1 - - [21/Jul/2025:02:25:31 +0000] "POST /payments HTTP/1.1" 200 5 "-" "Grafana k6/1.1.0" "-"
db-1     | 2025-07-21T02:25:31.793413Z 92 [Warning] [MY-013360] [Server] Plugin mysql_native_password reported: ''mysql_native_password' is deprecated and will be removed in a future release. Please use caching_sha2_password instead'
app2-1   | 172.20.0.5 -  21/Jul/2025:02:25:31 +0000 "POST /index.php" 200
nginx-1  | 172.20.0.1 - - [21/Jul/2025:02:25:31 +0000] "POST /payments HTTP/1.1" 200 5 "-" "Grafana k6/1.1.0" "-"
db-1     | 2025-07-21T02:25:31.814059Z 93 [Warning] [MY-013360] [Server] Plugin mysql_native_password reported: ''mysql_native_password' is deprecated and will be removed in a future release. Please use caching_sha2_password instead'
app1-1   | 172.20.0.5 -  21/Jul/2025:02:25:31 +0000 "POST /index.php" 200
nginx-1  | 172.20.0.1 - - [21/Jul/2025:02:25:31 +0000] "POST /payments HTTP/1.1" 200 5 "-" "Grafana k6/1.1.0" "-"
db-1     | 2025-07-21T02:25:31.833203Z 94 [Warning] [MY-013360] [Server] Plugin mysql_native_password reported: ''mysql_native_password' is deprecated and will be removed in a future release. Please use caching_sha2_password instead'
app1-1   | 172.20.0.5 -  21/Jul/2025:02:25:31 +0000 "POST /index.php" 200
