
 Network joao-bittencourt-php_rinha  Creating
 Network joao-bittencourt-php_rinha  Created
 Container joao-bittencourt-php-app2-1  Creating
 Container joao-bittencourt-php-db-1  Creating
 Container joao-bittencourt-php-app1-1  Creating
 Container joao-bittencourt-php-db-1  Created
 Container joao-bittencourt-php-app1-1  Created
 Container joao-bittencourt-php-app2-1  Created
 Container joao-bittencourt-php-nginx-1  Creating
 Container joao-bittencourt-php-nginx-1  Created
Attaching to app1-1, app2-1, db-1, nginx-1
db-1     | 2025-07-23 13:05:38+00:00 [Note] [Entrypoint]: Entrypoint script for MySQL Server 8.0.36-1.el8 started.
app2-1   | [23-Jul-2025 13:05:39] NOTICE: fpm is running, pid 1
app2-1   | [23-Jul-2025 13:05:39] NOTICE: ready to handle connections
app1-1   | [23-Jul-2025 13:05:39] NOTICE: fpm is running, pid 1
app1-1   | [23-Jul-2025 13:05:39] NOTICE: ready to handle connections
db-1     | 2025-07-23 13:05:39+00:00 [Note] [Entrypoint]: Switching to dedicated user 'mysql'
db-1     | 2025-07-23 13:05:39+00:00 [Note] [Entrypoint]: Entrypoint script for MySQL Server 8.0.36-1.el8 started.
db-1     | 2025-07-23 13:05:39+00:00 [Note] [Entrypoint]: Initializing database files
db-1     | 2025-07-23T13:05:39.726508Z 0 [Warning] [MY-011068] [Server] The syntax '--skip-host-cache' is deprecated and will be removed in a future release. Please use SET GLOBAL host_cache_size=0 instead.
db-1     | 2025-07-23T13:05:39.726592Z 0 [Warning] [MY-010918] [Server] 'default_authentication_plugin' is deprecated and will be removed in a future release. Please use authentication_policy instead.
db-1     | 2025-07-23T13:05:39.726613Z 0 [System] [MY-013169] [Server] /usr/sbin/mysqld (mysqld 8.0.36) initializing of server in progress as process 80
db-1     | 2025-07-23T13:05:39.746960Z 0 [Warning] [MY-013907] [InnoDB] Deprecated configuration parameters innodb_log_file_size and/or innodb_log_files_in_group have been used to compute innodb_redo_log_capacity=67108864. Please use innodb_redo_log_capacity instead.
db-1     | 2025-07-23T13:05:39.749169Z 1 [System] [MY-013576] [InnoDB] InnoDB initialization has started.
nginx-1  | /docker-entrypoint.sh: /docker-entrypoint.d/ is not empty, will attempt to perform configuration
nginx-1  | /docker-entrypoint.sh: Looking for shell scripts in /docker-entrypoint.d/
nginx-1  | /docker-entrypoint.sh: Launching /docker-entrypoint.d/10-listen-on-ipv6-by-default.sh
nginx-1  | 10-listen-on-ipv6-by-default.sh: info: Getting the checksum of /etc/nginx/conf.d/default.conf
nginx-1  | 10-listen-on-ipv6-by-default.sh: info: /etc/nginx/conf.d/default.conf differs from the packaged version
nginx-1  | /docker-entrypoint.sh: Sourcing /docker-entrypoint.d/15-local-resolvers.envsh
nginx-1  | /docker-entrypoint.sh: Launching /docker-entrypoint.d/20-envsubst-on-templates.sh
nginx-1  | /docker-entrypoint.sh: Launching /docker-entrypoint.d/30-tune-worker-processes.sh
nginx-1  | /docker-entrypoint.sh: Configuration complete; ready for start up
nginx-1  | 2025/07/23 13:05:39 [notice] 1#1: using the "epoll" event method
nginx-1  | 2025/07/23 13:05:39 [notice] 1#1: nginx/1.29.0
nginx-1  | 2025/07/23 13:05:39 [notice] 1#1: built by gcc 14.2.0 (Alpine 14.2.0) 
nginx-1  | 2025/07/23 13:05:39 [notice] 1#1: OS: Linux 6.1.0-37-amd64
nginx-1  | 2025/07/23 13:05:39 [notice] 1#1: getrlimit(RLIMIT_NOFILE): 1048576:1048576
nginx-1  | 2025/07/23 13:05:39 [notice] 1#1: start worker processes
nginx-1  | 2025/07/23 13:05:39 [notice] 1#1: start worker process 28
nginx-1  | 2025/07/23 13:05:39 [notice] 1#1: start worker process 29
nginx-1  | 2025/07/23 13:05:39 [notice] 1#1: start worker process 30
nginx-1  | 2025/07/23 13:05:39 [notice] 1#1: start worker process 31
app1-1   | 172.20.0.5 -  23/Jul/2025:13:05:42 +0000 "GET /payments-summary" 500
nginx-1  | 172.20.0.1 - - [23/Jul/2025:13:05:42 +0000] "GET /payments-summary HTTP/1.1" 500 320 "-" "curl/7.88.1" "-"
db-1     | 2025-07-23T13:05:42.678661Z 1 [System] [MY-013577] [InnoDB] InnoDB initialization has ended.
db-1     | 2025-07-23T13:05:46.200318Z 6 [Warning] [MY-010453] [Server] root@localhost is created with an empty password ! Please consider switching off the --initialize-insecure option.
db-1     | 2025-07-23T13:05:46.657375Z 6 [Warning] [MY-013360] [Server] Plugin mysql_native_password reported: ''mysql_native_password' is deprecated and will be removed in a future release. Please use caching_sha2_password instead'
app1-1   | 172.20.0.5 -  23/Jul/2025:13:05:47 +0000 "GET /payments-summary" 500
nginx-1  | 172.20.0.1 - - [23/Jul/2025:13:05:47 +0000] "GET /payments-summary HTTP/1.1" 500 320 "-" "curl/7.88.1" "-"
app1-1   | 172.20.0.5 -  23/Jul/2025:13:05:52 +0000 "GET /payments-summary" 500
nginx-1  | 172.20.0.1 - - [23/Jul/2025:13:05:52 +0000] "GET /payments-summary HTTP/1.1" 500 320 "-" "curl/7.88.1" "-"
db-1     | 2025-07-23 13:05:56+00:00 [Note] [Entrypoint]: Database files initialized
db-1     | 2025-07-23 13:05:56+00:00 [Note] [Entrypoint]: Starting temporary server
db-1     | 2025-07-23T13:05:56.607997Z 0 [Warning] [MY-011068] [Server] The syntax '--skip-host-cache' is deprecated and will be removed in a future release. Please use SET GLOBAL host_cache_size=0 instead.
db-1     | 2025-07-23T13:05:56.610410Z 0 [Warning] [MY-010918] [Server] 'default_authentication_plugin' is deprecated and will be removed in a future release. Please use authentication_policy instead.
db-1     | 2025-07-23T13:05:56.610435Z 0 [System] [MY-010116] [Server] /usr/sbin/mysqld (mysqld 8.0.36) starting as process 136
db-1     | 2025-07-23T13:05:56.659869Z 0 [Warning] [MY-013907] [InnoDB] Deprecated configuration parameters innodb_log_file_size and/or innodb_log_files_in_group have been used to compute innodb_redo_log_capacity=67108864. Please use innodb_redo_log_capacity instead.
db-1     | 2025-07-23T13:05:56.661742Z 1 [System] [MY-013576] [InnoDB] InnoDB initialization has started.
app1-1   | 172.20.0.5 -  23/Jul/2025:13:05:57 +0000 "GET /payments-summary" 500
nginx-1  | 172.20.0.1 - - [23/Jul/2025:13:05:57 +0000] "GET /payments-summary HTTP/1.1" 500 320 "-" "curl/7.88.1" "-"
db-1     | 2025-07-23T13:05:58.305150Z 1 [System] [MY-013577] [InnoDB] InnoDB initialization has ended.
db-1     | 2025-07-23T13:05:59.056046Z 0 [Warning] [MY-010068] [Server] CA certificate ca.pem is self signed.
db-1     | 2025-07-23T13:05:59.056078Z 0 [System] [MY-013602] [Server] Channel mysql_main configured to support TLS. Encrypted connections are now supported for this channel.
db-1     | 2025-07-23T13:05:59.064570Z 0 [Warning] [MY-011810] [Server] Insecure configuration for --pid-file: Location '/var/run/mysqld' in the path is accessible to all OS users. Consider choosing a different directory.
db-1     | 2025-07-23T13:05:59.085279Z 0 [System] [MY-011323] [Server] X Plugin ready for connections. Socket: /var/run/mysqld/mysqlx.sock
db-1     | 2025-07-23T13:05:59.085679Z 0 [System] [MY-010931] [Server] /usr/sbin/mysqld: ready for connections. Version: '8.0.36'  socket: '/var/run/mysqld/mysqld.sock'  port: 0  MySQL Community Server - GPL.
db-1     | 2025-07-23 13:05:59+00:00 [Note] [Entrypoint]: Temporary server started.
db-1     | '/var/lib/mysql/mysql.sock' -> '/var/run/mysqld/mysqld.sock'
db-1     | 2025-07-23T13:05:59.282536Z 8 [Warning] [MY-013360] [Server] Plugin mysql_native_password reported: ''mysql_native_password' is deprecated and will be removed in a future release. Please use caching_sha2_password instead'
db-1     | 2025-07-23T13:05:59.290530Z 9 [Warning] [MY-013360] [Server] Plugin mysql_native_password reported: ''mysql_native_password' is deprecated and will be removed in a future release. Please use caching_sha2_password instead'
db-1     | Warning: Unable to load '/usr/share/zoneinfo/iso3166.tab' as time zone. Skipping it.
db-1     | Warning: Unable to load '/usr/share/zoneinfo/leap-seconds.list' as time zone. Skipping it.
db-1     | Warning: Unable to load '/usr/share/zoneinfo/leapseconds' as time zone. Skipping it.
app2-1   | 172.20.0.5 -  23/Jul/2025:13:06:02 +0000 "GET /payments-summary" 500
nginx-1  | 172.20.0.1 - - [23/Jul/2025:13:06:02 +0000] "GET /payments-summary HTTP/1.1" 500 320 "-" "curl/7.88.1" "-"
db-1     | Warning: Unable to load '/usr/share/zoneinfo/tzdata.zi' as time zone. Skipping it.
db-1     | Warning: Unable to load '/usr/share/zoneinfo/zone.tab' as time zone. Skipping it.
db-1     | Warning: Unable to load '/usr/share/zoneinfo/zone1970.tab' as time zone. Skipping it.
db-1     | 2025-07-23T13:06:02.782071Z 10 [Warning] [MY-013360] [Server] Plugin mysql_native_password reported: ''mysql_native_password' is deprecated and will be removed in a future release. Please use caching_sha2_password instead'
db-1     | 2025-07-23T13:06:02.786845Z 10 [Warning] [MY-013360] [Server] Plugin mysql_native_password reported: ''mysql_native_password' is deprecated and will be removed in a future release. Please use caching_sha2_password instead'
db-1     | 2025-07-23T13:06:02.809589Z 10 [Warning] [MY-013360] [Server] Plugin mysql_native_password reported: ''mysql_native_password' is deprecated and will be removed in a future release. Please use caching_sha2_password instead'
db-1     | 2025-07-23 13:06:02+00:00 [Note] [Entrypoint]: Creating database rinha
db-1     | 2025-07-23T13:06:02.831105Z 11 [Warning] [MY-013360] [Server] Plugin mysql_native_password reported: ''mysql_native_password' is deprecated and will be removed in a future release. Please use caching_sha2_password instead'
db-1     | 2025-07-23 13:06:02+00:00 [Note] [Entrypoint]: Creating user username
db-1     | 2025-07-23T13:06:02.890854Z 12 [Warning] [MY-013360] [Server] Plugin mysql_native_password reported: ''mysql_native_password' is deprecated and will be removed in a future release. Please use caching_sha2_password instead'
db-1     | 2025-07-23T13:06:02.904190Z 12 [Warning] [MY-013360] [Server] Plugin mysql_native_password reported: ''mysql_native_password' is deprecated and will be removed in a future release. Please use caching_sha2_password instead'
db-1     | 2025-07-23 13:06:02+00:00 [Note] [Entrypoint]: Giving user username access to schema rinha
db-1     | 2025-07-23T13:06:02.916855Z 13 [Warning] [MY-013360] [Server] Plugin mysql_native_password reported: ''mysql_native_password' is deprecated and will be removed in a future release. Please use caching_sha2_password instead'
db-1     | 
db-1     | 2025-07-23 13:06:02+00:00 [Note] [Entrypoint]: /usr/local/bin/docker-entrypoint.sh: running /docker-entrypoint-initdb.d/init.sql
db-1     | 2025-07-23T13:06:02.947780Z 14 [Warning] [MY-013360] [Server] Plugin mysql_native_password reported: ''mysql_native_password' is deprecated and will be removed in a future release. Please use caching_sha2_password instead'
db-1     | 
db-1     | 
db-1     | 2025-07-23 13:06:03+00:00 [Note] [Entrypoint]: Stopping temporary server
db-1     | 2025-07-23T13:06:03.460079Z 15 [Warning] [MY-013360] [Server] Plugin mysql_native_password reported: ''mysql_native_password' is deprecated and will be removed in a future release. Please use caching_sha2_password instead'
db-1     | 2025-07-23T13:06:03.507560Z 15 [System] [MY-013172] [Server] Received SHUTDOWN from user root. Shutting down mysqld (Version: 8.0.36).
db-1     | 2025-07-23T13:06:06.705268Z 0 [System] [MY-010910] [Server] /usr/sbin/mysqld: Shutdown complete (mysqld 8.0.36)  MySQL Community Server - GPL.
app1-1   | 172.20.0.5 -  23/Jul/2025:13:06:07 +0000 "GET /payments-summary" 500
nginx-1  | 172.20.0.1 - - [23/Jul/2025:13:06:07 +0000] "GET /payments-summary HTTP/1.1" 500 320 "-" "curl/7.88.1" "-"
db-1     | 2025-07-23 13:06:07+00:00 [Note] [Entrypoint]: Temporary server stopped
db-1     | 
db-1     | 2025-07-23 13:06:07+00:00 [Note] [Entrypoint]: MySQL init process done. Ready for start up.
db-1     | 
db-1     | 2025-07-23T13:06:07.750996Z 0 [Warning] [MY-011068] [Server] The syntax '--skip-host-cache' is deprecated and will be removed in a future release. Please use SET GLOBAL host_cache_size=0 instead.
db-1     | 2025-07-23T13:06:07.752461Z 0 [Warning] [MY-010918] [Server] 'default_authentication_plugin' is deprecated and will be removed in a future release. Please use authentication_policy instead.
db-1     | 2025-07-23T13:06:07.752484Z 0 [System] [MY-010116] [Server] /usr/sbin/mysqld (mysqld 8.0.36) starting as process 1
db-1     | 2025-07-23T13:06:07.758217Z 0 [Warning] [MY-013907] [InnoDB] Deprecated configuration parameters innodb_log_file_size and/or innodb_log_files_in_group have been used to compute innodb_redo_log_capacity=67108864. Please use innodb_redo_log_capacity instead.
db-1     | 2025-07-23T13:06:07.760787Z 1 [System] [MY-013576] [InnoDB] InnoDB initialization has started.
db-1     | 2025-07-23T13:06:08.573912Z 1 [System] [MY-013577] [InnoDB] InnoDB initialization has ended.
db-1     | 2025-07-23T13:06:09.368596Z 0 [Warning] [MY-010068] [Server] CA certificate ca.pem is self signed.
db-1     | 2025-07-23T13:06:09.368628Z 0 [System] [MY-013602] [Server] Channel mysql_main configured to support TLS. Encrypted connections are now supported for this channel.
db-1     | 2025-07-23T13:06:09.375261Z 0 [Warning] [MY-011810] [Server] Insecure configuration for --pid-file: Location '/var/run/mysqld' in the path is accessible to all OS users. Consider choosing a different directory.
db-1     | 2025-07-23T13:06:09.415832Z 0 [System] [MY-010931] [Server] /usr/sbin/mysqld: ready for connections. Version: '8.0.36'  socket: '/var/run/mysqld/mysqld.sock'  port: 3306  MySQL Community Server - GPL.
db-1     | 2025-07-23T13:06:09.415828Z 0 [System] [MY-011323] [Server] X Plugin ready for connections. Bind-address: '::' port: 33060, socket: /var/run/mysqld/mysqlx.sock
db-1     | 2025-07-23T13:06:12.199096Z 8 [Warning] [MY-013360] [Server] Plugin mysql_native_password reported: ''mysql_native_password' is deprecated and will be removed in a future release. Please use caching_sha2_password instead'
app2-1   | 172.20.0.5 -  23/Jul/2025:13:06:12 +0000 "GET /payments-summary" 200
nginx-1  | 172.20.0.1 - - [23/Jul/2025:13:06:12 +0000] "GET /payments-summary HTTP/1.1" 200 105 "-" "curl/7.88.1" "-"
db-1     | 2025-07-23T13:06:18.416245Z 9 [Warning] [MY-013360] [Server] Plugin mysql_native_password reported: ''mysql_native_password' is deprecated and will be removed in a future release. Please use caching_sha2_password instead'
app1-1   | 172.20.0.5 -  23/Jul/2025:13:06:18 +0000 "POST /purge-payments" 200
nginx-1  | 172.20.0.1 - - [23/Jul/2025:13:06:18 +0000] "POST /purge-payments HTTP/1.1" 200 356 "-" "Grafana k6/1.1.0" "-"
db-1     | 2025-07-23T13:06:18.430721Z 10 [Warning] [MY-013360] [Server] Plugin mysql_native_password reported: ''mysql_native_password' is deprecated and will be removed in a future release. Please use caching_sha2_password instead'
db-1     | 2025-07-23T13:06:18.430840Z 11 [Warning] [MY-013360] [Server] Plugin mysql_native_password reported: ''mysql_native_password' is deprecated and will be removed in a future release. Please use caching_sha2_password instead'
app1-1   | 172.20.0.5 -  23/Jul/2025:13:06:18 +0000 "POST /payments" 200
nginx-1  | 172.20.0.1 - - [23/Jul/2025:13:06:18 +0000] "POST /payments HTTP/1.1" 200 5 "-" "Grafana k6/1.1.0" "-"
app2-1   | 172.20.0.5 -  23/Jul/2025:13:06:18 +0000 "GET /payments-summary" 200
nginx-1  | 172.20.0.1 - - [23/Jul/2025:13:06:18 +0000] "GET /payments-summary?from=2025-07-23T13:06:08.420Z&to=2025-07-23T13:06:18.320Z HTTP/1.1" 200 105 "-" "Grafana k6/1.1.0" "-"
db-1     | 2025-07-23T13:06:18.538611Z 12 [Warning] [MY-013360] [Server] Plugin mysql_native_password reported: ''mysql_native_password' is deprecated and will be removed in a future release. Please use caching_sha2_password instead'
app2-1   | 172.20.0.5 -  23/Jul/2025:13:06:18 +0000 "POST /payments" 200
nginx-1  | 172.20.0.1 - - [23/Jul/2025:13:06:18 +0000] "POST /payments HTTP/1.1" 200 5 "-" "Grafana k6/1.1.0" "-"
db-1     | 2025-07-23T13:06:18.641216Z 13 [Warning] [MY-013360] [Server] Plugin mysql_native_password reported: ''mysql_native_password' is deprecated and will be removed in a future release. Please use caching_sha2_password instead'
app1-1   | 172.20.0.5 -  23/Jul/2025:13:06:18 +0000 "POST /payments" 200
nginx-1  | 172.20.0.1 - - [23/Jul/2025:13:06:18 +0000] "POST /payments HTTP/1.1" 200 5 "-" "Grafana k6/1.1.0" "-"
db-1     | 2025-07-23T13:06:18.751839Z 14 [Warning] [MY-013360] [Server] Plugin mysql_native_password reported: ''mysql_native_password' is deprecated and will be removed in a future release. Please use caching_sha2_password instead'
app2-1   | 172.20.0.5 -  23/Jul/2025:13:06:18 +0000 "POST /payments" 200
nginx-1  | 172.20.0.1 - - [23/Jul/2025:13:06:18 +0000] "POST /payments HTTP/1.1" 200 5 "-" "Grafana k6/1.1.0" "-"
db-1     | 2025-07-23T13:06:18.859900Z 15 [Warning] [MY-013360] [Server] Plugin mysql_native_password reported: ''mysql_native_password' is deprecated and will be removed in a future release. Please use caching_sha2_password instead'
app1-1   | 172.20.0.5 -  23/Jul/2025:13:06:18 +0000 "POST /payments" 200
nginx-1  | 172.20.0.1 - - [23/Jul/2025:13:06:18 +0000] "POST /payments HTTP/1.1" 200 5 "-" "Grafana k6/1.1.0" "-"
db-1     | 2025-07-23T13:06:18.969439Z 16 [Warning] [MY-013360] [Server] Plugin mysql_native_password reported: ''mysql_native_password' is deprecated and will be removed in a future release. Please use caching_sha2_password instead'
app2-1   | 172.20.0.5 -  23/Jul/2025:13:06:18 +0000 "POST /payments" 200
nginx-1  | 172.20.0.1 - - [23/Jul/2025:13:06:18 +0000] "POST /payments HTTP/1.1" 200 5 "-" "Grafana k6/1.1.0" "-"
db-1     | 2025-07-23T13:06:19.077984Z 17 [Warning] [MY-013360] [Server] Plugin mysql_native_password reported: ''mysql_native_password' is deprecated and will be removed in a future release. Please use caching_sha2_password instead'
app1-1   | 172.20.0.5 -  23/Jul/2025:13:06:19 +0000 "POST /payments" 200
nginx-1  | 172.20.0.1 - - [23/Jul/2025:13:06:19 +0000] "POST /payments HTTP/1.1" 200 5 "-" "Grafana k6/1.1.0" "-"
db-1     | 2025-07-23T13:06:19.187579Z 18 [Warning] [MY-013360] [Server] Plugin mysql_native_password reported: ''mysql_native_password' is deprecated and will be removed in a future release. Please use caching_sha2_password instead'
app2-1   | 172.20.0.5 -  23/Jul/2025:13:06:19 +0000 "POST /payments" 200
nginx-1  | 172.20.0.1 - - [23/Jul/2025:13:06:19 +0000] "POST /payments HTTP/1.1" 200 5 "-" "Grafana k6/1.1.0" "-"
db-1     | 2025-07-23T13:06:19.296807Z 19 [Warning] [MY-013360] [Server] Plugin mysql_native_password reported: ''mysql_native_password' is deprecated and will be removed in a future release. Please use caching_sha2_password instead'
app1-1   | 172.20.0.5 -  23/Jul/2025:13:06:19 +0000 "POST /payments" 200
nginx-1  | 172.20.0.1 - - [23/Jul/2025:13:06:19 +0000] "POST /payments HTTP/1.1" 200 5 "-" "Grafana k6/1.1.0" "-"
db-1     | 2025-07-23T13:06:19.406151Z 20 [Warning] [MY-013360] [Server] Plugin mysql_native_password reported: ''mysql_native_password' is deprecated and will be removed in a future release. Please use caching_sha2_password instead'
app2-1   | 172.20.0.5 -  23/Jul/2025:13:06:19 +0000 "POST /payments" 200
nginx-1  | 172.20.0.1 - - [23/Jul/2025:13:06:19 +0000] "POST /payments HTTP/1.1" 200 5 "-" "Grafana k6/1.1.0" "-"
db-1     | 2025-07-23T13:06:19.439839Z 21 [Warning] [MY-013360] [Server] Plugin mysql_native_password reported: ''mysql_native_password' is deprecated and will be removed in a future release. Please use caching_sha2_password instead'
app1-1   | 172.20.0.5 -  23/Jul/2025:13:06:19 +0000 "POST /payments" 200
nginx-1  | 172.20.0.1 - - [23/Jul/2025:13:06:19 +0000] "POST /payments HTTP/1.1" 200 5 "-" "Grafana k6/1.1.0" "-"
db-1     | 2025-07-23T13:06:19.453175Z 22 [Warning] [MY-013360] [Server] Plugin mysql_native_password reported: ''mysql_native_password' is deprecated and will be removed in a future release. Please use caching_sha2_password instead'
db-1     | 2025-07-23T13:06:19.515946Z 23 [Warning] [MY-013360] [Server] Plugin mysql_native_password reported: ''mysql_native_password' is deprecated and will be removed in a future release. Please use caching_sha2_password instead'
app2-1   | 172.20.0.5 -  23/Jul/2025:13:06:19 +0000 "POST /payments" 200
nginx-1  | 172.20.0.1 - - [23/Jul/2025:13:06:19 +0000] "POST /payments HTTP/1.1" 200 5 "-" "Grafana k6/1.1.0" "-"
db-1     | 2025-07-23T13:06:19.541417Z 24 [Warning] [MY-013360] [Server] Plugin mysql_native_password reported: ''mysql_native_password' is deprecated and will be removed in a future release. Please use caching_sha2_password instead'
app1-1   | 172.20.0.5 -  23/Jul/2025:13:06:19 +0000 "POST /payments" 200
nginx-1  | 172.20.0.1 - - [23/Jul/2025:13:06:19 +0000] "POST /payments HTTP/1.1" 200 5 "-" "Grafana k6/1.1.0" "-"
db-1     | 2025-07-23T13:06:19.625048Z 25 [Warning] [MY-013360] [Server] Plugin mysql_native_password reported: ''mysql_native_password' is deprecated and will be removed in a future release. Please use caching_sha2_password instead'
app2-1   | 172.20.0.5 -  23/Jul/2025:13:06:19 +0000 "POST /payments" 200
nginx-1  | 172.20.0.1 - - [23/Jul/2025:13:06:19 +0000] "POST /payments HTTP/1.1" 200 5 "-" "Grafana k6/1.1.0" "-"
db-1     | 2025-07-23T13:06:19.644431Z 26 [Warning] [MY-013360] [Server] Plugin mysql_native_password reported: ''mysql_native_password' is deprecated and will be removed in a future release. Please use caching_sha2_password instead'
app2-1   | 172.20.0.5 -  23/Jul/2025:13:06:19 +0000 "POST /payments" 200
nginx-1  | 172.20.0.1 - - [23/Jul/2025:13:06:19 +0000] "POST /payments HTTP/1.1" 200 5 "-" "Grafana k6/1.1.0" "-"
db-1     | 2025-07-23T13:06:19.733748Z 27 [Warning] [MY-013360] [Server] Plugin mysql_native_password reported: ''mysql_native_password' is deprecated and will be removed in a future release. Please use caching_sha2_password instead'
app1-1   | 172.20.0.5 -  23/Jul/2025:13:06:19 +0000 "POST /payments" 200
nginx-1  | 172.20.0.1 - - [23/Jul/2025:13:06:19 +0000] "POST /payments HTTP/1.1" 200 5 "-" "Grafana k6/1.1.0" "-"
db-1     | 2025-07-23T13:06:19.756065Z 28 [Warning] [MY-013360] [Server] Plugin mysql_native_password reported: ''mysql_native_password' is deprecated and will be removed in a future release. Please use caching_sha2_password instead'
app1-1   | 172.20.0.5 -  23/Jul/2025:13:06:19 +0000 "POST /payments" 200
nginx-1  | 172.20.0.1 - - [23/Jul/2025:13:06:19 +0000] "POST /payments HTTP/1.1" 200 5 "-" "Grafana k6/1.1.0" "-"
db-1     | 2025-07-23T13:06:19.843222Z 29 [Warning] [MY-013360] [Server] Plugin mysql_native_password reported: ''mysql_native_password' is deprecated and will be removed in a future release. Please use caching_sha2_password instead'
app2-1   | 172.20.0.5 -  23/Jul/2025:13:06:19 +0000 "POST /payments" 200
nginx-1  | 172.20.0.1 - - [23/Jul/2025:13:06:19 +0000] "POST /payments HTTP/1.1" 200 5 "-" "Grafana k6/1.1.0" "-"
db-1     | 2025-07-23T13:06:19.863411Z 30 [Warning] [MY-013360] [Server] Plugin mysql_native_password reported: ''mysql_native_password' is deprecated and will be removed in a future release. Please use caching_sha2_password instead'
app2-1   | 172.20.0.5 -  23/Jul/2025:13:06:19 +0000 "POST /payments" 200
nginx-1  | 172.20.0.1 - - [23/Jul/2025:13:06:19 +0000] "POST /payments HTTP/1.1" 200 5 "-" "Grafana k6/1.1.0" "-"
db-1     | 2025-07-23T13:06:19.952522Z 31 [Warning] [MY-013360] [Server] Plugin mysql_native_password reported: ''mysql_native_password' is deprecated and will be removed in a future release. Please use caching_sha2_password instead'
app1-1   | 172.20.0.5 -  23/Jul/2025:13:06:19 +0000 "POST /payments" 200
nginx-1  | 172.20.0.1 - - [23/Jul/2025:13:06:19 +0000] "POST /payments HTTP/1.1" 200 5 "-" "Grafana k6/1.1.0" "-"
db-1     | 2025-07-23T13:06:19.972580Z 32 [Warning] [MY-013360] [Server] Plugin mysql_native_password reported: ''mysql_native_password' is deprecated and will be removed in a future release. Please use caching_sha2_password instead'
app1-1   | 172.20.0.5 -  23/Jul/2025:13:06:19 +0000 "POST /payments" 200
nginx-1  | 172.20.0.1 - - [23/Jul/2025:13:06:19 +0000] "POST /payments HTTP/1.1" 200 5 "-" "Grafana k6/1.1.0" "-"
db-1     | 2025-07-23T13:06:20.061999Z 33 [Warning] [MY-013360] [Server] Plugin mysql_native_password reported: ''mysql_native_password' is deprecated and will be removed in a future release. Please use caching_sha2_password instead'
app2-1   | 172.20.0.5 -  23/Jul/2025:13:06:20 +0000 "POST /payments" 200
nginx-1  | 172.20.0.1 - - [23/Jul/2025:13:06:20 +0000] "POST /payments HTTP/1.1" 200 5 "-" "Grafana k6/1.1.0" "-"
db-1     | 2025-07-23T13:06:20.080870Z 34 [Warning] [MY-013360] [Server] Plugin mysql_native_password reported: ''mysql_native_password' is deprecated and will be removed in a future release. Please use caching_sha2_password instead'
app2-1   | 172.20.0.5 -  23/Jul/2025:13:06:20 +0000 "POST /payments" 200
nginx-1  | 172.20.0.1 - - [23/Jul/2025:13:06:20 +0000] "POST /payments HTTP/1.1" 200 5 "-" "Grafana k6/1.1.0" "-"
db-1     | 2025-07-23T13:06:20.171185Z 35 [Warning] [MY-013360] [Server] Plugin mysql_native_password reported: ''mysql_native_password' is deprecated and will be removed in a future release. Please use caching_sha2_password instead'
app1-1   | 172.20.0.5 -  23/Jul/2025:13:06:20 +0000 "POST /payments" 200
nginx-1  | 172.20.0.1 - - [23/Jul/2025:13:06:20 +0000] "POST /payments HTTP/1.1" 200 5 "-" "Grafana k6/1.1.0" "-"
db-1     | 2025-07-23T13:06:20.191092Z 36 [Warning] [MY-013360] [Server] Plugin mysql_native_password reported: ''mysql_native_password' is deprecated and will be removed in a future release. Please use caching_sha2_password instead'
app1-1   | 172.20.0.5 -  23/Jul/2025:13:06:20 +0000 "POST /payments" 200
nginx-1  | 172.20.0.1 - - [23/Jul/2025:13:06:20 +0000] "POST /payments HTTP/1.1" 200 5 "-" "Grafana k6/1.1.0" "-"
db-1     | 2025-07-23T13:06:20.280905Z 37 [Warning] [MY-013360] [Server] Plugin mysql_native_password reported: ''mysql_native_password' is deprecated and will be removed in a future release. Please use caching_sha2_password instead'
app2-1   | 172.20.0.5 -  23/Jul/2025:13:06:20 +0000 "POST /payments" 200
nginx-1  | 172.20.0.1 - - [23/Jul/2025:13:06:20 +0000] "POST /payments HTTP/1.1" 200 5 "-" "Grafana k6/1.1.0" "-"
db-1     | 2025-07-23T13:06:20.299556Z 38 [Warning] [MY-013360] [Server] Plugin mysql_native_password reported: ''mysql_native_password' is deprecated and will be removed in a future release. Please use caching_sha2_password instead'
app2-1   | 172.20.0.5 -  23/Jul/2025:13:06:20 +0000 "POST /payments" 200
nginx-1  | 172.20.0.1 - - [23/Jul/2025:13:06:20 +0000] "POST /payments HTTP/1.1" 200 5 "-" "Grafana k6/1.1.0" "-"
db-1     | 2025-07-23T13:06:20.408786Z 39 [Warning] [MY-013360] [Server] Plugin mysql_native_password reported: ''mysql_native_password' is deprecated and will be removed in a future release. Please use caching_sha2_password instead'
app1-1   | 172.20.0.5 -  23/Jul/2025:13:06:20 +0000 "POST /payments" 200
nginx-1  | 172.20.0.1 - - [23/Jul/2025:13:06:20 +0000] "POST /payments HTTP/1.1" 200 5 "-" "Grafana k6/1.1.0" "-"
db-1     | 2025-07-23T13:06:20.410853Z 40 [Warning] [MY-013360] [Server] Plugin mysql_native_password reported: ''mysql_native_password' is deprecated and will be removed in a future release. Please use caching_sha2_password instead'
app1-1   | 172.20.0.5 -  23/Jul/2025:13:06:20 +0000 "POST /payments" 200
nginx-1  | 172.20.0.1 - - [23/Jul/2025:13:06:20 +0000] "POST /payments HTTP/1.1" 200 5 "-" "Grafana k6/1.1.0" "-"
db-1     | 2025-07-23T13:06:20.443408Z 41 [Warning] [MY-013360] [Server] Plugin mysql_native_password reported: ''mysql_native_password' is deprecated and will be removed in a future release. Please use caching_sha2_password instead'
app2-1   | 172.20.0.5 -  23/Jul/2025:13:06:20 +0000 "POST /payments" 200
nginx-1  | 172.20.0.1 - - [23/Jul/2025:13:06:20 +0000] "POST /payments HTTP/1.1" 200 5 "-" "Grafana k6/1.1.0" "-"
db-1     | 2025-07-23T13:06:20.499345Z 42 [Warning] [MY-013360] [Server] Plugin mysql_native_password reported: ''mysql_native_password' is deprecated and will be removed in a future release. Please use caching_sha2_password instead'
app2-1   | 172.20.0.5 -  23/Jul/2025:13:06:20 +0000 "POST /payments" 200
nginx-1  | 172.20.0.1 - - [23/Jul/2025:13:06:20 +0000] "POST /payments HTTP/1.1" 200 5 "-" "Grafana k6/1.1.0" "-"
db-1     | 2025-07-23T13:06:20.519510Z 43 [Warning] [MY-013360] [Server] Plugin mysql_native_password reported: ''mysql_native_password' is deprecated and will be removed in a future release. Please use caching_sha2_password instead'
app1-1   | 172.20.0.5 -  23/Jul/2025:13:06:20 +0000 "POST /payments" 200
nginx-1  | 172.20.0.1 - - [23/Jul/2025:13:06:20 +0000] "POST /payments HTTP/1.1" 200 5 "-" "Grafana k6/1.1.0" "-"
db-1     | 2025-07-23T13:06:20.544155Z 44 [Warning] [MY-013360] [Server] Plugin mysql_native_password reported: ''mysql_native_password' is deprecated and will be removed in a future release. Please use caching_sha2_password instead'
app2-1   | 172.20.0.5 -  23/Jul/2025:13:06:20 +0000 "POST /payments" 200
nginx-1  | 172.20.0.1 - - [23/Jul/2025:13:06:20 +0000] "POST /payments HTTP/1.1" 200 5 "-" "Grafana k6/1.1.0" "-"
db-1     | 2025-07-23T13:06:20.610615Z 45 [Warning] [MY-013360] [Server] Plugin mysql_native_password reported: ''mysql_native_password' is deprecated and will be removed in a future release. Please use caching_sha2_password instead'
app1-1   | 172.20.0.5 -  23/Jul/2025:13:06:20 +0000 "POST /payments" 200
nginx-1  | 172.20.0.1 - - [23/Jul/2025:13:06:20 +0000] "POST /payments HTTP/1.1" 200 5 "-" "Grafana k6/1.1.0" "-"
db-1     | 2025-07-23T13:06:20.628404Z 46 [Warning] [MY-013360] [Server] Plugin mysql_native_password reported: ''mysql_native_password' is deprecated and will be removed in a future release. Please use caching_sha2_password instead'
app2-1   | 172.20.0.5 -  23/Jul/2025:13:06:20 +0000 "POST /payments" 200
nginx-1  | 172.20.0.1 - - [23/Jul/2025:13:06:20 +0000] "POST /payments HTTP/1.1" 200 5 "-" "Grafana k6/1.1.0" "-"
db-1     | 2025-07-23T13:06:20.647954Z 47 [Warning] [MY-013360] [Server] Plugin mysql_native_password reported: ''mysql_native_password' is deprecated and will be removed in a future release. Please use caching_sha2_password instead'
app1-1   | 172.20.0.5 -  23/Jul/2025:13:06:20 +0000 "POST /payments" 200
nginx-1  | 172.20.0.1 - - [23/Jul/2025:13:06:20 +0000] "POST /payments HTTP/1.1" 200 5 "-" "Grafana k6/1.1.0" "-"
db-1     | 2025-07-23T13:06:20.718274Z 48 [Warning] [MY-013360] [Server] Plugin mysql_native_password reported: ''mysql_native_password' is deprecated and will be removed in a future release. Please use caching_sha2_password instead'
app1-1   | 172.20.0.5 -  23/Jul/2025:13:06:20 +0000 "POST /payments" 200
nginx-1  | 172.20.0.1 - - [23/Jul/2025:13:06:20 +0000] "POST /payments HTTP/1.1" 200 5 "-" "Grafana k6/1.1.0" "-"
db-1     | 2025-07-23T13:06:20.736601Z 49 [Warning] [MY-013360] [Server] Plugin mysql_native_password reported: ''mysql_native_password' is deprecated and will be removed in a future release. Please use caching_sha2_password instead'
app2-1   | 172.20.0.5 -  23/Jul/2025:13:06:20 +0000 "POST /payments" 200
nginx-1  | 172.20.0.1 - - [23/Jul/2025:13:06:20 +0000] "POST /payments HTTP/1.1" 200 5 "-" "Grafana k6/1.1.0" "-"
db-1     | 2025-07-23T13:06:20.758514Z 50 [Warning] [MY-013360] [Server] Plugin mysql_native_password reported: ''mysql_native_password' is deprecated and will be removed in a future release. Please use caching_sha2_password instead'
app2-1   | 172.20.0.5 -  23/Jul/2025:13:06:20 +0000 "POST /payments" 200
nginx-1  | 172.20.0.1 - - [23/Jul/2025:13:06:20 +0000] "POST /payments HTTP/1.1" 200 5 "-" "Grafana k6/1.1.0" "-"
db-1     | 2025-07-23T13:06:20.827000Z 51 [Warning] [MY-013360] [Server] Plugin mysql_native_password reported: ''mysql_native_password' is deprecated and will be removed in a future release. Please use caching_sha2_password instead'
app1-1   | 172.20.0.5 -  23/Jul/2025:13:06:20 +0000 "POST /payments" 200
nginx-1  | 172.20.0.1 - - [23/Jul/2025:13:06:20 +0000] "POST /payments HTTP/1.1" 200 5 "-" "Grafana k6/1.1.0" "-"
db-1     | 2025-07-23T13:06:20.846501Z 52 [Warning] [MY-013360] [Server] Plugin mysql_native_password reported: ''mysql_native_password' is deprecated and will be removed in a future release. Please use caching_sha2_password instead'
app2-1   | 172.20.0.5 -  23/Jul/2025:13:06:20 +0000 "POST /payments" 200
nginx-1  | 172.20.0.1 - - [23/Jul/2025:13:06:20 +0000] "POST /payments HTTP/1.1" 200 5 "-" "Grafana k6/1.1.0" "-"
db-1     | 2025-07-23T13:06:20.866438Z 53 [Warning] [MY-013360] [Server] Plugin mysql_native_password reported: ''mysql_native_password' is deprecated and will be removed in a future release. Please use caching_sha2_password instead'
app1-1   | 172.20.0.5 -  23/Jul/2025:13:06:20 +0000 "POST /payments" 200
nginx-1  | 172.20.0.1 - - [23/Jul/2025:13:06:20 +0000] "POST /payments HTTP/1.1" 200 5 "-" "Grafana k6/1.1.0" "-"
db-1     | 2025-07-23T13:06:20.936672Z 54 [Warning] [MY-013360] [Server] Plugin mysql_native_password reported: ''mysql_native_password' is deprecated and will be removed in a future release. Please use caching_sha2_password instead'
app1-1   | 172.20.0.5 -  23/Jul/2025:13:06:20 +0000 "POST /payments" 200
nginx-1  | 172.20.0.1 - - [23/Jul/2025:13:06:20 +0000] "POST /payments HTTP/1.1" 200 5 "-" "Grafana k6/1.1.0" "-"
db-1     | 2025-07-23T13:06:20.955383Z 55 [Warning] [MY-013360] [Server] Plugin mysql_native_password reported: ''mysql_native_password' is deprecated and will be removed in a future release. Please use caching_sha2_password instead'
app2-1   | 172.20.0.5 -  23/Jul/2025:13:06:20 +0000 "POST /payments" 200
nginx-1  | 172.20.0.1 - - [23/Jul/2025:13:06:20 +0000] "POST /payments HTTP/1.1" 200 5 "-" "Grafana k6/1.1.0" "-"
db-1     | 2025-07-23T13:06:20.976098Z 56 [Warning] [MY-013360] [Server] Plugin mysql_native_password reported: ''mysql_native_password' is deprecated and will be removed in a future release. Please use caching_sha2_password instead'
app2-1   | 172.20.0.5 -  23/Jul/2025:13:06:20 +0000 "POST /payments" 200
nginx-1  | 172.20.0.1 - - [23/Jul/2025:13:06:20 +0000] "POST /payments HTTP/1.1" 200 5 "-" "Grafana k6/1.1.0" "-"
db-1     | 2025-07-23T13:06:21.045163Z 57 [Warning] [MY-013360] [Server] Plugin mysql_native_password reported: ''mysql_native_password' is deprecated and will be removed in a future release. Please use caching_sha2_password instead'
app1-1   | 172.20.0.5 -  23/Jul/2025:13:06:21 +0000 "POST /payments" 200
nginx-1  | 172.20.0.1 - - [23/Jul/2025:13:06:21 +0000] "POST /payments HTTP/1.1" 200 5 "-" "Grafana k6/1.1.0" "-"
db-1     | 2025-07-23T13:06:21.065033Z 58 [Warning] [MY-013360] [Server] Plugin mysql_native_password reported: ''mysql_native_password' is deprecated and will be removed in a future release. Please use caching_sha2_password instead'
app2-1   | 172.20.0.5 -  23/Jul/2025:13:06:21 +0000 "POST /payments" 200
nginx-1  | 172.20.0.1 - - [23/Jul/2025:13:06:21 +0000] "POST /payments HTTP/1.1" 200 5 "-" "Grafana k6/1.1.0" "-"
db-1     | 2025-07-23T13:06:21.083504Z 59 [Warning] [MY-013360] [Server] Plugin mysql_native_password reported: ''mysql_native_password' is deprecated and will be removed in a future release. Please use caching_sha2_password instead'
app1-1   | 172.20.0.5 -  23/Jul/2025:13:06:21 +0000 "POST /payments" 200
nginx-1  | 172.20.0.1 - - [23/Jul/2025:13:06:21 +0000] "POST /payments HTTP/1.1" 200 5 "-" "Grafana k6/1.1.0" "-"
db-1     | 2025-07-23T13:06:21.154614Z 60 [Warning] [MY-013360] [Server] Plugin mysql_native_password reported: ''mysql_native_password' is deprecated and will be removed in a future release. Please use caching_sha2_password instead'
app1-1   | 172.20.0.5 -  23/Jul/2025:13:06:21 +0000 "POST /payments" 200
nginx-1  | 172.20.0.1 - - [23/Jul/2025:13:06:21 +0000] "POST /payments HTTP/1.1" 200 5 "-" "Grafana k6/1.1.0" "-"
db-1     | 2025-07-23T13:06:21.173994Z 61 [Warning] [MY-013360] [Server] Plugin mysql_native_password reported: ''mysql_native_password' is deprecated and will be removed in a future release. Please use caching_sha2_password instead'
app2-1   | 172.20.0.5 -  23/Jul/2025:13:06:21 +0000 "POST /payments" 200
nginx-1  | 172.20.0.1 - - [23/Jul/2025:13:06:21 +0000] "POST /payments HTTP/1.1" 200 5 "-" "Grafana k6/1.1.0" "-"
db-1     | 2025-07-23T13:06:21.194801Z 62 [Warning] [MY-013360] [Server] Plugin mysql_native_password reported: ''mysql_native_password' is deprecated and will be removed in a future release. Please use caching_sha2_password instead'
app2-1   | 172.20.0.5 -  23/Jul/2025:13:06:21 +0000 "POST /payments" 200
nginx-1  | 172.20.0.1 - - [23/Jul/2025:13:06:21 +0000] "POST /payments HTTP/1.1" 200 5 "-" "Grafana k6/1.1.0" "-"
db-1     | 2025-07-23T13:06:21.263944Z 63 [Warning] [MY-013360] [Server] Plugin mysql_native_password reported: ''mysql_native_password' is deprecated and will be removed in a future release. Please use caching_sha2_password instead'
app1-1   | 172.20.0.5 -  23/Jul/2025:13:06:21 +0000 "POST /payments" 200
nginx-1  | 172.20.0.1 - - [23/Jul/2025:13:06:21 +0000] "POST /payments HTTP/1.1" 200 5 "-" "Grafana k6/1.1.0" "-"
db-1     | 2025-07-23T13:06:21.284344Z 64 [Warning] [MY-013360] [Server] Plugin mysql_native_password reported: ''mysql_native_password' is deprecated and will be removed in a future release. Please use caching_sha2_password instead'
app2-1   | 172.20.0.5 -  23/Jul/2025:13:06:21 +0000 "POST /payments" 200
nginx-1  | 172.20.0.1 - - [23/Jul/2025:13:06:21 +0000] "POST /payments HTTP/1.1" 200 5 "-" "Grafana k6/1.1.0" "-"
db-1     | 2025-07-23T13:06:21.302950Z 65 [Warning] [MY-013360] [Server] Plugin mysql_native_password reported: ''mysql_native_password' is deprecated and will be removed in a future release. Please use caching_sha2_password instead'
app1-1   | 172.20.0.5 -  23/Jul/2025:13:06:21 +0000 "POST /payments" 200
nginx-1  | 172.20.0.1 - - [23/Jul/2025:13:06:21 +0000] "POST /payments HTTP/1.1" 200 5 "-" "Grafana k6/1.1.0" "-"
db-1     | 2025-07-23T13:06:21.375740Z 66 [Warning] [MY-013360] [Server] Plugin mysql_native_password reported: ''mysql_native_password' is deprecated and will be removed in a future release. Please use caching_sha2_password instead'
app2-1   | 172.20.0.5 -  23/Jul/2025:13:06:21 +0000 "POST /payments" 200
nginx-1  | 172.20.0.1 - - [23/Jul/2025:13:06:21 +0000] "POST /payments HTTP/1.1" 200 5 "-" "Grafana k6/1.1.0" "-"
db-1     | 2025-07-23T13:06:21.411380Z 67 [Warning] [MY-013360] [Server] Plugin mysql_native_password reported: ''mysql_native_password' is deprecated and will be removed in a future release. Please use caching_sha2_password instead'
app2-1   | 172.20.0.5 -  23/Jul/2025:13:06:21 +0000 "POST /payments" 200
nginx-1  | 172.20.0.1 - - [23/Jul/2025:13:06:21 +0000] "POST /payments HTTP/1.1" 200 5 "-" "Grafana k6/1.1.0" "-"
db-1     | 2025-07-23T13:06:21.413087Z 68 [Warning] [MY-013360] [Server] Plugin mysql_native_password reported: ''mysql_native_password' is deprecated and will be removed in a future release. Please use caching_sha2_password instead'
app1-1   | 172.20.0.5 -  23/Jul/2025:13:06:21 +0000 "POST /payments" 200
nginx-1  | 172.20.0.1 - - [23/Jul/2025:13:06:21 +0000] "POST /payments HTTP/1.1" 200 5 "-" "Grafana k6/1.1.0" "-"
db-1     | 2025-07-23T13:06:21.446575Z 69 [Warning] [MY-013360] [Server] Plugin mysql_native_password reported: ''mysql_native_password' is deprecated and will be removed in a future release. Please use caching_sha2_password instead'
app1-1   | 172.20.0.5 -  23/Jul/2025:13:06:21 +0000 "POST /payments" 200
nginx-1  | 172.20.0.1 - - [23/Jul/2025:13:06:21 +0000] "POST /payments HTTP/1.1" 200 5 "-" "Grafana k6/1.1.0" "-"
db-1     | 2025-07-23T13:06:21.482853Z 70 [Warning] [MY-013360] [Server] Plugin mysql_native_password reported: ''mysql_native_password' is deprecated and will be removed in a future release. Please use caching_sha2_password instead'
app1-1   | 172.20.0.5 -  23/Jul/2025:13:06:21 +0000 "POST /payments" 200
nginx-1  | 172.20.0.1 - - [23/Jul/2025:13:06:21 +0000] "POST /payments HTTP/1.1" 200 5 "-" "Grafana k6/1.1.0" "-"
db-1     | 2025-07-23T13:06:21.502354Z 71 [Warning] [MY-013360] [Server] Plugin mysql_native_password reported: ''mysql_native_password' is deprecated and will be removed in a future release. Please use caching_sha2_password instead'
app2-1   | 172.20.0.5 -  23/Jul/2025:13:06:21 +0000 "POST /payments" 200
nginx-1  | 172.20.0.1 - - [23/Jul/2025:13:06:21 +0000] "POST /payments HTTP/1.1" 200 5 "-" "Grafana k6/1.1.0" "-"
db-1     | 2025-07-23T13:06:21.521855Z 72 [Warning] [MY-013360] [Server] Plugin mysql_native_password reported: ''mysql_native_password' is deprecated and will be removed in a future release. Please use caching_sha2_password instead'
app2-1   | 172.20.0.5 -  23/Jul/2025:13:06:21 +0000 "POST /payments" 200
nginx-1  | 172.20.0.1 - - [23/Jul/2025:13:06:21 +0000] "POST /payments HTTP/1.1" 200 5 "-" "Grafana k6/1.1.0" "-"
db-1     | 2025-07-23T13:06:21.547494Z 73 [Warning] [MY-013360] [Server] Plugin mysql_native_password reported: ''mysql_native_password' is deprecated and will be removed in a future release. Please use caching_sha2_password instead'
app1-1   | 172.20.0.5 -  23/Jul/2025:13:06:21 +0000 "POST /payments" 200
nginx-1  | 172.20.0.1 - - [23/Jul/2025:13:06:21 +0000] "POST /payments HTTP/1.1" 200 5 "-" "Grafana k6/1.1.0" "-"
db-1     | 2025-07-23T13:06:21.592321Z 74 [Warning] [MY-013360] [Server] Plugin mysql_native_password reported: ''mysql_native_password' is deprecated and will be removed in a future release. Please use caching_sha2_password instead'
app2-1   | 172.20.0.5 -  23/Jul/2025:13:06:21 +0000 "POST /payments" 200
nginx-1  | 172.20.0.1 - - [23/Jul/2025:13:06:21 +0000] "POST /payments HTTP/1.1" 200 5 "-" "Grafana k6/1.1.0" "-"
db-1     | 2025-07-23T13:06:21.615074Z 75 [Warning] [MY-013360] [Server] Plugin mysql_native_password reported: ''mysql_native_password' is deprecated and will be removed in a future release. Please use caching_sha2_password instead'
app1-1   | 172.20.0.5 -  23/Jul/2025:13:06:21 +0000 "POST /payments" 200
nginx-1  | 172.20.0.1 - - [23/Jul/2025:13:06:21 +0000] "POST /payments HTTP/1.1" 200 5 "-" "Grafana k6/1.1.0" "-"
db-1     | 2025-07-23T13:06:21.631462Z 76 [Warning] [MY-013360] [Server] Plugin mysql_native_password reported: ''mysql_native_password' is deprecated and will be removed in a future release. Please use caching_sha2_password instead'
app2-1   | 172.20.0.5 -  23/Jul/2025:13:06:21 +0000 "POST /payments" 200
nginx-1  | 172.20.0.1 - - [23/Jul/2025:13:06:21 +0000] "POST /payments HTTP/1.1" 200 5 "-" "Grafana k6/1.1.0" "-"
db-1     | 2025-07-23T13:06:21.651289Z 77 [Warning] [MY-013360] [Server] Plugin mysql_native_password reported: ''mysql_native_password' is deprecated and will be removed in a future release. Please use caching_sha2_password instead'
app2-1   | 172.20.0.5 -  23/Jul/2025:13:06:21 +0000 "POST /payments" 200
nginx-1  | 172.20.0.1 - - [23/Jul/2025:13:06:21 +0000] "POST /payments HTTP/1.1" 200 5 "-" "Grafana k6/1.1.0" "-"
db-1     | 2025-07-23T13:06:21.701283Z 78 [Warning] [MY-013360] [Server] Plugin mysql_native_password reported: ''mysql_native_password' is deprecated and will be removed in a future release. Please use caching_sha2_password instead'
app1-1   | 172.20.0.5 -  23/Jul/2025:13:06:21 +0000 "POST /payments" 200
nginx-1  | 172.20.0.1 - - [23/Jul/2025:13:06:21 +0000] "POST /payments HTTP/1.1" 200 5 "-" "Grafana k6/1.1.0" "-"
db-1     | 2025-07-23T13:06:21.731697Z 79 [Warning] [MY-013360] [Server] Plugin mysql_native_password reported: ''mysql_native_password' is deprecated and will be removed in a future release. Please use caching_sha2_password instead'
app1-1   | 172.20.0.5 -  23/Jul/2025:13:06:21 +0000 "POST /payments" 200
nginx-1  | 172.20.0.1 - - [23/Jul/2025:13:06:21 +0000] "POST /payments HTTP/1.1" 200 5 "-" "Grafana k6/1.1.0" "-"
db-1     | 2025-07-23T13:06:21.744541Z 80 [Warning] [MY-013360] [Server] Plugin mysql_native_password reported: ''mysql_native_password' is deprecated and will be removed in a future release. Please use caching_sha2_password instead'
app2-1   | 172.20.0.5 -  23/Jul/2025:13:06:21 +0000 "POST /payments" 200
nginx-1  | 172.20.0.1 - - [23/Jul/2025:13:06:21 +0000] "POST /payments HTTP/1.1" 200 5 "-" "Grafana k6/1.1.0" "-"
db-1     | 2025-07-23T13:06:21.761285Z 81 [Warning] [MY-013360] [Server] Plugin mysql_native_password reported: ''mysql_native_password' is deprecated and will be removed in a future release. Please use caching_sha2_password instead'
app1-1   | 172.20.0.5 -  23/Jul/2025:13:06:21 +0000 "POST /payments" 200
nginx-1  | 172.20.0.1 - - [23/Jul/2025:13:06:21 +0000] "POST /payments HTTP/1.1" 200 5 "-" "Grafana k6/1.1.0" "-"
db-1     | 2025-07-23T13:06:21.810336Z 82 [Warning] [MY-013360] [Server] Plugin mysql_native_password reported: ''mysql_native_password' is deprecated and will be removed in a future release. Please use caching_sha2_password instead'
app2-1   | 172.20.0.5 -  23/Jul/2025:13:06:21 +0000 "POST /payments" 200
nginx-1  | 172.20.0.1 - - [23/Jul/2025:13:06:21 +0000] "POST /payments HTTP/1.1" 200 5 "-" "Grafana k6/1.1.0" "-"
db-1     | 2025-07-23T13:06:21.829756Z 83 [Warning] [MY-013360] [Server] Plugin mysql_native_password reported: ''mysql_native_password' is deprecated and will be removed in a future release. Please use caching_sha2_password instead'
app1-1   | 172.20.0.5 -  23/Jul/2025:13:06:21 +0000 "POST /payments" 200
nginx-1  | 172.20.0.1 - - [23/Jul/2025:13:06:21 +0000] "POST /payments HTTP/1.1" 200 5 "-" "Grafana k6/1.1.0" "-"
db-1     | 2025-07-23T13:06:21.849402Z 84 [Warning] [MY-013360] [Server] Plugin mysql_native_password reported: ''mysql_native_password' is deprecated and will be removed in a future release. Please use caching_sha2_password instead'
app2-1   | 172.20.0.5 -  23/Jul/2025:13:06:21 +0000 "POST /payments" 200
nginx-1  | 172.20.0.1 - - [23/Jul/2025:13:06:21 +0000] "POST /payments HTTP/1.1" 200 5 "-" "Grafana k6/1.1.0" "-"
db-1     | 2025-07-23T13:06:21.869534Z 85 [Warning] [MY-013360] [Server] Plugin mysql_native_password reported: ''mysql_native_password' is deprecated and will be removed in a future release. Please use caching_sha2_password instead'
app2-1   | 172.20.0.5 -  23/Jul/2025:13:06:21 +0000 "POST /payments" 200
nginx-1  | 172.20.0.1 - - [23/Jul/2025:13:06:21 +0000] "POST /payments HTTP/1.1" 200 5 "-" "Grafana k6/1.1.0" "-"
db-1     | 2025-07-23T13:06:21.919762Z 86 [Warning] [MY-013360] [Server] Plugin mysql_native_password reported: ''mysql_native_password' is deprecated and will be removed in a future release. Please use caching_sha2_password instead'
app1-1   | 172.20.0.5 -  23/Jul/2025:13:06:21 +0000 "POST /payments" 200
nginx-1  | 172.20.0.1 - - [23/Jul/2025:13:06:21 +0000] "POST /payments HTTP/1.1" 200 5 "-" "Grafana k6/1.1.0" "-"
db-1     | 2025-07-23T13:06:21.940289Z 87 [Warning] [MY-013360] [Server] Plugin mysql_native_password reported: ''mysql_native_password' is deprecated and will be removed in a future release. Please use caching_sha2_password instead'
app1-1   | 172.20.0.5 -  23/Jul/2025:13:06:21 +0000 "POST /payments" 200
nginx-1  | 172.20.0.1 - - [23/Jul/2025:13:06:21 +0000] "POST /payments HTTP/1.1" 200 5 "-" "Grafana k6/1.1.0" "-"
db-1     | 2025-07-23T13:06:21.958429Z 88 [Warning] [MY-013360] [Server] Plugin mysql_native_password reported: ''mysql_native_password' is deprecated and will be removed in a future release. Please use caching_sha2_password instead'
app2-1   | 172.20.0.5 -  23/Jul/2025:13:06:21 +0000 "POST /payments" 200
nginx-1  | 172.20.0.1 - - [23/Jul/2025:13:06:21 +0000] "POST /payments HTTP/1.1" 200 5 "-" "Grafana k6/1.1.0" "-"
db-1     | 2025-07-23T13:06:21.978728Z 89 [Warning] [MY-013360] [Server] Plugin mysql_native_password reported: ''mysql_native_password' is deprecated and will be removed in a future release. Please use caching_sha2_password instead'
app1-1   | 172.20.0.5 -  23/Jul/2025:13:06:21 +0000 "POST /payments" 200
nginx-1  | 172.20.0.1 - - [23/Jul/2025:13:06:21 +0000] "POST /payments HTTP/1.1" 200 5 "-" "Grafana k6/1.1.0" "-"
db-1     | 2025-07-23T13:06:22.028741Z 90 [Warning] [MY-013360] [Server] Plugin mysql_native_password reported: ''mysql_native_password' is deprecated and will be removed in a future release. Please use caching_sha2_password instead'
app2-1   | 172.20.0.5 -  23/Jul/2025:13:06:22 +0000 "POST /payments" 200
nginx-1  | 172.20.0.1 - - [23/Jul/2025:13:06:22 +0000] "POST /payments HTTP/1.1" 200 5 "-" "Grafana k6/1.1.0" "-"
db-1     | 2025-07-23T13:06:22.048015Z 91 [Warning] [MY-013360] [Server] Plugin mysql_native_password reported: ''mysql_native_password' is deprecated and will be removed in a future release. Please use caching_sha2_password instead'
app1-1   | 172.20.0.5 -  23/Jul/2025:13:06:22 +0000 "POST /payments" 200
nginx-1  | 172.20.0.1 - - [23/Jul/2025:13:06:22 +0000] "POST /payments HTTP/1.1" 200 5 "-" "Grafana k6/1.1.0" "-"
db-1     | 2025-07-23T13:06:22.067544Z 92 [Warning] [MY-013360] [Server] Plugin mysql_native_password reported: ''mysql_native_password' is deprecated and will be removed in a future release. Please use caching_sha2_password instead'
app2-1   | 172.20.0.5 -  23/Jul/2025:13:06:22 +0000 "POST /payments" 200
nginx-1  | 172.20.0.1 - - [23/Jul/2025:13:06:22 +0000] "POST /payments HTTP/1.1" 200 5 "-" "Grafana k6/1.1.0" "-"
db-1     | 2025-07-23T13:06:22.085871Z 93 [Warning] [MY-013360] [Server] Plugin mysql_native_password reported: ''mysql_native_password' is deprecated and will be removed in a future release. Please use caching_sha2_password instead'
app2-1   | 172.20.0.5 -  23/Jul/2025:13:06:22 +0000 "POST /payments" 200
nginx-1  | 172.20.0.1 - - [23/Jul/2025:13:06:22 +0000] "POST /payments HTTP/1.1" 200 5 "-" "Grafana k6/1.1.0" "-"
