
 app1 Pulling 
 app2 Pulling 
 9824c27679d3 Already exists 
 e8bb6d11e01f Already exists 
 58a82a581402 Already exists 
 0875f8f645ba Already exists 
 9498878100ff Already exists 
 ffb3b9e22dbd Already exists 
 8d244030c1d9 Already exists 
 d3e318bb5cfa Already exists 
 5df01366e5a0 Already exists 
 b43760dff68a Already exists 
 4f4fb700ef54 Already exists 
 5bce753bab54 Already exists 
 41a2d747eda9 Already exists 
 bd756135230f Already exists 
 6a3ddc1434c5 Pulling fs layer 
 4f4fb700ef54 Pulling fs layer 
 9824c27679d3 Already exists 
 e8bb6d11e01f Already exists 
 58a82a581402 Already exists 
 0875f8f645ba Already exists 
 9498878100ff Already exists 
 ffb3b9e22dbd Already exists 
 8d244030c1d9 Already exists 
 d3e318bb5cfa Already exists 
 5df01366e5a0 Already exists 
 b43760dff68a Already exists 
 4f4fb700ef54 Already exists 
 5bce753bab54 Already exists 
 41a2d747eda9 Already exists 
 bd756135230f Already exists 
 6a3ddc1434c5 Pulling fs layer 
 4f4fb700ef54 Pulling fs layer 
 4f4fb700ef54 Download complete 
 4f4fb700ef54 Downloading [==================================================>]      32B/32B
 4f4fb700ef54 Download complete 
 6a3ddc1434c5 Downloading [=========================>                         ]     936B/1.811kB
 6a3ddc1434c5 Downloading [==================================================>]  1.811kB/1.811kB
 6a3ddc1434c5 Downloading [=========================>                         ]     936B/1.811kB
 6a3ddc1434c5 Downloading [==================================================>]  1.811kB/1.811kB
 6a3ddc1434c5 Verifying Checksum 
 6a3ddc1434c5 Download complete 
 6a3ddc1434c5 Verifying Checksum 
 6a3ddc1434c5 Download complete 
 6a3ddc1434c5 Extracting [==================================================>]  1.811kB/1.811kB
 6a3ddc1434c5 Extracting [==================================================>]  1.811kB/1.811kB
 6a3ddc1434c5 Extracting [==================================================>]  1.811kB/1.811kB
 6a3ddc1434c5 Extracting [==================================================>]  1.811kB/1.811kB
 6a3ddc1434c5 Pull complete 
 6a3ddc1434c5 Pull complete 
 4f4fb700ef54 Extracting [==================================================>]      32B/32B
 4f4fb700ef54 Extracting [==================================================>]      32B/32B
 4f4fb700ef54 Extracting [==================================================>]      32B/32B
 4f4fb700ef54 Extracting [==================================================>]      32B/32B
 4f4fb700ef54 Pull complete 
 4f4fb700ef54 Pull complete 
 app2 Pulled 
 app1 Pulled 
 Network joao-bittencourt-php_rinha  Creating
 Network joao-bittencourt-php_rinha  Created
 Container joao-bittencourt-php-app2-1  Creating
 Container joao-bittencourt-php-app1-1  Creating
 Container joao-bittencourt-php-db-1  Creating
 Container joao-bittencourt-php-app2-1  Created
 Container joao-bittencourt-php-app1-1  Created
 Container joao-bittencourt-php-nginx-1  Creating
 Container joao-bittencourt-php-db-1  Created
 Container joao-bittencourt-php-nginx-1  Created
Attaching to app1-1, app2-1, db-1, nginx-1
db-1     | 2025-07-21 00:51:49+00:00 [Note] [Entrypoint]: Entrypoint script for MySQL Server 8.0.36-1.el8 started.
db-1     | 2025-07-21 00:51:49+00:00 [Note] [Entrypoint]: Switching to dedicated user 'mysql'
db-1     | 2025-07-21 00:51:49+00:00 [Note] [Entrypoint]: Entrypoint script for MySQL Server 8.0.36-1.el8 started.
app1-1   | [21-Jul-2025 00:51:49] NOTICE: fpm is running, pid 1
app1-1   | [21-Jul-2025 00:51:49] NOTICE: ready to handle connections
app2-1   | [21-Jul-2025 00:51:49] NOTICE: fpm is running, pid 1
app2-1   | [21-Jul-2025 00:51:49] NOTICE: ready to handle connections
nginx-1  | /docker-entrypoint.sh: /docker-entrypoint.d/ is not empty, will attempt to perform configuration
nginx-1  | /docker-entrypoint.sh: Looking for shell scripts in /docker-entrypoint.d/
nginx-1  | /docker-entrypoint.sh: Launching /docker-entrypoint.d/10-listen-on-ipv6-by-default.sh
nginx-1  | 10-listen-on-ipv6-by-default.sh: info: Getting the checksum of /etc/nginx/conf.d/default.conf
db-1     | 2025-07-21 00:51:50+00:00 [Note] [Entrypoint]: Initializing database files
nginx-1  | 10-listen-on-ipv6-by-default.sh: info: /etc/nginx/conf.d/default.conf differs from the packaged version
nginx-1  | /docker-entrypoint.sh: Sourcing /docker-entrypoint.d/15-local-resolvers.envsh
nginx-1  | /docker-entrypoint.sh: Launching /docker-entrypoint.d/20-envsubst-on-templates.sh
db-1     | 2025-07-21T00:51:50.131682Z 0 [Warning] [MY-011068] [Server] The syntax '--skip-host-cache' is deprecated and will be removed in a future release. Please use SET GLOBAL host_cache_size=0 instead.
db-1     | 2025-07-21T00:51:50.131807Z 0 [Warning] [MY-010918] [Server] 'default_authentication_plugin' is deprecated and will be removed in a future release. Please use authentication_policy instead.
db-1     | 2025-07-21T00:51:50.131846Z 0 [System] [MY-013169] [Server] /usr/sbin/mysqld (mysqld 8.0.36) initializing of server in progress as process 80
db-1     | 2025-07-21T00:51:50.141536Z 0 [Warning] [MY-013907] [InnoDB] Deprecated configuration parameters innodb_log_file_size and/or innodb_log_files_in_group have been used to compute innodb_redo_log_capacity=67108864. Please use innodb_redo_log_capacity instead.
db-1     | 2025-07-21T00:51:50.143439Z 1 [System] [MY-013576] [InnoDB] InnoDB initialization has started.
nginx-1  | /docker-entrypoint.sh: Launching /docker-entrypoint.d/30-tune-worker-processes.sh
nginx-1  | /docker-entrypoint.sh: Configuration complete; ready for start up
nginx-1  | 2025/07/21 00:51:50 [notice] 1#1: using the "epoll" event method
nginx-1  | 2025/07/21 00:51:50 [notice] 1#1: nginx/1.29.0
nginx-1  | 2025/07/21 00:51:50 [notice] 1#1: built by gcc 14.2.0 (Alpine 14.2.0) 
nginx-1  | 2025/07/21 00:51:50 [notice] 1#1: OS: Linux 6.1.0-37-amd64
nginx-1  | 2025/07/21 00:51:50 [notice] 1#1: getrlimit(RLIMIT_NOFILE): 1048576:1048576
nginx-1  | 2025/07/21 00:51:50 [notice] 1#1: start worker processes
nginx-1  | 2025/07/21 00:51:50 [notice] 1#1: start worker process 29
nginx-1  | 2025/07/21 00:51:50 [notice] 1#1: start worker process 30
nginx-1  | 2025/07/21 00:51:50 [notice] 1#1: start worker process 31
nginx-1  | 2025/07/21 00:51:50 [notice] 1#1: start worker process 32
app1-1   | 172.20.0.5 -  21/Jul/2025:00:51:50 +0000 "GET /index.php" 500
nginx-1  | 172.20.0.1 - - [21/Jul/2025:00:51:50 +0000] "GET /payments-summary HTTP/1.1" 500 320 "-" "curl/7.88.1" "-"
db-1     | 2025-07-21T00:51:52.588914Z 1 [System] [MY-013577] [InnoDB] InnoDB initialization has ended.
db-1     | 2025-07-21T00:51:55.600406Z 6 [Warning] [MY-010453] [Server] root@localhost is created with an empty password ! Please consider switching off the --initialize-insecure option.
app1-1   | 172.20.0.5 -  21/Jul/2025:00:51:55 +0000 "GET /index.php" 500
nginx-1  | 172.20.0.1 - - [21/Jul/2025:00:51:55 +0000] "GET /payments-summary HTTP/1.1" 500 320 "-" "curl/7.88.1" "-"
db-1     | 2025-07-21T00:51:55.989288Z 6 [Warning] [MY-013360] [Server] Plugin mysql_native_password reported: ''mysql_native_password' is deprecated and will be removed in a future release. Please use caching_sha2_password instead'
app1-1   | 172.20.0.5 -  21/Jul/2025:00:52:00 +0000 "GET /index.php" 500
nginx-1  | 172.20.0.1 - - [21/Jul/2025:00:52:00 +0000] "GET /payments-summary HTTP/1.1" 500 320 "-" "curl/7.88.1" "-"
app1-1   | 172.20.0.5 -  21/Jul/2025:00:52:05 +0000 "GET /index.php" 500
nginx-1  | 172.20.0.1 - - [21/Jul/2025:00:52:05 +0000] "GET /payments-summary HTTP/1.1" 500 320 "-" "curl/7.88.1" "-"
db-1     | 2025-07-21 00:52:06+00:00 [Note] [Entrypoint]: Database files initialized
db-1     | 2025-07-21 00:52:06+00:00 [Note] [Entrypoint]: Starting temporary server
db-1     | 2025-07-21T00:52:06.641979Z 0 [Warning] [MY-011068] [Server] The syntax '--skip-host-cache' is deprecated and will be removed in a future release. Please use SET GLOBAL host_cache_size=0 instead.
db-1     | 2025-07-21T00:52:06.643953Z 0 [Warning] [MY-010918] [Server] 'default_authentication_plugin' is deprecated and will be removed in a future release. Please use authentication_policy instead.
db-1     | 2025-07-21T00:52:06.643976Z 0 [System] [MY-010116] [Server] /usr/sbin/mysqld (mysqld 8.0.36) starting as process 136
db-1     | 2025-07-21T00:52:06.656820Z 0 [Warning] [MY-013907] [InnoDB] Deprecated configuration parameters innodb_log_file_size and/or innodb_log_files_in_group have been used to compute innodb_redo_log_capacity=67108864. Please use innodb_redo_log_capacity instead.
db-1     | 2025-07-21T00:52:06.683480Z 1 [System] [MY-013576] [InnoDB] InnoDB initialization has started.
db-1     | 2025-07-21T00:52:07.805362Z 1 [System] [MY-013577] [InnoDB] InnoDB initialization has ended.
db-1     | 2025-07-21T00:52:08.436424Z 0 [Warning] [MY-010068] [Server] CA certificate ca.pem is self signed.
db-1     | 2025-07-21T00:52:08.436454Z 0 [System] [MY-013602] [Server] Channel mysql_main configured to support TLS. Encrypted connections are now supported for this channel.
db-1     | 2025-07-21T00:52:08.444545Z 0 [Warning] [MY-011810] [Server] Insecure configuration for --pid-file: Location '/var/run/mysqld' in the path is accessible to all OS users. Consider choosing a different directory.
db-1     | 2025-07-21T00:52:08.466307Z 0 [System] [MY-011323] [Server] X Plugin ready for connections. Socket: /var/run/mysqld/mysqlx.sock
db-1     | 2025-07-21T00:52:08.466383Z 0 [System] [MY-010931] [Server] /usr/sbin/mysqld: ready for connections. Version: '8.0.36'  socket: '/var/run/mysqld/mysqld.sock'  port: 0  MySQL Community Server - GPL.
db-1     | 2025-07-21 00:52:08+00:00 [Note] [Entrypoint]: Temporary server started.
db-1     | '/var/lib/mysql/mysql.sock' -> '/var/run/mysqld/mysqld.sock'
db-1     | 2025-07-21T00:52:08.603130Z 8 [Warning] [MY-013360] [Server] Plugin mysql_native_password reported: ''mysql_native_password' is deprecated and will be removed in a future release. Please use caching_sha2_password instead'
db-1     | Warning: Unable to load '/usr/share/zoneinfo/iso3166.tab' as time zone. Skipping it.
db-1     | Warning: Unable to load '/usr/share/zoneinfo/leap-seconds.list' as time zone. Skipping it.
db-1     | Warning: Unable to load '/usr/share/zoneinfo/leapseconds' as time zone. Skipping it.
db-1     | 2025-07-21T00:52:09.826151Z 9 [Warning] [MY-013360] [Server] Plugin mysql_native_password reported: ''mysql_native_password' is deprecated and will be removed in a future release. Please use caching_sha2_password instead'
app2-1   | 172.20.0.5 -  21/Jul/2025:00:52:10 +0000 "GET /index.php" 500
nginx-1  | 172.20.0.1 - - [21/Jul/2025:00:52:10 +0000] "GET /payments-summary HTTP/1.1" 500 320 "-" "curl/7.88.1" "-"
db-1     | Warning: Unable to load '/usr/share/zoneinfo/tzdata.zi' as time zone. Skipping it.
db-1     | Warning: Unable to load '/usr/share/zoneinfo/zone.tab' as time zone. Skipping it.
db-1     | Warning: Unable to load '/usr/share/zoneinfo/zone1970.tab' as time zone. Skipping it.
db-1     | 2025-07-21T00:52:11.127577Z 10 [Warning] [MY-013360] [Server] Plugin mysql_native_password reported: ''mysql_native_password' is deprecated and will be removed in a future release. Please use caching_sha2_password instead'
db-1     | 2025-07-21T00:52:11.130343Z 10 [Warning] [MY-013360] [Server] Plugin mysql_native_password reported: ''mysql_native_password' is deprecated and will be removed in a future release. Please use caching_sha2_password instead'
db-1     | 2025-07-21T00:52:11.135623Z 10 [Warning] [MY-013360] [Server] Plugin mysql_native_password reported: ''mysql_native_password' is deprecated and will be removed in a future release. Please use caching_sha2_password instead'
db-1     | 2025-07-21 00:52:11+00:00 [Note] [Entrypoint]: Creating database rinha
db-1     | 2025-07-21T00:52:11.170693Z 11 [Warning] [MY-013360] [Server] Plugin mysql_native_password reported: ''mysql_native_password' is deprecated and will be removed in a future release. Please use caching_sha2_password instead'
db-1     | 2025-07-21 00:52:11+00:00 [Note] [Entrypoint]: Creating user username
db-1     | 2025-07-21T00:52:11.201270Z 12 [Warning] [MY-013360] [Server] Plugin mysql_native_password reported: ''mysql_native_password' is deprecated and will be removed in a future release. Please use caching_sha2_password instead'
db-1     | 2025-07-21T00:52:11.218087Z 12 [Warning] [MY-013360] [Server] Plugin mysql_native_password reported: ''mysql_native_password' is deprecated and will be removed in a future release. Please use caching_sha2_password instead'
db-1     | 2025-07-21 00:52:11+00:00 [Note] [Entrypoint]: Giving user username access to schema rinha
db-1     | 2025-07-21T00:52:11.228014Z 13 [Warning] [MY-013360] [Server] Plugin mysql_native_password reported: ''mysql_native_password' is deprecated and will be removed in a future release. Please use caching_sha2_password instead'
db-1     | 
db-1     | 2025-07-21 00:52:11+00:00 [Note] [Entrypoint]: /usr/local/bin/docker-entrypoint.sh: running /docker-entrypoint-initdb.d/init.sql
db-1     | 2025-07-21T00:52:11.253571Z 14 [Warning] [MY-013360] [Server] Plugin mysql_native_password reported: ''mysql_native_password' is deprecated and will be removed in a future release. Please use caching_sha2_password instead'
db-1     | 
db-1     | 
db-1     | 2025-07-21 00:52:11+00:00 [Note] [Entrypoint]: Stopping temporary server
db-1     | 2025-07-21T00:52:11.782841Z 15 [Warning] [MY-013360] [Server] Plugin mysql_native_password reported: ''mysql_native_password' is deprecated and will be removed in a future release. Please use caching_sha2_password instead'
db-1     | 2025-07-21T00:52:11.813917Z 15 [System] [MY-013172] [Server] Received SHUTDOWN from user root. Shutting down mysqld (Version: 8.0.36).
db-1     | 2025-07-21T00:52:15.476569Z 0 [System] [MY-010910] [Server] /usr/sbin/mysqld: Shutdown complete (mysqld 8.0.36)  MySQL Community Server - GPL.
app1-1   | 172.20.0.5 -  21/Jul/2025:00:52:15 +0000 "GET /index.php" 500
nginx-1  | 172.20.0.1 - - [21/Jul/2025:00:52:15 +0000] "GET /payments-summary HTTP/1.1" 500 320 "-" "curl/7.88.1" "-"
db-1     | 2025-07-21 00:52:15+00:00 [Note] [Entrypoint]: Temporary server stopped
db-1     | 
db-1     | 2025-07-21 00:52:15+00:00 [Note] [Entrypoint]: MySQL init process done. Ready for start up.
db-1     | 
db-1     | 2025-07-21T00:52:16.041261Z 0 [Warning] [MY-011068] [Server] The syntax '--skip-host-cache' is deprecated and will be removed in a future release. Please use SET GLOBAL host_cache_size=0 instead.
db-1     | 2025-07-21T00:52:16.042148Z 0 [Warning] [MY-010918] [Server] 'default_authentication_plugin' is deprecated and will be removed in a future release. Please use authentication_policy instead.
db-1     | 2025-07-21T00:52:16.042171Z 0 [System] [MY-010116] [Server] /usr/sbin/mysqld (mysqld 8.0.36) starting as process 1
db-1     | 2025-07-21T00:52:16.048019Z 0 [Warning] [MY-013907] [InnoDB] Deprecated configuration parameters innodb_log_file_size and/or innodb_log_files_in_group have been used to compute innodb_redo_log_capacity=67108864. Please use innodb_redo_log_capacity instead.
db-1     | 2025-07-21T00:52:16.049704Z 1 [System] [MY-013576] [InnoDB] InnoDB initialization has started.
db-1     | 2025-07-21T00:52:17.173298Z 1 [System] [MY-013577] [InnoDB] InnoDB initialization has ended.
db-1     | 2025-07-21T00:52:17.775858Z 0 [Warning] [MY-010068] [Server] CA certificate ca.pem is self signed.
db-1     | 2025-07-21T00:52:17.775894Z 0 [System] [MY-013602] [Server] Channel mysql_main configured to support TLS. Encrypted connections are now supported for this channel.
db-1     | 2025-07-21T00:52:17.785950Z 0 [Warning] [MY-011810] [Server] Insecure configuration for --pid-file: Location '/var/run/mysqld' in the path is accessible to all OS users. Consider choosing a different directory.
db-1     | 2025-07-21T00:52:17.845518Z 0 [System] [MY-011323] [Server] X Plugin ready for connections. Bind-address: '::' port: 33060, socket: /var/run/mysqld/mysqlx.sock
db-1     | 2025-07-21T00:52:17.845635Z 0 [System] [MY-010931] [Server] /usr/sbin/mysqld: ready for connections. Version: '8.0.36'  socket: '/var/run/mysqld/mysqld.sock'  port: 3306  MySQL Community Server - GPL.
db-1     | 2025-07-21T00:52:19.968071Z 8 [Warning] [MY-013360] [Server] Plugin mysql_native_password reported: ''mysql_native_password' is deprecated and will be removed in a future release. Please use caching_sha2_password instead'
db-1     | 2025-07-21T00:52:20.797654Z 9 [Warning] [MY-013360] [Server] Plugin mysql_native_password reported: ''mysql_native_password' is deprecated and will be removed in a future release. Please use caching_sha2_password instead'
app2-1   | 172.20.0.5 -  21/Jul/2025:00:52:20 +0000 "GET /index.php" 200
nginx-1  | 172.20.0.1 - - [21/Jul/2025:00:52:20 +0000] "GET /payments-summary HTTP/1.1" 200 105 "-" "curl/7.88.1" "-"
db-1     | 2025-07-21T00:52:26.903520Z 10 [Warning] [MY-013360] [Server] Plugin mysql_native_password reported: ''mysql_native_password' is deprecated and will be removed in a future release. Please use caching_sha2_password instead'
app1-1   | 172.20.0.5 -  21/Jul/2025:00:52:26 +0000 "POST /index.php" 200
nginx-1  | 172.20.0.1 - - [21/Jul/2025:00:52:26 +0000] "POST /purge-payments HTTP/1.1" 200 356 "-" "Grafana k6/1.1.0" "-"
db-1     | 2025-07-21T00:52:26.946765Z 11 [Warning] [MY-013360] [Server] Plugin mysql_native_password reported: ''mysql_native_password' is deprecated and will be removed in a future release. Please use caching_sha2_password instead'
app1-1   | 172.20.0.5 -  21/Jul/2025:00:52:26 +0000 "POST /index.php" 200
nginx-1  | 172.20.0.1 - - [21/Jul/2025:00:52:26 +0000] "POST /payments HTTP/1.1" 200 5 "-" "Grafana k6/1.1.0" "-"
db-1     | 2025-07-21T00:52:26.953967Z 12 [Warning] [MY-013360] [Server] Plugin mysql_native_password reported: ''mysql_native_password' is deprecated and will be removed in a future release. Please use caching_sha2_password instead'
app2-1   | 172.20.0.5 -  21/Jul/2025:00:52:26 +0000 "GET /index.php" 200
nginx-1  | 172.20.0.1 - - [21/Jul/2025:00:52:26 +0000] "GET /payments-summary?from=2025-07-21T00:52:16.943Z&to=2025-07-21T00:52:26.843Z HTTP/1.1" 200 105 "-" "Grafana k6/1.1.0" "-"
db-1     | 2025-07-21T00:52:27.054794Z 13 [Warning] [MY-013360] [Server] Plugin mysql_native_password reported: ''mysql_native_password' is deprecated and will be removed in a future release. Please use caching_sha2_password instead'
app2-1   | 172.20.0.5 -  21/Jul/2025:00:52:27 +0000 "POST /index.php" 200
nginx-1  | 172.20.0.1 - - [21/Jul/2025:00:52:27 +0000] "POST /payments HTTP/1.1" 200 5 "-" "Grafana k6/1.1.0" "-"
db-1     | 2025-07-21T00:52:27.165426Z 14 [Warning] [MY-013360] [Server] Plugin mysql_native_password reported: ''mysql_native_password' is deprecated and will be removed in a future release. Please use caching_sha2_password instead'
app1-1   | 172.20.0.5 -  21/Jul/2025:00:52:27 +0000 "POST /index.php" 200
nginx-1  | 172.20.0.1 - - [21/Jul/2025:00:52:27 +0000] "POST /payments HTTP/1.1" 200 5 "-" "Grafana k6/1.1.0" "-"
db-1     | 2025-07-21T00:52:27.273294Z 15 [Warning] [MY-013360] [Server] Plugin mysql_native_password reported: ''mysql_native_password' is deprecated and will be removed in a future release. Please use caching_sha2_password instead'
app2-1   | 172.20.0.5 -  21/Jul/2025:00:52:27 +0000 "POST /index.php" 200
nginx-1  | 172.20.0.1 - - [21/Jul/2025:00:52:27 +0000] "POST /payments HTTP/1.1" 200 5 "-" "Grafana k6/1.1.0" "-"
db-1     | 2025-07-21T00:52:27.381971Z 16 [Warning] [MY-013360] [Server] Plugin mysql_native_password reported: ''mysql_native_password' is deprecated and will be removed in a future release. Please use caching_sha2_password instead'
app1-1   | 172.20.0.5 -  21/Jul/2025:00:52:27 +0000 "POST /index.php" 200
nginx-1  | 172.20.0.1 - - [21/Jul/2025:00:52:27 +0000] "POST /payments HTTP/1.1" 200 5 "-" "Grafana k6/1.1.0" "-"
db-1     | 2025-07-21T00:52:27.492666Z 17 [Warning] [MY-013360] [Server] Plugin mysql_native_password reported: ''mysql_native_password' is deprecated and will be removed in a future release. Please use caching_sha2_password instead'
app2-1   | 172.20.0.5 -  21/Jul/2025:00:52:27 +0000 "POST /index.php" 200
nginx-1  | 172.20.0.1 - - [21/Jul/2025:00:52:27 +0000] "POST /payments HTTP/1.1" 200 5 "-" "Grafana k6/1.1.0" "-"
db-1     | 2025-07-21T00:52:27.601796Z 18 [Warning] [MY-013360] [Server] Plugin mysql_native_password reported: ''mysql_native_password' is deprecated and will be removed in a future release. Please use caching_sha2_password instead'
app1-1   | 172.20.0.5 -  21/Jul/2025:00:52:27 +0000 "POST /index.php" 200
nginx-1  | 172.20.0.1 - - [21/Jul/2025:00:52:27 +0000] "POST /payments HTTP/1.1" 200 5 "-" "Grafana k6/1.1.0" "-"
db-1     | 2025-07-21T00:52:27.710211Z 19 [Warning] [MY-013360] [Server] Plugin mysql_native_password reported: ''mysql_native_password' is deprecated and will be removed in a future release. Please use caching_sha2_password instead'
app2-1   | 172.20.0.5 -  21/Jul/2025:00:52:27 +0000 "POST /index.php" 200
nginx-1  | 172.20.0.1 - - [21/Jul/2025:00:52:27 +0000] "POST /payments HTTP/1.1" 200 5 "-" "Grafana k6/1.1.0" "-"
db-1     | 2025-07-21T00:52:27.819846Z 20 [Warning] [MY-013360] [Server] Plugin mysql_native_password reported: ''mysql_native_password' is deprecated and will be removed in a future release. Please use caching_sha2_password instead'
app1-1   | 172.20.0.5 -  21/Jul/2025:00:52:27 +0000 "POST /index.php" 200
nginx-1  | 172.20.0.1 - - [21/Jul/2025:00:52:27 +0000] "POST /payments HTTP/1.1" 200 5 "-" "Grafana k6/1.1.0" "-"
db-1     | 2025-07-21T00:52:27.929196Z 21 [Warning] [MY-013360] [Server] Plugin mysql_native_password reported: ''mysql_native_password' is deprecated and will be removed in a future release. Please use caching_sha2_password instead'
app2-1   | 172.20.0.5 -  21/Jul/2025:00:52:27 +0000 "POST /index.php" 200
nginx-1  | 172.20.0.1 - - [21/Jul/2025:00:52:27 +0000] "POST /payments HTTP/1.1" 200 5 "-" "Grafana k6/1.1.0" "-"
db-1     | 2025-07-21T00:52:27.949736Z 22 [Warning] [MY-013360] [Server] Plugin mysql_native_password reported: ''mysql_native_password' is deprecated and will be removed in a future release. Please use caching_sha2_password instead'
app1-1   | 172.20.0.5 -  21/Jul/2025:00:52:27 +0000 "POST /index.php" 200
nginx-1  | 172.20.0.1 - - [21/Jul/2025:00:52:27 +0000] "POST /payments HTTP/1.1" 200 5 "-" "Grafana k6/1.1.0" "-"
db-1     | 2025-07-21T00:52:28.038723Z 23 [Warning] [MY-013360] [Server] Plugin mysql_native_password reported: ''mysql_native_password' is deprecated and will be removed in a future release. Please use caching_sha2_password instead'
app2-1   | 172.20.0.5 -  21/Jul/2025:00:52:28 +0000 "POST /index.php" 200
nginx-1  | 172.20.0.1 - - [21/Jul/2025:00:52:28 +0000] "POST /payments HTTP/1.1" 200 5 "-" "Grafana k6/1.1.0" "-"
db-1     | 2025-07-21T00:52:28.058475Z 24 [Warning] [MY-013360] [Server] Plugin mysql_native_password reported: ''mysql_native_password' is deprecated and will be removed in a future release. Please use caching_sha2_password instead'
app1-1   | 172.20.0.5 -  21/Jul/2025:00:52:28 +0000 "POST /index.php" 200
nginx-1  | 172.20.0.1 - - [21/Jul/2025:00:52:28 +0000] "POST /payments HTTP/1.1" 200 5 "-" "Grafana k6/1.1.0" "-"
db-1     | 2025-07-21T00:52:28.147817Z 25 [Warning] [MY-013360] [Server] Plugin mysql_native_password reported: ''mysql_native_password' is deprecated and will be removed in a future release. Please use caching_sha2_password instead'
app2-1   | 172.20.0.5 -  21/Jul/2025:00:52:28 +0000 "POST /index.php" 200
nginx-1  | 172.20.0.1 - - [21/Jul/2025:00:52:28 +0000] "POST /payments HTTP/1.1" 200 5 "-" "Grafana k6/1.1.0" "-"
db-1     | 2025-07-21T00:52:28.168460Z 26 [Warning] [MY-013360] [Server] Plugin mysql_native_password reported: ''mysql_native_password' is deprecated and will be removed in a future release. Please use caching_sha2_password instead'
app2-1   | 172.20.0.5 -  21/Jul/2025:00:52:28 +0000 "POST /index.php" 200
nginx-1  | 172.20.0.1 - - [21/Jul/2025:00:52:28 +0000] "POST /payments HTTP/1.1" 200 5 "-" "Grafana k6/1.1.0" "-"
db-1     | 2025-07-21T00:52:28.256864Z 27 [Warning] [MY-013360] [Server] Plugin mysql_native_password reported: ''mysql_native_password' is deprecated and will be removed in a future release. Please use caching_sha2_password instead'
nginx-1  | 172.20.0.1 - - [21/Jul/2025:00:52:28 +0000] "POST /payments HTTP/1.1" 200 5 "-" "Grafana k6/1.1.0" "-"
app1-1   | 172.20.0.5 -  21/Jul/2025:00:52:28 +0000 "POST /index.php" 200
db-1     | 2025-07-21T00:52:28.276668Z 28 [Warning] [MY-013360] [Server] Plugin mysql_native_password reported: ''mysql_native_password' is deprecated and will be removed in a future release. Please use caching_sha2_password instead'
app1-1   | 172.20.0.5 -  21/Jul/2025:00:52:28 +0000 "POST /index.php" 200
nginx-1  | 172.20.0.1 - - [21/Jul/2025:00:52:28 +0000] "POST /payments HTTP/1.1" 200 5 "-" "Grafana k6/1.1.0" "-"
db-1     | 2025-07-21T00:52:28.371160Z 29 [Warning] [MY-013360] [Server] Plugin mysql_native_password reported: ''mysql_native_password' is deprecated and will be removed in a future release. Please use caching_sha2_password instead'
app2-1   | 172.20.0.5 -  21/Jul/2025:00:52:28 +0000 "POST /index.php" 200
nginx-1  | 172.20.0.1 - - [21/Jul/2025:00:52:28 +0000] "POST /payments HTTP/1.1" 200 5 "-" "Grafana k6/1.1.0" "-"
db-1     | 2025-07-21T00:52:28.389196Z 30 [Warning] [MY-013360] [Server] Plugin mysql_native_password reported: ''mysql_native_password' is deprecated and will be removed in a future release. Please use caching_sha2_password instead'
app2-1   | 172.20.0.5 -  21/Jul/2025:00:52:28 +0000 "POST /index.php" 200
nginx-1  | 172.20.0.1 - - [21/Jul/2025:00:52:28 +0000] "POST /payments HTTP/1.1" 200 5 "-" "Grafana k6/1.1.0" "-"
db-1     | 2025-07-21T00:52:28.475668Z 31 [Warning] [MY-013360] [Server] Plugin mysql_native_password reported: ''mysql_native_password' is deprecated and will be removed in a future release. Please use caching_sha2_password instead'
app1-1   | 172.20.0.5 -  21/Jul/2025:00:52:28 +0000 "POST /index.php" 200
nginx-1  | 172.20.0.1 - - [21/Jul/2025:00:52:28 +0000] "POST /payments HTTP/1.1" 200 5 "-" "Grafana k6/1.1.0" "-"
db-1     | 2025-07-21T00:52:28.495071Z 32 [Warning] [MY-013360] [Server] Plugin mysql_native_password reported: ''mysql_native_password' is deprecated and will be removed in a future release. Please use caching_sha2_password instead'
app1-1   | 172.20.0.5 -  21/Jul/2025:00:52:28 +0000 "POST /index.php" 200
nginx-1  | 172.20.0.1 - - [21/Jul/2025:00:52:28 +0000] "POST /payments HTTP/1.1" 200 5 "-" "Grafana k6/1.1.0" "-"
db-1     | 2025-07-21T00:52:28.585147Z 33 [Warning] [MY-013360] [Server] Plugin mysql_native_password reported: ''mysql_native_password' is deprecated and will be removed in a future release. Please use caching_sha2_password instead'
app2-1   | 172.20.0.5 -  21/Jul/2025:00:52:28 +0000 "POST /index.php" 200
nginx-1  | 172.20.0.1 - - [21/Jul/2025:00:52:28 +0000] "POST /payments HTTP/1.1" 200 5 "-" "Grafana k6/1.1.0" "-"
db-1     | 2025-07-21T00:52:28.604745Z 34 [Warning] [MY-013360] [Server] Plugin mysql_native_password reported: ''mysql_native_password' is deprecated and will be removed in a future release. Please use caching_sha2_password instead'
app2-1   | 172.20.0.5 -  21/Jul/2025:00:52:28 +0000 "POST /index.php" 200
nginx-1  | 172.20.0.1 - - [21/Jul/2025:00:52:28 +0000] "POST /payments HTTP/1.1" 200 5 "-" "Grafana k6/1.1.0" "-"
db-1     | 2025-07-21T00:52:28.694080Z 35 [Warning] [MY-013360] [Server] Plugin mysql_native_password reported: ''mysql_native_password' is deprecated and will be removed in a future release. Please use caching_sha2_password instead'
app1-1   | 172.20.0.5 -  21/Jul/2025:00:52:28 +0000 "POST /index.php" 200
nginx-1  | 172.20.0.1 - - [21/Jul/2025:00:52:28 +0000] "POST /payments HTTP/1.1" 200 5 "-" "Grafana k6/1.1.0" "-"
db-1     | 2025-07-21T00:52:28.713487Z 36 [Warning] [MY-013360] [Server] Plugin mysql_native_password reported: ''mysql_native_password' is deprecated and will be removed in a future release. Please use caching_sha2_password instead'
app1-1   | 172.20.0.5 -  21/Jul/2025:00:52:28 +0000 "POST /index.php" 200
nginx-1  | 172.20.0.1 - - [21/Jul/2025:00:52:28 +0000] "POST /payments HTTP/1.1" 200 5 "-" "Grafana k6/1.1.0" "-"
db-1     | 2025-07-21T00:52:28.802863Z 37 [Warning] [MY-013360] [Server] Plugin mysql_native_password reported: ''mysql_native_password' is deprecated and will be removed in a future release. Please use caching_sha2_password instead'
app2-1   | 172.20.0.5 -  21/Jul/2025:00:52:28 +0000 "POST /index.php" 200
nginx-1  | 172.20.0.1 - - [21/Jul/2025:00:52:28 +0000] "POST /payments HTTP/1.1" 200 5 "-" "Grafana k6/1.1.0" "-"
db-1     | 2025-07-21T00:52:28.822433Z 38 [Warning] [MY-013360] [Server] Plugin mysql_native_password reported: ''mysql_native_password' is deprecated and will be removed in a future release. Please use caching_sha2_password instead'
app2-1   | 172.20.0.5 -  21/Jul/2025:00:52:28 +0000 "POST /index.php" 200
nginx-1  | 172.20.0.1 - - [21/Jul/2025:00:52:28 +0000] "POST /payments HTTP/1.1" 200 5 "-" "Grafana k6/1.1.0" "-"
db-1     | 2025-07-21T00:52:28.927200Z 39 [Warning] [MY-013360] [Server] Plugin mysql_native_password reported: ''mysql_native_password' is deprecated and will be removed in a future release. Please use caching_sha2_password instead'
app1-1   | 172.20.0.5 -  21/Jul/2025:00:52:28 +0000 "POST /index.php" 200
nginx-1  | 172.20.0.1 - - [21/Jul/2025:00:52:28 +0000] "POST /payments HTTP/1.1" 200 5 "-" "Grafana k6/1.1.0" "-"
db-1     | 2025-07-21T00:52:28.931612Z 40 [Warning] [MY-013360] [Server] Plugin mysql_native_password reported: ''mysql_native_password' is deprecated and will be removed in a future release. Please use caching_sha2_password instead'
app1-1   | 172.20.0.5 -  21/Jul/2025:00:52:28 +0000 "POST /index.php" 200
nginx-1  | 172.20.0.1 - - [21/Jul/2025:00:52:28 +0000] "POST /payments HTTP/1.1" 200 5 "-" "Grafana k6/1.1.0" "-"
db-1     | 2025-07-21T00:52:28.952964Z 41 [Warning] [MY-013360] [Server] Plugin mysql_native_password reported: ''mysql_native_password' is deprecated and will be removed in a future release. Please use caching_sha2_password instead'
nginx-1  | 172.20.0.1 - - [21/Jul/2025:00:52:28 +0000] "POST /payments HTTP/1.1" 200 5 "-" "Grafana k6/1.1.0" "-"
app2-1   | 172.20.0.5 -  21/Jul/2025:00:52:28 +0000 "POST /index.php" 200
db-1     | 2025-07-21T00:52:29.021876Z 42 [Warning] [MY-013360] [Server] Plugin mysql_native_password reported: ''mysql_native_password' is deprecated and will be removed in a future release. Please use caching_sha2_password instead'
app2-1   | 172.20.0.5 -  21/Jul/2025:00:52:29 +0000 "POST /index.php" 200
nginx-1  | 172.20.0.1 - - [21/Jul/2025:00:52:29 +0000] "POST /payments HTTP/1.1" 200 5 "-" "Grafana k6/1.1.0" "-"
db-1     | 2025-07-21T00:52:29.041409Z 43 [Warning] [MY-013360] [Server] Plugin mysql_native_password reported: ''mysql_native_password' is deprecated and will be removed in a future release. Please use caching_sha2_password instead'
app1-1   | 172.20.0.5 -  21/Jul/2025:00:52:29 +0000 "POST /index.php" 200
nginx-1  | 172.20.0.1 - - [21/Jul/2025:00:52:29 +0000] "POST /payments HTTP/1.1" 200 5 "-" "Grafana k6/1.1.0" "-"
db-1     | 2025-07-21T00:52:29.062462Z 44 [Warning] [MY-013360] [Server] Plugin mysql_native_password reported: ''mysql_native_password' is deprecated and will be removed in a future release. Please use caching_sha2_password instead'
app2-1   | 172.20.0.5 -  21/Jul/2025:00:52:29 +0000 "POST /index.php" 200
nginx-1  | 172.20.0.1 - - [21/Jul/2025:00:52:29 +0000] "POST /payments HTTP/1.1" 200 5 "-" "Grafana k6/1.1.0" "-"
db-1     | 2025-07-21T00:52:29.131677Z 45 [Warning] [MY-013360] [Server] Plugin mysql_native_password reported: ''mysql_native_password' is deprecated and will be removed in a future release. Please use caching_sha2_password instead'
app1-1   | 172.20.0.5 -  21/Jul/2025:00:52:29 +0000 "POST /index.php" 200
nginx-1  | 172.20.0.1 - - [21/Jul/2025:00:52:29 +0000] "POST /payments HTTP/1.1" 200 5 "-" "Grafana k6/1.1.0" "-"
db-1     | 2025-07-21T00:52:29.151176Z 46 [Warning] [MY-013360] [Server] Plugin mysql_native_password reported: ''mysql_native_password' is deprecated and will be removed in a future release. Please use caching_sha2_password instead'
app2-1   | 172.20.0.5 -  21/Jul/2025:00:52:29 +0000 "POST /index.php" 200
nginx-1  | 172.20.0.1 - - [21/Jul/2025:00:52:29 +0000] "POST /payments HTTP/1.1" 200 5 "-" "Grafana k6/1.1.0" "-"
db-1     | 2025-07-21T00:52:29.171474Z 47 [Warning] [MY-013360] [Server] Plugin mysql_native_password reported: ''mysql_native_password' is deprecated and will be removed in a future release. Please use caching_sha2_password instead'
app1-1   | 172.20.0.5 -  21/Jul/2025:00:52:29 +0000 "POST /index.php" 200
nginx-1  | 172.20.0.1 - - [21/Jul/2025:00:52:29 +0000] "POST /payments HTTP/1.1" 200 5 "-" "Grafana k6/1.1.0" "-"
db-1     | 2025-07-21T00:52:29.241243Z 48 [Warning] [MY-013360] [Server] Plugin mysql_native_password reported: ''mysql_native_password' is deprecated and will be removed in a future release. Please use caching_sha2_password instead'
app1-1   | 172.20.0.5 -  21/Jul/2025:00:52:29 +0000 "POST /index.php" 200
nginx-1  | 172.20.0.1 - - [21/Jul/2025:00:52:29 +0000] "POST /payments HTTP/1.1" 200 5 "-" "Grafana k6/1.1.0" "-"
db-1     | 2025-07-21T00:52:29.259488Z 49 [Warning] [MY-013360] [Server] Plugin mysql_native_password reported: ''mysql_native_password' is deprecated and will be removed in a future release. Please use caching_sha2_password instead'
app2-1   | 172.20.0.5 -  21/Jul/2025:00:52:29 +0000 "POST /index.php" 200
nginx-1  | 172.20.0.1 - - [21/Jul/2025:00:52:29 +0000] "POST /payments HTTP/1.1" 200 5 "-" "Grafana k6/1.1.0" "-"
db-1     | 2025-07-21T00:52:29.279949Z 50 [Warning] [MY-013360] [Server] Plugin mysql_native_password reported: ''mysql_native_password' is deprecated and will be removed in a future release. Please use caching_sha2_password instead'
app2-1   | 172.20.0.5 -  21/Jul/2025:00:52:29 +0000 "POST /index.php" 200
nginx-1  | 172.20.0.1 - - [21/Jul/2025:00:52:29 +0000] "POST /payments HTTP/1.1" 200 5 "-" "Grafana k6/1.1.0" "-"
db-1     | 2025-07-21T00:52:29.350052Z 51 [Warning] [MY-013360] [Server] Plugin mysql_native_password reported: ''mysql_native_password' is deprecated and will be removed in a future release. Please use caching_sha2_password instead'
app1-1   | 172.20.0.5 -  21/Jul/2025:00:52:29 +0000 "POST /index.php" 200
nginx-1  | 172.20.0.1 - - [21/Jul/2025:00:52:29 +0000] "POST /payments HTTP/1.1" 200 5 "-" "Grafana k6/1.1.0" "-"
db-1     | 2025-07-21T00:52:29.374700Z 52 [Warning] [MY-013360] [Server] Plugin mysql_native_password reported: ''mysql_native_password' is deprecated and will be removed in a future release. Please use caching_sha2_password instead'
app2-1   | 172.20.0.5 -  21/Jul/2025:00:52:29 +0000 "POST /index.php" 200
nginx-1  | 172.20.0.1 - - [21/Jul/2025:00:52:29 +0000] "POST /payments HTTP/1.1" 200 5 "-" "Grafana k6/1.1.0" "-"
db-1     | 2025-07-21T00:52:29.392523Z 53 [Warning] [MY-013360] [Server] Plugin mysql_native_password reported: ''mysql_native_password' is deprecated and will be removed in a future release. Please use caching_sha2_password instead'
app1-1   | 172.20.0.5 -  21/Jul/2025:00:52:29 +0000 "POST /index.php" 200
nginx-1  | 172.20.0.1 - - [21/Jul/2025:00:52:29 +0000] "POST /payments HTTP/1.1" 200 5 "-" "Grafana k6/1.1.0" "-"
db-1     | 2025-07-21T00:52:29.459905Z 54 [Warning] [MY-013360] [Server] Plugin mysql_native_password reported: ''mysql_native_password' is deprecated and will be removed in a future release. Please use caching_sha2_password instead'
app1-1   | 172.20.0.5 -  21/Jul/2025:00:52:29 +0000 "POST /index.php" 200
nginx-1  | 172.20.0.1 - - [21/Jul/2025:00:52:29 +0000] "POST /payments HTTP/1.1" 200 5 "-" "Grafana k6/1.1.0" "-"
db-1     | 2025-07-21T00:52:29.478753Z 55 [Warning] [MY-013360] [Server] Plugin mysql_native_password reported: ''mysql_native_password' is deprecated and will be removed in a future release. Please use caching_sha2_password instead'
app2-1   | 172.20.0.5 -  21/Jul/2025:00:52:29 +0000 "POST /index.php" 200
nginx-1  | 172.20.0.1 - - [21/Jul/2025:00:52:29 +0000] "POST /payments HTTP/1.1" 200 5 "-" "Grafana k6/1.1.0" "-"
db-1     | 2025-07-21T00:52:29.497732Z 56 [Warning] [MY-013360] [Server] Plugin mysql_native_password reported: ''mysql_native_password' is deprecated and will be removed in a future release. Please use caching_sha2_password instead'
app2-1   | 172.20.0.5 -  21/Jul/2025:00:52:29 +0000 "POST /index.php" 200
nginx-1  | 172.20.0.1 - - [21/Jul/2025:00:52:29 +0000] "POST /payments HTTP/1.1" 200 5 "-" "Grafana k6/1.1.0" "-"
db-1     | 2025-07-21T00:52:29.568121Z 57 [Warning] [MY-013360] [Server] Plugin mysql_native_password reported: ''mysql_native_password' is deprecated and will be removed in a future release. Please use caching_sha2_password instead'
app1-1   | 172.20.0.5 -  21/Jul/2025:00:52:29 +0000 "POST /index.php" 200
nginx-1  | 172.20.0.1 - - [21/Jul/2025:00:52:29 +0000] "POST /payments HTTP/1.1" 200 5 "-" "Grafana k6/1.1.0" "-"
db-1     | 2025-07-21T00:52:29.587549Z 58 [Warning] [MY-013360] [Server] Plugin mysql_native_password reported: ''mysql_native_password' is deprecated and will be removed in a future release. Please use caching_sha2_password instead'
app2-1   | 172.20.0.5 -  21/Jul/2025:00:52:29 +0000 "POST /index.php" 200
nginx-1  | 172.20.0.1 - - [21/Jul/2025:00:52:29 +0000] "POST /payments HTTP/1.1" 200 5 "-" "Grafana k6/1.1.0" "-"
db-1     | 2025-07-21T00:52:29.607952Z 59 [Warning] [MY-013360] [Server] Plugin mysql_native_password reported: ''mysql_native_password' is deprecated and will be removed in a future release. Please use caching_sha2_password instead'
app1-1   | 172.20.0.5 -  21/Jul/2025:00:52:29 +0000 "POST /index.php" 200
nginx-1  | 172.20.0.1 - - [21/Jul/2025:00:52:29 +0000] "POST /payments HTTP/1.1" 200 5 "-" "Grafana k6/1.1.0" "-"
db-1     | 2025-07-21T00:52:29.678210Z 60 [Warning] [MY-013360] [Server] Plugin mysql_native_password reported: ''mysql_native_password' is deprecated and will be removed in a future release. Please use caching_sha2_password instead'
app1-1   | 172.20.0.5 -  21/Jul/2025:00:52:29 +0000 "POST /index.php" 200
nginx-1  | 172.20.0.1 - - [21/Jul/2025:00:52:29 +0000] "POST /payments HTTP/1.1" 200 5 "-" "Grafana k6/1.1.0" "-"
db-1     | 2025-07-21T00:52:29.696552Z 61 [Warning] [MY-013360] [Server] Plugin mysql_native_password reported: ''mysql_native_password' is deprecated and will be removed in a future release. Please use caching_sha2_password instead'
app2-1   | 172.20.0.5 -  21/Jul/2025:00:52:29 +0000 "POST /index.php" 200
nginx-1  | 172.20.0.1 - - [21/Jul/2025:00:52:29 +0000] "POST /payments HTTP/1.1" 200 5 "-" "Grafana k6/1.1.0" "-"
db-1     | 2025-07-21T00:52:29.716793Z 62 [Warning] [MY-013360] [Server] Plugin mysql_native_password reported: ''mysql_native_password' is deprecated and will be removed in a future release. Please use caching_sha2_password instead'
app2-1   | 172.20.0.5 -  21/Jul/2025:00:52:29 +0000 "POST /index.php" 200
nginx-1  | 172.20.0.1 - - [21/Jul/2025:00:52:29 +0000] "POST /payments HTTP/1.1" 200 5 "-" "Grafana k6/1.1.0" "-"
db-1     | 2025-07-21T00:52:29.786889Z 63 [Warning] [MY-013360] [Server] Plugin mysql_native_password reported: ''mysql_native_password' is deprecated and will be removed in a future release. Please use caching_sha2_password instead'
app1-1   | 172.20.0.5 -  21/Jul/2025:00:52:29 +0000 "POST /index.php" 200
nginx-1  | 172.20.0.1 - - [21/Jul/2025:00:52:29 +0000] "POST /payments HTTP/1.1" 200 5 "-" "Grafana k6/1.1.0" "-"
db-1     | 2025-07-21T00:52:29.805396Z 64 [Warning] [MY-013360] [Server] Plugin mysql_native_password reported: ''mysql_native_password' is deprecated and will be removed in a future release. Please use caching_sha2_password instead'
app2-1   | 172.20.0.5 -  21/Jul/2025:00:52:29 +0000 "POST /index.php" 200
nginx-1  | 172.20.0.1 - - [21/Jul/2025:00:52:29 +0000] "POST /payments HTTP/1.1" 200 5 "-" "Grafana k6/1.1.0" "-"
db-1     | 2025-07-21T00:52:29.825930Z 65 [Warning] [MY-013360] [Server] Plugin mysql_native_password reported: ''mysql_native_password' is deprecated and will be removed in a future release. Please use caching_sha2_password instead'
app1-1   | 172.20.0.5 -  21/Jul/2025:00:52:29 +0000 "POST /index.php" 200
nginx-1  | 172.20.0.1 - - [21/Jul/2025:00:52:29 +0000] "POST /payments HTTP/1.1" 200 5 "-" "Grafana k6/1.1.0" "-"
db-1     | 2025-07-21T00:52:29.896459Z 66 [Warning] [MY-013360] [Server] Plugin mysql_native_password reported: ''mysql_native_password' is deprecated and will be removed in a future release. Please use caching_sha2_password instead'
app2-1   | 172.20.0.5 -  21/Jul/2025:00:52:29 +0000 "POST /index.php" 200
nginx-1  | 172.20.0.1 - - [21/Jul/2025:00:52:29 +0000] "POST /payments HTTP/1.1" 200 5 "-" "Grafana k6/1.1.0" "-"
db-1     | 2025-07-21T00:52:29.929995Z 67 [Warning] [MY-013360] [Server] Plugin mysql_native_password reported: ''mysql_native_password' is deprecated and will be removed in a future release. Please use caching_sha2_password instead'
app1-1   | 172.20.0.5 -  21/Jul/2025:00:52:29 +0000 "POST /index.php" 200
nginx-1  | 172.20.0.1 - - [21/Jul/2025:00:52:29 +0000] "POST /payments HTTP/1.1" 200 5 "-" "Grafana k6/1.1.0" "-"
db-1     | 2025-07-21T00:52:29.934508Z 68 [Warning] [MY-013360] [Server] Plugin mysql_native_password reported: ''mysql_native_password' is deprecated and will be removed in a future release. Please use caching_sha2_password instead'
app2-1   | 172.20.0.5 -  21/Jul/2025:00:52:29 +0000 "POST /index.php" 200
nginx-1  | 172.20.0.1 - - [21/Jul/2025:00:52:29 +0000] "POST /payments HTTP/1.1" 200 5 "-" "Grafana k6/1.1.0" "-"
db-1     | 2025-07-21T00:52:29.956083Z 69 [Warning] [MY-013360] [Server] Plugin mysql_native_password reported: ''mysql_native_password' is deprecated and will be removed in a future release. Please use caching_sha2_password instead'
app1-1   | 172.20.0.5 -  21/Jul/2025:00:52:29 +0000 "POST /index.php" 200
nginx-1  | 172.20.0.1 - - [21/Jul/2025:00:52:29 +0000] "POST /payments HTTP/1.1" 200 5 "-" "Grafana k6/1.1.0" "-"
db-1     | 2025-07-21T00:52:30.005528Z 70 [Warning] [MY-013360] [Server] Plugin mysql_native_password reported: ''mysql_native_password' is deprecated and will be removed in a future release. Please use caching_sha2_password instead'
app1-1   | 172.20.0.5 -  21/Jul/2025:00:52:30 +0000 "POST /index.php" 200
nginx-1  | 172.20.0.1 - - [21/Jul/2025:00:52:30 +0000] "POST /payments HTTP/1.1" 200 5 "-" "Grafana k6/1.1.0" "-"
db-1     | 2025-07-21T00:52:30.025813Z 71 [Warning] [MY-013360] [Server] Plugin mysql_native_password reported: ''mysql_native_password' is deprecated and will be removed in a future release. Please use caching_sha2_password instead'
app2-1   | 172.20.0.5 -  21/Jul/2025:00:52:30 +0000 "POST /index.php" 200
nginx-1  | 172.20.0.1 - - [21/Jul/2025:00:52:30 +0000] "POST /payments HTTP/1.1" 200 5 "-" "Grafana k6/1.1.0" "-"
db-1     | 2025-07-21T00:52:30.040896Z 72 [Warning] [MY-013360] [Server] Plugin mysql_native_password reported: ''mysql_native_password' is deprecated and will be removed in a future release. Please use caching_sha2_password instead'
db-1     | 2025-07-21T00:52:30.045430Z 73 [Warning] [MY-013360] [Server] Plugin mysql_native_password reported: ''mysql_native_password' is deprecated and will be removed in a future release. Please use caching_sha2_password instead'
app2-1   | 172.20.0.5 -  21/Jul/2025:00:52:30 +0000 "POST /index.php" 200
nginx-1  | 172.20.0.1 - - [21/Jul/2025:00:52:30 +0000] "POST /payments HTTP/1.1" 200 5 "-" "Grafana k6/1.1.0" "-"
db-1     | 2025-07-21T00:52:30.065232Z 74 [Warning] [MY-013360] [Server] Plugin mysql_native_password reported: ''mysql_native_password' is deprecated and will be removed in a future release. Please use caching_sha2_password instead'
app1-1   | 172.20.0.5 -  21/Jul/2025:00:52:30 +0000 "POST /index.php" 200
nginx-1  | 172.20.0.1 - - [21/Jul/2025:00:52:30 +0000] "POST /payments HTTP/1.1" 200 5 "-" "Grafana k6/1.1.0" "-"
db-1     | 2025-07-21T00:52:30.114712Z 75 [Warning] [MY-013360] [Server] Plugin mysql_native_password reported: ''mysql_native_password' is deprecated and will be removed in a future release. Please use caching_sha2_password instead'
app2-1   | 172.20.0.5 -  21/Jul/2025:00:52:30 +0000 "POST /index.php" 200
nginx-1  | 172.20.0.1 - - [21/Jul/2025:00:52:30 +0000] "POST /payments HTTP/1.1" 200 5 "-" "Grafana k6/1.1.0" "-"
db-1     | 2025-07-21T00:52:30.135039Z 76 [Warning] [MY-013360] [Server] Plugin mysql_native_password reported: ''mysql_native_password' is deprecated and will be removed in a future release. Please use caching_sha2_password instead'
app1-1   | 172.20.0.5 -  21/Jul/2025:00:52:30 +0000 "POST /index.php" 200
nginx-1  | 172.20.0.1 - - [21/Jul/2025:00:52:30 +0000] "POST /payments HTTP/1.1" 200 5 "-" "Grafana k6/1.1.0" "-"
db-1     | 2025-07-21T00:52:30.153504Z 77 [Warning] [MY-013360] [Server] Plugin mysql_native_password reported: ''mysql_native_password' is deprecated and will be removed in a future release. Please use caching_sha2_password instead'
app2-1   | 172.20.0.5 -  21/Jul/2025:00:52:30 +0000 "POST /index.php" 200
nginx-1  | 172.20.0.1 - - [21/Jul/2025:00:52:30 +0000] "POST /payments HTTP/1.1" 200 5 "-" "Grafana k6/1.1.0" "-"
db-1     | 2025-07-21T00:52:30.173955Z 78 [Warning] [MY-013360] [Server] Plugin mysql_native_password reported: ''mysql_native_password' is deprecated and will be removed in a future release. Please use caching_sha2_password instead'
app2-1   | 172.20.0.5 -  21/Jul/2025:00:52:30 +0000 "POST /index.php" 200
nginx-1  | 172.20.0.1 - - [21/Jul/2025:00:52:30 +0000] "POST /payments HTTP/1.1" 200 5 "-" "Grafana k6/1.1.0" "-"
db-1     | 2025-07-21T00:52:30.223820Z 79 [Warning] [MY-013360] [Server] Plugin mysql_native_password reported: ''mysql_native_password' is deprecated and will be removed in a future release. Please use caching_sha2_password instead'
app1-1   | 172.20.0.5 -  21/Jul/2025:00:52:30 +0000 "POST /index.php" 200
nginx-1  | 172.20.0.1 - - [21/Jul/2025:00:52:30 +0000] "POST /payments HTTP/1.1" 200 5 "-" "Grafana k6/1.1.0" "-"
db-1     | 2025-07-21T00:52:30.244549Z 80 [Warning] [MY-013360] [Server] Plugin mysql_native_password reported: ''mysql_native_password' is deprecated and will be removed in a future release. Please use caching_sha2_password instead'
app1-1   | 172.20.0.5 -  21/Jul/2025:00:52:30 +0000 "POST /index.php" 200
nginx-1  | 172.20.0.1 - - [21/Jul/2025:00:52:30 +0000] "POST /payments HTTP/1.1" 200 5 "-" "Grafana k6/1.1.0" "-"
db-1     | 2025-07-21T00:52:30.261865Z 81 [Warning] [MY-013360] [Server] Plugin mysql_native_password reported: ''mysql_native_password' is deprecated and will be removed in a future release. Please use caching_sha2_password instead'
app2-1   | 172.20.0.5 -  21/Jul/2025:00:52:30 +0000 "POST /index.php" 200
nginx-1  | 172.20.0.1 - - [21/Jul/2025:00:52:30 +0000] "POST /payments HTTP/1.1" 200 5 "-" "Grafana k6/1.1.0" "-"
db-1     | 2025-07-21T00:52:30.283083Z 82 [Warning] [MY-013360] [Server] Plugin mysql_native_password reported: ''mysql_native_password' is deprecated and will be removed in a future release. Please use caching_sha2_password instead'
app1-1   | 172.20.0.5 -  21/Jul/2025:00:52:30 +0000 "POST /index.php" 200
nginx-1  | 172.20.0.1 - - [21/Jul/2025:00:52:30 +0000] "POST /payments HTTP/1.1" 200 5 "-" "Grafana k6/1.1.0" "-"
db-1     | 2025-07-21T00:52:30.333059Z 83 [Warning] [MY-013360] [Server] Plugin mysql_native_password reported: ''mysql_native_password' is deprecated and will be removed in a future release. Please use caching_sha2_password instead'
app2-1   | 172.20.0.5 -  21/Jul/2025:00:52:30 +0000 "POST /index.php" 200
nginx-1  | 172.20.0.1 - - [21/Jul/2025:00:52:30 +0000] "POST /payments HTTP/1.1" 200 5 "-" "Grafana k6/1.1.0" "-"
db-1     | 2025-07-21T00:52:30.353584Z 84 [Warning] [MY-013360] [Server] Plugin mysql_native_password reported: ''mysql_native_password' is deprecated and will be removed in a future release. Please use caching_sha2_password instead'
app1-1   | 172.20.0.5 -  21/Jul/2025:00:52:30 +0000 "POST /index.php" 200
nginx-1  | 172.20.0.1 - - [21/Jul/2025:00:52:30 +0000] "POST /payments HTTP/1.1" 200 5 "-" "Grafana k6/1.1.0" "-"
db-1     | 2025-07-21T00:52:30.377252Z 85 [Warning] [MY-013360] [Server] Plugin mysql_native_password reported: ''mysql_native_password' is deprecated and will be removed in a future release. Please use caching_sha2_password instead'
app2-1   | 172.20.0.5 -  21/Jul/2025:00:52:30 +0000 "POST /index.php" 200
nginx-1  | 172.20.0.1 - - [21/Jul/2025:00:52:30 +0000] "POST /payments HTTP/1.1" 200 5 "-" "Grafana k6/1.1.0" "-"
db-1     | 2025-07-21T00:52:30.396506Z 86 [Warning] [MY-013360] [Server] Plugin mysql_native_password reported: ''mysql_native_password' is deprecated and will be removed in a future release. Please use caching_sha2_password instead'
app2-1   | 172.20.0.5 -  21/Jul/2025:00:52:30 +0000 "POST /index.php" 200
nginx-1  | 172.20.0.1 - - [21/Jul/2025:00:52:30 +0000] "POST /payments HTTP/1.1" 200 5 "-" "Grafana k6/1.1.0" "-"
db-1     | 2025-07-21T00:52:30.442417Z 87 [Warning] [MY-013360] [Server] Plugin mysql_native_password reported: ''mysql_native_password' is deprecated and will be removed in a future release. Please use caching_sha2_password instead'
app1-1   | 172.20.0.5 -  21/Jul/2025:00:52:30 +0000 "POST /index.php" 200
nginx-1  | 172.20.0.1 - - [21/Jul/2025:00:52:30 +0000] "POST /payments HTTP/1.1" 200 5 "-" "Grafana k6/1.1.0" "-"
db-1     | 2025-07-21T00:52:30.463066Z 88 [Warning] [MY-013360] [Server] Plugin mysql_native_password reported: ''mysql_native_password' is deprecated and will be removed in a future release. Please use caching_sha2_password instead'
