
 Network joao-bittencourt-php_rinha  Creating
 Network joao-bittencourt-php_rinha  Created
 Container joao-bittencourt-php-app2-1  Creating
 Container joao-bittencourt-php-db-1  Creating
 Container joao-bittencourt-php-app1-1  Creating
 Container joao-bittencourt-php-app1-1  Created
 Container joao-bittencourt-php-app2-1  Created
 Container joao-bittencourt-php-nginx-1  Creating
 Container joao-bittencourt-php-db-1  Created
 Container joao-bittencourt-php-nginx-1  Created
Attaching to app1-1, app2-1, db-1, nginx-1
db-1     | 2025-07-27 05:02:07+00:00 [Note] [Entrypoint]: Entrypoint script for MySQL Server 8.0.36-1.el8 started.
app1-1   | Cannot load Zend OPcache - it was already loaded
app2-1   | Cannot load Zend OPcache - it was already loaded
app2-1   | [27-Jul-2025 05:02:07] NOTICE: fpm is running, pid 1
app2-1   | [27-Jul-2025 05:02:07] NOTICE: ready to handle connections
app1-1   | [27-Jul-2025 05:02:07] NOTICE: fpm is running, pid 1
app1-1   | [27-Jul-2025 05:02:07] NOTICE: ready to handle connections
db-1     | 2025-07-27 05:02:08+00:00 [Note] [Entrypoint]: Switching to dedicated user 'mysql'
db-1     | 2025-07-27 05:02:08+00:00 [Note] [Entrypoint]: Entrypoint script for MySQL Server 8.0.36-1.el8 started.
nginx-1  | /docker-entrypoint.sh: /docker-entrypoint.d/ is not empty, will attempt to perform configuration
nginx-1  | /docker-entrypoint.sh: Looking for shell scripts in /docker-entrypoint.d/
nginx-1  | /docker-entrypoint.sh: Launching /docker-entrypoint.d/10-listen-on-ipv6-by-default.sh
nginx-1  | 10-listen-on-ipv6-by-default.sh: info: Getting the checksum of /etc/nginx/conf.d/default.conf
nginx-1  | 10-listen-on-ipv6-by-default.sh: info: /etc/nginx/conf.d/default.conf differs from the packaged version
nginx-1  | /docker-entrypoint.sh: Sourcing /docker-entrypoint.d/15-local-resolvers.envsh
nginx-1  | /docker-entrypoint.sh: Launching /docker-entrypoint.d/20-envsubst-on-templates.sh
nginx-1  | /docker-entrypoint.sh: Launching /docker-entrypoint.d/30-tune-worker-processes.sh
nginx-1  | /docker-entrypoint.sh: Configuration complete; ready for start up
nginx-1  | 2025/07/27 05:02:08 [notice] 1#1: using the "epoll" event method
nginx-1  | 2025/07/27 05:02:08 [notice] 1#1: nginx/1.29.0
nginx-1  | 2025/07/27 05:02:08 [notice] 1#1: built by gcc 14.2.0 (Alpine 14.2.0) 
nginx-1  | 2025/07/27 05:02:08 [notice] 1#1: OS: Linux 6.1.0-37-amd64
nginx-1  | 2025/07/27 05:02:08 [notice] 1#1: getrlimit(RLIMIT_NOFILE): 1048576:1048576
nginx-1  | 2025/07/27 05:02:08 [notice] 1#1: start worker processes
nginx-1  | 2025/07/27 05:02:08 [notice] 1#1: start worker process 28
nginx-1  | 2025/07/27 05:02:08 [notice] 1#1: start worker process 29
nginx-1  | 2025/07/27 05:02:08 [notice] 1#1: start worker process 30
nginx-1  | 2025/07/27 05:02:08 [notice] 1#1: start worker process 31
db-1     | 2025-07-27 05:02:08+00:00 [Note] [Entrypoint]: Initializing database files
db-1     | 2025-07-27T05:02:08.433135Z 0 [Warning] [MY-011068] [Server] The syntax '--skip-host-cache' is deprecated and will be removed in a future release. Please use SET GLOBAL host_cache_size=0 instead.
db-1     | 2025-07-27T05:02:08.433232Z 0 [Warning] [MY-010918] [Server] 'default_authentication_plugin' is deprecated and will be removed in a future release. Please use authentication_policy instead.
db-1     | 2025-07-27T05:02:08.433265Z 0 [System] [MY-013169] [Server] /usr/sbin/mysqld (mysqld 8.0.36) initializing of server in progress as process 80
db-1     | 2025-07-27T05:02:08.457309Z 0 [Warning] [MY-013907] [InnoDB] Deprecated configuration parameters innodb_log_file_size and/or innodb_log_files_in_group have been used to compute innodb_redo_log_capacity=67108864. Please use innodb_redo_log_capacity instead.
db-1     | 2025-07-27T05:02:08.460117Z 1 [System] [MY-013576] [InnoDB] InnoDB initialization has started.
app1-1   | 172.20.0.5 -  27/Jul/2025:05:02:10 +0000 "GET /payments-summary" 500
nginx-1  | 172.20.0.1 - - [27/Jul/2025:05:02:10 +0000] "GET /payments-summary HTTP/1.1" 500 66 "-" "curl/7.88.1" "-"
db-1     | 2025-07-27T05:02:11.174477Z 1 [System] [MY-013577] [InnoDB] InnoDB initialization has ended.
db-1     | 2025-07-27T05:02:14.544642Z 6 [Warning] [MY-010453] [Server] root@localhost is created with an empty password ! Please consider switching off the --initialize-insecure option.
db-1     | 2025-07-27T05:02:15.009380Z 6 [Warning] [MY-013360] [Server] Plugin mysql_native_password reported: ''mysql_native_password' is deprecated and will be removed in a future release. Please use caching_sha2_password instead'
app1-1   | 172.20.0.5 -  27/Jul/2025:05:02:15 +0000 "GET /payments-summary" 500
nginx-1  | 172.20.0.1 - - [27/Jul/2025:05:02:15 +0000] "GET /payments-summary HTTP/1.1" 500 66 "-" "curl/7.88.1" "-"
app1-1   | 172.20.0.5 -  27/Jul/2025:05:02:20 +0000 "GET /payments-summary" 500
nginx-1  | 172.20.0.1 - - [27/Jul/2025:05:02:20 +0000] "GET /payments-summary HTTP/1.1" 500 66 "-" "curl/7.88.1" "-"
db-1     | 2025-07-27 05:02:25+00:00 [Note] [Entrypoint]: Database files initialized
db-1     | 2025-07-27 05:02:25+00:00 [Note] [Entrypoint]: Starting temporary server
db-1     | 2025-07-27T05:02:25.315206Z 0 [Warning] [MY-011068] [Server] The syntax '--skip-host-cache' is deprecated and will be removed in a future release. Please use SET GLOBAL host_cache_size=0 instead.
db-1     | 2025-07-27T05:02:25.317677Z 0 [Warning] [MY-010918] [Server] 'default_authentication_plugin' is deprecated and will be removed in a future release. Please use authentication_policy instead.
db-1     | 2025-07-27T05:02:25.317701Z 0 [System] [MY-010116] [Server] /usr/sbin/mysqld (mysqld 8.0.36) starting as process 137
db-1     | 2025-07-27T05:02:25.331302Z 0 [Warning] [MY-013907] [InnoDB] Deprecated configuration parameters innodb_log_file_size and/or innodb_log_files_in_group have been used to compute innodb_redo_log_capacity=67108864. Please use innodb_redo_log_capacity instead.
db-1     | 2025-07-27T05:02:25.333668Z 1 [System] [MY-013576] [InnoDB] InnoDB initialization has started.
app1-1   | 172.20.0.5 -  27/Jul/2025:05:02:25 +0000 "GET /payments-summary" 500
nginx-1  | 172.20.0.1 - - [27/Jul/2025:05:02:25 +0000] "GET /payments-summary HTTP/1.1" 500 66 "-" "curl/7.88.1" "-"
db-1     | 2025-07-27T05:02:26.535350Z 1 [System] [MY-013577] [InnoDB] InnoDB initialization has ended.
db-1     | 2025-07-27T05:02:27.170970Z 0 [Warning] [MY-010068] [Server] CA certificate ca.pem is self signed.
db-1     | 2025-07-27T05:02:27.171004Z 0 [System] [MY-013602] [Server] Channel mysql_main configured to support TLS. Encrypted connections are now supported for this channel.
db-1     | 2025-07-27T05:02:27.177729Z 0 [Warning] [MY-011810] [Server] Insecure configuration for --pid-file: Location '/var/run/mysqld' in the path is accessible to all OS users. Consider choosing a different directory.
db-1     | 2025-07-27T05:02:27.199668Z 0 [System] [MY-011323] [Server] X Plugin ready for connections. Socket: /var/run/mysqld/mysqlx.sock
db-1     | 2025-07-27T05:02:27.200026Z 0 [System] [MY-010931] [Server] /usr/sbin/mysqld: ready for connections. Version: '8.0.36'  socket: '/var/run/mysqld/mysqld.sock'  port: 0  MySQL Community Server - GPL.
db-1     | 2025-07-27 05:02:27+00:00 [Note] [Entrypoint]: Temporary server started.
db-1     | '/var/lib/mysql/mysql.sock' -> '/var/run/mysqld/mysqld.sock'
db-1     | 2025-07-27T05:02:27.545726Z 8 [Warning] [MY-013360] [Server] Plugin mysql_native_password reported: ''mysql_native_password' is deprecated and will be removed in a future release. Please use caching_sha2_password instead'
db-1     | 2025-07-27T05:02:27.655572Z 9 [Warning] [MY-013360] [Server] Plugin mysql_native_password reported: ''mysql_native_password' is deprecated and will be removed in a future release. Please use caching_sha2_password instead'
db-1     | Warning: Unable to load '/usr/share/zoneinfo/iso3166.tab' as time zone. Skipping it.
db-1     | Warning: Unable to load '/usr/share/zoneinfo/leap-seconds.list' as time zone. Skipping it.
db-1     | Warning: Unable to load '/usr/share/zoneinfo/leapseconds' as time zone. Skipping it.
db-1     | Warning: Unable to load '/usr/share/zoneinfo/tzdata.zi' as time zone. Skipping it.
db-1     | Warning: Unable to load '/usr/share/zoneinfo/zone.tab' as time zone. Skipping it.
db-1     | Warning: Unable to load '/usr/share/zoneinfo/zone1970.tab' as time zone. Skipping it.
db-1     | 2025-07-27T05:02:30.245562Z 10 [Warning] [MY-013360] [Server] Plugin mysql_native_password reported: ''mysql_native_password' is deprecated and will be removed in a future release. Please use caching_sha2_password instead'
db-1     | 2025-07-27T05:02:30.260003Z 10 [Warning] [MY-013360] [Server] Plugin mysql_native_password reported: ''mysql_native_password' is deprecated and will be removed in a future release. Please use caching_sha2_password instead'
db-1     | 2025-07-27T05:02:30.283591Z 10 [Warning] [MY-013360] [Server] Plugin mysql_native_password reported: ''mysql_native_password' is deprecated and will be removed in a future release. Please use caching_sha2_password instead'
db-1     | 2025-07-27 05:02:30+00:00 [Note] [Entrypoint]: Creating database rinha
db-1     | 2025-07-27T05:02:30.323122Z 11 [Warning] [MY-013360] [Server] Plugin mysql_native_password reported: ''mysql_native_password' is deprecated and will be removed in a future release. Please use caching_sha2_password instead'
db-1     | 2025-07-27 05:02:30+00:00 [Note] [Entrypoint]: Creating user username
db-1     | 2025-07-27T05:02:30.371732Z 12 [Warning] [MY-013360] [Server] Plugin mysql_native_password reported: ''mysql_native_password' is deprecated and will be removed in a future release. Please use caching_sha2_password instead'
db-1     | 2025-07-27T05:02:30.374360Z 12 [Warning] [MY-013360] [Server] Plugin mysql_native_password reported: ''mysql_native_password' is deprecated and will be removed in a future release. Please use caching_sha2_password instead'
db-1     | 2025-07-27 05:02:30+00:00 [Note] [Entrypoint]: Giving user username access to schema rinha
db-1     | 2025-07-27T05:02:30.386674Z 13 [Warning] [MY-013360] [Server] Plugin mysql_native_password reported: ''mysql_native_password' is deprecated and will be removed in a future release. Please use caching_sha2_password instead'
db-1     | 
db-1     | 2025-07-27 05:02:30+00:00 [Note] [Entrypoint]: /usr/local/bin/docker-entrypoint.sh: running /docker-entrypoint-initdb.d/init.sql
db-1     | 2025-07-27T05:02:30.401464Z 14 [Warning] [MY-013360] [Server] Plugin mysql_native_password reported: ''mysql_native_password' is deprecated and will be removed in a future release. Please use caching_sha2_password instead'
app2-1   | 172.20.0.5 -  27/Jul/2025:05:02:30 +0000 "GET /payments-summary" 500
nginx-1  | 172.20.0.1 - - [27/Jul/2025:05:02:30 +0000] "GET /payments-summary HTTP/1.1" 500 66 "-" "curl/7.88.1" "-"
db-1     | 
db-1     | 
db-1     | 2025-07-27 05:02:30+00:00 [Note] [Entrypoint]: Stopping temporary server
db-1     | 2025-07-27T05:02:30.932855Z 15 [Warning] [MY-013360] [Server] Plugin mysql_native_password reported: ''mysql_native_password' is deprecated and will be removed in a future release. Please use caching_sha2_password instead'
db-1     | 2025-07-27T05:02:30.980311Z 15 [System] [MY-013172] [Server] Received SHUTDOWN from user root. Shutting down mysqld (Version: 8.0.36).
db-1     | 2025-07-27T05:02:34.315939Z 0 [System] [MY-010910] [Server] /usr/sbin/mysqld: Shutdown complete (mysqld 8.0.36)  MySQL Community Server - GPL.
db-1     | 2025-07-27 05:02:34+00:00 [Note] [Entrypoint]: Temporary server stopped
db-1     | 
db-1     | 2025-07-27 05:02:34+00:00 [Note] [Entrypoint]: MySQL init process done. Ready for start up.
db-1     | 
db-1     | 2025-07-27T05:02:35.256440Z 0 [Warning] [MY-011068] [Server] The syntax '--skip-host-cache' is deprecated and will be removed in a future release. Please use SET GLOBAL host_cache_size=0 instead.
db-1     | 2025-07-27T05:02:35.259351Z 0 [Warning] [MY-010918] [Server] 'default_authentication_plugin' is deprecated and will be removed in a future release. Please use authentication_policy instead.
db-1     | 2025-07-27T05:02:35.259374Z 0 [System] [MY-010116] [Server] /usr/sbin/mysqld (mysqld 8.0.36) starting as process 1
db-1     | 2025-07-27T05:02:35.294153Z 0 [Warning] [MY-013907] [InnoDB] Deprecated configuration parameters innodb_log_file_size and/or innodb_log_files_in_group have been used to compute innodb_redo_log_capacity=67108864. Please use innodb_redo_log_capacity instead.
db-1     | 2025-07-27T05:02:35.298061Z 1 [System] [MY-013576] [InnoDB] InnoDB initialization has started.
app1-1   | 172.20.0.5 -  27/Jul/2025:05:02:35 +0000 "GET /payments-summary" 500
nginx-1  | 172.20.0.1 - - [27/Jul/2025:05:02:35 +0000] "GET /payments-summary HTTP/1.1" 500 66 "-" "curl/7.88.1" "-"
db-1     | 2025-07-27T05:02:36.028567Z 1 [System] [MY-013577] [InnoDB] InnoDB initialization has ended.
db-1     | 2025-07-27T05:02:36.588979Z 0 [Warning] [MY-010068] [Server] CA certificate ca.pem is self signed.
db-1     | 2025-07-27T05:02:36.589016Z 0 [System] [MY-013602] [Server] Channel mysql_main configured to support TLS. Encrypted connections are now supported for this channel.
db-1     | 2025-07-27T05:02:36.597810Z 0 [Warning] [MY-011810] [Server] Insecure configuration for --pid-file: Location '/var/run/mysqld' in the path is accessible to all OS users. Consider choosing a different directory.
db-1     | 2025-07-27T05:02:36.640131Z 0 [System] [MY-011323] [Server] X Plugin ready for connections. Bind-address: '::' port: 33060, socket: /var/run/mysqld/mysqlx.sock
db-1     | 2025-07-27T05:02:36.640170Z 0 [System] [MY-010931] [Server] /usr/sbin/mysqld: ready for connections. Version: '8.0.36'  socket: '/var/run/mysqld/mysqld.sock'  port: 3306  MySQL Community Server - GPL.
db-1     | 2025-07-27T05:02:37.752985Z 8 [Warning] [MY-013360] [Server] Plugin mysql_native_password reported: ''mysql_native_password' is deprecated and will be removed in a future release. Please use caching_sha2_password instead'
db-1     | 2025-07-27T05:02:40.612038Z 9 [Warning] [MY-013360] [Server] Plugin mysql_native_password reported: ''mysql_native_password' is deprecated and will be removed in a future release. Please use caching_sha2_password instead'
app2-1   | 172.20.0.5 -  27/Jul/2025:05:02:40 +0000 "GET /payments-summary" 200
nginx-1  | 172.20.0.1 - - [27/Jul/2025:05:02:40 +0000] "GET /payments-summary HTTP/1.1" 200 105 "-" "curl/7.88.1" "-"
db-1     | 2025-07-27T05:02:46.900600Z 10 [Warning] [MY-013360] [Server] Plugin mysql_native_password reported: ''mysql_native_password' is deprecated and will be removed in a future release. Please use caching_sha2_password instead'
app1-1   | 172.20.0.5 -  27/Jul/2025:05:02:46 +0000 "POST /purge-payments" 200
nginx-1  | 172.20.0.1 - - [27/Jul/2025:05:02:47 +0000] "POST /purge-payments HTTP/1.1" 200 45 "-" "Grafana k6/1.1.0" "-"
db-1     | 2025-07-27T05:02:47.018553Z 11 [Warning] [MY-013360] [Server] Plugin mysql_native_password reported: ''mysql_native_password' is deprecated and will be removed in a future release. Please use caching_sha2_password instead'
db-1     | 2025-07-27T05:02:47.018645Z 12 [Warning] [MY-013360] [Server] Plugin mysql_native_password reported: ''mysql_native_password' is deprecated and will be removed in a future release. Please use caching_sha2_password instead'
app2-1   | 172.20.0.5 -  27/Jul/2025:05:02:47 +0000 "GET /payments-summary" 200
nginx-1  | 172.20.0.1 - - [27/Jul/2025:05:02:47 +0000] "GET /payments-summary?from=2025-07-27T05:02:37.013Z&to=2025-07-27T05:02:46.913Z HTTP/1.1" 200 105 "-" "Grafana k6/1.1.0" "-"
nginx-1  | 172.20.0.1 - - [27/Jul/2025:05:02:47 +0000] "POST /payments HTTP/1.1" 200 5 "-" "Grafana k6/1.1.0" "-"
app1-1   | 172.20.0.5 -  27/Jul/2025:05:02:47 +0000 "POST /payments" 200
db-1     | 2025-07-27T05:02:47.123920Z 13 [Warning] [MY-013360] [Server] Plugin mysql_native_password reported: ''mysql_native_password' is deprecated and will be removed in a future release. Please use caching_sha2_password instead'
nginx-1  | 172.20.0.1 - - [27/Jul/2025:05:02:47 +0000] "POST /payments HTTP/1.1" 200 5 "-" "Grafana k6/1.1.0" "-"
app2-1   | 172.20.0.5 -  27/Jul/2025:05:02:47 +0000 "POST /payments" 200
db-1     | 2025-07-27T05:02:47.233429Z 14 [Warning] [MY-013360] [Server] Plugin mysql_native_password reported: ''mysql_native_password' is deprecated and will be removed in a future release. Please use caching_sha2_password instead'
nginx-1  | 172.20.0.1 - - [27/Jul/2025:05:02:47 +0000] "POST /payments HTTP/1.1" 200 5 "-" "Grafana k6/1.1.0" "-"
app1-1   | 172.20.0.5 -  27/Jul/2025:05:02:47 +0000 "POST /payments" 200
db-1     | 2025-07-27T05:02:47.341983Z 15 [Warning] [MY-013360] [Server] Plugin mysql_native_password reported: ''mysql_native_password' is deprecated and will be removed in a future release. Please use caching_sha2_password instead'
nginx-1  | 172.20.0.1 - - [27/Jul/2025:05:02:47 +0000] "POST /payments HTTP/1.1" 200 5 "-" "Grafana k6/1.1.0" "-"
app2-1   | 172.20.0.5 -  27/Jul/2025:05:02:47 +0000 "POST /payments" 200
db-1     | 2025-07-27T05:02:47.454722Z 16 [Warning] [MY-013360] [Server] Plugin mysql_native_password reported: ''mysql_native_password' is deprecated and will be removed in a future release. Please use caching_sha2_password instead'
nginx-1  | 172.20.0.1 - - [27/Jul/2025:05:02:47 +0000] "POST /payments HTTP/1.1" 200 5 "-" "Grafana k6/1.1.0" "-"
app1-1   | 172.20.0.5 -  27/Jul/2025:05:02:47 +0000 "POST /payments" 200
db-1     | 2025-07-27T05:02:47.560093Z 17 [Warning] [MY-013360] [Server] Plugin mysql_native_password reported: ''mysql_native_password' is deprecated and will be removed in a future release. Please use caching_sha2_password instead'
nginx-1  | 172.20.0.1 - - [27/Jul/2025:05:02:47 +0000] "POST /payments HTTP/1.1" 200 5 "-" "Grafana k6/1.1.0" "-"
app2-1   | 172.20.0.5 -  27/Jul/2025:05:02:47 +0000 "POST /payments" 200
db-1     | 2025-07-27T05:02:47.670276Z 18 [Warning] [MY-013360] [Server] Plugin mysql_native_password reported: ''mysql_native_password' is deprecated and will be removed in a future release. Please use caching_sha2_password instead'
nginx-1  | 172.20.0.1 - - [27/Jul/2025:05:02:47 +0000] "POST /payments HTTP/1.1" 200 5 "-" "Grafana k6/1.1.0" "-"
app1-1   | 172.20.0.5 -  27/Jul/2025:05:02:47 +0000 "POST /payments" 200
db-1     | 2025-07-27T05:02:47.778712Z 19 [Warning] [MY-013360] [Server] Plugin mysql_native_password reported: ''mysql_native_password' is deprecated and will be removed in a future release. Please use caching_sha2_password instead'
nginx-1  | 172.20.0.1 - - [27/Jul/2025:05:02:47 +0000] "POST /payments HTTP/1.1" 200 5 "-" "Grafana k6/1.1.0" "-"
app2-1   | 172.20.0.5 -  27/Jul/2025:05:02:47 +0000 "POST /payments" 200
db-1     | 2025-07-27T05:02:47.817145Z 20 [Warning] [MY-013360] [Server] Plugin mysql_native_password reported: ''mysql_native_password' is deprecated and will be removed in a future release. Please use caching_sha2_password instead'
db-1     | 2025-07-27T05:02:47.888232Z 21 [Warning] [MY-013360] [Server] Plugin mysql_native_password reported: ''mysql_native_password' is deprecated and will be removed in a future release. Please use caching_sha2_password instead'
nginx-1  | 172.20.0.1 - - [27/Jul/2025:05:02:47 +0000] "POST /payments HTTP/1.1" 200 5 "-" "Grafana k6/1.1.0" "-"
app1-1   | 172.20.0.5 -  27/Jul/2025:05:02:47 +0000 "POST /payments" 200
db-1     | 2025-07-27T05:02:47.997964Z 22 [Warning] [MY-013360] [Server] Plugin mysql_native_password reported: ''mysql_native_password' is deprecated and will be removed in a future release. Please use caching_sha2_password instead'
nginx-1  | 172.20.0.1 - - [27/Jul/2025:05:02:48 +0000] "POST /payments HTTP/1.1" 200 5 "-" "Grafana k6/1.1.0" "-"
app2-1   | 172.20.0.5 -  27/Jul/2025:05:02:47 +0000 "POST /payments" 200
db-1     | 2025-07-27T05:02:48.079009Z 23 [Warning] [MY-013360] [Server] Plugin mysql_native_password reported: ''mysql_native_password' is deprecated and will be removed in a future release. Please use caching_sha2_password instead'
nginx-1  | 172.20.0.1 - - [27/Jul/2025:05:02:48 +0000] "POST /payments HTTP/1.1" 200 5 "-" "Grafana k6/1.1.0" "-"
app1-1   | 172.20.0.5 -  27/Jul/2025:05:02:48 +0000 "POST /payments" 200
db-1     | 2025-07-27T05:02:48.106561Z 24 [Warning] [MY-013360] [Server] Plugin mysql_native_password reported: ''mysql_native_password' is deprecated and will be removed in a future release. Please use caching_sha2_password instead'
nginx-1  | 172.20.0.1 - - [27/Jul/2025:05:02:48 +0000] "POST /payments HTTP/1.1" 200 5 "-" "Grafana k6/1.1.0" "-"
app2-1   | 172.20.0.5 -  27/Jul/2025:05:02:48 +0000 "POST /payments" 200
db-1     | 2025-07-27T05:02:48.128718Z 25 [Warning] [MY-013360] [Server] Plugin mysql_native_password reported: ''mysql_native_password' is deprecated and will be removed in a future release. Please use caching_sha2_password instead'
nginx-1  | 172.20.0.1 - - [27/Jul/2025:05:02:48 +0000] "POST /payments HTTP/1.1" 200 5 "-" "Grafana k6/1.1.0" "-"
app1-1   | 172.20.0.5 -  27/Jul/2025:05:02:48 +0000 "POST /payments" 200
db-1     | 2025-07-27T05:02:48.215759Z 26 [Warning] [MY-013360] [Server] Plugin mysql_native_password reported: ''mysql_native_password' is deprecated and will be removed in a future release. Please use caching_sha2_password instead'
nginx-1  | 172.20.0.1 - - [27/Jul/2025:05:02:48 +0000] "POST /payments HTTP/1.1" 200 5 "-" "Grafana k6/1.1.0" "-"
app2-1   | 172.20.0.5 -  27/Jul/2025:05:02:48 +0000 "POST /payments" 200
db-1     | 2025-07-27T05:02:48.244790Z 27 [Warning] [MY-013360] [Server] Plugin mysql_native_password reported: ''mysql_native_password' is deprecated and will be removed in a future release. Please use caching_sha2_password instead'
nginx-1  | 172.20.0.1 - - [27/Jul/2025:05:02:48 +0000] "POST /payments HTTP/1.1" 200 5 "-" "Grafana k6/1.1.0" "-"
app2-1   | 172.20.0.5 -  27/Jul/2025:05:02:48 +0000 "POST /payments" 200
db-1     | 2025-07-27T05:02:48.325555Z 28 [Warning] [MY-013360] [Server] Plugin mysql_native_password reported: ''mysql_native_password' is deprecated and will be removed in a future release. Please use caching_sha2_password instead'
nginx-1  | 172.20.0.1 - - [27/Jul/2025:05:02:48 +0000] "POST /payments HTTP/1.1" 200 5 "-" "Grafana k6/1.1.0" "-"
app1-1   | 172.20.0.5 -  27/Jul/2025:05:02:48 +0000 "POST /payments" 200
db-1     | 2025-07-27T05:02:48.347796Z 29 [Warning] [MY-013360] [Server] Plugin mysql_native_password reported: ''mysql_native_password' is deprecated and will be removed in a future release. Please use caching_sha2_password instead'
nginx-1  | 172.20.0.1 - - [27/Jul/2025:05:02:48 +0000] "POST /payments HTTP/1.1" 200 5 "-" "Grafana k6/1.1.0" "-"
app1-1   | 172.20.0.5 -  27/Jul/2025:05:02:48 +0000 "POST /payments" 200
db-1     | 2025-07-27T05:02:48.434780Z 30 [Warning] [MY-013360] [Server] Plugin mysql_native_password reported: ''mysql_native_password' is deprecated and will be removed in a future release. Please use caching_sha2_password instead'
nginx-1  | 172.20.0.1 - - [27/Jul/2025:05:02:48 +0000] "POST /payments HTTP/1.1" 200 5 "-" "Grafana k6/1.1.0" "-"
app2-1   | 172.20.0.5 -  27/Jul/2025:05:02:48 +0000 "POST /payments" 200
db-1     | 2025-07-27T05:02:48.460757Z 31 [Warning] [MY-013360] [Server] Plugin mysql_native_password reported: ''mysql_native_password' is deprecated and will be removed in a future release. Please use caching_sha2_password instead'
nginx-1  | 172.20.0.1 - - [27/Jul/2025:05:02:48 +0000] "POST /payments HTTP/1.1" 200 5 "-" "Grafana k6/1.1.0" "-"
app2-1   | 172.20.0.5 -  27/Jul/2025:05:02:48 +0000 "POST /payments" 200
db-1     | 2025-07-27T05:02:48.544015Z 32 [Warning] [MY-013360] [Server] Plugin mysql_native_password reported: ''mysql_native_password' is deprecated and will be removed in a future release. Please use caching_sha2_password instead'
nginx-1  | 172.20.0.1 - - [27/Jul/2025:05:02:48 +0000] "POST /payments HTTP/1.1" 200 5 "-" "Grafana k6/1.1.0" "-"
app1-1   | 172.20.0.5 -  27/Jul/2025:05:02:48 +0000 "POST /payments" 200
db-1     | 2025-07-27T05:02:48.565464Z 33 [Warning] [MY-013360] [Server] Plugin mysql_native_password reported: ''mysql_native_password' is deprecated and will be removed in a future release. Please use caching_sha2_password instead'
nginx-1  | 172.20.0.1 - - [27/Jul/2025:05:02:48 +0000] "POST /payments HTTP/1.1" 200 5 "-" "Grafana k6/1.1.0" "-"
app1-1   | 172.20.0.5 -  27/Jul/2025:05:02:48 +0000 "POST /payments" 200
db-1     | 2025-07-27T05:02:48.653372Z 34 [Warning] [MY-013360] [Server] Plugin mysql_native_password reported: ''mysql_native_password' is deprecated and will be removed in a future release. Please use caching_sha2_password instead'
nginx-1  | 172.20.0.1 - - [27/Jul/2025:05:02:48 +0000] "POST /payments HTTP/1.1" 200 5 "-" "Grafana k6/1.1.0" "-"
app2-1   | 172.20.0.5 -  27/Jul/2025:05:02:48 +0000 "POST /payments" 200
db-1     | 2025-07-27T05:02:48.675710Z 35 [Warning] [MY-013360] [Server] Plugin mysql_native_password reported: ''mysql_native_password' is deprecated and will be removed in a future release. Please use caching_sha2_password instead'
nginx-1  | 172.20.0.1 - - [27/Jul/2025:05:02:48 +0000] "POST /payments HTTP/1.1" 200 5 "-" "Grafana k6/1.1.0" "-"
app2-1   | 172.20.0.5 -  27/Jul/2025:05:02:48 +0000 "POST /payments" 200
db-1     | 2025-07-27T05:02:48.763405Z 36 [Warning] [MY-013360] [Server] Plugin mysql_native_password reported: ''mysql_native_password' is deprecated and will be removed in a future release. Please use caching_sha2_password instead'
nginx-1  | 172.20.0.1 - - [27/Jul/2025:05:02:48 +0000] "POST /payments HTTP/1.1" 200 5 "-" "Grafana k6/1.1.0" "-"
app1-1   | 172.20.0.5 -  27/Jul/2025:05:02:48 +0000 "POST /payments" 200
db-1     | 2025-07-27T05:02:48.785410Z 37 [Warning] [MY-013360] [Server] Plugin mysql_native_password reported: ''mysql_native_password' is deprecated and will be removed in a future release. Please use caching_sha2_password instead'
nginx-1  | 172.20.0.1 - - [27/Jul/2025:05:02:48 +0000] "POST /payments HTTP/1.1" 200 5 "-" "Grafana k6/1.1.0" "-"
app1-1   | 172.20.0.5 -  27/Jul/2025:05:02:48 +0000 "POST /payments" 200
db-1     | 2025-07-27T05:02:48.872219Z 38 [Warning] [MY-013360] [Server] Plugin mysql_native_password reported: ''mysql_native_password' is deprecated and will be removed in a future release. Please use caching_sha2_password instead'
nginx-1  | 172.20.0.1 - - [27/Jul/2025:05:02:48 +0000] "POST /payments HTTP/1.1" 200 5 "-" "Grafana k6/1.1.0" "-"
app2-1   | 172.20.0.5 -  27/Jul/2025:05:02:48 +0000 "POST /payments" 200
db-1     | 2025-07-27T05:02:48.893876Z 39 [Warning] [MY-013360] [Server] Plugin mysql_native_password reported: ''mysql_native_password' is deprecated and will be removed in a future release. Please use caching_sha2_password instead'
nginx-1  | 172.20.0.1 - - [27/Jul/2025:05:02:48 +0000] "POST /payments HTTP/1.1" 200 5 "-" "Grafana k6/1.1.0" "-"
app2-1   | 172.20.0.5 -  27/Jul/2025:05:02:48 +0000 "POST /payments" 200
db-1     | 2025-07-27T05:02:49.002608Z 40 [Warning] [MY-013360] [Server] Plugin mysql_native_password reported: ''mysql_native_password' is deprecated and will be removed in a future release. Please use caching_sha2_password instead'
nginx-1  | 172.20.0.1 - - [27/Jul/2025:05:02:49 +0000] "POST /payments HTTP/1.1" 200 5 "-" "Grafana k6/1.1.0" "-"
app1-1   | 172.20.0.5 -  27/Jul/2025:05:02:49 +0000 "POST /payments" 200
db-1     | 2025-07-27T05:02:49.014943Z 41 [Warning] [MY-013360] [Server] Plugin mysql_native_password reported: ''mysql_native_password' is deprecated and will be removed in a future release. Please use caching_sha2_password instead'
nginx-1  | 172.20.0.1 - - [27/Jul/2025:05:02:49 +0000] "POST /payments HTTP/1.1" 200 5 "-" "Grafana k6/1.1.0" "-"
app1-1   | 172.20.0.5 -  27/Jul/2025:05:02:49 +0000 "POST /payments" 200
db-1     | 2025-07-27T05:02:49.084739Z 42 [Warning] [MY-013360] [Server] Plugin mysql_native_password reported: ''mysql_native_password' is deprecated and will be removed in a future release. Please use caching_sha2_password instead'
nginx-1  | 172.20.0.1 - - [27/Jul/2025:05:02:49 +0000] "POST /payments HTTP/1.1" 200 5 "-" "Grafana k6/1.1.0" "-"
app2-1   | 172.20.0.5 -  27/Jul/2025:05:02:49 +0000 "POST /payments" 200
db-1     | 2025-07-27T05:02:49.090672Z 43 [Warning] [MY-013360] [Server] Plugin mysql_native_password reported: ''mysql_native_password' is deprecated and will be removed in a future release. Please use caching_sha2_password instead'
nginx-1  | 172.20.0.1 - - [27/Jul/2025:05:02:49 +0000] "POST /payments HTTP/1.1" 200 5 "-" "Grafana k6/1.1.0" "-"
app2-1   | 172.20.0.5 -  27/Jul/2025:05:02:49 +0000 "POST /payments" 200
db-1     | 2025-07-27T05:02:49.111487Z 44 [Warning] [MY-013360] [Server] Plugin mysql_native_password reported: ''mysql_native_password' is deprecated and will be removed in a future release. Please use caching_sha2_password instead'
nginx-1  | 172.20.0.1 - - [27/Jul/2025:05:02:49 +0000] "POST /payments HTTP/1.1" 200 5 "-" "Grafana k6/1.1.0" "-"
app1-1   | 172.20.0.5 -  27/Jul/2025:05:02:49 +0000 "POST /payments" 200
db-1     | 2025-07-27T05:02:49.133939Z 45 [Warning] [MY-013360] [Server] Plugin mysql_native_password reported: ''mysql_native_password' is deprecated and will be removed in a future release. Please use caching_sha2_password instead'
nginx-1  | 172.20.0.1 - - [27/Jul/2025:05:02:49 +0000] "POST /payments HTTP/1.1" 200 5 "-" "Grafana k6/1.1.0" "-"
app2-1   | 172.20.0.5 -  27/Jul/2025:05:02:49 +0000 "POST /payments" 200
db-1     | 2025-07-27T05:02:49.200229Z 46 [Warning] [MY-013360] [Server] Plugin mysql_native_password reported: ''mysql_native_password' is deprecated and will be removed in a future release. Please use caching_sha2_password instead'
nginx-1  | 172.20.0.1 - - [27/Jul/2025:05:02:49 +0000] "POST /payments HTTP/1.1" 200 5 "-" "Grafana k6/1.1.0" "-"
app1-1   | 172.20.0.5 -  27/Jul/2025:05:02:49 +0000 "POST /payments" 200
db-1     | 2025-07-27T05:02:49.220520Z 47 [Warning] [MY-013360] [Server] Plugin mysql_native_password reported: ''mysql_native_password' is deprecated and will be removed in a future release. Please use caching_sha2_password instead'
nginx-1  | 172.20.0.1 - - [27/Jul/2025:05:02:49 +0000] "POST /payments HTTP/1.1" 200 5 "-" "Grafana k6/1.1.0" "-"
app2-1   | 172.20.0.5 -  27/Jul/2025:05:02:49 +0000 "POST /payments" 200
db-1     | 2025-07-27T05:02:49.249941Z 48 [Warning] [MY-013360] [Server] Plugin mysql_native_password reported: ''mysql_native_password' is deprecated and will be removed in a future release. Please use caching_sha2_password instead'
nginx-1  | 172.20.0.1 - - [27/Jul/2025:05:02:49 +0000] "POST /payments HTTP/1.1" 200 5 "-" "Grafana k6/1.1.0" "-"
app1-1   | 172.20.0.5 -  27/Jul/2025:05:02:49 +0000 "POST /payments" 200
db-1     | 2025-07-27T05:02:49.309408Z 49 [Warning] [MY-013360] [Server] Plugin mysql_native_password reported: ''mysql_native_password' is deprecated and will be removed in a future release. Please use caching_sha2_password instead'
nginx-1  | 172.20.0.1 - - [27/Jul/2025:05:02:49 +0000] "POST /payments HTTP/1.1" 200 5 "-" "Grafana k6/1.1.0" "-"
app1-1   | 172.20.0.5 -  27/Jul/2025:05:02:49 +0000 "POST /payments" 200
db-1     | 2025-07-27T05:02:49.331159Z 50 [Warning] [MY-013360] [Server] Plugin mysql_native_password reported: ''mysql_native_password' is deprecated and will be removed in a future release. Please use caching_sha2_password instead'
nginx-1  | 172.20.0.1 - - [27/Jul/2025:05:02:49 +0000] "POST /payments HTTP/1.1" 200 5 "-" "Grafana k6/1.1.0" "-"
app2-1   | 172.20.0.5 -  27/Jul/2025:05:02:49 +0000 "POST /payments" 200
db-1     | 2025-07-27T05:02:49.352918Z 51 [Warning] [MY-013360] [Server] Plugin mysql_native_password reported: ''mysql_native_password' is deprecated and will be removed in a future release. Please use caching_sha2_password instead'
nginx-1  | 172.20.0.1 - - [27/Jul/2025:05:02:49 +0000] "POST /payments HTTP/1.1" 200 5 "-" "Grafana k6/1.1.0" "-"
app2-1   | 172.20.0.5 -  27/Jul/2025:05:02:49 +0000 "POST /payments" 200
db-1     | 2025-07-27T05:02:49.418297Z 52 [Warning] [MY-013360] [Server] Plugin mysql_native_password reported: ''mysql_native_password' is deprecated and will be removed in a future release. Please use caching_sha2_password instead'
nginx-1  | 172.20.0.1 - - [27/Jul/2025:05:02:49 +0000] "POST /payments HTTP/1.1" 200 5 "-" "Grafana k6/1.1.0" "-"
app1-1   | 172.20.0.5 -  27/Jul/2025:05:02:49 +0000 "POST /payments" 200
db-1     | 2025-07-27T05:02:49.439947Z 53 [Warning] [MY-013360] [Server] Plugin mysql_native_password reported: ''mysql_native_password' is deprecated and will be removed in a future release. Please use caching_sha2_password instead'
nginx-1  | 172.20.0.1 - - [27/Jul/2025:05:02:49 +0000] "POST /payments HTTP/1.1" 200 5 "-" "Grafana k6/1.1.0" "-"
app2-1   | 172.20.0.5 -  27/Jul/2025:05:02:49 +0000 "POST /payments" 200
db-1     | 2025-07-27T05:02:49.466274Z 54 [Warning] [MY-013360] [Server] Plugin mysql_native_password reported: ''mysql_native_password' is deprecated and will be removed in a future release. Please use caching_sha2_password instead'
nginx-1  | 172.20.0.1 - - [27/Jul/2025:05:02:49 +0000] "POST /payments HTTP/1.1" 200 5 "-" "Grafana k6/1.1.0" "-"
app1-1   | 172.20.0.5 -  27/Jul/2025:05:02:49 +0000 "POST /payments" 200
db-1     | 2025-07-27T05:02:49.527996Z 55 [Warning] [MY-013360] [Server] Plugin mysql_native_password reported: ''mysql_native_password' is deprecated and will be removed in a future release. Please use caching_sha2_password instead'
nginx-1  | 172.20.0.1 - - [27/Jul/2025:05:02:49 +0000] "POST /payments HTTP/1.1" 200 5 "-" "Grafana k6/1.1.0" "-"
app1-1   | 172.20.0.5 -  27/Jul/2025:05:02:49 +0000 "POST /payments" 200
db-1     | 2025-07-27T05:02:49.549438Z 56 [Warning] [MY-013360] [Server] Plugin mysql_native_password reported: ''mysql_native_password' is deprecated and will be removed in a future release. Please use caching_sha2_password instead'
nginx-1  | 172.20.0.1 - - [27/Jul/2025:05:02:49 +0000] "POST /payments HTTP/1.1" 200 5 "-" "Grafana k6/1.1.0" "-"
app2-1   | 172.20.0.5 -  27/Jul/2025:05:02:49 +0000 "POST /payments" 200
db-1     | 2025-07-27T05:02:49.570711Z 57 [Warning] [MY-013360] [Server] Plugin mysql_native_password reported: ''mysql_native_password' is deprecated and will be removed in a future release. Please use caching_sha2_password instead'
nginx-1  | 172.20.0.1 - - [27/Jul/2025:05:02:49 +0000] "POST /payments HTTP/1.1" 200 5 "-" "Grafana k6/1.1.0" "-"
app2-1   | 172.20.0.5 -  27/Jul/2025:05:02:49 +0000 "POST /payments" 200
db-1     | 2025-07-27T05:02:49.637338Z 58 [Warning] [MY-013360] [Server] Plugin mysql_native_password reported: ''mysql_native_password' is deprecated and will be removed in a future release. Please use caching_sha2_password instead'
nginx-1  | 172.20.0.1 - - [27/Jul/2025:05:02:49 +0000] "POST /payments HTTP/1.1" 200 5 "-" "Grafana k6/1.1.0" "-"
app1-1   | 172.20.0.5 -  27/Jul/2025:05:02:49 +0000 "POST /payments" 200
db-1     | 2025-07-27T05:02:49.659742Z 59 [Warning] [MY-013360] [Server] Plugin mysql_native_password reported: ''mysql_native_password' is deprecated and will be removed in a future release. Please use caching_sha2_password instead'
nginx-1  | 172.20.0.1 - - [27/Jul/2025:05:02:49 +0000] "POST /payments HTTP/1.1" 200 5 "-" "Grafana k6/1.1.0" "-"
app2-1   | 172.20.0.5 -  27/Jul/2025:05:02:49 +0000 "POST /payments" 200
db-1     | 2025-07-27T05:02:49.684124Z 60 [Warning] [MY-013360] [Server] Plugin mysql_native_password reported: ''mysql_native_password' is deprecated and will be removed in a future release. Please use caching_sha2_password instead'
nginx-1  | 172.20.0.1 - - [27/Jul/2025:05:02:49 +0000] "POST /payments HTTP/1.1" 200 5 "-" "Grafana k6/1.1.0" "-"
app1-1   | 172.20.0.5 -  27/Jul/2025:05:02:49 +0000 "POST /payments" 200
db-1     | 2025-07-27T05:02:49.746838Z 61 [Warning] [MY-013360] [Server] Plugin mysql_native_password reported: ''mysql_native_password' is deprecated and will be removed in a future release. Please use caching_sha2_password instead'
nginx-1  | 172.20.0.1 - - [27/Jul/2025:05:02:49 +0000] "POST /payments HTTP/1.1" 200 5 "-" "Grafana k6/1.1.0" "-"
app1-1   | 172.20.0.5 -  27/Jul/2025:05:02:49 +0000 "POST /payments" 200
db-1     | 2025-07-27T05:02:49.768781Z 62 [Warning] [MY-013360] [Server] Plugin mysql_native_password reported: ''mysql_native_password' is deprecated and will be removed in a future release. Please use caching_sha2_password instead'
nginx-1  | 172.20.0.1 - - [27/Jul/2025:05:02:49 +0000] "POST /payments HTTP/1.1" 200 5 "-" "Grafana k6/1.1.0" "-"
app2-1   | 172.20.0.5 -  27/Jul/2025:05:02:49 +0000 "POST /payments" 200
db-1     | 2025-07-27T05:02:49.791336Z 63 [Warning] [MY-013360] [Server] Plugin mysql_native_password reported: ''mysql_native_password' is deprecated and will be removed in a future release. Please use caching_sha2_password instead'
nginx-1  | 172.20.0.1 - - [27/Jul/2025:05:02:49 +0000] "POST /payments HTTP/1.1" 200 5 "-" "Grafana k6/1.1.0" "-"
app2-1   | 172.20.0.5 -  27/Jul/2025:05:02:49 +0000 "POST /payments" 200
db-1     | 2025-07-27T05:02:49.855375Z 64 [Warning] [MY-013360] [Server] Plugin mysql_native_password reported: ''mysql_native_password' is deprecated and will be removed in a future release. Please use caching_sha2_password instead'
nginx-1  | 172.20.0.1 - - [27/Jul/2025:05:02:49 +0000] "POST /payments HTTP/1.1" 200 5 "-" "Grafana k6/1.1.0" "-"
app1-1   | 172.20.0.5 -  27/Jul/2025:05:02:49 +0000 "POST /payments" 200
db-1     | 2025-07-27T05:02:49.876675Z 65 [Warning] [MY-013360] [Server] Plugin mysql_native_password reported: ''mysql_native_password' is deprecated and will be removed in a future release. Please use caching_sha2_password instead'
nginx-1  | 172.20.0.1 - - [27/Jul/2025:05:02:49 +0000] "POST /payments HTTP/1.1" 200 5 "-" "Grafana k6/1.1.0" "-"
app2-1   | 172.20.0.5 -  27/Jul/2025:05:02:49 +0000 "POST /payments" 200
db-1     | 2025-07-27T05:02:49.899083Z 66 [Warning] [MY-013360] [Server] Plugin mysql_native_password reported: ''mysql_native_password' is deprecated and will be removed in a future release. Please use caching_sha2_password instead'
nginx-1  | 172.20.0.1 - - [27/Jul/2025:05:02:49 +0000] "POST /payments HTTP/1.1" 200 5 "-" "Grafana k6/1.1.0" "-"
app1-1   | 172.20.0.5 -  27/Jul/2025:05:02:49 +0000 "POST /payments" 200
db-1     | 2025-07-27T05:02:49.965355Z 67 [Warning] [MY-013360] [Server] Plugin mysql_native_password reported: ''mysql_native_password' is deprecated and will be removed in a future release. Please use caching_sha2_password instead'
nginx-1  | 172.20.0.1 - - [27/Jul/2025:05:02:49 +0000] "POST /payments HTTP/1.1" 200 5 "-" "Grafana k6/1.1.0" "-"
app2-1   | 172.20.0.5 -  27/Jul/2025:05:02:49 +0000 "POST /payments" 200
db-1     | 2025-07-27T05:02:50.007723Z 68 [Warning] [MY-013360] [Server] Plugin mysql_native_password reported: ''mysql_native_password' is deprecated and will be removed in a future release. Please use caching_sha2_password instead'
nginx-1  | 172.20.0.1 - - [27/Jul/2025:05:02:50 +0000] "POST /payments HTTP/1.1" 200 5 "-" "Grafana k6/1.1.0" "-"
app2-1   | 172.20.0.5 -  27/Jul/2025:05:02:50 +0000 "POST /payments" 200
db-1     | 2025-07-27T05:02:50.019688Z 69 [Warning] [MY-013360] [Server] Plugin mysql_native_password reported: ''mysql_native_password' is deprecated and will be removed in a future release. Please use caching_sha2_password instead'
nginx-1  | 172.20.0.1 - - [27/Jul/2025:05:02:50 +0000] "POST /payments HTTP/1.1" 200 5 "-" "Grafana k6/1.1.0" "-"
app1-1   | 172.20.0.5 -  27/Jul/2025:05:02:50 +0000 "POST /payments" 200
db-1     | 2025-07-27T05:02:50.074698Z 70 [Warning] [MY-013360] [Server] Plugin mysql_native_password reported: ''mysql_native_password' is deprecated and will be removed in a future release. Please use caching_sha2_password instead'
nginx-1  | 172.20.0.1 - - [27/Jul/2025:05:02:50 +0000] "POST /payments HTTP/1.1" 200 5 "-" "Grafana k6/1.1.0" "-"
app1-1   | 172.20.0.5 -  27/Jul/2025:05:02:50 +0000 "POST /payments" 200
db-1     | 2025-07-27T05:02:50.089622Z 71 [Warning] [MY-013360] [Server] Plugin mysql_native_password reported: ''mysql_native_password' is deprecated and will be removed in a future release. Please use caching_sha2_password instead'
nginx-1  | 172.20.0.1 - - [27/Jul/2025:05:02:50 +0000] "POST /payments HTTP/1.1" 200 5 "-" "Grafana k6/1.1.0" "-"
app1-1   | 172.20.0.5 -  27/Jul/2025:05:02:50 +0000 "POST /payments" 200
db-1     | 2025-07-27T05:02:50.095528Z 72 [Warning] [MY-013360] [Server] Plugin mysql_native_password reported: ''mysql_native_password' is deprecated and will be removed in a future release. Please use caching_sha2_password instead'
nginx-1  | 172.20.0.1 - - [27/Jul/2025:05:02:50 +0000] "POST /payments HTTP/1.1" 200 5 "-" "Grafana k6/1.1.0" "-"
app2-1   | 172.20.0.5 -  27/Jul/2025:05:02:50 +0000 "POST /payments" 200
db-1     | 2025-07-27T05:02:50.116637Z 73 [Warning] [MY-013360] [Server] Plugin mysql_native_password reported: ''mysql_native_password' is deprecated and will be removed in a future release. Please use caching_sha2_password instead'
nginx-1  | 172.20.0.1 - - [27/Jul/2025:05:02:50 +0000] "POST /payments HTTP/1.1" 200 5 "-" "Grafana k6/1.1.0" "-"
app2-1   | 172.20.0.5 -  27/Jul/2025:05:02:50 +0000 "POST /payments" 200
db-1     | 2025-07-27T05:02:50.138753Z 74 [Warning] [MY-013360] [Server] Plugin mysql_native_password reported: ''mysql_native_password' is deprecated and will be removed in a future release. Please use caching_sha2_password instead'
nginx-1  | 172.20.0.1 - - [27/Jul/2025:05:02:50 +0000] "POST /payments HTTP/1.1" 200 5 "-" "Grafana k6/1.1.0" "-"
app1-1   | 172.20.0.5 -  27/Jul/2025:05:02:50 +0000 "POST /payments" 200
db-1     | 2025-07-27T05:02:50.183416Z 75 [Warning] [MY-013360] [Server] Plugin mysql_native_password reported: ''mysql_native_password' is deprecated and will be removed in a future release. Please use caching_sha2_password instead'
nginx-1  | 172.20.0.1 - - [27/Jul/2025:05:02:50 +0000] "POST /payments HTTP/1.1" 200 5 "-" "Grafana k6/1.1.0" "-"
app2-1   | 172.20.0.5 -  27/Jul/2025:05:02:50 +0000 "POST /payments" 200
db-1     | 2025-07-27T05:02:50.204668Z 76 [Warning] [MY-013360] [Server] Plugin mysql_native_password reported: ''mysql_native_password' is deprecated and will be removed in a future release. Please use caching_sha2_password instead'
nginx-1  | 172.20.0.1 - - [27/Jul/2025:05:02:50 +0000] "POST /payments HTTP/1.1" 200 5 "-" "Grafana k6/1.1.0" "-"
app1-1   | 172.20.0.5 -  27/Jul/2025:05:02:50 +0000 "POST /payments" 200
db-1     | 2025-07-27T05:02:50.224957Z 77 [Warning] [MY-013360] [Server] Plugin mysql_native_password reported: ''mysql_native_password' is deprecated and will be removed in a future release. Please use caching_sha2_password instead'
nginx-1  | 172.20.0.1 - - [27/Jul/2025:05:02:50 +0000] "POST /payments HTTP/1.1" 200 5 "-" "Grafana k6/1.1.0" "-"
app2-1   | 172.20.0.5 -  27/Jul/2025:05:02:50 +0000 "POST /payments" 200
db-1     | 2025-07-27T05:02:50.254985Z 78 [Warning] [MY-013360] [Server] Plugin mysql_native_password reported: ''mysql_native_password' is deprecated and will be removed in a future release. Please use caching_sha2_password instead'
nginx-1  | 172.20.0.1 - - [27/Jul/2025:05:02:50 +0000] "POST /payments HTTP/1.1" 200 5 "-" "Grafana k6/1.1.0" "-"
app2-1   | 172.20.0.5 -  27/Jul/2025:05:02:50 +0000 "POST /payments" 200
db-1     | 2025-07-27T05:02:50.292733Z 79 [Warning] [MY-013360] [Server] Plugin mysql_native_password reported: ''mysql_native_password' is deprecated and will be removed in a future release. Please use caching_sha2_password instead'
nginx-1  | 172.20.0.1 - - [27/Jul/2025:05:02:50 +0000] "POST /payments HTTP/1.1" 200 5 "-" "Grafana k6/1.1.0" "-"
app1-1   | 172.20.0.5 -  27/Jul/2025:05:02:50 +0000 "POST /payments" 200
db-1     | 2025-07-27T05:02:50.314222Z 80 [Warning] [MY-013360] [Server] Plugin mysql_native_password reported: ''mysql_native_password' is deprecated and will be removed in a future release. Please use caching_sha2_password instead'
nginx-1  | 172.20.0.1 - - [27/Jul/2025:05:02:50 +0000] "POST /payments HTTP/1.1" 200 5 "-" "Grafana k6/1.1.0" "-"
app1-1   | 172.20.0.5 -  27/Jul/2025:05:02:50 +0000 "POST /payments" 200
db-1     | 2025-07-27T05:02:50.336507Z 81 [Warning] [MY-013360] [Server] Plugin mysql_native_password reported: ''mysql_native_password' is deprecated and will be removed in a future release. Please use caching_sha2_password instead'
nginx-1  | 172.20.0.1 - - [27/Jul/2025:05:02:50 +0000] "POST /payments HTTP/1.1" 200 5 "-" "Grafana k6/1.1.0" "-"
app2-1   | 172.20.0.5 -  27/Jul/2025:05:02:50 +0000 "POST /payments" 200
db-1     | 2025-07-27T05:02:50.357962Z 82 [Warning] [MY-013360] [Server] Plugin mysql_native_password reported: ''mysql_native_password' is deprecated and will be removed in a future release. Please use caching_sha2_password instead'
nginx-1  | 172.20.0.1 - - [27/Jul/2025:05:02:50 +0000] "POST /payments HTTP/1.1" 200 5 "-" "Grafana k6/1.1.0" "-"
app1-1   | 172.20.0.5 -  27/Jul/2025:05:02:50 +0000 "POST /payments" 200
db-1     | 2025-07-27T05:02:50.401589Z 83 [Warning] [MY-013360] [Server] Plugin mysql_native_password reported: ''mysql_native_password' is deprecated and will be removed in a future release. Please use caching_sha2_password instead'
nginx-1  | 172.20.0.1 - - [27/Jul/2025:05:02:50 +0000] "POST /payments HTTP/1.1" 200 5 "-" "Grafana k6/1.1.0" "-"
app2-1   | 172.20.0.5 -  27/Jul/2025:05:02:50 +0000 "POST /payments" 200
db-1     | 2025-07-27T05:02:50.423323Z 84 [Warning] [MY-013360] [Server] Plugin mysql_native_password reported: ''mysql_native_password' is deprecated and will be removed in a future release. Please use caching_sha2_password instead'
nginx-1  | 172.20.0.1 - - [27/Jul/2025:05:02:50 +0000] "POST /payments HTTP/1.1" 200 5 "-" "Grafana k6/1.1.0" "-"
app1-1   | 172.20.0.5 -  27/Jul/2025:05:02:50 +0000 "POST /payments" 200
db-1     | 2025-07-27T05:02:50.445150Z 85 [Warning] [MY-013360] [Server] Plugin mysql_native_password reported: ''mysql_native_password' is deprecated and will be removed in a future release. Please use caching_sha2_password instead'
nginx-1  | 172.20.0.1 - - [27/Jul/2025:05:02:50 +0000] "POST /payments HTTP/1.1" 200 5 "-" "Grafana k6/1.1.0" "-"
app2-1   | 172.20.0.5 -  27/Jul/2025:05:02:50 +0000 "POST /payments" 200
db-1     | 2025-07-27T05:02:50.471278Z 86 [Warning] [MY-013360] [Server] Plugin mysql_native_password reported: ''mysql_native_password' is deprecated and will be removed in a future release. Please use caching_sha2_password instead'
nginx-1  | 172.20.0.1 - - [27/Jul/2025:05:02:50 +0000] "POST /payments HTTP/1.1" 200 5 "-" "Grafana k6/1.1.0" "-"
app2-1   | 172.20.0.5 -  27/Jul/2025:05:02:50 +0000 "POST /payments" 200
db-1     | 2025-07-27T05:02:50.510724Z 87 [Warning] [MY-013360] [Server] Plugin mysql_native_password reported: ''mysql_native_password' is deprecated and will be removed in a future release. Please use caching_sha2_password instead'
nginx-1  | 172.20.0.1 - - [27/Jul/2025:05:02:50 +0000] "POST /payments HTTP/1.1" 200 5 "-" "Grafana k6/1.1.0" "-"
app1-1   | 172.20.0.5 -  27/Jul/2025:05:02:50 +0000 "POST /payments" 200
db-1     | 2025-07-27T05:02:50.532621Z 88 [Warning] [MY-013360] [Server] Plugin mysql_native_password reported: ''mysql_native_password' is deprecated and will be removed in a future release. Please use caching_sha2_password instead'
nginx-1  | 172.20.0.1 - - [27/Jul/2025:05:02:50 +0000] "POST /payments HTTP/1.1" 200 5 "-" "Grafana k6/1.1.0" "-"
app1-1   | 172.20.0.5 -  27/Jul/2025:05:02:50 +0000 "POST /payments" 200
db-1     | 2025-07-27T05:02:50.553914Z 89 [Warning] [MY-013360] [Server] Plugin mysql_native_password reported: ''mysql_native_password' is deprecated and will be removed in a future release. Please use caching_sha2_password instead'
nginx-1  | 172.20.0.1 - - [27/Jul/2025:05:02:50 +0000] "POST /payments HTTP/1.1" 200 5 "-" "Grafana k6/1.1.0" "-"
app2-1   | 172.20.0.5 -  27/Jul/2025:05:02:50 +0000 "POST /payments" 200
db-1     | 2025-07-27T05:02:50.576104Z 90 [Warning] [MY-013360] [Server] Plugin mysql_native_password reported: ''mysql_native_password' is deprecated and will be removed in a future release. Please use caching_sha2_password instead'
nginx-1  | 172.20.0.1 - - [27/Jul/2025:05:02:50 +0000] "POST /payments HTTP/1.1" 200 5 "-" "Grafana k6/1.1.0" "-"
app1-1   | 172.20.0.5 -  27/Jul/2025:05:02:50 +0000 "POST /payments" 200
db-1     | 2025-07-27T05:02:50.620260Z 91 [Warning] [MY-013360] [Server] Plugin mysql_native_password reported: ''mysql_native_password' is deprecated and will be removed in a future release. Please use caching_sha2_password instead'
nginx-1  | 172.20.0.1 - - [27/Jul/2025:05:02:50 +0000] "POST /payments HTTP/1.1" 200 5 "-" "Grafana k6/1.1.0" "-"
app2-1   | 172.20.0.5 -  27/Jul/2025:05:02:50 +0000 "POST /payments" 200
db-1     | 2025-07-27T05:02:50.642184Z 92 [Warning] [MY-013360] [Server] Plugin mysql_native_password reported: ''mysql_native_password' is deprecated and will be removed in a future release. Please use caching_sha2_password instead'
nginx-1  | 172.20.0.1 - - [27/Jul/2025:05:02:50 +0000] "POST /payments HTTP/1.1" 200 5 "-" "Grafana k6/1.1.0" "-"
app1-1   | 172.20.0.5 -  27/Jul/2025:05:02:50 +0000 "POST /payments" 200
db-1     | 2025-07-27T05:02:50.663605Z 93 [Warning] [MY-013360] [Server] Plugin mysql_native_password reported: ''mysql_native_password' is deprecated and will be removed in a future release. Please use caching_sha2_password instead'
nginx-1  | 172.20.0.1 - - [27/Jul/2025:05:02:50 +0000] "POST /payments HTTP/1.1" 200 5 "-" "Grafana k6/1.1.0" "-"
app2-1   | 172.20.0.5 -  27/Jul/2025:05:02:50 +0000 "POST /payments" 200
db-1     | 2025-07-27T05:02:50.689016Z 94 [Warning] [MY-013360] [Server] Plugin mysql_native_password reported: ''mysql_native_password' is deprecated and will be removed in a future release. Please use caching_sha2_password instead'
