
 api2 Pulling 
 api1 Pulling 
 396b1da7636e Already exists 
 967d248389a0 Already exists 
 757bbc66d1ac Pulling fs layer 
 396b1da7636e Already exists 
 967d248389a0 Already exists 
 757bbc66d1ac Pulling fs layer 
 757bbc66d1ac Downloading [>                                                  ]  20.52kB/1.931MB
 757bbc66d1ac Downloading [>                                                  ]  20.52kB/1.931MB
 757bbc66d1ac Verifying Checksum 
 757bbc66d1ac Verifying Checksum 
 757bbc66d1ac Download complete 
 757bbc66d1ac Download complete 
 757bbc66d1ac Extracting [>                                                  ]  32.77kB/1.931MB
 757bbc66d1ac Extracting [>                                                  ]  32.77kB/1.931MB
 757bbc66d1ac Extracting [==================================================>]  1.931MB/1.931MB
 757bbc66d1ac Extracting [==================================================>]  1.931MB/1.931MB
 757bbc66d1ac Extracting [==================================================>]  1.931MB/1.931MB
 757bbc66d1ac Extracting [==================================================>]  1.931MB/1.931MB
 757bbc66d1ac Pull complete 
 757bbc66d1ac Pull complete 
 api2 Pulled 
 api1 Pulled 
 Network vimsos-rust_internal-network  Creating
 Network vimsos-rust_internal-network  Created
 Container vimsos-rust-pg-1  Creating
 Container vimsos-rust-pg-1  Created
 Container vimsos-rust-api2-1  Creating
 Container vimsos-rust-api1-1  Creating
 Container vimsos-rust-api1-1  Created
 Container vimsos-rust-api2-1  Created
 Container vimsos-rust-nginx-1  Creating
 Container vimsos-rust-nginx-1  Created
Attaching to api1-1, api2-1, nginx-1, pg-1
pg-1  | The files belonging to this database system will be owned by user "postgres".
pg-1  | This user must also own the server process.
pg-1  | 
pg-1  | The database cluster will be initialized with locale "en_US.utf8".
pg-1  | The default database encoding has accordingly been set to "UTF8".
pg-1  | The default text search configuration will be set to "english".
pg-1  | 
pg-1  | Data page checksums are disabled.
pg-1  | 
pg-1  | fixing permissions on existing directory /var/lib/postgresql/data ... ok
pg-1  | creating subdirectories ... ok
pg-1  | selecting dynamic shared memory implementation ... posix
pg-1  | selecting default "max_connections" ... 100
pg-1  | selecting default "shared_buffers" ... 128MB
pg-1  | selecting default time zone ... Etc/UTC
pg-1  | creating configuration files ... ok
pg-1  | running bootstrap script ... ok
nginx-1  | /docker-entrypoint.sh: /docker-entrypoint.d/ is not empty, will attempt to perform configuration
nginx-1  | /docker-entrypoint.sh: Looking for shell scripts in /docker-entrypoint.d/
nginx-1  | /docker-entrypoint.sh: Launching /docker-entrypoint.d/10-listen-on-ipv6-by-default.sh
nginx-1  | 10-listen-on-ipv6-by-default.sh: info: Getting the checksum of /etc/nginx/conf.d/default.conf
nginx-1  | 10-listen-on-ipv6-by-default.sh: info: Enabled listen on IPv6 in /etc/nginx/conf.d/default.conf
nginx-1  | /docker-entrypoint.sh: Sourcing /docker-entrypoint.d/15-local-resolvers.envsh
nginx-1  | /docker-entrypoint.sh: Launching /docker-entrypoint.d/20-envsubst-on-templates.sh
nginx-1  | /docker-entrypoint.sh: Launching /docker-entrypoint.d/30-tune-worker-processes.sh
nginx-1  | /docker-entrypoint.sh: Configuration complete; ready for start up
pg-1     | performing post-bootstrap initialization ... ok
pg-1     | initdb: warning: enabling "trust" authentication for local connections
pg-1     | initdb: hint: You can change this by editing pg_hba.conf or using the option -A, or --auth-local and --auth-host, the next time you run initdb.
pg-1     | syncing data to disk ... ok
pg-1     | 
pg-1     | 
pg-1     | Success. You can now start the database server using:
pg-1     | 
pg-1     |     pg_ctl -D /var/lib/postgresql/data -l logfile start
pg-1     | 
pg-1     | waiting for server to start.... done
pg-1     | server started
pg-1     | CREATE DATABASE
pg-1     | 
pg-1     | 
pg-1     | /usr/local/bin/docker-entrypoint.sh: running /docker-entrypoint-initdb.d/01_create_log_table.sql
pg-1     | CREATE SCHEMA
pg-1     | CREATE TABLE
pg-1     | 
pg-1     | 
pg-1     | waiting for server to shut down.... done
pg-1     | server stopped
pg-1     | 
pg-1     | PostgreSQL init process complete; ready for start up.
pg-1     | 
api2-1   | 23:55:28 [0m[31m[ERROR] [0mdfb876d5-dd5a-414d-8aff-ad19eef397cc failed at default with status 500 Internal Server Error, 1 attempts
api1-1   | 23:55:28 [0m[31m[ERROR] [0m555a55be-077e-4740-92ea-eab0c668f568 failed at default with status 500 Internal Server Error, 1 attempts
api2-1   | 23:55:28 [0m[31m[ERROR] [0mccb9df45-a36f-4132-b712-8e2cdbbc1a4e failed at default with status 500 Internal Server Error, 1 attempts
api1-1   | 23:55:28 [0m[31m[ERROR] [0m8504909b-6c19-4397-91d6-8993cc55ab57 failed at default with status 500 Internal Server Error, 1 attempts
api2-1   | 23:55:28 [0m[31m[ERROR] [0ma0ef6cf6-7d86-4143-ae9c-3c14b97a7ef3 failed at default with status 500 Internal Server Error, 1 attempts
api1-1   | 23:55:28 [0m[31m[ERROR] [0m42dbd969-321a-4562-85cf-3867de915b15 failed at default with status 500 Internal Server Error, 1 attempts
api2-1   | 23:55:28 [0m[31m[ERROR] [0mce6fb8c9-089a-4865-82b1-6528f0eeb9a4 failed at default with status 500 Internal Server Error, 1 attempts
api1-1   | 23:55:28 [0m[31m[ERROR] [0m1ef1f58a-6081-4c78-917e-fd18a247feb9 failed at default with status 500 Internal Server Error, 1 attempts
api2-1   | 23:55:28 [0m[31m[ERROR] [0m01a8f9a3-8c99-4846-8855-c5b6a014d4c1 failed at default with status 500 Internal Server Error, 1 attempts
api1-1   | 23:55:28 [0m[31m[ERROR] [0m43b443f2-4876-4c59-8786-81dcd61beda8 failed at default with status 500 Internal Server Error, 1 attempts
api2-1   | 23:55:28 [0m[31m[ERROR] [0mab833f0a-0883-4bf8-823c-a997134e959c failed at default with status 500 Internal Server Error, 1 attempts
api1-1   | 23:55:28 [0m[31m[ERROR] [0m31dc6d1e-23ba-4713-8da3-470409d94360 failed at default with status 500 Internal Server Error, 1 attempts
api2-1   | 23:55:28 [0m[31m[ERROR] [0maa806e8e-855b-4e14-8f42-e3bd77697fda failed at default with status 500 Internal Server Error, 1 attempts
api1-1   | 23:55:28 [0m[31m[ERROR] [0mb6c19f26-8b9e-42df-aa59-266f59b3ed5f failed at default with status 500 Internal Server Error, 1 attempts
api2-1   | 23:55:28 [0m[31m[ERROR] [0m55d3891a-7527-45ce-82d1-1c69cd1f6915 failed at default with status 500 Internal Server Error, 1 attempts
api1-1   | 23:55:28 [0m[31m[ERROR] [0m029d829e-1f96-4842-8fa3-ec621d0937b5 failed at default with status 500 Internal Server Error, 1 attempts
api2-1   | 23:55:28 [0m[31m[ERROR] [0m0b95571a-f875-4727-bd2b-6193c4bddefe failed at default with status 500 Internal Server Error, 1 attempts
api1-1   | 23:55:28 [0m[31m[ERROR] [0ma117401d-2388-4d1c-b99c-dc9db0b4c51c failed at default with status 500 Internal Server Error, 1 attempts
api2-1   | 23:55:28 [0m[31m[ERROR] [0m3050e59f-6883-47a5-9d17-bfe58c10733a failed at default with status 500 Internal Server Error, 1 attempts
api1-1   | 23:55:28 [0m[31m[ERROR] [0m8d3b95bd-9ac3-48ef-8967-215e1cfdf9a1 failed at default with status 500 Internal Server Error, 1 attempts
api2-1   | 23:55:29 [0m[31m[ERROR] [0m38b297b8-4213-47b7-a194-5578fc73860a failed at default with status 500 Internal Server Error, 1 attempts
api1-1   | 23:55:29 [0m[31m[ERROR] [0m90310cb5-1e3c-437f-944e-471d77ed6bb1 failed at default with status 500 Internal Server Error, 1 attempts
api2-1   | 23:55:29 [0m[31m[ERROR] [0me9e7f563-c206-47fa-8dc2-492778c6b81c failed at default with status 500 Internal Server Error, 1 attempts
api1-1   | 23:55:29 [0m[31m[ERROR] [0me3615322-d63e-46a7-8018-1b74fdb974d4 failed at default with status 500 Internal Server Error, 1 attempts
api2-1   | 23:55:29 [0m[31m[ERROR] [0m6e503f95-41a4-448d-89ef-dc2f21a2bdd2 failed at default with status 500 Internal Server Error, 1 attempts
api1-1   | 23:55:29 [0m[31m[ERROR] [0mfd09edd0-1e4b-458e-bd31-1bc29c5be875 failed at default with status 500 Internal Server Error, 1 attempts
api2-1   | 23:55:29 [0m[31m[ERROR] [0mda541cfb-445e-43b2-9063-9bf97c611c21 failed at default with status 500 Internal Server Error, 1 attempts
api1-1   | 23:55:29 [0m[31m[ERROR] [0mce6c60e1-70d4-4fa6-9159-bd0bfdd7be5a failed at default with status 500 Internal Server Error, 1 attempts
api2-1   | 23:55:29 [0m[31m[ERROR] [0m407f283a-ddda-4a6e-a7ff-41c2276296e0 failed at default with status 500 Internal Server Error, 1 attempts
api1-1   | 23:55:29 [0m[31m[ERROR] [0m47c12cd6-9ceb-465e-a9da-ca5e97f689e6 failed at default with status 500 Internal Server Error, 1 attempts
api1-1   | 23:55:29 [0m[31m[ERROR] [0mf8736883-11d4-4b07-a77d-bcf0b1387f66 failed at default with status 500 Internal Server Error, 1 attempts
api2-1   | 23:55:29 [0m[31m[ERROR] [0m83d8254b-6dd4-4616-9539-1236485fe3a8 failed at default with status 500 Internal Server Error, 1 attempts
api1-1   | 23:55:29 [0m[31m[ERROR] [0mcee60921-c6dd-4db4-b8ea-a05e511894cd failed at default with status 500 Internal Server Error, 1 attempts
api2-1   | 23:55:29 [0m[31m[ERROR] [0me1afcf54-4b1b-490b-acf4-3c75896f693f failed at default with status 500 Internal Server Error, 1 attempts
api1-1   | 23:55:29 [0m[31m[ERROR] [0m8e9cde3e-479e-4f8f-adb5-89376291bb28 failed at default with status 500 Internal Server Error, 1 attempts
api2-1   | 23:55:29 [0m[31m[ERROR] [0m56397570-bc06-4365-ad85-58cfe54ec3d3 failed at default with status 500 Internal Server Error, 1 attempts
api1-1   | 23:55:29 [0m[31m[ERROR] [0m7638aead-7692-4c55-b04a-d069cc5f0910 failed at default with status 500 Internal Server Error, 1 attempts
api2-1   | 23:55:29 [0m[31m[ERROR] [0m29ffaae0-6ae7-450d-8205-89203f79e248 failed at default with status 500 Internal Server Error, 1 attempts
api1-1   | 23:55:30 [0m[31m[ERROR] [0me9800aa1-515b-44bd-a980-b633f1e59e51 failed at default with status 500 Internal Server Error, 1 attempts
api2-1   | 23:55:30 [0m[31m[ERROR] [0ma9ce04f3-6a5d-40b6-80bc-d8ed58750503 failed at default with status 500 Internal Server Error, 1 attempts
api2-1   | 23:55:30 [0m[31m[ERROR] [0mc0ad86ed-7a14-41dc-b4eb-81d3a2f62857 failed at default with status 500 Internal Server Error, 1 attempts
api1-1   | 23:55:30 [0m[31m[ERROR] [0m63b85ced-62cf-490e-99bf-06b84065a371 failed at default with status 500 Internal Server Error, 1 attempts
api1-1   | 23:55:30 [0m[31m[ERROR] [0m63800bed-3479-4302-a473-2089cc1b603f failed at default with status 500 Internal Server Error, 1 attempts
api2-1   | 23:55:30 [0m[31m[ERROR] [0m58c0176b-e2b4-43a7-9f28-86d31befd431 failed at default with status 500 Internal Server Error, 1 attempts
api2-1   | 23:55:30 [0m[31m[ERROR] [0m2c15f854-67db-4ad6-919f-81445ca8c820 failed at default with status 500 Internal Server Error, 1 attempts
api1-1   | 23:55:30 [0m[31m[ERROR] [0mcbf34c45-a284-4026-afca-49ebf68787b8 failed at default with status 500 Internal Server Error, 1 attempts
api2-1   | 23:55:30 [0m[31m[ERROR] [0m3a662df9-ba7b-4518-98c8-fe2a244eda01 failed at default with status 500 Internal Server Error, 1 attempts
api1-1   | 23:55:30 [0m[31m[ERROR] [0ma21b71bb-9fea-4340-8976-acaf62aaca46 failed at default with status 500 Internal Server Error, 1 attempts
api2-1   | 23:55:30 [0m[31m[ERROR] [0mda7389ea-2506-47ef-b045-9218c17a2b11 failed at default with status 500 Internal Server Error, 1 attempts
api1-1   | 23:55:30 [0m[31m[ERROR] [0m7b92b9d5-ae3b-4ec6-ad14-87900fc388f8 failed at default with status 500 Internal Server Error, 1 attempts
api2-1   | 23:55:30 [0m[31m[ERROR] [0ma64d4997-4092-4465-aeb3-17ad325bdb1f failed at default with status 500 Internal Server Error, 1 attempts
api1-1   | 23:55:30 [0m[31m[ERROR] [0m39d84977-05d2-427a-9d86-2f1388a8cc28 failed at default with status 500 Internal Server Error, 1 attempts
api2-1   | 23:55:30 [0m[31m[ERROR] [0m9a2d6492-7164-4c57-b17f-5994fa45de56 failed at default with status 500 Internal Server Error, 1 attempts
api1-1   | 23:55:30 [0m[31m[ERROR] [0m527b1770-769c-46ab-b0eb-e7b5655b54a5 failed at default with status 500 Internal Server Error, 1 attempts
api1-1   | 23:55:30 [0m[31m[ERROR] [0mb8b012c6-9fa3-429e-a183-e8e458dac923 failed at default with status 500 Internal Server Error, 1 attempts
api2-1   | 23:55:30 [0m[31m[ERROR] [0m99c64d51-e40a-4eb6-a17a-3030b09d631b failed at default with status 500 Internal Server Error, 1 attempts
api1-1   | 23:55:30 [0m[31m[ERROR] [0mf395f5aa-6baf-48c4-b0e9-985646c63e44 failed at default with status 500 Internal Server Error, 1 attempts
api2-1   | 23:55:30 [0m[31m[ERROR] [0me87470a4-e51a-4c54-bfc8-3e57bfe854fe failed at default with status 500 Internal Server Error, 1 attempts
api1-1   | 23:55:31 [0m[31m[ERROR] [0m354a6249-a020-4859-89ed-847338fa4145 failed at default with status 500 Internal Server Error, 1 attempts
api2-1   | 23:55:31 [0m[31m[ERROR] [0m6c8636f0-7b11-4564-8be7-53d248eca0b9 failed at default with status 500 Internal Server Error, 1 attempts
api2-1   | 23:55:31 [0m[31m[ERROR] [0m992915a7-078e-4502-84a8-7193f996ed22 failed at default with status 500 Internal Server Error, 1 attempts
api1-1   | 23:55:31 [0m[31m[ERROR] [0mffcd4ae4-fbed-48e8-b60c-afa4d106fb98 failed at default with status 500 Internal Server Error, 1 attempts
api2-1   | 23:55:31 [0m[31m[ERROR] [0m894c25e1-fe7e-47c0-b1c0-243cbd80a1f7 failed at default with status 500 Internal Server Error, 1 attempts
api1-1   | 23:55:31 [0m[31m[ERROR] [0mb4f36e05-4e70-4c40-9d0e-78f93b74d16d failed at default with status 500 Internal Server Error, 1 attempts
api2-1   | 23:55:31 [0m[31m[ERROR] [0m4dc09c9b-3361-497e-916c-ddcce724d1fd failed at default with status 500 Internal Server Error, 1 attempts
api1-1   | 23:55:31 [0m[31m[ERROR] [0m8ae214c5-9756-4950-92a1-770c59b2bca1 failed at default with status 500 Internal Server Error, 1 attempts
api1-1   | 23:55:31 [0m[31m[ERROR] [0m6a8ac61e-1c8b-460b-a3f7-6f876bc2b094 failed at default with status 500 Internal Server Error, 1 attempts
api2-1   | 23:55:31 [0m[31m[ERROR] [0m475401e6-b875-43c2-a0ca-91658a6a9987 failed at default with status 500 Internal Server Error, 1 attempts
api1-1   | 23:55:31 [0m[31m[ERROR] [0m7fad9dca-448e-421b-a2eb-836360aa76a8 failed at default with status 500 Internal Server Error, 1 attempts
api2-1   | 23:55:31 [0m[31m[ERROR] [0ma4cdf25e-7a1f-41a8-8d5d-5d19ea89e58f failed at default with status 500 Internal Server Error, 1 attempts
api1-1   | 23:55:31 [0m[31m[ERROR] [0m9e857158-3373-49e5-a527-79d849504724 failed at default with status 500 Internal Server Error, 1 attempts
api2-1   | 23:55:31 [0m[31m[ERROR] [0m94636b66-cbb4-427c-8000-560b72769a6a failed at default with status 500 Internal Server Error, 1 attempts
api1-1   | 23:55:31 [0m[31m[ERROR] [0mc54a79bf-181c-454e-bb87-f31288a0a68f failed at default with status 500 Internal Server Error, 1 attempts
api2-1   | 23:55:31 [0m[31m[ERROR] [0mbdda3029-0c7d-4bd2-9559-4cc99d38b163 failed at default with status 500 Internal Server Error, 1 attempts
api1-1   | 23:55:31 [0m[31m[ERROR] [0m366ffb55-6c0e-48cd-b12f-361eb28aec87 failed at default with status 500 Internal Server Error, 1 attempts
api2-1   | 23:55:31 [0m[31m[ERROR] [0m36f07a2f-293f-4bb4-8b94-d7e2556d87a0 failed at default with status 500 Internal Server Error, 1 attempts
api1-1   | 23:55:31 [0m[31m[ERROR] [0m1af22087-761b-45e6-905a-47b99c6d4aa2 failed at default with status 500 Internal Server Error, 1 attempts
api2-1   | 23:55:31 [0m[31m[ERROR] [0md8ed46e0-2537-4954-94a8-819e6672e8f2 failed at default with status 500 Internal Server Error, 1 attempts
api1-1   | 23:55:32 [0m[31m[ERROR] [0maaa778d4-ae4b-465c-8277-27aabef9453d failed at default with status 500 Internal Server Error, 1 attempts
api2-1   | 23:55:32 [0m[31m[ERROR] [0m5064dae3-a59e-4af9-ac6a-229996254b95 failed at default with status 500 Internal Server Error, 1 attempts
api1-1   | 23:55:32 [0m[31m[ERROR] [0m7e212c8c-face-45ff-9006-f56140865c1a failed at default with status 500 Internal Server Error, 1 attempts
api2-1   | 23:55:32 [0m[31m[ERROR] [0m9b1165d3-7c54-4513-be76-8d455046e3a5 failed at default with status 500 Internal Server Error, 1 attempts
api1-1   | 23:55:32 [0m[31m[ERROR] [0m90cbe769-3e6e-45d5-a11e-44af87948d1f failed at default with status 500 Internal Server Error, 1 attempts
api2-1   | 23:55:32 [0m[31m[ERROR] [0mdad379a9-5815-4fe9-a87f-9b476609585a failed at default with status 500 Internal Server Error, 1 attempts
api1-1   | 23:55:32 [0m[31m[ERROR] [0m3209d1bf-1f98-497c-9530-cd81a641eae6 failed at default with status 500 Internal Server Error, 1 attempts
api2-1   | 23:55:32 [0m[31m[ERROR] [0m921fb6d4-3d74-489a-970d-06d68e275234 failed at default with status 500 Internal Server Error, 1 attempts
api1-1   | 23:55:32 [0m[31m[ERROR] [0ma2f63fba-e789-4ab0-90df-d630fb7cf6f8 failed at default with status 500 Internal Server Error, 1 attempts
api2-1   | 23:55:32 [0m[31m[ERROR] [0mcef0864f-e4c7-4cd4-9eb5-e629a949fcc0 failed at default with status 500 Internal Server Error, 1 attempts
api1-1   | 23:55:32 [0m[31m[ERROR] [0m90328975-1ddc-4047-8ecc-989e3d1afb0b failed at default with status 500 Internal Server Error, 1 attempts
api2-1   | 23:55:32 [0m[31m[ERROR] [0m73a435b7-1e47-4de3-9e57-a8611075c0d8 failed at default with status 500 Internal Server Error, 1 attempts
api1-1   | 23:55:32 [0m[31m[ERROR] [0mc9d2a7a1-b500-4e67-a9ea-af00766f7711 failed at default with status 500 Internal Server Error, 1 attempts
api2-1   | 23:55:32 [0m[31m[ERROR] [0m3dd42989-d977-4c3c-bc83-1a49d1bddafd failed at default with status 500 Internal Server Error, 1 attempts
api1-1   | 23:55:32 [0m[31m[ERROR] [0me257c361-a369-4803-a35e-ee0f226def93 failed at default with status 500 Internal Server Error, 1 attempts
api2-1   | 23:55:32 [0m[31m[ERROR] [0mf8b0843a-a34a-4f41-a546-023e27b4feda failed at default with status 500 Internal Server Error, 1 attempts
api1-1   | 23:55:32 [0m[31m[ERROR] [0me7a8bcdb-cea4-4521-b8d0-7fed6b029b02 failed at default with status 500 Internal Server Error, 1 attempts
api2-1   | 23:55:32 [0m[31m[ERROR] [0mb0eefe38-0321-41c3-959e-0b058db8a054 failed at default with status 500 Internal Server Error, 1 attempts
api1-1   | 23:55:33 [0m[31m[ERROR] [0m83c5e10c-144d-4ffb-adb9-cc2df374e799 failed at default with status 500 Internal Server Error, 1 attempts
api2-1   | 23:55:33 [0m[31m[ERROR] [0m1c4d139b-7d6f-4b62-81db-3540c52d4750 failed at default with status 500 Internal Server Error, 1 attempts
api1-1   | 23:55:33 [0m[31m[ERROR] [0ma1d2ffb2-9dad-42b6-b858-08950a8aae3a failed at default with status 500 Internal Server Error, 1 attempts
api2-1   | 23:55:33 [0m[31m[ERROR] [0me3d6c81b-365a-437a-be07-4e41cb30cb8e failed at default with status 500 Internal Server Error, 1 attempts
api1-1   | 23:55:33 [0m[31m[ERROR] [0m5496f597-6147-47a9-a70a-5d3302bcdafa failed at default with status 500 Internal Server Error, 1 attempts
api2-1   | 23:55:33 [0m[31m[ERROR] [0m91c341bf-3d66-4f38-ab01-c898434d5471 failed at default with status 500 Internal Server Error, 1 attempts
api1-1   | 23:55:33 [0m[31m[ERROR] [0me9b02f37-24a2-4b00-b821-1e02a558c5c7 failed at default with status 500 Internal Server Error, 1 attempts
api2-1   | 23:55:33 [0m[31m[ERROR] [0md134eb56-2dae-497c-9875-d273b219727c failed at default with status 500 Internal Server Error, 1 attempts
api2-1   | 23:55:33 [0m[31m[ERROR] [0m62bfe118-a96a-4fd1-a4e9-78c547d9f151 failed at default with status 500 Internal Server Error, 1 attempts
api1-1   | 23:55:33 [0m[31m[ERROR] [0m98fb7a92-e897-4b1f-9b68-50d268d6d2b0 failed at default with status 500 Internal Server Error, 1 attempts
api2-1   | 23:55:33 [0m[31m[ERROR] [0m8cdc9037-2e15-4281-b0bd-a98ab33c5c34 failed at default with status 500 Internal Server Error, 1 attempts
api1-1   | 23:55:33 [0m[31m[ERROR] [0m1bf256a1-18c5-40b6-afef-accab3bc1ac7 failed at default with status 500 Internal Server Error, 1 attempts
api2-1   | 23:55:33 [0m[31m[ERROR] [0m4a0b12fc-cc18-4f98-a3e1-a4eb9025f3af failed at default with status 500 Internal Server Error, 1 attempts
api1-1   | 23:55:33 [0m[31m[ERROR] [0me8d72c63-214d-4660-8712-717576d90aca failed at default with status 500 Internal Server Error, 1 attempts
api2-1   | 23:55:33 [0m[31m[ERROR] [0m8466f3b2-ffce-4b98-a12a-701efe80ee21 failed at default with status 500 Internal Server Error, 1 attempts
api1-1   | 23:55:33 [0m[31m[ERROR] [0m0a38d7ea-5106-4223-89d8-58dfac8017f7 failed at default with status 500 Internal Server Error, 1 attempts
api1-1   | 23:55:33 [0m[31m[ERROR] [0ma5329e80-427c-4967-9edd-f610636aa5e5 failed at default with status 500 Internal Server Error, 1 attempts
api2-1   | 23:55:33 [0m[31m[ERROR] [0m57597885-46ee-4bba-9a26-63c1d898bd18 failed at default with status 500 Internal Server Error, 1 attempts
api2-1   | 23:55:33 [0m[31m[ERROR] [0m7574fa0e-ac28-4859-96d8-0a1c364d3fb7 failed at default with status 500 Internal Server Error, 1 attempts
api1-1   | 23:55:33 [0m[31m[ERROR] [0m420558d1-b1e3-4c07-9ece-518e3a236f12 failed at default with status 500 Internal Server Error, 1 attempts
api1-1   | 23:55:34 [0m[31m[ERROR] [0mdbd87eda-9ca2-4f74-82e9-8d9d83d55c09 failed at default with status 500 Internal Server Error, 1 attempts
api2-1   | 23:55:34 [0m[31m[ERROR] [0m1a2f1e0a-e2ab-4059-b183-a9a0891b1bb9 failed at default with status 500 Internal Server Error, 1 attempts
api2-1   | 23:55:34 [0m[31m[ERROR] [0m5cd63780-0d4d-4c9c-9487-58477280b0d5 failed at default with status 500 Internal Server Error, 1 attempts
api1-1   | 23:55:34 [0m[31m[ERROR] [0md1b669f8-db71-4666-a09f-4797f6f30868 failed at default with status 500 Internal Server Error, 1 attempts
api2-1   | 23:55:34 [0m[31m[ERROR] [0m3ff15c3f-2ca5-4214-8cb2-0237cb487956 failed at default with status 500 Internal Server Error, 1 attempts
api1-1   | 23:55:34 [0m[31m[ERROR] [0mfed53755-1629-43bf-814d-e68dde35c7a9 failed at default with status 500 Internal Server Error, 1 attempts
api1-1   | 23:55:34 [0m[31m[ERROR] [0mef503c2d-1e8d-4965-bd11-3b15c8d44ccc failed at default with status 500 Internal Server Error, 1 attempts
api2-1   | 23:55:34 [0m[31m[ERROR] [0m05c0c9ae-d19d-4586-a3e3-efddff01eea5 failed at default with status 500 Internal Server Error, 1 attempts
api1-1   | 23:55:34 [0m[31m[ERROR] [0m6f4ceba2-1236-4954-8e3a-225a0544cbaf failed at default with status 500 Internal Server Error, 1 attempts
api2-1   | 23:55:34 [0m[31m[ERROR] [0m612d08ec-6377-4b79-bd18-6a9477724637 failed at default with status 500 Internal Server Error, 1 attempts
api1-1   | 23:55:34 [0m[31m[ERROR] [0md78c757d-cc9d-41ae-aa55-279dd234f724 failed at default with status 500 Internal Server Error, 1 attempts
api2-1   | 23:55:34 [0m[31m[ERROR] [0m5f5d597c-baad-4c46-abf1-36927e03183e failed at default with status 500 Internal Server Error, 1 attempts
api2-1   | 23:55:34 [0m[31m[ERROR] [0m6666d458-3797-4f0a-8bb4-9344195069ea failed at default with status 500 Internal Server Error, 1 attempts
api1-1   | 23:55:34 [0m[31m[ERROR] [0m0857991a-bafa-4d47-8296-0e5089eaca80 failed at default with status 500 Internal Server Error, 1 attempts
api1-1   | 23:55:34 [0m[31m[ERROR] [0m0e675bea-e8b7-49e1-8447-b2280c43fd3f failed at default with status 500 Internal Server Error, 1 attempts
api2-1   | 23:55:34 [0m[31m[ERROR] [0m3058c7c5-d8a7-4354-9beb-5035c1a70177 failed at default with status 500 Internal Server Error, 1 attempts
api1-1   | 23:55:34 [0m[31m[ERROR] [0m5f7838e0-7d6e-4df3-969e-c35ea5650d4e failed at default with status 500 Internal Server Error, 1 attempts
api2-1   | 23:55:34 [0m[31m[ERROR] [0maefe4186-14bb-4333-9e07-49e3d48bfe6c failed at default with status 500 Internal Server Error, 1 attempts
api1-1   | 23:55:35 [0m[31m[ERROR] [0m1236b00d-8368-4ec6-8bed-018de16aaf9c failed at default with status 500 Internal Server Error, 1 attempts
api2-1   | 23:55:35 [0m[31m[ERROR] [0m7394e8ae-19fe-4953-8bcd-8e3aa155fb6c failed at default with status 500 Internal Server Error, 1 attempts
api1-1   | 23:55:35 [0m[31m[ERROR] [0m332f5e5c-c39b-410e-b3ba-67a74117f4d9 failed at default with status 500 Internal Server Error, 1 attempts
api2-1   | 23:55:35 [0m[31m[ERROR] [0ma6d50fa2-7577-4cf0-b797-bbe0da170be1 failed at default with status 500 Internal Server Error, 1 attempts
api1-1   | 23:55:35 [0m[31m[ERROR] [0m23ed39e1-b90f-49d2-8bef-27bac98f3a6f failed at default with status 500 Internal Server Error, 1 attempts
api2-1   | 23:55:35 [0m[31m[ERROR] [0m1ff63ac6-35f8-4c99-b539-ad48f5c5ac5a failed at default with status 500 Internal Server Error, 1 attempts
api1-1   | 23:55:35 [0m[31m[ERROR] [0m485748ac-ec4b-4695-99f0-2cef5a18d250 failed at default with status 500 Internal Server Error, 1 attempts
api2-1   | 23:55:35 [0m[31m[ERROR] [0m9d55f799-fa52-418a-bfbe-f4e32f20723c failed at default with status 500 Internal Server Error, 1 attempts
api1-1   | 23:55:35 [0m[31m[ERROR] [0me5ea8450-dc1a-42ac-80e3-91fd04faa658 failed at default with status 500 Internal Server Error, 1 attempts
api2-1   | 23:55:35 [0m[31m[ERROR] [0m06e34e48-97f5-47e7-8403-5b89fec9615a failed at default with status 500 Internal Server Error, 1 attempts
api1-1   | 23:55:35 [0m[31m[ERROR] [0m55ebdedb-2345-426f-b96c-3420a10ae7be failed at default with status 500 Internal Server Error, 1 attempts
api2-1   | 23:55:35 [0m[31m[ERROR] [0mde8fdf2f-58cd-4447-b02d-e176b34f8830 failed at default with status 500 Internal Server Error, 1 attempts
api1-1   | 23:55:35 [0m[31m[ERROR] [0m07af0625-4731-471b-ba4d-dd049cbfa513 failed at default with status 500 Internal Server Error, 1 attempts
api2-1   | 23:55:35 [0m[31m[ERROR] [0m0b3c56c4-3c3b-4d33-9d34-82260981c47e failed at default with status 500 Internal Server Error, 1 attempts
api1-1   | 23:55:35 [0m[31m[ERROR] [0mfed6435c-0bcf-4546-ba74-3b14e6af13af failed at default with status 500 Internal Server Error, 1 attempts
api2-1   | 23:55:35 [0m[31m[ERROR] [0m6c13915b-b074-4184-875e-9d2e1c28f5a2 failed at default with status 500 Internal Server Error, 1 attempts
api1-1   | 23:55:35 [0m[31m[ERROR] [0m011f797b-ac93-4c63-b0b0-22256f71b252 failed at default with status 500 Internal Server Error, 1 attempts
api2-1   | 23:55:35 [0m[31m[ERROR] [0m41c60957-b772-4e2f-8dc1-2da87ae7b6f5 failed at default with status 500 Internal Server Error, 1 attempts
api1-1   | 23:55:35 [0m[31m[ERROR] [0m709a34c8-139e-46f1-9ee8-4fb7e2fe9e8e failed at default with status 500 Internal Server Error, 1 attempts
api2-1   | 23:55:35 [0m[31m[ERROR] [0mb73e62e7-89ef-4fda-9ce7-64845a9a15a9 failed at default with status 500 Internal Server Error, 1 attempts
api1-1   | 23:55:36 [0m[31m[ERROR] [0m769e95f7-fa68-4f8c-abe4-3702010adcee failed at default with status 500 Internal Server Error, 1 attempts
api2-1   | 23:55:36 [0m[31m[ERROR] [0mfc2fabdb-5ec5-4516-9ea0-edc36d81c3cf failed at default with status 500 Internal Server Error, 1 attempts
api1-1   | 23:55:36 [0m[31m[ERROR] [0mf25de6e8-d0c1-47f6-ac0d-e4ee43668bed failed at default with status 500 Internal Server Error, 1 attempts
api2-1   | 23:55:36 [0m[31m[ERROR] [0m1f2db156-a701-4076-85aa-f6e5bc592db0 failed at default with status 500 Internal Server Error, 1 attempts
api1-1   | 23:55:36 [0m[31m[ERROR] [0ma3d95703-3d29-4917-81c5-6ff717c6a7e9 failed at default with status 500 Internal Server Error, 1 attempts
api2-1   | 23:55:36 [0m[31m[ERROR] [0m9df3de36-6901-428c-ab93-41b031d9b097 failed at default with status 500 Internal Server Error, 1 attempts
api1-1   | 23:55:36 [0m[31m[ERROR] [0mc90cee83-7810-46a9-ba53-175048b47709 failed at default with status 500 Internal Server Error, 1 attempts
api2-1   | 23:55:36 [0m[31m[ERROR] [0m4bc28ea0-6bd3-45b0-b259-a3ba85040a6c failed at default with status 500 Internal Server Error, 1 attempts
api2-1   | 23:55:36 [0m[31m[ERROR] [0me5b00bee-90ba-40d6-8590-b6dec3f7f295 failed at default with status 500 Internal Server Error, 1 attempts
api1-1   | 23:55:36 [0m[31m[ERROR] [0m700cc45e-d84b-4b82-bc34-082f1d556e8e failed at default with status 500 Internal Server Error, 1 attempts
api2-1   | 23:55:36 [0m[31m[ERROR] [0md144b693-2481-4308-99ef-cd748373db9f failed at default with status 500 Internal Server Error, 1 attempts
api1-1   | 23:55:36 [0m[31m[ERROR] [0m5db930c0-374c-4a36-9611-8715e4b13c07 failed at default with status 500 Internal Server Error, 1 attempts
api1-1   | 23:55:36 [0m[31m[ERROR] [0md36682d2-ac4a-4d08-8878-3c60d71d4a8c failed at default with status 500 Internal Server Error, 1 attempts
api2-1   | 23:55:36 [0m[31m[ERROR] [0m279c526b-ed82-456d-886c-1dde6b2e291f failed at default with status 500 Internal Server Error, 1 attempts
api1-1   | 23:55:36 [0m[31m[ERROR] [0m87b54b7c-d6ba-4919-ba6c-7420582de46b failed at default with status 500 Internal Server Error, 1 attempts
api2-1   | 23:55:36 [0m[31m[ERROR] [0m8ecb30e3-e96c-4a62-8325-42fde9f1f9e0 failed at default with status 500 Internal Server Error, 1 attempts
api1-1   | 23:55:36 [0m[31m[ERROR] [0mdb52ac73-cdc4-4c91-b96b-3ef332b5ed80 failed at default with status 500 Internal Server Error, 1 attempts
api2-1   | 23:55:36 [0m[31m[ERROR] [0m4a7dcfe4-814f-4047-8032-30af2e8c22c5 failed at default with status 500 Internal Server Error, 1 attempts
api1-1   | 23:55:36 [0m[31m[ERROR] [0mae072776-df4b-4ca4-bf78-0a097d4fe54b failed at default with status 500 Internal Server Error, 1 attempts
api2-1   | 23:55:36 [0m[31m[ERROR] [0m0ba4ef27-9c1e-4109-9a5d-a975e24430a4 failed at default with status 500 Internal Server Error, 1 attempts
api1-1   | 23:55:37 [0m[31m[ERROR] [0m8eff3d8d-d975-4c52-9810-3b805520201a failed at default with status 500 Internal Server Error, 1 attempts
api2-1   | 23:55:37 [0m[31m[ERROR] [0mb8804050-e9fc-4a8a-b7c2-c0d34e73b5fb failed at default with status 500 Internal Server Error, 1 attempts
api1-1   | 23:55:37 [0m[31m[ERROR] [0m667497c3-0670-4384-8f59-0183bf60ce57 failed at default with status 500 Internal Server Error, 1 attempts
api2-1   | 23:55:37 [0m[31m[ERROR] [0mc8ab69de-9696-471b-8272-635bdfb4a77d failed at default with status 500 Internal Server Error, 1 attempts
api1-1   | 23:55:37 [0m[31m[ERROR] [0mecca1e01-30c1-4b38-8cff-3ca81788aa37 failed at default with status 500 Internal Server Error, 1 attempts
api2-1   | 23:55:37 [0m[31m[ERROR] [0m8fd1df32-6077-44b4-9067-d385e09c361e failed at default with status 500 Internal Server Error, 1 attempts
api1-1   | 23:55:37 [0m[31m[ERROR] [0m7e3be072-5f3a-4ef0-9d33-ffd73ab342b5 failed at default with status 500 Internal Server Error, 1 attempts
api2-1   | 23:55:37 [0m[31m[ERROR] [0m3ba71191-07c3-4efe-b7ff-61181c7ece9f failed at default with status 500 Internal Server Error, 1 attempts
api1-1   | 23:55:37 [0m[31m[ERROR] [0mb7238627-21d8-4b73-8785-7b2f9f494f77 failed at default with status 500 Internal Server Error, 1 attempts
api2-1   | 23:55:37 [0m[31m[ERROR] [0m85f94e95-6464-40da-aa21-f03f0b795c4a failed at default with status 500 Internal Server Error, 1 attempts
api1-1   | 23:55:37 [0m[31m[ERROR] [0mf4b26722-9e88-436e-9f22-b30c3c4c94e3 failed at default with status 500 Internal Server Error, 1 attempts
api2-1   | 23:55:37 [0m[31m[ERROR] [0m966375c2-4845-4d38-8018-0be5663e7690 failed at default with status 500 Internal Server Error, 1 attempts
api1-1   | 23:55:37 [0m[31m[ERROR] [0mfb3cb9f8-83ed-4a24-9fe4-f3135e84489a failed at default with status 500 Internal Server Error, 1 attempts
api2-1   | 23:55:37 [0m[31m[ERROR] [0mf87c96ea-db69-4786-9cb4-13735941f3d5 failed at default with status 500 Internal Server Error, 1 attempts
api1-1   | 23:55:37 [0m[31m[ERROR] [0m3c77951a-425e-4c26-8d13-666b91f747e4 failed at default with status 500 Internal Server Error, 1 attempts
api2-1   | 23:55:37 [0m[31m[ERROR] [0m2a181eeb-21c7-4992-b708-5ef402000e1b failed at default with status 500 Internal Server Error, 1 attempts
api1-1   | 23:55:37 [0m[31m[ERROR] [0m046569c0-796b-42dd-a9f4-7995af6e6cb3 failed at default with status 500 Internal Server Error, 1 attempts
api2-1   | 23:55:37 [0m[31m[ERROR] [0m5e91d6a4-dc24-4177-b36e-5b7162c6b703 failed at default with status 500 Internal Server Error, 1 attempts
api1-1   | 23:55:38 [0m[31m[ERROR] [0m7bd7318c-e08f-4b82-8784-aa9955e845bc failed at default with status 500 Internal Server Error, 1 attempts
api2-1   | 23:55:38 [0m[31m[ERROR] [0ma9175a14-1e28-4ffa-978c-30b54ccf7831 failed at default with status 500 Internal Server Error, 1 attempts
api1-1   | 23:55:39 [0m[31m[ERROR] [0m7bd7318c-e08f-4b82-8784-aa9955e845bc failed at fallback with status 500 Internal Server Error, 2 attempts
api2-1   | 23:55:39 [0m[31m[ERROR] [0ma9175a14-1e28-4ffa-978c-30b54ccf7831 failed at fallback with status 500 Internal Server Error, 2 attempts
api2-1   | 23:55:41 [0m[31m[ERROR] [0ma9175a14-1e28-4ffa-978c-30b54ccf7831 failed at default with status 500 Internal Server Error, 3 attempts
api1-1   | 23:55:41 [0m[31m[ERROR] [0m7bd7318c-e08f-4b82-8784-aa9955e845bc failed at default with status 500 Internal Server Error, 3 attempts
api1-1   | 23:55:42 [0m[31m[ERROR] [0m7bd7318c-e08f-4b82-8784-aa9955e845bc failed at fallback with status 500 Internal Server Error, 4 attempts
api2-1   | 23:55:42 [0m[31m[ERROR] [0ma9175a14-1e28-4ffa-978c-30b54ccf7831 failed at fallback with status 500 Internal Server Error, 4 attempts
api1-1   | 23:55:44 [0m[31m[ERROR] [0m7bd7318c-e08f-4b82-8784-aa9955e845bc failed at default with status 500 Internal Server Error, 5 attempts
api2-1   | 23:55:44 [0m[31m[ERROR] [0ma9175a14-1e28-4ffa-978c-30b54ccf7831 failed at default with status 500 Internal Server Error, 5 attempts
api1-1   | 23:55:45 [0m[31m[ERROR] [0m7bd7318c-e08f-4b82-8784-aa9955e845bc failed at fallback with status 500 Internal Server Error, 6 attempts
api2-1   | 23:55:45 [0m[31m[ERROR] [0ma9175a14-1e28-4ffa-978c-30b54ccf7831 failed at fallback with status 500 Internal Server Error, 6 attempts
api1-1   | 23:55:47 [0m[31m[ERROR] [0m7bd7318c-e08f-4b82-8784-aa9955e845bc failed at default with status 500 Internal Server Error, 7 attempts
api2-1   | 23:55:47 [0m[31m[ERROR] [0ma9175a14-1e28-4ffa-978c-30b54ccf7831 failed at default with status 500 Internal Server Error, 7 attempts
[Knginx-1 exited with code 0
[Kapi1-1 exited with code 137
[Kapi2-1 exited with code 137
log truncated at line 1000
