
 api1 Pulling 
 memorydb Pulling 
 api2 Pulling 
 01d036902a3c Already exists 
 01d036902a3c Already exists 
 19e896f294f1 Already exists 
 19e896f294f1 Already exists 
 1c3d0000c5f1 Already exists 
 1c3d0000c5f1 Already exists 
 0fd47a656845 Already exists 
 0fd47a656845 Already exists 
 523717cb5b1c Already exists 
 523717cb5b1c Already exists 
 58292f78ad17 Already exists 
 58292f78ad17 Already exists 
 c75da4fc9dad Pulling fs layer 
 33c2986d9f05 Pulling fs layer 
 1659150a29a4 Pulling fs layer 
 5ea7944e8886 Pulling fs layer 
 5966583a4bc9 Pulling fs layer 
 5ea7944e8886 Waiting 
 5966583a4bc9 Waiting 
 c75da4fc9dad Pulling fs layer 
 4e3681957676 Pulling fs layer 
 e6b6fc689dc2 Pulling fs layer 
 0e6d87c7dff8 Pulling fs layer 
 0e6d87c7dff8 Waiting 
 e6b6fc689dc2 Waiting 
 4e3681957676 Waiting 
 01d036902a3c Already exists 
 19e896f294f1 Already exists 
 1c3d0000c5f1 Already exists 
 0fd47a656845 Already exists 
 523717cb5b1c Already exists 
 58292f78ad17 Already exists 
 c75da4fc9dad Pulling fs layer 
 4e3681957676 Pulling fs layer 
 e6b6fc689dc2 Pulling fs layer 
 0e6d87c7dff8 Pulling fs layer 
 e6b6fc689dc2 Waiting 
 4e3681957676 Waiting 
 0e6d87c7dff8 Waiting 
 33c2986d9f05 Downloading [===================>                               ]  1.009kB/2.524kB
 33c2986d9f05 Download complete 
 1659150a29a4 Downloading [>                                                  ]  63.13kB/6.184MB
 1659150a29a4 Downloading [==================================================>]  6.184MB/6.184MB
 1659150a29a4 Verifying Checksum 
 1659150a29a4 Download complete 
 c75da4fc9dad Downloading [==================================================>]      93B/93B
 c75da4fc9dad Verifying Checksum 
 c75da4fc9dad Download complete 
 c75da4fc9dad Download complete 
 c75da4fc9dad Downloading [==================================================>]      93B/93B
 c75da4fc9dad Verifying Checksum 
 c75da4fc9dad Download complete 
 c75da4fc9dad Extracting [==================================================>]      93B/93B
 c75da4fc9dad Extracting [==================================================>]      93B/93B
 c75da4fc9dad Extracting [==================================================>]      93B/93B
 c75da4fc9dad Extracting [==================================================>]      93B/93B
 c75da4fc9dad Extracting [==================================================>]      93B/93B
 c75da4fc9dad Extracting [==================================================>]      93B/93B
 c75da4fc9dad Pull complete 
 c75da4fc9dad Pull complete 
 c75da4fc9dad Pull complete 
 33c2986d9f05 Extracting [==================================================>]  2.524kB/2.524kB
 33c2986d9f05 Extracting [==================================================>]  2.524kB/2.524kB
 33c2986d9f05 Pull complete 
 1659150a29a4 Extracting [>                                                  ]  65.54kB/6.184MB
 1659150a29a4 Extracting [=========>                                         ]  1.114MB/6.184MB
 1659150a29a4 Extracting [============================>                      ]  3.473MB/6.184MB
 1659150a29a4 Extracting [===============================================>   ]  5.898MB/6.184MB
 1659150a29a4 Extracting [==================================================>]  6.184MB/6.184MB
 1659150a29a4 Pull complete 
 5966583a4bc9 Downloading [==================================================>]     123B/123B
 5966583a4bc9 Verifying Checksum 
 5966583a4bc9 Download complete 
 5ea7944e8886 Downloading [===========>                                       ]  1.369kB/5.922kB
 5ea7944e8886 Downloading [==================================================>]  5.922kB/5.922kB
 5ea7944e8886 Verifying Checksum 
 5ea7944e8886 Download complete 
 5ea7944e8886 Extracting [==================================================>]  5.922kB/5.922kB
 5ea7944e8886 Extracting [==================================================>]  5.922kB/5.922kB
 5ea7944e8886 Pull complete 
 5966583a4bc9 Extracting [==================================================>]     123B/123B
 5966583a4bc9 Extracting [==================================================>]     123B/123B
 e6b6fc689dc2 Downloading [>                                                  ]     933B/77.2kB
 e6b6fc689dc2 Downloading [>                                                  ]     933B/77.2kB
 e6b6fc689dc2 Downloading [==================================================>]   77.2kB/77.2kB
 e6b6fc689dc2 Verifying Checksum 
 e6b6fc689dc2 Download complete 
 e6b6fc689dc2 Downloading [==================================================>]   77.2kB/77.2kB
 e6b6fc689dc2 Verifying Checksum 
 e6b6fc689dc2 Download complete 
 5966583a4bc9 Pull complete 
 memorydb Pulled 
 4e3681957676 Downloading [>                                                  ]  63.13kB/6.161MB
 4e3681957676 Downloading [>                                                  ]  63.13kB/6.161MB
 4e3681957676 Verifying Checksum 
 4e3681957676 Download complete 
 4e3681957676 Verifying Checksum 
 4e3681957676 Download complete 
 4e3681957676 Extracting [>                                                  ]  65.54kB/6.161MB
 4e3681957676 Extracting [>                                                  ]  65.54kB/6.161MB
 4e3681957676 Extracting [========>                                          ]  1.049MB/6.161MB
 4e3681957676 Extracting [========>                                          ]  1.049MB/6.161MB
 4e3681957676 Extracting [==========================>                        ]  3.277MB/6.161MB
 4e3681957676 Extracting [==========================>                        ]  3.277MB/6.161MB
 4e3681957676 Extracting [===============================================>   ]  5.833MB/6.161MB
 4e3681957676 Extracting [===============================================>   ]  5.833MB/6.161MB
 4e3681957676 Extracting [==================================================>]  6.161MB/6.161MB
 4e3681957676 Extracting [==================================================>]  6.161MB/6.161MB
 4e3681957676 Pull complete 
 4e3681957676 Pull complete 
 e6b6fc689dc2 Extracting [=====================>                             ]  32.77kB/77.2kB
 e6b6fc689dc2 Extracting [=====================>                             ]  32.77kB/77.2kB
 e6b6fc689dc2 Extracting [==================================================>]   77.2kB/77.2kB
 e6b6fc689dc2 Extracting [==================================================>]   77.2kB/77.2kB
 e6b6fc689dc2 Extracting [==================================================>]   77.2kB/77.2kB
 e6b6fc689dc2 Extracting [==================================================>]   77.2kB/77.2kB
 e6b6fc689dc2 Pull complete 
 e6b6fc689dc2 Pull complete 
 0e6d87c7dff8 Downloading [>                                                  ]  1.369kB/75.88kB
 0e6d87c7dff8 Downloading [>                                                  ]  1.369kB/75.88kB
 0e6d87c7dff8 Download complete 
 0e6d87c7dff8 Extracting [=====================>                             ]  32.77kB/75.88kB
 0e6d87c7dff8 Download complete 
 0e6d87c7dff8 Extracting [=====================>                             ]  32.77kB/75.88kB
 0e6d87c7dff8 Extracting [==================================================>]  75.88kB/75.88kB
 0e6d87c7dff8 Extracting [==================================================>]  75.88kB/75.88kB
 0e6d87c7dff8 Extracting [==================================================>]  75.88kB/75.88kB
 0e6d87c7dff8 Extracting [==================================================>]  75.88kB/75.88kB
 0e6d87c7dff8 Pull complete 
 0e6d87c7dff8 Pull complete 
 api1 Pulled 
 api2 Pulled 
 Network dudebank-bun_backend  Creating
 Network dudebank-bun_backend  Created
 Volume "dudebank-bun_memorydb_data"  Creating
 Volume "dudebank-bun_memorydb_data"  Created
 Container dudebank-bun-memorydb-1  Creating
 Container dudebank-bun-memorydb-1  Created
 Container dudebank-bun-api1-1  Creating
 Container dudebank-bun-api2-1  Creating
 Container dudebank-bun-api2-1  Created
 Container dudebank-bun-api1-1  Created
 Container dudebank-bun-nginx-1  Creating
 Container dudebank-bun-nginx-1  Created
Attaching to api1-1, api2-1, memorydb-1, nginx-1
memorydb-1  | SQLite database initialized
memorydb-1  | 🗄️  MemoryDB Server running on http://localhost:8081
api2-1      | $ bun run dist/index.js
api2-1      | 🚀 [4cd0a67e8b40] Server running on http://localhost:8080
api1-1      | $ bun run dist/index.js
api1-1      | 🚀 [0a1058704230] Server running on http://localhost:8080
nginx-1     | /docker-entrypoint.sh: /docker-entrypoint.d/ is not empty, will attempt to perform configuration
nginx-1     | /docker-entrypoint.sh: Looking for shell scripts in /docker-entrypoint.d/
nginx-1     | /docker-entrypoint.sh: Launching /docker-entrypoint.d/10-listen-on-ipv6-by-default.sh
nginx-1     | 10-listen-on-ipv6-by-default.sh: info: Getting the checksum of /etc/nginx/conf.d/default.conf
nginx-1     | 10-listen-on-ipv6-by-default.sh: info: Enabled listen on IPv6 in /etc/nginx/conf.d/default.conf
nginx-1     | /docker-entrypoint.sh: Sourcing /docker-entrypoint.d/15-local-resolvers.envsh
nginx-1     | /docker-entrypoint.sh: Launching /docker-entrypoint.d/20-envsubst-on-templates.sh
nginx-1     | /docker-entrypoint.sh: Launching /docker-entrypoint.d/30-tune-worker-processes.sh
nginx-1     | /docker-entrypoint.sh: Configuration complete; ready for start up
api2-1      | Batch processed: 1/1 Queue: 0
memorydb-1  | Persisted batch: 1 payments
api2-1      | Batch processed: 1/1 Queue: 0
memorydb-1  | Persisted batch: 1 payments
api1-1      | Batch processed: 1/1 Queue: 0
memorydb-1  | Persisted batch: 1 payments
api2-1      | Batch processed: 1/1 Queue: 0
memorydb-1  | Persisted batch: 1 payments
api1-1      | Batch processed: 1/1 Queue: 0
memorydb-1  | Persisted batch: 1 payments
api2-1      | Batch processed: 1/1 Queue: 0
memorydb-1  | Persisted batch: 1 payments
api1-1      | Batch processed: 1/1 Queue: 0
memorydb-1  | Persisted batch: 1 payments
api2-1      | Batch processed: 1/1 Queue: 0
memorydb-1  | Persisted batch: 1 payments
api1-1      | Batch processed: 1/1 Queue: 0
memorydb-1  | Persisted batch: 1 payments
api2-1      | Batch processed: 1/1 Queue: 0
memorydb-1  | Persisted batch: 1 payments
api1-1      | Batch processed: 1/1 Queue: 0
memorydb-1  | Persisted batch: 1 payments
api2-1      | Batch processed: 1/1 Queue: 0
memorydb-1  | Persisted batch: 1 payments
api1-1      | Batch processed: 1/1 Queue: 0
memorydb-1  | Persisted batch: 1 payments
api2-1      | Batch processed: 1/1 Queue: 0
memorydb-1  | Persisted batch: 1 payments
api1-1      | Batch processed: 1/1 Queue: 0
memorydb-1  | Persisted batch: 1 payments
api2-1      | Batch processed: 1/1 Queue: 0
memorydb-1  | Persisted batch: 1 payments
api1-1      | Batch processed: 1/1 Queue: 0
memorydb-1  | Persisted batch: 1 payments
api2-1      | Batch processed: 1/1 Queue: 0
memorydb-1  | Persisted batch: 1 payments
api1-1      | Batch processed: 1/1 Queue: 0
memorydb-1  | Persisted batch: 1 payments
api2-1      | Batch processed: 1/1 Queue: 0
memorydb-1  | Persisted batch: 1 payments
api1-1      | Batch processed: 1/1 Queue: 0
memorydb-1  | Persisted batch: 1 payments
api2-1      | Batch processed: 1/1 Queue: 0
memorydb-1  | Persisted batch: 1 payments
api1-1      | Batch processed: 1/1 Queue: 0
memorydb-1  | Persisted batch: 1 payments
api2-1      | Batch processed: 1/1 Queue: 0
memorydb-1  | Persisted batch: 1 payments
api1-1      | Batch processed: 1/1 Queue: 0
memorydb-1  | Persisted batch: 1 payments
api2-1      | Batch processed: 1/1 Queue: 0
memorydb-1  | Persisted batch: 1 payments
api1-1      | Batch processed: 1/1 Queue: 0
memorydb-1  | Persisted batch: 1 payments
api2-1      | Batch processed: 1/1 Queue: 0
memorydb-1  | Persisted batch: 1 payments
api1-1      | Batch processed: 1/1 Queue: 0
api2-1      | Batch processed: 1/1 Queue: 0
memorydb-1  | Persisted batch: 2 payments
api1-1      | Batch processed: 1/1 Queue: 0
memorydb-1  | Persisted batch: 1 payments
api2-1      | Batch processed: 1/1 Queue: 0
memorydb-1  | Persisted batch: 1 payments
api1-1      | Batch processed: 1/1 Queue: 0
memorydb-1  | Persisted batch: 1 payments
api2-1      | Batch processed: 1/1 Queue: 0
memorydb-1  | Persisted batch: 1 payments
api1-1      | Batch processed: 1/1 Queue: 0
memorydb-1  | Persisted batch: 1 payments
api2-1      | Batch processed: 1/1 Queue: 0
memorydb-1  | Persisted batch: 1 payments
api1-1      | Batch processed: 1/1 Queue: 0
memorydb-1  | Persisted batch: 1 payments
api2-1      | Batch processed: 1/1 Queue: 0
memorydb-1  | Persisted batch: 1 payments
api1-1      | Batch processed: 1/1 Queue: 0
memorydb-1  | Persisted batch: 1 payments
api2-1      | Batch processed: 1/1 Queue: 0
memorydb-1  | Persisted batch: 1 payments
api1-1      | Batch processed: 1/1 Queue: 0
memorydb-1  | Persisted batch: 1 payments
api2-1      | Batch processed: 1/1 Queue: 0
memorydb-1  | Persisted batch: 1 payments
api1-1      | Batch processed: 1/1 Queue: 0
memorydb-1  | Persisted batch: 1 payments
api2-1      | Batch processed: 1/1 Queue: 0
memorydb-1  | Persisted batch: 1 payments
api1-1      | Batch processed: 1/1 Queue: 0
memorydb-1  | Persisted batch: 1 payments
api2-1      | Batch processed: 1/1 Queue: 0
memorydb-1  | Persisted batch: 1 payments
api1-1      | Batch processed: 1/1 Queue: 0
memorydb-1  | Persisted batch: 1 payments
api2-1      | Batch processed: 1/1 Queue: 0
memorydb-1  | Persisted batch: 1 payments
api1-1      | Batch processed: 1/1 Queue: 0
memorydb-1  | Persisted batch: 1 payments
api2-1      | Batch processed: 1/1 Queue: 0
memorydb-1  | Persisted batch: 1 payments
api1-1      | Batch processed: 1/1 Queue: 0
memorydb-1  | Persisted batch: 1 payments
api2-1      | Batch processed: 1/1 Queue: 0
memorydb-1  | Persisted batch: 1 payments
api1-1      | Batch processed: 1/1 Queue: 0
memorydb-1  | Persisted batch: 1 payments
api2-1      | Batch processed: 1/1 Queue: 0
memorydb-1  | Persisted batch: 1 payments
api1-1      | Batch processed: 1/1 Queue: 0
memorydb-1  | Persisted batch: 1 payments
api2-1      | Batch processed: 1/1 Queue: 0
memorydb-1  | Persisted batch: 1 payments
api1-1      | Batch processed: 1/1 Queue: 0
api2-1      | Batch processed: 1/1 Queue: 0
memorydb-1  | Persisted batch: 2 payments
api1-1      | Batch processed: 1/1 Queue: 0
memorydb-1  | Persisted batch: 1 payments
api2-1      | Batch processed: 1/1 Queue: 0
memorydb-1  | Persisted batch: 1 payments
api1-1      | Batch processed: 1/1 Queue: 0
memorydb-1  | Persisted batch: 1 payments
api2-1      | Batch processed: 1/1 Queue: 0
memorydb-1  | Persisted batch: 1 payments
api1-1      | Batch processed: 1/1 Queue: 0
memorydb-1  | Persisted batch: 1 payments
api2-1      | Batch processed: 1/1 Queue: 0
memorydb-1  | Persisted batch: 1 payments
api1-1      | Batch processed: 1/1 Queue: 0
memorydb-1  | Persisted batch: 1 payments
api2-1      | Batch processed: 1/1 Queue: 0
memorydb-1  | Persisted batch: 1 payments
api1-1      | Batch processed: 1/1 Queue: 0
memorydb-1  | Persisted batch: 1 payments
api2-1      | Batch processed: 1/1 Queue: 0
memorydb-1  | Persisted batch: 1 payments
api1-1      | Batch processed: 1/1 Queue: 0
memorydb-1  | Persisted batch: 1 payments
api2-1      | Batch processed: 1/1 Queue: 0
memorydb-1  | Persisted batch: 1 payments
api1-1      | Batch processed: 1/1 Queue: 0
memorydb-1  | Persisted batch: 1 payments
api2-1      | Batch processed: 1/1 Queue: 0
memorydb-1  | Persisted batch: 1 payments
api1-1      | Batch processed: 1/1 Queue: 0
memorydb-1  | Persisted batch: 1 payments
api2-1      | Batch processed: 1/1 Queue: 0
memorydb-1  | Persisted batch: 1 payments
api1-1      | Batch processed: 1/1 Queue: 0
memorydb-1  | Persisted batch: 1 payments
api2-1      | Batch processed: 1/1 Queue: 0
memorydb-1  | Persisted batch: 1 payments
api1-1      | Batch processed: 1/1 Queue: 0
memorydb-1  | Persisted batch: 1 payments
api2-1      | Batch processed: 1/1 Queue: 0
memorydb-1  | Persisted batch: 1 payments
api1-1      | Batch processed: 1/1 Queue: 0
memorydb-1  | Persisted batch: 1 payments
api2-1      | Batch processed: 1/1 Queue: 0
memorydb-1  | Persisted batch: 1 payments
api1-1      | Batch processed: 1/1 Queue: 0
memorydb-1  | Persisted batch: 1 payments
api2-1      | Batch processed: 1/1 Queue: 0
memorydb-1  | Persisted batch: 1 payments
api1-1      | Batch processed: 1/1 Queue: 0
memorydb-1  | Persisted batch: 1 payments
api2-1      | Batch processed: 1/1 Queue: 0
memorydb-1  | Persisted batch: 1 payments
api1-1      | Batch processed: 1/1 Queue: 0
memorydb-1  | Persisted batch: 1 payments
api2-1      | Batch processed: 1/1 Queue: 0
memorydb-1  | Persisted batch: 1 payments
api1-1      | Batch processed: 1/1 Queue: 0
memorydb-1  | Persisted batch: 1 payments
api2-1      | Batch processed: 1/1 Queue: 0
memorydb-1  | Persisted batch: 1 payments
api1-1      | Batch processed: 1/1 Queue: 0
memorydb-1  | Persisted batch: 1 payments
api2-1      | Batch processed: 1/1 Queue: 0
memorydb-1  | Persisted batch: 1 payments
api1-1      | Batch processed: 1/1 Queue: 0
memorydb-1  | Persisted batch: 1 payments
api2-1      | Batch processed: 1/1 Queue: 0
memorydb-1  | Persisted batch: 1 payments
api1-1      | Batch processed: 1/1 Queue: 0
memorydb-1  | Persisted batch: 1 payments
api2-1      | Batch processed: 1/1 Queue: 0
memorydb-1  | Persisted batch: 1 payments
api1-1      | Batch processed: 1/1 Queue: 0
memorydb-1  | Persisted batch: 1 payments
api2-1      | Batch processed: 1/1 Queue: 0
memorydb-1  | Persisted batch: 1 payments
api1-1      | Batch processed: 1/1 Queue: 0
memorydb-1  | Persisted batch: 1 payments
api1-1      | Batch processed: 1/1 Queue: 0
api2-1      | Batch processed: 1/1 Queue: 0
memorydb-1  | Persisted batch: 2 payments
api2-1      | Batch processed: 1/1 Queue: 0
memorydb-1  | Persisted batch: 1 payments
api1-1      | Batch processed: 1/1 Queue: 0
memorydb-1  | Persisted batch: 1 payments
api2-1      | Batch processed: 1/1 Queue: 0
memorydb-1  | Persisted batch: 1 payments
api2-1      | Batch processed: 1/1 Queue: 0
api1-1      | Batch processed: 1/1 Queue: 0
memorydb-1  | Persisted batch: 2 payments
api1-1      | Batch processed: 1/1 Queue: 0
memorydb-1  | Persisted batch: 1 payments
api2-1      | Batch processed: 1/1 Queue: 0
memorydb-1  | Persisted batch: 1 payments
api1-1      | Batch processed: 1/1 Queue: 0
memorydb-1  | Persisted batch: 1 payments
api2-1      | Batch processed: 1/1 Queue: 0
memorydb-1  | Persisted batch: 1 payments
api2-1      | Batch processed: 1/1 Queue: 0
api1-1      | Batch processed: 1/1 Queue: 0
memorydb-1  | Persisted batch: 2 payments
api1-1      | Batch processed: 1/1 Queue: 0
memorydb-1  | Persisted batch: 1 payments
api2-1      | Batch processed: 1/1 Queue: 0
memorydb-1  | Persisted batch: 1 payments
api1-1      | Batch processed: 1/1 Queue: 0
memorydb-1  | Persisted batch: 1 payments
api2-1      | Batch processed: 1/1 Queue: 0
memorydb-1  | Persisted batch: 1 payments
api1-1      | Batch processed: 1/1 Queue: 0
memorydb-1  | Persisted batch: 1 payments
api2-1      | Batch processed: 1/1 Queue: 0
memorydb-1  | Persisted batch: 1 payments
api1-1      | Batch processed: 1/1 Queue: 0
memorydb-1  | Persisted batch: 1 payments
api2-1      | Batch processed: 1/1 Queue: 0
memorydb-1  | Persisted batch: 1 payments
api1-1      | Batch processed: 1/1 Queue: 0
memorydb-1  | Persisted batch: 1 payments
api2-1      | Batch processed: 1/1 Queue: 0
memorydb-1  | Persisted batch: 1 payments
api1-1      | Batch processed: 1/1 Queue: 0
memorydb-1  | Persisted batch: 1 payments
api2-1      | Batch processed: 1/1 Queue: 0
memorydb-1  | Persisted batch: 1 payments
api1-1      | Batch processed: 1/1 Queue: 0
memorydb-1  | Persisted batch: 1 payments
api2-1      | Batch processed: 1/1 Queue: 0
memorydb-1  | Persisted batch: 1 payments
api1-1      | Batch processed: 1/1 Queue: 0
memorydb-1  | Persisted batch: 1 payments
api2-1      | Batch processed: 1/1 Queue: 0
memorydb-1  | Persisted batch: 1 payments
api1-1      | Batch processed: 1/1 Queue: 0
memorydb-1  | Persisted batch: 1 payments
api2-1      | Batch processed: 1/1 Queue: 0
memorydb-1  | Persisted batch: 1 payments
api1-1      | Batch processed: 1/1 Queue: 0
memorydb-1  | Persisted batch: 1 payments
api2-1      | Batch processed: 1/1 Queue: 0
memorydb-1  | Persisted batch: 1 payments
api1-1      | Batch processed: 1/1 Queue: 0
memorydb-1  | Persisted batch: 1 payments
api2-1      | Batch processed: 1/1 Queue: 0
memorydb-1  | Persisted batch: 1 payments
api1-1      | Batch processed: 1/1 Queue: 0
memorydb-1  | Persisted batch: 1 payments
api2-1      | Batch processed: 1/1 Queue: 0
memorydb-1  | Persisted batch: 1 payments
api1-1      | Batch processed: 1/1 Queue: 0
memorydb-1  | Persisted batch: 1 payments
api2-1      | Batch processed: 1/1 Queue: 0
memorydb-1  | Persisted batch: 1 payments
api1-1      | Batch processed: 1/1 Queue: 0
memorydb-1  | Persisted batch: 1 payments
api2-1      | Batch processed: 1/1 Queue: 0
memorydb-1  | Persisted batch: 1 payments
api1-1      | Batch processed: 1/1 Queue: 0
memorydb-1  | Persisted batch: 1 payments
api2-1      | Batch processed: 1/1 Queue: 0
memorydb-1  | Persisted batch: 1 payments
api1-1      | Batch processed: 1/1 Queue: 0
memorydb-1  | Persisted batch: 1 payments
api1-1      | Batch processed: 1/1 Queue: 0
api2-1      | Batch processed: 1/1 Queue: 0
memorydb-1  | Persisted batch: 2 payments
api2-1      | Batch processed: 1/1 Queue: 0
memorydb-1  | Persisted batch: 1 payments
api1-1      | Batch processed: 1/1 Queue: 0
memorydb-1  | Persisted batch: 1 payments
api2-1      | Batch processed: 1/1 Queue: 0
memorydb-1  | Persisted batch: 1 payments
api1-1      | Batch processed: 1/1 Queue: 0
memorydb-1  | Persisted batch: 1 payments
api2-1      | Batch processed: 1/1 Queue: 0
memorydb-1  | Persisted batch: 1 payments
api2-1      | Batch processed: 1/1 Queue: 0
api1-1      | Batch processed: 1/1 Queue: 0
memorydb-1  | Persisted batch: 2 payments
api1-1      | Batch processed: 1/1 Queue: 0
memorydb-1  | Persisted batch: 1 payments
api2-1      | Batch processed: 1/1 Queue: 0
memorydb-1  | Persisted batch: 1 payments
api1-1      | Batch processed: 1/1 Queue: 0
memorydb-1  | Persisted batch: 1 payments
api2-1      | Batch processed: 1/1 Queue: 0
memorydb-1  | Persisted batch: 1 payments
api1-1      | Batch processed: 1/1 Queue: 0
memorydb-1  | Persisted batch: 1 payments
api2-1      | Batch processed: 1/1 Queue: 0
memorydb-1  | Persisted batch: 1 payments
api1-1      | Batch processed: 1/1 Queue: 0
memorydb-1  | Persisted batch: 1 payments
api1-1      | Batch processed: 1/1 Queue: 0
api2-1      | Batch processed: 1/1 Queue: 0
memorydb-1  | Persisted batch: 2 payments
api2-1      | Batch processed: 1/1 Queue: 0
memorydb-1  | Persisted batch: 1 payments
api1-1      | Batch processed: 1/1 Queue: 0
memorydb-1  | Persisted batch: 1 payments
api2-1      | Batch processed: 1/1 Queue: 0
memorydb-1  | Persisted batch: 1 payments
api1-1      | Batch processed: 1/1 Queue: 0
memorydb-1  | Persisted batch: 1 payments
api1-1      | Batch processed: 1/1 Queue: 0
api2-1      | Batch processed: 1/1 Queue: 0
memorydb-1  | Persisted batch: 2 payments
api2-1      | Batch processed: 1/1 Queue: 0
memorydb-1  | Persisted batch: 1 payments
api1-1      | Batch processed: 1/1 Queue: 0
memorydb-1  | Persisted batch: 1 payments
api2-1      | Batch processed: 1/1 Queue: 0
memorydb-1  | Persisted batch: 1 payments
api1-1      | Batch processed: 1/1 Queue: 0
memorydb-1  | Persisted batch: 1 payments
api1-1      | Batch processed: 1/1 Queue: 0
api2-1      | Batch processed: 1/1 Queue: 0
memorydb-1  | Persisted batch: 2 payments
api2-1      | Batch processed: 1/1 Queue: 0
memorydb-1  | Persisted batch: 1 payments
api1-1      | Batch processed: 1/1 Queue: 0
memorydb-1  | Persisted batch: 1 payments
api2-1      | Batch processed: 1/1 Queue: 0
memorydb-1  | Persisted batch: 1 payments
api1-1      | Batch processed: 1/1 Queue: 0
memorydb-1  | Persisted batch: 1 payments
api2-1      | Batch processed: 1/1 Queue: 0
memorydb-1  | Persisted batch: 1 payments
api1-1      | Batch processed: 1/1 Queue: 0
memorydb-1  | Persisted batch: 1 payments
api1-1      | Batch processed: 1/1 Queue: 0
api2-1      | Batch processed: 1/1 Queue: 0
memorydb-1  | Persisted batch: 2 payments
api2-1      | Batch processed: 1/1 Queue: 0
memorydb-1  | Persisted batch: 1 payments
api1-1      | Batch processed: 1/1 Queue: 0
memorydb-1  | Persisted batch: 1 payments
api2-1      | Batch processed: 1/1 Queue: 0
memorydb-1  | Persisted batch: 1 payments
api1-1      | Batch processed: 1/1 Queue: 0
memorydb-1  | Persisted batch: 1 payments
api2-1      | Batch processed: 1/1 Queue: 0
memorydb-1  | Persisted batch: 1 payments
api1-1      | Batch processed: 1/1 Queue: 0
memorydb-1  | Persisted batch: 1 payments
api2-1      | Batch processed: 1/1 Queue: 0
memorydb-1  | Persisted batch: 1 payments
api2-1      | Batch processed: 1/1 Queue: 0
api1-1      | Batch processed: 1/1 Queue: 0
memorydb-1  | Persisted batch: 2 payments
api1-1      | Batch processed: 1/1 Queue: 0
memorydb-1  | Persisted batch: 1 payments
api2-1      | Batch processed: 1/1 Queue: 0
memorydb-1  | Persisted batch: 1 payments
api1-1      | Batch processed: 1/1 Queue: 0
memorydb-1  | Persisted batch: 1 payments
api2-1      | Batch processed: 1/1 Queue: 0
memorydb-1  | Persisted batch: 1 payments
api1-1      | Batch processed: 1/1 Queue: 0
memorydb-1  | Persisted batch: 1 payments
api1-1      | Batch processed: 1/1 Queue: 0
api2-1      | Batch processed: 1/1 Queue: 0
memorydb-1  | Persisted batch: 2 payments
api2-1      | Batch processed: 1/1 Queue: 0
memorydb-1  | Persisted batch: 1 payments
api2-1      | Batch processed: 1/1 Queue: 0
api1-1      | Batch processed: 1/1 Queue: 0
memorydb-1  | Persisted batch: 2 payments
api1-1      | Batch processed: 1/1 Queue: 0
memorydb-1  | Persisted batch: 1 payments
api2-1      | Batch processed: 1/1 Queue: 0
memorydb-1  | Persisted batch: 1 payments
api1-1      | Batch processed: 1/1 Queue: 0
memorydb-1  | Persisted batch: 1 payments
api2-1      | Queue size: 1
api2-1      | Batch processed: 1/1 Queue: 1
memorydb-1  | Persisted batch: 1 payments
api2-1      | Batch processed: 1/1 Queue: 0
api1-1      | Batch processed: 1/1 Queue: 0
api1-1      | Queue size: 1
api1-1      | Queue size: 1
api1-1      | Queue size: 1
api1-1      | Queue size: 1
api1-1      | Queue size: 1
api1-1      | Queue size: 1
api1-1      | Queue size: 1
api1-1      | Queue size: 1
api1-1      | Queue size: 1
api1-1      | Queue size: 1
api1-1      | Queue size: 1
api1-1      | Queue size: 1
memorydb-1  | Persisted batch: 2 payments
api2-1      | Batch processed: 1/1 Queue: 0
api1-1      | Queue size: 1
api1-1      | Batch processed: 1/1 Queue: 1
memorydb-1  | Persisted batch: 2 payments
api2-1      | Batch processed: 1/1 Queue: 0
api1-1      | Batch processed: 1/1 Queue: 0
memorydb-1  | Persisted batch: 2 payments
api1-1      | Batch processed: 1/1 Queue: 0
api2-1      | Queue size: 1
api2-1      | Queue size: 1
memorydb-1  | Persisted batch: 1 payments
api2-1      | Queue size: 1
api1-1      | Batch processed: 1/1 Queue: 0
api2-1      | Batch processed: 1/1 Queue: 1
memorydb-1  | Persisted batch: 2 payments
api2-1      | Batch processed: 1/1 Queue: 0
memorydb-1  | Persisted batch: 1 payments
api2-1      | Batch processed: 1/1 Queue: 0
api1-1      | Batch processed: 1/1 Queue: 0
memorydb-1  | Persisted batch: 2 payments
api1-1      | Batch processed: 1/1 Queue: 0
api2-1      | Queue size: 1
api2-1      | Queue size: 1
api2-1      | Queue size: 1
api2-1      | Queue size: 1
api2-1      | Queue size: 1
memorydb-1  | Persisted batch: 1 payments
api2-1      | Queue size: 1
api1-1      | Batch processed: 1/1 Queue: 0
api2-1      | Batch processed: 1/1 Queue: 1
memorydb-1  | Persisted batch: 2 payments
api1-1      | Batch processed: 1/1 Queue: 0
api2-1      | Batch processed: 1/1 Queue: 0
memorydb-1  | Persisted batch: 2 payments
api2-1      | Batch processed: 1/1 Queue: 0
memorydb-1  | Persisted batch: 1 payments
api1-1      | Batch processed: 1/1 Queue: 0
memorydb-1  | Persisted batch: 1 payments
api2-1      | Batch processed: 1/1 Queue: 0
memorydb-1  | Persisted batch: 1 payments
api1-1      | Batch processed: 1/1 Queue: 0
memorydb-1  | Persisted batch: 1 payments
api1-1      | Batch processed: 1/1 Queue: 0
api2-1      | Batch processed: 1/1 Queue: 0
memorydb-1  | Persisted batch: 2 payments
api1-1      | Batch processed: 1/1 Queue: 0
memorydb-1  | Persisted batch: 1 payments
api2-1      | Batch processed: 1/1 Queue: 0
memorydb-1  | Persisted batch: 1 payments
api1-1      | Batch processed: 1/1 Queue: 0
memorydb-1  | Persisted batch: 1 payments
api2-1      | Batch processed: 1/1 Queue: 0
memorydb-1  | Persisted batch: 1 payments
api1-1      | Queue size: 1
api1-1      | Batch processed: 1/1 Queue: 1
api2-1      | Queue size: 1
memorydb-1  | Persisted batch: 1 payments
api1-1      | Batch processed: 1/1 Queue: 0
api2-1      | Queue size: 1
api2-1      | Batch processed: 1/1 Queue: 1
memorydb-1  | Persisted batch: 2 payments
api1-1      | Batch processed: 1/1 Queue: 0
api2-1      | Batch processed: 1/1 Queue: 0
memorydb-1  | Persisted batch: 2 payments
api2-1      | Batch processed: 1/1 Queue: 0
memorydb-1  | Persisted batch: 1 payments
api1-1      | Batch processed: 1/1 Queue: 0
memorydb-1  | Persisted batch: 1 payments
api2-1      | Batch processed: 1/1 Queue: 0
memorydb-1  | Persisted batch: 1 payments
api2-1      | Batch processed: 1/1 Queue: 0
api1-1      | Batch processed: 1/1 Queue: 0
memorydb-1  | Persisted batch: 2 payments
api2-1      | Batch processed: 1/1 Queue: 0
memorydb-1  | Persisted batch: 1 payments
api1-1      | Batch processed: 1/1 Queue: 0
memorydb-1  | Persisted batch: 1 payments
api2-1      | Batch processed: 1/1 Queue: 0
memorydb-1  | Persisted batch: 1 payments
api1-1      | Batch processed: 1/1 Queue: 0
memorydb-1  | Persisted batch: 1 payments
api2-1      | Batch processed: 1/1 Queue: 0
api2-1      | Queue size: 1
memorydb-1  | Persisted batch: 1 payments
api2-1      | Batch processed: 1/1 Queue: 1
api1-1      | Batch processed: 1/1 Queue: 0
memorydb-1  | Persisted batch: 2 payments
api2-1      | Batch processed: 1/1 Queue: 0
memorydb-1  | Persisted batch: 1 payments
api1-1      | Batch processed: 1/1 Queue: 0
memorydb-1  | Persisted batch: 1 payments
api1-1      | Batch processed: 1/1 Queue: 0
api2-1      | Batch processed: 1/1 Queue: 0
memorydb-1  | Persisted batch: 2 payments
api2-1      | Batch processed: 1/1 Queue: 0
memorydb-1  | Persisted batch: 1 payments
api2-1      | Batch processed: 1/1 Queue: 0
api1-1      | Batch processed: 1/1 Queue: 0
memorydb-1  | Persisted batch: 2 payments
api2-1      | Batch processed: 1/1 Queue: 0
memorydb-1  | Persisted batch: 1 payments
api1-1      | Batch processed: 1/1 Queue: 0
memorydb-1  | Persisted batch: 1 payments
api2-1      | Batch processed: 1/1 Queue: 0
memorydb-1  | Persisted batch: 1 payments
api1-1      | Batch processed: 1/1 Queue: 0
api2-1      | Queue size: 1
api2-1      | Queue size: 1
api2-1      | Queue size: 1
api2-1      | Queue size: 1
memorydb-1  | Persisted batch: 1 payments
api2-1      | Queue size: 1
api1-1      | Batch processed: 1/1 Queue: 0
api2-1      | Batch processed: 1/1 Queue: 1
api2-1      | Queue size: 1
memorydb-1  | Persisted batch: 2 payments
api1-1      | Batch processed: 1/1 Queue: 0
api2-1      | Queue size: 1
api2-1      | Batch processed: 1/1 Queue: 1
memorydb-1  | Persisted batch: 2 payments
api1-1      | Batch processed: 1/1 Queue: 0
api2-1      | Batch processed: 1/1 Queue: 0
memorydb-1  | Persisted batch: 2 payments
api2-1      | Batch processed: 1/1 Queue: 0
memorydb-1  | Persisted batch: 1 payments
api1-1      | Batch processed: 1/1 Queue: 0
memorydb-1  | Persisted batch: 1 payments
api2-1      | Batch processed: 1/1 Queue: 0
memorydb-1  | Persisted batch: 1 payments
api2-1      | Batch processed: 1/1 Queue: 0
api1-1      | Batch processed: 1/1 Queue: 0
memorydb-1  | Persisted batch: 2 payments
api2-1      | Batch processed: 1/1 Queue: 0
api1-1      | Batch processed: 1/1 Queue: 0
memorydb-1  | Persisted batch: 2 payments
api1-1      | Batch processed: 1/1 Queue: 0
memorydb-1  | Persisted batch: 1 payments
api2-1      | Batch processed: 1/1 Queue: 0
memorydb-1  | Persisted batch: 1 payments
api1-1      | Batch processed: 1/1 Queue: 0
api2-1      | Queue size: 1
memorydb-1  | Persisted batch: 1 payments
api2-1      | Batch processed: 1/1 Queue: 1
api2-1      | Queue size: 1
memorydb-1  | Persisted batch: 1 payments
api2-1      | Queue size: 1
api2-1      | Batch processed: 1/1 Queue: 1
api1-1      | Queue size: 1
api1-1      | Batch processed: 1/1 Queue: 1
api2-1      | Queue size: 1
api2-1      | Queue size: 1
api2-1      | Queue size: 1
memorydb-1  | Persisted batch: 2 payments
api2-1      | Batch processed: 1/1 Queue: 1
api1-1      | Batch processed: 1/1 Queue: 0
memorydb-1  | Persisted batch: 2 payments
api2-1      | Batch processed: 1/1 Queue: 0
memorydb-1  | Persisted batch: 1 payments
api2-1      | Batch processed: 1/1 Queue: 0
api1-1      | Batch processed: 1/1 Queue: 0
memorydb-1  | Persisted batch: 2 payments
api1-1      | Batch processed: 1/1 Queue: 0
memorydb-1  | Persisted batch: 1 payments
api1-1      | Batch processed: 1/1 Queue: 0
api2-1      | Batch processed: 1/1 Queue: 0
memorydb-1  | Persisted batch: 2 payments
api2-1      | Batch processed: 1/1 Queue: 0
api1-1      | Batch processed: 1/1 Queue: 0
memorydb-1  | Persisted batch: 2 payments
api2-1      | Batch processed: 1/1 Queue: 0
memorydb-1  | Persisted batch: 1 payments
api1-1      | Batch processed: 1/1 Queue: 0
memorydb-1  | Persisted batch: 1 payments
api2-1      | Batch processed: 1/1 Queue: 0
memorydb-1  | Persisted batch: 1 payments
api1-1      | Batch processed: 1/1 Queue: 0
memorydb-1  | Persisted batch: 1 payments
api1-1      | Batch processed: 1/1 Queue: 0
api2-1      | Batch processed: 1/1 Queue: 0
memorydb-1  | Persisted batch: 2 payments
api2-1      | Batch processed: 1/1 Queue: 0
api1-1      | Batch processed: 1/1 Queue: 0
memorydb-1  | Persisted batch: 2 payments
api2-1      | Batch processed: 1/1 Queue: 0
memorydb-1  | Persisted batch: 1 payments
api1-1      | Batch processed: 1/1 Queue: 0
memorydb-1  | Persisted batch: 1 payments
api2-1      | Batch processed: 1/1 Queue: 0
memorydb-1  | Persisted batch: 1 payments
api1-1      | Queue size: 1
api2-1      | Batch processed: 1/1 Queue: 0
api1-1      | Batch processed: 1/1 Queue: 1
api1-1      | Queue size: 1
api1-1      | Queue size: 1
api1-1      | Queue size: 1
api1-1      | Queue size: 1
memorydb-1  | Persisted batch: 2 payments
api2-1      | Batch processed: 1/1 Queue: 0
api1-1      | Batch processed: 1/1 Queue: 1
api1-1      | Queue size: 1
api1-1      | Queue size: 1
api1-1      | Queue size: 1
memorydb-1  | Persisted batch: 2 payments
api1-1      | Queue size: 1
api1-1      | Batch processed: 1/1 Queue: 1
memorydb-1  | Persisted batch: 1 payments
api1-1      | Batch processed: 1/1 Queue: 0
api2-1      | Batch processed: 1/1 Queue: 0
memorydb-1  | Persisted batch: 2 payments
api1-1      | Batch processed: 1/1 Queue: 0
memorydb-1  | Persisted batch: 1 payments
api2-1      | Batch processed: 1/1 Queue: 0
memorydb-1  | Persisted batch: 1 payments
api2-1      | Batch processed: 1/1 Queue: 0
api1-1      | Batch processed: 1/1 Queue: 0
memorydb-1  | Persisted batch: 2 payments
api2-1      | Batch processed: 1/1 Queue: 0
api1-1      | Batch processed: 1/1 Queue: 0
memorydb-1  | Persisted batch: 2 payments
api2-1      | Batch processed: 1/1 Queue: 0
memorydb-1  | Persisted batch: 1 payments
api1-1      | Batch processed: 1/1 Queue: 0
memorydb-1  | Persisted batch: 1 payments
api1-1      | Batch processed: 1/1 Queue: 0
api2-1      | Batch processed: 1/1 Queue: 0
memorydb-1  | Persisted batch: 2 payments
api1-1      | Batch processed: 1/1 Queue: 0
api2-1      | Batch processed: 1/1 Queue: 0
memorydb-1  | Persisted batch: 2 payments
api1-1      | Batch processed: 1/1 Queue: 0
api2-1      | Batch processed: 1/1 Queue: 0
memorydb-1  | Persisted batch: 2 payments
api1-1      | Batch processed: 1/1 Queue: 0
memorydb-1  | Persisted batch: 1 payments
api2-1      | Batch processed: 1/1 Queue: 0
memorydb-1  | Persisted batch: 1 payments
api1-1      | Batch processed: 1/1 Queue: 0
memorydb-1  | Persisted batch: 1 payments
api2-1      | Batch processed: 1/1 Queue: 0
memorydb-1  | Persisted batch: 1 payments
api2-1      | Batch processed: 1/1 Queue: 0
api1-1      | Batch processed: 1/1 Queue: 0
memorydb-1  | Persisted batch: 2 payments
api1-1      | Batch processed: 1/1 Queue: 0
api2-1      | Batch processed: 1/1 Queue: 0
memorydb-1  | Persisted batch: 2 payments
api2-1      | Batch processed: 1/1 Queue: 0
api1-1      | Batch processed: 1/1 Queue: 0
memorydb-1  | Persisted batch: 2 payments
api2-1      | Batch processed: 1/1 Queue: 0
memorydb-1  | Persisted batch: 1 payments
api1-1      | Batch processed: 1/1 Queue: 0
api2-1      | Batch processed: 1/1 Queue: 0
api1-1      | Queue size: 1
api1-1      | Queue size: 1
api1-1      | Queue size: 1
api1-1      | Queue size: 1
api1-1      | Queue size: 1
memorydb-1  | Persisted batch: 2 payments
api2-1      | Batch processed: 1/1 Queue: 0
api1-1      | Batch processed: 1/1 Queue: 1
api1-1      | Queue size: 1
api1-1      | Queue size: 1
api1-1      | Queue size: 1
memorydb-1  | Persisted batch: 2 payments
api1-1      | Queue size: 1
api1-1      | Batch processed: 1/1 Queue: 1
api1-1      | Queue size: 1
api1-1      | Queue size: 1
api1-1      | Queue size: 1
api1-1      | Queue size: 1
api1-1      | Queue size: 1
api1-1      | Queue size: 1
api1-1      | Queue size: 1
api1-1      | Queue size: 1
api1-1      | Queue size: 1
api1-1      | Queue size: 1
api1-1      | Queue size: 1
api1-1      | Queue size: 1
api1-1      | Queue size: 1
api1-1      | Queue size: 1
api1-1      | Queue size: 1
memorydb-1  | Persisted batch: 1 payments
api1-1      | Batch processed: 1/1 Queue: 1
api2-1      | Batch processed: 1/1 Queue: 0
api1-1      | Queue size: 1
api1-1      | Queue size: 1
api2-1      | Queue size: 1
api2-1      | Queue size: 1
api2-1      | Queue size: 1
api2-1      | Queue size: 1
api2-1      | Queue size: 1
api2-1      | Queue size: 1
api1-1      | Queue size: 1
api1-1      | Queue size: 1
api1-1      | Queue size: 1
api1-1      | Queue size: 1
api1-1      | Queue size: 1
api1-1      | Queue size: 1
api1-1      | Queue size: 1
api1-1      | Queue size: 1
api1-1      | Queue size: 1
api1-1      | Queue size: 1
api1-1      | Queue size: 1
api1-1      | Queue size: 1
api1-1      | Queue size: 1
api1-1      | Queue size: 1
api1-1      | Queue size: 2
api1-1      | Queue size: 2
api1-1      | Queue size: 2
api1-1      | Queue size: 2
api1-1      | Queue size: 2
api2-1      | Queue size: 1
api1-1      | Queue size: 2
api2-1      | Queue size: 1
api1-1      | Queue size: 2
api2-1      | Queue size: 1
api1-1      | Queue size: 2
api2-1      | Queue size: 1
api1-1      | Queue size: 2
api2-1      | Queue size: 1
api1-1      | Queue size: 2
api1-1      | Queue size: 2
api2-1      | Queue size: 1
api1-1      | Queue size: 2
api2-1      | Queue size: 1
api1-1      | Queue size: 2
api2-1      | Queue size: 1
api1-1      | Queue size: 2
api2-1      | Queue size: 1
api1-1      | Queue size: 2
api2-1      | Queue size: 1
api1-1      | Queue size: 3
api2-1      | Queue size: 2
api1-1      | Queue size: 3
api2-1      | Queue size: 2
api2-1      | Queue size: 2
api1-1      | Queue size: 3
api2-1      | Queue size: 2
api1-1      | Queue size: 3
api2-1      | Queue size: 2
api1-1      | Queue size: 3
api2-1      | Queue size: 2
api1-1      | Queue size: 3
api2-1      | Queue size: 2
api1-1      | Queue size: 3
api2-1      | Queue size: 2
api1-1      | Queue size: 3
api2-1      | Queue size: 2
api1-1      | Queue size: 3
api2-1      | Queue size: 2
api1-1      | Queue size: 3
api2-1      | Queue size: 2
api1-1      | Queue size: 3
api2-1      | Queue size: 2
api1-1      | Queue size: 3
api1-1      | Queue size: 3
api2-1      | Queue size: 2
api2-1      | Queue size: 2
api1-1      | Queue size: 3
api1-1      | Queue size: 3
api2-1      | Queue size: 2
api2-1      | Queue size: 2
api1-1      | Queue size: 3
api2-1      | Queue size: 2
memorydb-1  | Persisted batch: 2 payments
api1-1      | Queue size: 3
api2-1      | Queue size: 3
api1-1      | Batch processed: 1/1 Queue: 3
api2-1      | Batch processed: 1/1 Queue: 3
api1-1      | Queue size: 1
api1-1      | Queue size: 1
api1-1      | Queue size: 1
api1-1      | Queue size: 1
api1-1      | Queue size: 1
api1-1      | Queue size: 1
api1-1      | Queue size: 1
api1-1      | Queue size: 1
api1-1      | Queue size: 1
api1-1      | Queue size: 1
api1-1      | Queue size: 1
api1-1      | Queue size: 1
api1-1      | Queue size: 1
api1-1      | Queue size: 1
api1-1      | Queue size: 1
api1-1      | Queue size: 1
api1-1      | Queue size: 1
api1-1      | Queue size: 1
api1-1      | Queue size: 1
api1-1      | Queue size: 1
api1-1      | Queue size: 1
memorydb-1  | Persisted batch: 2 payments
api1-1      | Queue size: 1
api1-1      | Batch processed: 3/3 Queue: 1
api2-1      | Batch processed: 3/3 Queue: 0
memorydb-1  | Persisted batch: 6 payments
api1-1      | Batch processed: 1/1 Queue: 0
api2-1      | Batch processed: 1/1 Queue: 0
memorydb-1  | Persisted batch: 2 payments
api1-1      | Batch processed: 1/1 Queue: 0
api2-1      | Batch processed: 1/1 Queue: 0
memorydb-1  | Persisted batch: 2 payments
api1-1      | Batch processed: 1/1 Queue: 0
api2-1      | Batch processed: 1/1 Queue: 0
memorydb-1  | Persisted batch: 2 payments
api1-1      | Batch processed: 1/1 Queue: 0
api2-1      | Batch processed: 1/1 Queue: 0
memorydb-1  | Persisted batch: 2 payments
api1-1      | Batch processed: 1/1 Queue: 0
api2-1      | Batch processed: 1/1 Queue: 0
memorydb-1  | Persisted batch: 2 payments
api1-1      | Batch processed: 1/1 Queue: 0
memorydb-1  | Persisted batch: 1 payments
api2-1      | Batch processed: 1/1 Queue: 0
memorydb-1  | Persisted batch: 1 payments
api1-1      | Batch processed: 1/1 Queue: 0
memorydb-1  | Persisted batch: 1 payments
api1-1      | Batch processed: 1/1 Queue: 0
api2-1      | Batch processed: 1/1 Queue: 0
memorydb-1  | Persisted batch: 2 payments
api1-1      | Batch processed: 1/1 Queue: 0
api2-1      | Batch processed: 1/1 Queue: 0
memorydb-1  | Persisted batch: 2 payments
api1-1      | Batch processed: 1/1 Queue: 0
api2-1      | Batch processed: 1/1 Queue: 0
memorydb-1  | Persisted batch: 2 payments
api2-1      | Batch processed: 1/1 Queue: 0
memorydb-1  | Persisted batch: 1 payments
api2-1      | Batch processed: 1/1 Queue: 0
api1-1      | Batch processed: 1/1 Queue: 0
log truncated at line 1000
