
 api_0 Pulling 
 api_1 Pulling 
 worker Pulling 
 356d26ade73a Already exists 
 054d88452167 Pulling fs layer 
 054d88452167 Downloading [>                                                  ]  39.83kB/3.859MB
 054d88452167 Downloading [==>                                                ]  228.2kB/3.859MB
 054d88452167 Downloading [========>                                          ]  621.4kB/3.859MB
 356d26ade73a Already exists 
 054d88452167 Downloading [====================>                              ]  1.589MB/3.859MB
 356d26ade73a Already exists 
 054d88452167 Pulling fs layer 
 054d88452167 Downloading [====================>                              ]  1.589MB/3.859MB
 054d88452167 Pulling fs layer 
 054d88452167 Downloading [====================>                              ]  1.589MB/3.859MB
 054d88452167 Downloading [================================================>  ]  3.779MB/3.859MB
 054d88452167 Downloading [================================================>  ]  3.779MB/3.859MB
 054d88452167 Downloading [================================================>  ]  3.779MB/3.859MB
 054d88452167 Verifying Checksum 
 054d88452167 Verifying Checksum 
 054d88452167 Download complete 
 054d88452167 Verifying Checksum 
 054d88452167 Download complete 
 054d88452167 Download complete 
 054d88452167 Extracting [>                                                  ]  65.54kB/3.859MB
 054d88452167 Extracting [>                                                  ]  65.54kB/3.859MB
 054d88452167 Extracting [>                                                  ]  65.54kB/3.859MB
 054d88452167 Extracting [==================================================>]  3.859MB/3.859MB
 054d88452167 Extracting [==================================================>]  3.859MB/3.859MB
 054d88452167 Extracting [==================================================>]  3.859MB/3.859MB
 054d88452167 Extracting [==================================================>]  3.859MB/3.859MB
 054d88452167 Extracting [==================================================>]  3.859MB/3.859MB
 054d88452167 Extracting [==================================================>]  3.859MB/3.859MB
 054d88452167 Pull complete 
 054d88452167 Pull complete 
 054d88452167 Pull complete 
 api_1 Pulled 
 worker Pulled 
 api_0 Pulled 
 Network joao-xavier_backend  Creating
 Network joao-xavier_backend  Created
 Volume "joao-xavier_data"  Creating
 Volume "joao-xavier_data"  Created
 Container joao-xavier-worker-1  Creating
 Container joao-xavier-worker-1  Created
 Container joao-xavier-api_1-1  Creating
 Container joao-xavier-api_0-1  Creating
 Container joao-xavier-api_1-1  Created
 Container joao-xavier-api_0-1  Created
 Container joao-xavier-nginx-1  Creating
 Container joao-xavier-nginx-1  Created
Attaching to api_0-1, api_1-1, nginx-1, worker-1
worker-1  | 2025-07-27T21:44:20.663637Z  INFO ThreadId(01) serve: src/worker/mod.rs:31: Starting worker on port 80
worker-1  | 2025-07-27T21:44:20.723867Z  INFO ThreadId(01) serve:start_consumer: src/worker/mod.rs:70: Starting mpsc consumer
api_0-1   | 2025-07-27T21:44:20.959545Z  INFO ThreadId(01) serve: src/api/mod.rs:15: Starting API on port 80
api_1-1   | 2025-07-27T21:44:20.993393Z  INFO ThreadId(01) serve: src/api/mod.rs:15: Starting API on port 80
nginx-1   | /docker-entrypoint.sh: /docker-entrypoint.d/ is not empty, will attempt to perform configuration
nginx-1   | /docker-entrypoint.sh: Looking for shell scripts in /docker-entrypoint.d/
nginx-1   | /docker-entrypoint.sh: Launching /docker-entrypoint.d/10-listen-on-ipv6-by-default.sh
nginx-1   | 10-listen-on-ipv6-by-default.sh: info: Getting the checksum of /etc/nginx/conf.d/default.conf
nginx-1   | 10-listen-on-ipv6-by-default.sh: info: Enabled listen on IPv6 in /etc/nginx/conf.d/default.conf
nginx-1   | /docker-entrypoint.sh: Sourcing /docker-entrypoint.d/15-local-resolvers.envsh
nginx-1   | /docker-entrypoint.sh: Launching /docker-entrypoint.d/20-envsubst-on-templates.sh
nginx-1   | /docker-entrypoint.sh: Launching /docker-entrypoint.d/30-tune-worker-processes.sh
nginx-1   | /docker-entrypoint.sh: Configuration complete; ready for start up
api_0-1   | 2025-07-27T21:44:21.677587Z  INFO ThreadId(02) get: src/api/summary.rs:24: pp_payments_summary_http_time: 89.933µs
nginx-1   | 172.21.0.1 - - [27/Jul/2025:21:44:21 +0000] "GET /payments-summary HTTP/1.1" 200 98 "-" "curl/7.88.1"
nginx-1   | 172.21.0.1 - - [27/Jul/2025:21:44:28 +0000] "POST /purge-payments HTTP/1.1" 404 0 "-" "Grafana k6/1.1.0"
api_0-1   | 2025-07-27T21:44:28.042018Z  INFO ThreadId(02) get: src/api/summary.rs:24: pp_payments_summary_http_time: 111.574µs
nginx-1   | 172.21.0.1 - - [27/Jul/2025:21:44:28 +0000] "GET /payments-summary?from=2025-07-27T21:44:18.039Z&to=2025-07-27T21:44:27.939Z HTTP/1.1" 200 98 "-" "Grafana k6/1.1.0"
api_1-1   | 2025-07-27T21:44:28.044249Z  INFO ThreadId(02) create: src/api/payment.rs:11: rpc_send: 9a09085a-dcfe-4e3b-a03e-5aff6015cf19
api_1-1   | 2025-07-27T21:44:28.044285Z  INFO ThreadId(02) create: src/api/payment.rs:15: pp_payments_http_time: 38.795µs
worker-1  | 2025-07-27T21:44:28.044583Z  INFO ThreadId(02) process: src/worker/rpc.rs:25: rpc_recv: 9a09085a-dcfe-4e3b-a03e-5aff6015cf19
worker-1  | 2025-07-27T21:44:28.044645Z  INFO ThreadId(02) consumer: src/worker/mod.rs:79: mpsc_recv: 9a09085a-dcfe-4e3b-a03e-5aff6015cf19
nginx-1   | 172.21.0.1 - - [27/Jul/2025:21:44:28 +0000] "POST /payments HTTP/1.1" 200 0 "-" "Grafana k6/1.1.0"
api_0-1   | 2025-07-27T21:44:28.150264Z  INFO ThreadId(02) create: src/api/payment.rs:11: rpc_send: 4ffccb96-7f1b-4ac1-8099-84657f41298d
api_0-1   | 2025-07-27T21:44:28.150303Z  INFO ThreadId(02) create: src/api/payment.rs:15: pp_payments_http_time: 41.83µs
nginx-1   | 172.21.0.1 - - [27/Jul/2025:21:44:28 +0000] "POST /payments HTTP/1.1" 200 0 "-" "Grafana k6/1.1.0"
worker-1  | 2025-07-27T21:44:28.150493Z  INFO ThreadId(02) process: src/worker/rpc.rs:25: rpc_recv: 4ffccb96-7f1b-4ac1-8099-84657f41298d
worker-1  | 2025-07-27T21:44:28.150557Z  INFO ThreadId(02) consumer: src/worker/mod.rs:79: mpsc_recv: 4ffccb96-7f1b-4ac1-8099-84657f41298d
api_1-1   | 2025-07-27T21:44:28.259437Z  INFO ThreadId(02) create: src/api/payment.rs:11: rpc_send: e2820993-b3ea-4eb0-944c-fd086315704c
api_1-1   | 2025-07-27T21:44:28.259456Z  INFO ThreadId(02) create: src/api/payment.rs:15: pp_payments_http_time: 20.799µs
worker-1  | 2025-07-27T21:44:28.259662Z  INFO ThreadId(02) process: src/worker/rpc.rs:25: rpc_recv: e2820993-b3ea-4eb0-944c-fd086315704c
worker-1  | 2025-07-27T21:44:28.259720Z  INFO ThreadId(02) consumer: src/worker/mod.rs:79: mpsc_recv: e2820993-b3ea-4eb0-944c-fd086315704c
nginx-1   | 172.21.0.1 - - [27/Jul/2025:21:44:28 +0000] "POST /payments HTTP/1.1" 200 0 "-" "Grafana k6/1.1.0"
api_0-1   | 2025-07-27T21:44:28.369047Z  INFO ThreadId(02) create: src/api/payment.rs:11: rpc_send: b3696ef5-5325-4dfe-a726-d12660dca072
api_0-1   | 2025-07-27T21:44:28.369077Z  INFO ThreadId(02) create: src/api/payment.rs:15: pp_payments_http_time: 31.018µs
worker-1  | 2025-07-27T21:44:28.369359Z  INFO ThreadId(02) process: src/worker/rpc.rs:25: rpc_recv: b3696ef5-5325-4dfe-a726-d12660dca072
worker-1  | 2025-07-27T21:44:28.369420Z  INFO ThreadId(02) consumer: src/worker/mod.rs:79: mpsc_recv: b3696ef5-5325-4dfe-a726-d12660dca072
nginx-1   | 172.21.0.1 - - [27/Jul/2025:21:44:28 +0000] "POST /payments HTTP/1.1" 200 0 "-" "Grafana k6/1.1.0"
api_1-1   | 2025-07-27T21:44:28.478352Z  INFO ThreadId(02) create: src/api/payment.rs:11: rpc_send: 42191b12-e406-4487-9960-e151b4552ae6
api_1-1   | 2025-07-27T21:44:28.478377Z  INFO ThreadId(02) create: src/api/payment.rs:15: pp_payments_http_time: 27.022µs
worker-1  | 2025-07-27T21:44:28.478851Z  INFO ThreadId(02) process: src/worker/rpc.rs:25: rpc_recv: 42191b12-e406-4487-9960-e151b4552ae6
nginx-1   | 172.21.0.1 - - [27/Jul/2025:21:44:28 +0000] "POST /payments HTTP/1.1" 200 0 "-" "Grafana k6/1.1.0"
worker-1  | 2025-07-27T21:44:28.479313Z  INFO ThreadId(02) consumer: src/worker/mod.rs:79: mpsc_recv: 42191b12-e406-4487-9960-e151b4552ae6
api_0-1   | 2025-07-27T21:44:28.586944Z  INFO ThreadId(02) create: src/api/payment.rs:11: rpc_send: 7050f82c-929e-4167-8d34-c18fff832385
api_0-1   | 2025-07-27T21:44:28.586979Z  INFO ThreadId(02) create: src/api/payment.rs:15: pp_payments_http_time: 36.056µs
nginx-1   | 172.21.0.1 - - [27/Jul/2025:21:44:28 +0000] "POST /payments HTTP/1.1" 200 0 "-" "Grafana k6/1.1.0"
worker-1  | 2025-07-27T21:44:28.587313Z  INFO ThreadId(02) process: src/worker/rpc.rs:25: rpc_recv: 7050f82c-929e-4167-8d34-c18fff832385
worker-1  | 2025-07-27T21:44:28.587373Z  INFO ThreadId(02) consumer: src/worker/mod.rs:79: mpsc_recv: 7050f82c-929e-4167-8d34-c18fff832385
api_1-1   | 2025-07-27T21:44:28.696551Z  INFO ThreadId(02) create: src/api/payment.rs:11: rpc_send: f339ce1d-fed4-45b4-a0f4-4ec5552df443
api_1-1   | 2025-07-27T21:44:28.696580Z  INFO ThreadId(02) create: src/api/payment.rs:15: pp_payments_http_time: 30.718µs
worker-1  | 2025-07-27T21:44:28.696859Z  INFO ThreadId(02) process: src/worker/rpc.rs:25: rpc_recv: f339ce1d-fed4-45b4-a0f4-4ec5552df443
nginx-1   | 172.21.0.1 - - [27/Jul/2025:21:44:28 +0000] "POST /payments HTTP/1.1" 200 0 "-" "Grafana k6/1.1.0"
worker-1  | 2025-07-27T21:44:28.696913Z  INFO ThreadId(02) consumer: src/worker/mod.rs:79: mpsc_recv: f339ce1d-fed4-45b4-a0f4-4ec5552df443
api_0-1   | 2025-07-27T21:44:28.806018Z  INFO ThreadId(02) create: src/api/payment.rs:11: rpc_send: 00260113-3062-4136-b5de-9dc36f65978c
api_0-1   | 2025-07-27T21:44:28.806041Z  INFO ThreadId(02) create: src/api/payment.rs:15: pp_payments_http_time: 24.147µs
nginx-1   | 172.21.0.1 - - [27/Jul/2025:21:44:28 +0000] "POST /payments HTTP/1.1" 200 0 "-" "Grafana k6/1.1.0"
worker-1  | 2025-07-27T21:44:28.806511Z  INFO ThreadId(02) process: src/worker/rpc.rs:25: rpc_recv: 00260113-3062-4136-b5de-9dc36f65978c
worker-1  | 2025-07-27T21:44:28.806573Z  INFO ThreadId(02) consumer: src/worker/mod.rs:79: mpsc_recv: 00260113-3062-4136-b5de-9dc36f65978c
api_1-1   | 2025-07-27T21:44:28.915443Z  INFO ThreadId(02) create: src/api/payment.rs:11: rpc_send: c8d4eb1a-5689-42d5-b065-4405fce32bca
api_1-1   | 2025-07-27T21:44:28.915464Z  INFO ThreadId(02) create: src/api/payment.rs:15: pp_payments_http_time: 23.794µs
nginx-1   | 172.21.0.1 - - [27/Jul/2025:21:44:28 +0000] "POST /payments HTTP/1.1" 200 0 "-" "Grafana k6/1.1.0"
worker-1  | 2025-07-27T21:44:28.915781Z  INFO ThreadId(02) process: src/worker/rpc.rs:25: rpc_recv: c8d4eb1a-5689-42d5-b065-4405fce32bca
worker-1  | 2025-07-27T21:44:28.915841Z  INFO ThreadId(02) consumer: src/worker/mod.rs:79: mpsc_recv: c8d4eb1a-5689-42d5-b065-4405fce32bca
api_0-1   | 2025-07-27T21:44:29.025059Z  INFO ThreadId(02) create: src/api/payment.rs:11: rpc_send: 799a9794-637d-4fe9-85d8-16de055e7d2b
api_0-1   | 2025-07-27T21:44:29.025084Z  INFO ThreadId(02) create: src/api/payment.rs:15: pp_payments_http_time: 26.317µs
nginx-1   | 172.21.0.1 - - [27/Jul/2025:21:44:29 +0000] "POST /payments HTTP/1.1" 200 0 "-" "Grafana k6/1.1.0"
worker-1  | 2025-07-27T21:44:29.025271Z  INFO ThreadId(02) process: src/worker/rpc.rs:25: rpc_recv: 799a9794-637d-4fe9-85d8-16de055e7d2b
worker-1  | 2025-07-27T21:44:29.025428Z  INFO ThreadId(02) consumer: src/worker/mod.rs:79: mpsc_recv: 799a9794-637d-4fe9-85d8-16de055e7d2b
api_1-1   | 2025-07-27T21:44:29.046305Z  INFO ThreadId(02) create: src/api/payment.rs:11: rpc_send: 461e20db-9f79-4680-8145-d7516a0dbdca
api_1-1   | 2025-07-27T21:44:29.046328Z  INFO ThreadId(02) create: src/api/payment.rs:15: pp_payments_http_time: 25.218µs
nginx-1   | 172.21.0.1 - - [27/Jul/2025:21:44:29 +0000] "POST /payments HTTP/1.1" 200 0 "-" "Grafana k6/1.1.0"
worker-1  | 2025-07-27T21:44:29.046694Z  INFO ThreadId(02) process: src/worker/rpc.rs:25: rpc_recv: 461e20db-9f79-4680-8145-d7516a0dbdca
worker-1  | 2025-07-27T21:44:29.046765Z  INFO ThreadId(02) consumer: src/worker/mod.rs:79: mpsc_recv: 461e20db-9f79-4680-8145-d7516a0dbdca
api_0-1   | 2025-07-27T21:44:29.134117Z  INFO ThreadId(02) create: src/api/payment.rs:11: rpc_send: 109e5c39-b61b-43f1-b1db-1fc05dc10533
api_0-1   | 2025-07-27T21:44:29.134148Z  INFO ThreadId(02) create: src/api/payment.rs:15: pp_payments_http_time: 32.714µs
worker-1  | 2025-07-27T21:44:29.134326Z  INFO ThreadId(02) process: src/worker/rpc.rs:25: rpc_recv: 109e5c39-b61b-43f1-b1db-1fc05dc10533
worker-1  | 2025-07-27T21:44:29.134380Z  INFO ThreadId(02) consumer: src/worker/mod.rs:79: mpsc_recv: 109e5c39-b61b-43f1-b1db-1fc05dc10533
nginx-1   | 172.21.0.1 - - [27/Jul/2025:21:44:29 +0000] "POST /payments HTTP/1.1" 200 0 "-" "Grafana k6/1.1.0"
api_1-1   | 2025-07-27T21:44:29.152067Z  INFO ThreadId(02) create: src/api/payment.rs:11: rpc_send: cff8ee63-e4c6-4ae3-a1d7-4db1f16244db
api_1-1   | 2025-07-27T21:44:29.152098Z  INFO ThreadId(02) create: src/api/payment.rs:15: pp_payments_http_time: 32.013µs
worker-1  | 2025-07-27T21:44:29.152280Z  INFO ThreadId(02) process: src/worker/rpc.rs:25: rpc_recv: cff8ee63-e4c6-4ae3-a1d7-4db1f16244db
worker-1  | 2025-07-27T21:44:29.152337Z  INFO ThreadId(02) consumer: src/worker/mod.rs:79: mpsc_recv: cff8ee63-e4c6-4ae3-a1d7-4db1f16244db
nginx-1   | 172.21.0.1 - - [27/Jul/2025:21:44:29 +0000] "POST /payments HTTP/1.1" 200 0 "-" "Grafana k6/1.1.0"
api_0-1   | 2025-07-27T21:44:29.243092Z  INFO ThreadId(02) create: src/api/payment.rs:11: rpc_send: f46ff8d4-9715-4aef-a201-fc3dd8e2a1fc
api_0-1   | 2025-07-27T21:44:29.243115Z  INFO ThreadId(02) create: src/api/payment.rs:15: pp_payments_http_time: 25.163µs
worker-1  | 2025-07-27T21:44:29.243290Z  INFO ThreadId(02) process: src/worker/rpc.rs:25: rpc_recv: f46ff8d4-9715-4aef-a201-fc3dd8e2a1fc
worker-1  | 2025-07-27T21:44:29.243374Z  INFO ThreadId(02) consumer: src/worker/mod.rs:79: mpsc_recv: f46ff8d4-9715-4aef-a201-fc3dd8e2a1fc
nginx-1   | 172.21.0.1 - - [27/Jul/2025:21:44:29 +0000] "POST /payments HTTP/1.1" 200 0 "-" "Grafana k6/1.1.0"
api_1-1   | 2025-07-27T21:44:29.261861Z  INFO ThreadId(02) create: src/api/payment.rs:11: rpc_send: b32d167c-db40-4a8f-ab45-9a3700eb00ad
api_1-1   | 2025-07-27T21:44:29.261886Z  INFO ThreadId(02) create: src/api/payment.rs:15: pp_payments_http_time: 27.065µs
worker-1  | 2025-07-27T21:44:29.262071Z  INFO ThreadId(02) process: src/worker/rpc.rs:25: rpc_recv: b32d167c-db40-4a8f-ab45-9a3700eb00ad
nginx-1   | 172.21.0.1 - - [27/Jul/2025:21:44:29 +0000] "POST /payments HTTP/1.1" 200 0 "-" "Grafana k6/1.1.0"
worker-1  | 2025-07-27T21:44:29.262284Z  INFO ThreadId(02) consumer: src/worker/mod.rs:79: mpsc_recv: b32d167c-db40-4a8f-ab45-9a3700eb00ad
api_0-1   | 2025-07-27T21:44:29.353112Z  INFO ThreadId(02) create: src/api/payment.rs:11: rpc_send: 0cc444e5-8d2c-40bd-93f9-d8a1e48c83ba
api_0-1   | 2025-07-27T21:44:29.353135Z  INFO ThreadId(02) create: src/api/payment.rs:15: pp_payments_http_time: 24.24µs
nginx-1   | 172.21.0.1 - - [27/Jul/2025:21:44:29 +0000] "POST /payments HTTP/1.1" 200 0 "-" "Grafana k6/1.1.0"
worker-1  | 2025-07-27T21:44:29.353725Z  INFO ThreadId(02) process: src/worker/rpc.rs:25: rpc_recv: 0cc444e5-8d2c-40bd-93f9-d8a1e48c83ba
worker-1  | 2025-07-27T21:44:29.353793Z  INFO ThreadId(02) consumer: src/worker/mod.rs:79: mpsc_recv: 0cc444e5-8d2c-40bd-93f9-d8a1e48c83ba
api_1-1   | 2025-07-27T21:44:29.370712Z  INFO ThreadId(02) create: src/api/payment.rs:11: rpc_send: 86128d7a-6e25-4ef9-a815-27ea16d0d660
api_1-1   | 2025-07-27T21:44:29.370743Z  INFO ThreadId(02) create: src/api/payment.rs:15: pp_payments_http_time: 33.786µs
worker-1  | 2025-07-27T21:44:29.370973Z  INFO ThreadId(02) process: src/worker/rpc.rs:25: rpc_recv: 86128d7a-6e25-4ef9-a815-27ea16d0d660
worker-1  | 2025-07-27T21:44:29.371034Z  INFO ThreadId(02) consumer: src/worker/mod.rs:79: mpsc_recv: 86128d7a-6e25-4ef9-a815-27ea16d0d660
nginx-1   | 172.21.0.1 - - [27/Jul/2025:21:44:29 +0000] "POST /payments HTTP/1.1" 200 0 "-" "Grafana k6/1.1.0"
api_0-1   | 2025-07-27T21:44:29.462340Z  INFO ThreadId(02) create: src/api/payment.rs:11: rpc_send: abdbf587-0e96-474e-982f-b94b17691f86
api_0-1   | 2025-07-27T21:44:29.462367Z  INFO ThreadId(02) create: src/api/payment.rs:15: pp_payments_http_time: 28.637µs
worker-1  | 2025-07-27T21:44:29.462575Z  INFO ThreadId(02) process: src/worker/rpc.rs:25: rpc_recv: abdbf587-0e96-474e-982f-b94b17691f86
worker-1  | 2025-07-27T21:44:29.462631Z  INFO ThreadId(02) consumer: src/worker/mod.rs:79: mpsc_recv: abdbf587-0e96-474e-982f-b94b17691f86
nginx-1   | 172.21.0.1 - - [27/Jul/2025:21:44:29 +0000] "POST /payments HTTP/1.1" 200 0 "-" "Grafana k6/1.1.0"
api_1-1   | 2025-07-27T21:44:29.480832Z  INFO ThreadId(02) create: src/api/payment.rs:11: rpc_send: 5c7083be-264c-4f9f-ae75-f10bab41a3e4
api_1-1   | 2025-07-27T21:44:29.480855Z  INFO ThreadId(02) create: src/api/payment.rs:15: pp_payments_http_time: 25.056µs
worker-1  | 2025-07-27T21:44:29.481052Z  INFO ThreadId(02) process: src/worker/rpc.rs:25: rpc_recv: 5c7083be-264c-4f9f-ae75-f10bab41a3e4
worker-1  | 2025-07-27T21:44:29.481104Z  INFO ThreadId(02) consumer: src/worker/mod.rs:79: mpsc_recv: 5c7083be-264c-4f9f-ae75-f10bab41a3e4
nginx-1   | 172.21.0.1 - - [27/Jul/2025:21:44:29 +0000] "POST /payments HTTP/1.1" 200 0 "-" "Grafana k6/1.1.0"
api_0-1   | 2025-07-27T21:44:29.571278Z  INFO ThreadId(02) create: src/api/payment.rs:11: rpc_send: f147291d-2f71-4362-b1aa-d8642194a198
api_0-1   | 2025-07-27T21:44:29.571298Z  INFO ThreadId(02) create: src/api/payment.rs:15: pp_payments_http_time: 20.74µs
nginx-1   | 172.21.0.1 - - [27/Jul/2025:21:44:29 +0000] "POST /payments HTTP/1.1" 200 0 "-" "Grafana k6/1.1.0"
worker-1  | 2025-07-27T21:44:29.571519Z  INFO ThreadId(02) process: src/worker/rpc.rs:25: rpc_recv: f147291d-2f71-4362-b1aa-d8642194a198
worker-1  | 2025-07-27T21:44:29.571574Z  INFO ThreadId(02) consumer: src/worker/mod.rs:79: mpsc_recv: f147291d-2f71-4362-b1aa-d8642194a198
api_1-1   | 2025-07-27T21:44:29.588434Z  INFO ThreadId(02) create: src/api/payment.rs:11: rpc_send: a604de32-24b9-4d32-9b0f-a9fe2241ff33
api_1-1   | 2025-07-27T21:44:29.588462Z  INFO ThreadId(02) create: src/api/payment.rs:15: pp_payments_http_time: 28.881µs
nginx-1   | 172.21.0.1 - - [27/Jul/2025:21:44:29 +0000] "POST /payments HTTP/1.1" 200 0 "-" "Grafana k6/1.1.0"
worker-1  | 2025-07-27T21:44:29.588626Z  INFO ThreadId(02) process: src/worker/rpc.rs:25: rpc_recv: a604de32-24b9-4d32-9b0f-a9fe2241ff33
worker-1  | 2025-07-27T21:44:29.588827Z  INFO ThreadId(02) consumer: src/worker/mod.rs:79: mpsc_recv: a604de32-24b9-4d32-9b0f-a9fe2241ff33
api_0-1   | 2025-07-27T21:44:29.680825Z  INFO ThreadId(02) create: src/api/payment.rs:11: rpc_send: f406bf0b-c9db-4729-bcfa-cd0b2949308e
api_0-1   | 2025-07-27T21:44:29.680859Z  INFO ThreadId(02) create: src/api/payment.rs:15: pp_payments_http_time: 35.828µs
worker-1  | 2025-07-27T21:44:29.681049Z  INFO ThreadId(02) process: src/worker/rpc.rs:25: rpc_recv: f406bf0b-c9db-4729-bcfa-cd0b2949308e
worker-1  | 2025-07-27T21:44:29.681107Z  INFO ThreadId(02) consumer: src/worker/mod.rs:79: mpsc_recv: f406bf0b-c9db-4729-bcfa-cd0b2949308e
nginx-1   | 172.21.0.1 - - [27/Jul/2025:21:44:29 +0000] "POST /payments HTTP/1.1" 200 0 "-" "Grafana k6/1.1.0"
api_1-1   | 2025-07-27T21:44:29.698215Z  INFO ThreadId(02) create: src/api/payment.rs:11: rpc_send: 24539a4a-6a5c-472c-9c7f-6083470cbd47
api_1-1   | 2025-07-27T21:44:29.698269Z  INFO ThreadId(02) create: src/api/payment.rs:15: pp_payments_http_time: 54.908µs
nginx-1   | 172.21.0.1 - - [27/Jul/2025:21:44:29 +0000] "POST /payments HTTP/1.1" 200 0 "-" "Grafana k6/1.1.0"
worker-1  | 2025-07-27T21:44:29.698732Z  INFO ThreadId(02) process: src/worker/rpc.rs:25: rpc_recv: 24539a4a-6a5c-472c-9c7f-6083470cbd47
worker-1  | 2025-07-27T21:44:29.698862Z  INFO ThreadId(02) consumer: src/worker/mod.rs:79: mpsc_recv: 24539a4a-6a5c-472c-9c7f-6083470cbd47
api_0-1   | 2025-07-27T21:44:29.789224Z  INFO ThreadId(02) create: src/api/payment.rs:11: rpc_send: 538a6428-759f-48a1-815f-9948b054809c
api_0-1   | 2025-07-27T21:44:29.789245Z  INFO ThreadId(02) create: src/api/payment.rs:15: pp_payments_http_time: 22.215µs
nginx-1   | 172.21.0.1 - - [27/Jul/2025:21:44:29 +0000] "POST /payments HTTP/1.1" 200 0 "-" "Grafana k6/1.1.0"
worker-1  | 2025-07-27T21:44:29.789417Z  INFO ThreadId(02) process: src/worker/rpc.rs:25: rpc_recv: 538a6428-759f-48a1-815f-9948b054809c
worker-1  | 2025-07-27T21:44:29.789481Z  INFO ThreadId(02) consumer: src/worker/mod.rs:79: mpsc_recv: 538a6428-759f-48a1-815f-9948b054809c
api_1-1   | 2025-07-27T21:44:29.807796Z  INFO ThreadId(02) create: src/api/payment.rs:11: rpc_send: 2c9e902b-afd3-46f7-be01-080cfc016b16
api_1-1   | 2025-07-27T21:44:29.807817Z  INFO ThreadId(02) create: src/api/payment.rs:15: pp_payments_http_time: 22.511µs
nginx-1   | 172.21.0.1 - - [27/Jul/2025:21:44:29 +0000] "POST /payments HTTP/1.1" 200 0 "-" "Grafana k6/1.1.0"
worker-1  | 2025-07-27T21:44:29.807991Z  INFO ThreadId(02) process: src/worker/rpc.rs:25: rpc_recv: 2c9e902b-afd3-46f7-be01-080cfc016b16
worker-1  | 2025-07-27T21:44:29.808076Z  INFO ThreadId(02) consumer: src/worker/mod.rs:79: mpsc_recv: 2c9e902b-afd3-46f7-be01-080cfc016b16
api_0-1   | 2025-07-27T21:44:29.898789Z  INFO ThreadId(02) create: src/api/payment.rs:11: rpc_send: f602d0d6-ee54-4144-a337-017cd50b7b82
api_0-1   | 2025-07-27T21:44:29.898828Z  INFO ThreadId(02) create: src/api/payment.rs:15: pp_payments_http_time: 41.187µs
nginx-1   | 172.21.0.1 - - [27/Jul/2025:21:44:29 +0000] "POST /payments HTTP/1.1" 200 0 "-" "Grafana k6/1.1.0"
worker-1  | 2025-07-27T21:44:29.899012Z  INFO ThreadId(02) process: src/worker/rpc.rs:25: rpc_recv: f602d0d6-ee54-4144-a337-017cd50b7b82
worker-1  | 2025-07-27T21:44:29.899060Z  INFO ThreadId(02) consumer: src/worker/mod.rs:79: mpsc_recv: f602d0d6-ee54-4144-a337-017cd50b7b82
api_1-1   | 2025-07-27T21:44:29.918175Z  INFO ThreadId(02) create: src/api/payment.rs:11: rpc_send: f7e9d99d-4811-47ed-8c47-a9f5c3b89876
api_1-1   | 2025-07-27T21:44:29.918205Z  INFO ThreadId(02) create: src/api/payment.rs:15: pp_payments_http_time: 32.477µs
nginx-1   | 172.21.0.1 - - [27/Jul/2025:21:44:29 +0000] "POST /payments HTTP/1.1" 200 0 "-" "Grafana k6/1.1.0"
worker-1  | 2025-07-27T21:44:29.918346Z  INFO ThreadId(02) process: src/worker/rpc.rs:25: rpc_recv: f7e9d99d-4811-47ed-8c47-a9f5c3b89876
worker-1  | 2025-07-27T21:44:29.918406Z  INFO ThreadId(02) consumer: src/worker/mod.rs:79: mpsc_recv: f7e9d99d-4811-47ed-8c47-a9f5c3b89876
api_0-1   | 2025-07-27T21:44:30.026249Z  INFO ThreadId(02) create: src/api/payment.rs:11: rpc_send: 5569aa68-e76b-485c-85b7-ad25f82f68f6
api_0-1   | 2025-07-27T21:44:30.026275Z  INFO ThreadId(02) create: src/api/payment.rs:15: pp_payments_http_time: 26.865µs
nginx-1   | 172.21.0.1 - - [27/Jul/2025:21:44:30 +0000] "POST /payments HTTP/1.1" 200 0 "-" "Grafana k6/1.1.0"
worker-1  | 2025-07-27T21:44:30.026518Z  INFO ThreadId(02) process: src/worker/rpc.rs:25: rpc_recv: 5569aa68-e76b-485c-85b7-ad25f82f68f6
worker-1  | 2025-07-27T21:44:30.026560Z  INFO ThreadId(02) consumer: src/worker/mod.rs:79: mpsc_recv: 5569aa68-e76b-485c-85b7-ad25f82f68f6
api_1-1   | 2025-07-27T21:44:30.026982Z  INFO ThreadId(02) create: src/api/payment.rs:11: rpc_send: 8a9abf7d-a606-41aa-8a36-43122b5e17ee
api_1-1   | 2025-07-27T21:44:30.026999Z  INFO ThreadId(02) create: src/api/payment.rs:15: pp_payments_http_time: 18.008µs
nginx-1   | 172.21.0.1 - - [27/Jul/2025:21:44:30 +0000] "POST /payments HTTP/1.1" 200 0 "-" "Grafana k6/1.1.0"
worker-1  | 2025-07-27T21:44:30.027181Z  INFO ThreadId(02) process: src/worker/rpc.rs:25: rpc_recv: 8a9abf7d-a606-41aa-8a36-43122b5e17ee
worker-1  | 2025-07-27T21:44:30.028627Z  INFO ThreadId(02) consumer: src/worker/mod.rs:79: mpsc_recv: 8a9abf7d-a606-41aa-8a36-43122b5e17ee
api_0-1   | 2025-07-27T21:44:30.048529Z  INFO ThreadId(02) create: src/api/payment.rs:11: rpc_send: 764eb6ff-f8f1-4064-80a5-de5a7cbc78c1
api_0-1   | 2025-07-27T21:44:30.048552Z  INFO ThreadId(02) create: src/api/payment.rs:15: pp_payments_http_time: 25.156µs
worker-1  | 2025-07-27T21:44:30.048785Z  INFO ThreadId(02) process: src/worker/rpc.rs:25: rpc_recv: 764eb6ff-f8f1-4064-80a5-de5a7cbc78c1
worker-1  | 2025-07-27T21:44:30.048825Z  INFO ThreadId(02) consumer: src/worker/mod.rs:79: mpsc_recv: 764eb6ff-f8f1-4064-80a5-de5a7cbc78c1
nginx-1   | 172.21.0.1 - - [27/Jul/2025:21:44:30 +0000] "POST /payments HTTP/1.1" 200 0 "-" "Grafana k6/1.1.0"
api_1-1   | 2025-07-27T21:44:30.117707Z  INFO ThreadId(02) create: src/api/payment.rs:11: rpc_send: e6af0a78-8245-41ee-83e1-1ca82aa65409
api_1-1   | 2025-07-27T21:44:30.117731Z  INFO ThreadId(02) create: src/api/payment.rs:15: pp_payments_http_time: 25.923µs
nginx-1   | 172.21.0.1 - - [27/Jul/2025:21:44:30 +0000] "POST /payments HTTP/1.1" 200 0 "-" "Grafana k6/1.1.0"
worker-1  | 2025-07-27T21:44:30.117951Z  INFO ThreadId(02) process: src/worker/rpc.rs:25: rpc_recv: e6af0a78-8245-41ee-83e1-1ca82aa65409
worker-1  | 2025-07-27T21:44:30.118010Z  INFO ThreadId(02) consumer: src/worker/mod.rs:79: mpsc_recv: e6af0a78-8245-41ee-83e1-1ca82aa65409
api_0-1   | 2025-07-27T21:44:30.136129Z  INFO ThreadId(02) create: src/api/payment.rs:11: rpc_send: ae6e6d4d-829f-43a7-9331-9842ef3897da
api_0-1   | 2025-07-27T21:44:30.136149Z  INFO ThreadId(02) create: src/api/payment.rs:15: pp_payments_http_time: 21.183µs
worker-1  | 2025-07-27T21:44:30.136346Z  INFO ThreadId(02) process: src/worker/rpc.rs:25: rpc_recv: ae6e6d4d-829f-43a7-9331-9842ef3897da
nginx-1   | 172.21.0.1 - - [27/Jul/2025:21:44:30 +0000] "POST /payments HTTP/1.1" 200 0 "-" "Grafana k6/1.1.0"
worker-1  | 2025-07-27T21:44:30.136405Z  INFO ThreadId(02) consumer: src/worker/mod.rs:79: mpsc_recv: ae6e6d4d-829f-43a7-9331-9842ef3897da
api_1-1   | 2025-07-27T21:44:30.153654Z  INFO ThreadId(02) create: src/api/payment.rs:11: rpc_send: aae785a9-2da1-42eb-9fc5-d97c4b9aa676
api_1-1   | 2025-07-27T21:44:30.153683Z  INFO ThreadId(02) create: src/api/payment.rs:15: pp_payments_http_time: 30.299µs
nginx-1   | 172.21.0.1 - - [27/Jul/2025:21:44:30 +0000] "POST /payments HTTP/1.1" 200 0 "-" "Grafana k6/1.1.0"
worker-1  | 2025-07-27T21:44:30.153888Z  INFO ThreadId(02) process: src/worker/rpc.rs:25: rpc_recv: aae785a9-2da1-42eb-9fc5-d97c4b9aa676
worker-1  | 2025-07-27T21:44:30.153930Z  INFO ThreadId(02) consumer: src/worker/mod.rs:79: mpsc_recv: aae785a9-2da1-42eb-9fc5-d97c4b9aa676
api_0-1   | 2025-07-27T21:44:30.226870Z  INFO ThreadId(02) create: src/api/payment.rs:11: rpc_send: 1e38bbe9-273b-4e2b-a083-adcb0d1015f7
api_0-1   | 2025-07-27T21:44:30.226892Z  INFO ThreadId(02) create: src/api/payment.rs:15: pp_payments_http_time: 24.303µs
worker-1  | 2025-07-27T21:44:30.227083Z  INFO ThreadId(02) process: src/worker/rpc.rs:25: rpc_recv: 1e38bbe9-273b-4e2b-a083-adcb0d1015f7
nginx-1   | 172.21.0.1 - - [27/Jul/2025:21:44:30 +0000] "POST /payments HTTP/1.1" 200 0 "-" "Grafana k6/1.1.0"
worker-1  | 2025-07-27T21:44:30.227246Z  INFO ThreadId(02) consumer: src/worker/mod.rs:79: mpsc_recv: 1e38bbe9-273b-4e2b-a083-adcb0d1015f7
api_1-1   | 2025-07-27T21:44:30.245356Z  INFO ThreadId(02) create: src/api/payment.rs:11: rpc_send: 96202827-e2cc-4165-b51f-10dc138800ec
api_1-1   | 2025-07-27T21:44:30.245377Z  INFO ThreadId(02) create: src/api/payment.rs:15: pp_payments_http_time: 22.562µs
nginx-1   | 172.21.0.1 - - [27/Jul/2025:21:44:30 +0000] "POST /payments HTTP/1.1" 200 0 "-" "Grafana k6/1.1.0"
worker-1  | 2025-07-27T21:44:30.245587Z  INFO ThreadId(02) process: src/worker/rpc.rs:25: rpc_recv: 96202827-e2cc-4165-b51f-10dc138800ec
worker-1  | 2025-07-27T21:44:30.245645Z  INFO ThreadId(02) consumer: src/worker/mod.rs:79: mpsc_recv: 96202827-e2cc-4165-b51f-10dc138800ec
api_0-1   | 2025-07-27T21:44:30.264111Z  INFO ThreadId(02) create: src/api/payment.rs:11: rpc_send: 9e67900f-01c4-47b3-b117-7d15fdbcd854
api_0-1   | 2025-07-27T21:44:30.264132Z  INFO ThreadId(02) create: src/api/payment.rs:15: pp_payments_http_time: 22.633µs
nginx-1   | 172.21.0.1 - - [27/Jul/2025:21:44:30 +0000] "POST /payments HTTP/1.1" 200 0 "-" "Grafana k6/1.1.0"
worker-1  | 2025-07-27T21:44:30.264272Z  INFO ThreadId(02) process: src/worker/rpc.rs:25: rpc_recv: 9e67900f-01c4-47b3-b117-7d15fdbcd854
worker-1  | 2025-07-27T21:44:30.264309Z  INFO ThreadId(02) consumer: src/worker/mod.rs:79: mpsc_recv: 9e67900f-01c4-47b3-b117-7d15fdbcd854
api_1-1   | 2025-07-27T21:44:30.336430Z  INFO ThreadId(02) create: src/api/payment.rs:11: rpc_send: 099aa3ce-6075-4902-ab1b-d37a4fc60945
api_1-1   | 2025-07-27T21:44:30.336450Z  INFO ThreadId(02) create: src/api/payment.rs:15: pp_payments_http_time: 21.284µs
nginx-1   | 172.21.0.1 - - [27/Jul/2025:21:44:30 +0000] "POST /payments HTTP/1.1" 200 0 "-" "Grafana k6/1.1.0"
worker-1  | 2025-07-27T21:44:30.336604Z  INFO ThreadId(02) process: src/worker/rpc.rs:25: rpc_recv: 099aa3ce-6075-4902-ab1b-d37a4fc60945
worker-1  | 2025-07-27T21:44:30.336648Z  INFO ThreadId(02) consumer: src/worker/mod.rs:79: mpsc_recv: 099aa3ce-6075-4902-ab1b-d37a4fc60945
api_0-1   | 2025-07-27T21:44:30.354985Z  INFO ThreadId(02) create: src/api/payment.rs:11: rpc_send: 9072fd94-4565-45ba-9435-1a2a6ab7e654
api_0-1   | 2025-07-27T21:44:30.355006Z  INFO ThreadId(02) create: src/api/payment.rs:15: pp_payments_http_time: 22.202µs
nginx-1   | 172.21.0.1 - - [27/Jul/2025:21:44:30 +0000] "POST /payments HTTP/1.1" 200 0 "-" "Grafana k6/1.1.0"
worker-1  | 2025-07-27T21:44:30.355183Z  INFO ThreadId(02) process: src/worker/rpc.rs:25: rpc_recv: 9072fd94-4565-45ba-9435-1a2a6ab7e654
worker-1  | 2025-07-27T21:44:30.355238Z  INFO ThreadId(02) consumer: src/worker/mod.rs:79: mpsc_recv: 9072fd94-4565-45ba-9435-1a2a6ab7e654
api_1-1   | 2025-07-27T21:44:30.373135Z  INFO ThreadId(02) create: src/api/payment.rs:11: rpc_send: 0148d935-6005-4f60-9267-ad7d951958ab
api_1-1   | 2025-07-27T21:44:30.373156Z  INFO ThreadId(02) create: src/api/payment.rs:15: pp_payments_http_time: 22.4µs
nginx-1   | 172.21.0.1 - - [27/Jul/2025:21:44:30 +0000] "POST /payments HTTP/1.1" 200 0 "-" "Grafana k6/1.1.0"
worker-1  | 2025-07-27T21:44:30.373337Z  INFO ThreadId(02) process: src/worker/rpc.rs:25: rpc_recv: 0148d935-6005-4f60-9267-ad7d951958ab
worker-1  | 2025-07-27T21:44:30.373390Z  INFO ThreadId(02) consumer: src/worker/mod.rs:79: mpsc_recv: 0148d935-6005-4f60-9267-ad7d951958ab
api_0-1   | 2025-07-27T21:44:30.445182Z  INFO ThreadId(02) create: src/api/payment.rs:11: rpc_send: a39c6abe-e2db-4a6a-bc65-1ec006413ec7
api_0-1   | 2025-07-27T21:44:30.445206Z  INFO ThreadId(02) create: src/api/payment.rs:15: pp_payments_http_time: 25.364µs
nginx-1   | 172.21.0.1 - - [27/Jul/2025:21:44:30 +0000] "POST /payments HTTP/1.1" 200 0 "-" "Grafana k6/1.1.0"
worker-1  | 2025-07-27T21:44:30.445384Z  INFO ThreadId(02) process: src/worker/rpc.rs:25: rpc_recv: a39c6abe-e2db-4a6a-bc65-1ec006413ec7
worker-1  | 2025-07-27T21:44:30.445437Z  INFO ThreadId(02) consumer: src/worker/mod.rs:79: mpsc_recv: a39c6abe-e2db-4a6a-bc65-1ec006413ec7
api_1-1   | 2025-07-27T21:44:30.463728Z  INFO ThreadId(02) create: src/api/payment.rs:11: rpc_send: 4faee1fa-4008-4b05-b771-cc43807a3d45
api_1-1   | 2025-07-27T21:44:30.463750Z  INFO ThreadId(02) create: src/api/payment.rs:15: pp_payments_http_time: 23.629µs
nginx-1   | 172.21.0.1 - - [27/Jul/2025:21:44:30 +0000] "POST /payments HTTP/1.1" 200 0 "-" "Grafana k6/1.1.0"
worker-1  | 2025-07-27T21:44:30.463962Z  INFO ThreadId(02) process: src/worker/rpc.rs:25: rpc_recv: 4faee1fa-4008-4b05-b771-cc43807a3d45
worker-1  | 2025-07-27T21:44:30.464012Z  INFO ThreadId(02) consumer: src/worker/mod.rs:79: mpsc_recv: 4faee1fa-4008-4b05-b771-cc43807a3d45
api_0-1   | 2025-07-27T21:44:30.483076Z  INFO ThreadId(02) create: src/api/payment.rs:11: rpc_send: a6735482-6e4f-46ab-aa56-84dad2c40a47
api_0-1   | 2025-07-27T21:44:30.483097Z  INFO ThreadId(02) create: src/api/payment.rs:15: pp_payments_http_time: 22.583µs
worker-1  | 2025-07-27T21:44:30.483239Z  INFO ThreadId(02) process: src/worker/rpc.rs:25: rpc_recv: a6735482-6e4f-46ab-aa56-84dad2c40a47
worker-1  | 2025-07-27T21:44:30.483407Z  INFO ThreadId(02) consumer: src/worker/mod.rs:79: mpsc_recv: a6735482-6e4f-46ab-aa56-84dad2c40a47
nginx-1   | 172.21.0.1 - - [27/Jul/2025:21:44:30 +0000] "POST /payments HTTP/1.1" 200 0 "-" "Grafana k6/1.1.0"
api_1-1   | 2025-07-27T21:44:30.554287Z  INFO ThreadId(02) create: src/api/payment.rs:11: rpc_send: 979cead9-319d-43e4-baab-b0c362cf7853
api_1-1   | 2025-07-27T21:44:30.554307Z  INFO ThreadId(02) create: src/api/payment.rs:15: pp_payments_http_time: 21.637µs
nginx-1   | 172.21.0.1 - - [27/Jul/2025:21:44:30 +0000] "POST /payments HTTP/1.1" 200 0 "-" "Grafana k6/1.1.0"
worker-1  | 2025-07-27T21:44:30.554614Z  INFO ThreadId(02) process: src/worker/rpc.rs:25: rpc_recv: 979cead9-319d-43e4-baab-b0c362cf7853
worker-1  | 2025-07-27T21:44:30.555011Z  INFO ThreadId(02) consumer: src/worker/mod.rs:79: mpsc_recv: 979cead9-319d-43e4-baab-b0c362cf7853
api_0-1   | 2025-07-27T21:44:30.572805Z  INFO ThreadId(02) create: src/api/payment.rs:11: rpc_send: 6fb10f38-33e2-4074-bd2b-c540f331569b
api_0-1   | 2025-07-27T21:44:30.572825Z  INFO ThreadId(02) create: src/api/payment.rs:15: pp_payments_http_time: 20.733µs
worker-1  | 2025-07-27T21:44:30.573066Z  INFO ThreadId(02) process: src/worker/rpc.rs:25: rpc_recv: 6fb10f38-33e2-4074-bd2b-c540f331569b
worker-1  | 2025-07-27T21:44:30.573121Z  INFO ThreadId(02) consumer: src/worker/mod.rs:79: mpsc_recv: 6fb10f38-33e2-4074-bd2b-c540f331569b
nginx-1   | 172.21.0.1 - - [27/Jul/2025:21:44:30 +0000] "POST /payments HTTP/1.1" 200 0 "-" "Grafana k6/1.1.0"
nginx-1   | 172.21.0.1 - - [27/Jul/2025:21:44:30 +0000] "POST /payments HTTP/1.1" 200 0 "-" "Grafana k6/1.1.0"
api_1-1   | 2025-07-27T21:44:30.590141Z  INFO ThreadId(02) create: src/api/payment.rs:11: rpc_send: 308e2b5b-09db-4391-beaf-5c165d9061e7
api_1-1   | 2025-07-27T21:44:30.590159Z  INFO ThreadId(02) create: src/api/payment.rs:15: pp_payments_http_time: 21.241µs
worker-1  | 2025-07-27T21:44:30.590398Z  INFO ThreadId(02) process: src/worker/rpc.rs:25: rpc_recv: 308e2b5b-09db-4391-beaf-5c165d9061e7
worker-1  | 2025-07-27T21:44:30.590436Z  INFO ThreadId(02) consumer: src/worker/mod.rs:79: mpsc_recv: 308e2b5b-09db-4391-beaf-5c165d9061e7
api_0-1   | 2025-07-27T21:44:30.664405Z  INFO ThreadId(02) create: src/api/payment.rs:11: rpc_send: c393ff21-cd97-4919-8267-125fbff567bb
api_0-1   | 2025-07-27T21:44:30.664425Z  INFO ThreadId(02) create: src/api/payment.rs:15: pp_payments_http_time: 21.673µs
nginx-1   | 172.21.0.1 - - [27/Jul/2025:21:44:30 +0000] "POST /payments HTTP/1.1" 200 0 "-" "Grafana k6/1.1.0"
worker-1  | 2025-07-27T21:44:30.664893Z  INFO ThreadId(02) process: src/worker/rpc.rs:25: rpc_recv: c393ff21-cd97-4919-8267-125fbff567bb
worker-1  | 2025-07-27T21:44:30.664936Z  INFO ThreadId(02) consumer: src/worker/mod.rs:79: mpsc_recv: c393ff21-cd97-4919-8267-125fbff567bb
api_1-1   | 2025-07-27T21:44:30.682714Z  INFO ThreadId(02) create: src/api/payment.rs:11: rpc_send: 18e45bae-8b2d-4f02-a04b-ea5c97c2c90f
api_1-1   | 2025-07-27T21:44:30.682733Z  INFO ThreadId(02) create: src/api/payment.rs:15: pp_payments_http_time: 20.668µs
nginx-1   | 172.21.0.1 - - [27/Jul/2025:21:44:30 +0000] "POST /payments HTTP/1.1" 200 0 "-" "Grafana k6/1.1.0"
worker-1  | 2025-07-27T21:44:30.682894Z  INFO ThreadId(02) process: src/worker/rpc.rs:25: rpc_recv: 18e45bae-8b2d-4f02-a04b-ea5c97c2c90f
worker-1  | 2025-07-27T21:44:30.682945Z  INFO ThreadId(02) consumer: src/worker/mod.rs:79: mpsc_recv: 18e45bae-8b2d-4f02-a04b-ea5c97c2c90f
api_0-1   | 2025-07-27T21:44:30.699982Z  INFO ThreadId(02) create: src/api/payment.rs:11: rpc_send: addefcdd-19cf-4a7c-94c8-016181138a84
api_0-1   | 2025-07-27T21:44:30.700004Z  INFO ThreadId(02) create: src/api/payment.rs:15: pp_payments_http_time: 23.385µs
worker-1  | 2025-07-27T21:44:30.700184Z  INFO ThreadId(02) process: src/worker/rpc.rs:25: rpc_recv: addefcdd-19cf-4a7c-94c8-016181138a84
worker-1  | 2025-07-27T21:44:30.700238Z  INFO ThreadId(02) consumer: src/worker/mod.rs:79: mpsc_recv: addefcdd-19cf-4a7c-94c8-016181138a84
nginx-1   | 172.21.0.1 - - [27/Jul/2025:21:44:30 +0000] "POST /payments HTTP/1.1" 200 0 "-" "Grafana k6/1.1.0"
api_1-1   | 2025-07-27T21:44:30.773075Z  INFO ThreadId(02) create: src/api/payment.rs:11: rpc_send: 4fcf01c9-6671-4d94-9b57-0f0095454fc0
api_1-1   | 2025-07-27T21:44:30.773094Z  INFO ThreadId(02) create: src/api/payment.rs:15: pp_payments_http_time: 21.219µs
nginx-1   | 172.21.0.1 - - [27/Jul/2025:21:44:30 +0000] "POST /payments HTTP/1.1" 200 0 "-" "Grafana k6/1.1.0"
worker-1  | 2025-07-27T21:44:30.773275Z  INFO ThreadId(02) process: src/worker/rpc.rs:25: rpc_recv: 4fcf01c9-6671-4d94-9b57-0f0095454fc0
worker-1  | 2025-07-27T21:44:30.773326Z  INFO ThreadId(02) consumer: src/worker/mod.rs:79: mpsc_recv: 4fcf01c9-6671-4d94-9b57-0f0095454fc0
api_0-1   | 2025-07-27T21:44:30.791400Z  INFO ThreadId(02) create: src/api/payment.rs:11: rpc_send: 924858ce-9014-4846-ba5c-b5946128e1c2
api_0-1   | 2025-07-27T21:44:30.791437Z  INFO ThreadId(02) create: src/api/payment.rs:15: pp_payments_http_time: 38.689µs
nginx-1   | 172.21.0.1 - - [27/Jul/2025:21:44:30 +0000] "POST /payments HTTP/1.1" 200 0 "-" "Grafana k6/1.1.0"
worker-1  | 2025-07-27T21:44:30.791651Z  INFO ThreadId(02) process: src/worker/rpc.rs:25: rpc_recv: 924858ce-9014-4846-ba5c-b5946128e1c2
worker-1  | 2025-07-27T21:44:30.791700Z  INFO ThreadId(02) consumer: src/worker/mod.rs:79: mpsc_recv: 924858ce-9014-4846-ba5c-b5946128e1c2
api_1-1   | 2025-07-27T21:44:30.810170Z  INFO ThreadId(02) create: src/api/payment.rs:11: rpc_send: 4267528a-0d0d-4c0c-a016-d20bff77d178
api_1-1   | 2025-07-27T21:44:30.810189Z  INFO ThreadId(02) create: src/api/payment.rs:15: pp_payments_http_time: 21.355µs
nginx-1   | 172.21.0.1 - - [27/Jul/2025:21:44:30 +0000] "POST /payments HTTP/1.1" 200 0 "-" "Grafana k6/1.1.0"
worker-1  | 2025-07-27T21:44:30.810341Z  INFO ThreadId(02) process: src/worker/rpc.rs:25: rpc_recv: 4267528a-0d0d-4c0c-a016-d20bff77d178
worker-1  | 2025-07-27T21:44:30.810384Z  INFO ThreadId(02) consumer: src/worker/mod.rs:79: mpsc_recv: 4267528a-0d0d-4c0c-a016-d20bff77d178
api_0-1   | 2025-07-27T21:44:30.882062Z  INFO ThreadId(02) create: src/api/payment.rs:11: rpc_send: 3f9d4caf-0814-413e-8cad-91af920d235b
api_0-1   | 2025-07-27T21:44:30.882085Z  INFO ThreadId(02) create: src/api/payment.rs:15: pp_payments_http_time: 24.17µs
nginx-1   | 172.21.0.1 - - [27/Jul/2025:21:44:30 +0000] "POST /payments HTTP/1.1" 200 0 "-" "Grafana k6/1.1.0"
worker-1  | 2025-07-27T21:44:30.882276Z  INFO ThreadId(02) process: src/worker/rpc.rs:25: rpc_recv: 3f9d4caf-0814-413e-8cad-91af920d235b
worker-1  | 2025-07-27T21:44:30.882525Z  INFO ThreadId(02) consumer: src/worker/mod.rs:79: mpsc_recv: 3f9d4caf-0814-413e-8cad-91af920d235b
api_1-1   | 2025-07-27T21:44:30.900590Z  INFO ThreadId(02) create: src/api/payment.rs:11: rpc_send: 70a43802-ecae-4933-983b-27f77ce358b1
api_1-1   | 2025-07-27T21:44:30.900610Z  INFO ThreadId(02) create: src/api/payment.rs:15: pp_payments_http_time: 21.508µs
nginx-1   | 172.21.0.1 - - [27/Jul/2025:21:44:30 +0000] "POST /payments HTTP/1.1" 200 0 "-" "Grafana k6/1.1.0"
worker-1  | 2025-07-27T21:44:30.900839Z  INFO ThreadId(02) process: src/worker/rpc.rs:25: rpc_recv: 70a43802-ecae-4933-983b-27f77ce358b1
worker-1  | 2025-07-27T21:44:30.900890Z  INFO ThreadId(02) consumer: src/worker/mod.rs:79: mpsc_recv: 70a43802-ecae-4933-983b-27f77ce358b1
api_0-1   | 2025-07-27T21:44:30.919975Z  INFO ThreadId(02) create: src/api/payment.rs:11: rpc_send: f8a02010-27a0-45f9-b620-95a6e6ae0c13
api_0-1   | 2025-07-27T21:44:30.920002Z  INFO ThreadId(02) create: src/api/payment.rs:15: pp_payments_http_time: 28.889µs
nginx-1   | 172.21.0.1 - - [27/Jul/2025:21:44:30 +0000] "POST /payments HTTP/1.1" 200 0 "-" "Grafana k6/1.1.0"
worker-1  | 2025-07-27T21:44:30.920201Z  INFO ThreadId(02) process: src/worker/rpc.rs:25: rpc_recv: f8a02010-27a0-45f9-b620-95a6e6ae0c13
worker-1  | 2025-07-27T21:44:30.920246Z  INFO ThreadId(02) consumer: src/worker/mod.rs:79: mpsc_recv: f8a02010-27a0-45f9-b620-95a6e6ae0c13
api_1-1   | 2025-07-27T21:44:30.992441Z  INFO ThreadId(02) create: src/api/payment.rs:11: rpc_send: f45aa59c-3c81-4cc6-a315-a49c615d678e
api_1-1   | 2025-07-27T21:44:30.992460Z  INFO ThreadId(02) create: src/api/payment.rs:15: pp_payments_http_time: 20.635µs
nginx-1   | 172.21.0.1 - - [27/Jul/2025:21:44:30 +0000] "POST /payments HTTP/1.1" 200 0 "-" "Grafana k6/1.1.0"
worker-1  | 2025-07-27T21:44:30.992738Z  INFO ThreadId(02) process: src/worker/rpc.rs:25: rpc_recv: f45aa59c-3c81-4cc6-a315-a49c615d678e
worker-1  | 2025-07-27T21:44:30.992850Z  INFO ThreadId(02) consumer: src/worker/mod.rs:79: mpsc_recv: f45aa59c-3c81-4cc6-a315-a49c615d678e
api_0-1   | 2025-07-27T21:44:31.027892Z  INFO ThreadId(02) create: src/api/payment.rs:11: rpc_send: b2949035-193f-43c4-a5de-ff062b360d36
api_0-1   | 2025-07-27T21:44:31.027921Z  INFO ThreadId(02) create: src/api/payment.rs:15: pp_payments_http_time: 30.627µs
nginx-1   | 172.21.0.1 - - [27/Jul/2025:21:44:31 +0000] "POST /payments HTTP/1.1" 200 0 "-" "Grafana k6/1.1.0"
api_1-1   | 2025-07-27T21:44:31.028087Z  INFO ThreadId(02) create: src/api/payment.rs:11: rpc_send: a912080b-5965-4b79-a724-67055554ec40
api_1-1   | 2025-07-27T21:44:31.028104Z  INFO ThreadId(02) create: src/api/payment.rs:15: pp_payments_http_time: 17.759µs
worker-1  | 2025-07-27T21:44:31.028384Z  INFO ThreadId(02) process: src/worker/rpc.rs:25: rpc_recv: a912080b-5965-4b79-a724-67055554ec40
worker-1  | 2025-07-27T21:44:31.028473Z  INFO ThreadId(02) process: src/worker/rpc.rs:25: rpc_recv: b2949035-193f-43c4-a5de-ff062b360d36
worker-1  | 2025-07-27T21:44:31.028513Z  INFO ThreadId(02) consumer: src/worker/mod.rs:79: mpsc_recv: a912080b-5965-4b79-a724-67055554ec40
nginx-1   | 172.21.0.1 - - [27/Jul/2025:21:44:31 +0000] "POST /payments HTTP/1.1" 200 0 "-" "Grafana k6/1.1.0"
worker-1  | 2025-07-27T21:44:31.030031Z  INFO ThreadId(02) consumer: src/worker/mod.rs:79: mpsc_recv: b2949035-193f-43c4-a5de-ff062b360d36
api_0-1   | 2025-07-27T21:44:31.051064Z  INFO ThreadId(02) create: src/api/payment.rs:11: rpc_send: 1eef7f93-8169-4ef6-985a-acc670111a8b
api_0-1   | 2025-07-27T21:44:31.051090Z  INFO ThreadId(02) create: src/api/payment.rs:15: pp_payments_http_time: 27.907µs
worker-1  | 2025-07-27T21:44:31.051377Z  INFO ThreadId(02) process: src/worker/rpc.rs:25: rpc_recv: 1eef7f93-8169-4ef6-985a-acc670111a8b
worker-1  | 2025-07-27T21:44:31.051431Z  INFO ThreadId(02) consumer: src/worker/mod.rs:79: mpsc_recv: 1eef7f93-8169-4ef6-985a-acc670111a8b
nginx-1   | 172.21.0.1 - - [27/Jul/2025:21:44:31 +0000] "POST /payments HTTP/1.1" 200 0 "-" "Grafana k6/1.1.0"
api_1-1   | 2025-07-27T21:44:31.101246Z  INFO ThreadId(02) create: src/api/payment.rs:11: rpc_send: d6fd2d8f-e950-41a1-843e-241042ae974c
api_1-1   | 2025-07-27T21:44:31.101271Z  INFO ThreadId(02) create: src/api/payment.rs:15: pp_payments_http_time: 26.226µs
nginx-1   | 172.21.0.1 - - [27/Jul/2025:21:44:31 +0000] "POST /payments HTTP/1.1" 200 0 "-" "Grafana k6/1.1.0"
worker-1  | 2025-07-27T21:44:31.101511Z  INFO ThreadId(02) process: src/worker/rpc.rs:25: rpc_recv: d6fd2d8f-e950-41a1-843e-241042ae974c
worker-1  | 2025-07-27T21:44:31.101628Z  INFO ThreadId(02) consumer: src/worker/mod.rs:79: mpsc_recv: d6fd2d8f-e950-41a1-843e-241042ae974c
api_0-1   | 2025-07-27T21:44:31.120233Z  INFO ThreadId(02) create: src/api/payment.rs:11: rpc_send: 0ff01647-a570-4ea3-ac87-c3ccb4d1f7ae
api_0-1   | 2025-07-27T21:44:31.120256Z  INFO ThreadId(02) create: src/api/payment.rs:15: pp_payments_http_time: 24.745µs
nginx-1   | 172.21.0.1 - - [27/Jul/2025:21:44:31 +0000] "POST /payments HTTP/1.1" 200 0 "-" "Grafana k6/1.1.0"
worker-1  | 2025-07-27T21:44:31.120449Z  INFO ThreadId(02) process: src/worker/rpc.rs:25: rpc_recv: 0ff01647-a570-4ea3-ac87-c3ccb4d1f7ae
worker-1  | 2025-07-27T21:44:31.120619Z  INFO ThreadId(02) consumer: src/worker/mod.rs:79: mpsc_recv: 0ff01647-a570-4ea3-ac87-c3ccb4d1f7ae
api_1-1   | 2025-07-27T21:44:31.137697Z  INFO ThreadId(02) create: src/api/payment.rs:11: rpc_send: ac453fa9-229c-4468-a135-ee147d7108cd
api_1-1   | 2025-07-27T21:44:31.137718Z  INFO ThreadId(02) create: src/api/payment.rs:15: pp_payments_http_time: 21.957µs
nginx-1   | 172.21.0.1 - - [27/Jul/2025:21:44:31 +0000] "POST /payments HTTP/1.1" 200 0 "-" "Grafana k6/1.1.0"
worker-1  | 2025-07-27T21:44:31.137924Z  INFO ThreadId(02) process: src/worker/rpc.rs:25: rpc_recv: ac453fa9-229c-4468-a135-ee147d7108cd
worker-1  | 2025-07-27T21:44:31.137978Z  INFO ThreadId(02) consumer: src/worker/mod.rs:79: mpsc_recv: ac453fa9-229c-4468-a135-ee147d7108cd
api_0-1   | 2025-07-27T21:44:31.155255Z  INFO ThreadId(02) create: src/api/payment.rs:11: rpc_send: 4577dd87-c4ae-4e0e-8b62-4f3d5bdf090f
api_0-1   | 2025-07-27T21:44:31.155278Z  INFO ThreadId(02) create: src/api/payment.rs:15: pp_payments_http_time: 25.136µs
nginx-1   | 172.21.0.1 - - [27/Jul/2025:21:44:31 +0000] "POST /payments HTTP/1.1" 200 0 "-" "Grafana k6/1.1.0"
worker-1  | 2025-07-27T21:44:31.155465Z  INFO ThreadId(02) process: src/worker/rpc.rs:25: rpc_recv: 4577dd87-c4ae-4e0e-8b62-4f3d5bdf090f
worker-1  | 2025-07-27T21:44:31.155528Z  INFO ThreadId(02) consumer: src/worker/mod.rs:79: mpsc_recv: 4577dd87-c4ae-4e0e-8b62-4f3d5bdf090f
api_1-1   | 2025-07-27T21:44:31.210192Z  INFO ThreadId(02) create: src/api/payment.rs:11: rpc_send: 8374fbeb-80c5-441a-b6cc-f610bdcb262d
api_1-1   | 2025-07-27T21:44:31.210212Z  INFO ThreadId(02) create: src/api/payment.rs:15: pp_payments_http_time: 20.901µs
worker-1  | 2025-07-27T21:44:31.210370Z  INFO ThreadId(02) process: src/worker/rpc.rs:25: rpc_recv: 8374fbeb-80c5-441a-b6cc-f610bdcb262d
worker-1  | 2025-07-27T21:44:31.210411Z  INFO ThreadId(02) consumer: src/worker/mod.rs:79: mpsc_recv: 8374fbeb-80c5-441a-b6cc-f610bdcb262d
nginx-1   | 172.21.0.1 - - [27/Jul/2025:21:44:31 +0000] "POST /payments HTTP/1.1" 200 0 "-" "Grafana k6/1.1.0"
api_0-1   | 2025-07-27T21:44:31.228667Z  INFO ThreadId(02) create: src/api/payment.rs:11: rpc_send: acd20245-96a7-4110-849e-e514f6e8c63a
api_0-1   | 2025-07-27T21:44:31.228691Z  INFO ThreadId(02) create: src/api/payment.rs:15: pp_payments_http_time: 25.346µs
worker-1  | 2025-07-27T21:44:31.228886Z  INFO ThreadId(02) process: src/worker/rpc.rs:25: rpc_recv: acd20245-96a7-4110-849e-e514f6e8c63a
worker-1  | 2025-07-27T21:44:31.228935Z  INFO ThreadId(02) consumer: src/worker/mod.rs:79: mpsc_recv: acd20245-96a7-4110-849e-e514f6e8c63a
nginx-1   | 172.21.0.1 - - [27/Jul/2025:21:44:31 +0000] "POST /payments HTTP/1.1" 200 0 "-" "Grafana k6/1.1.0"
api_1-1   | 2025-07-27T21:44:31.247113Z  INFO ThreadId(02) create: src/api/payment.rs:11: rpc_send: 21a5dbde-29dd-4014-bfc1-bebc397d7520
api_1-1   | 2025-07-27T21:44:31.247136Z  INFO ThreadId(02) create: src/api/payment.rs:15: pp_payments_http_time: 23.525µs
nginx-1   | 172.21.0.1 - - [27/Jul/2025:21:44:31 +0000] "POST /payments HTTP/1.1" 200 0 "-" "Grafana k6/1.1.0"
worker-1  | 2025-07-27T21:44:31.247340Z  INFO ThreadId(02) process: src/worker/rpc.rs:25: rpc_recv: 21a5dbde-29dd-4014-bfc1-bebc397d7520
worker-1  | 2025-07-27T21:44:31.247390Z  INFO ThreadId(02) consumer: src/worker/mod.rs:79: mpsc_recv: 21a5dbde-29dd-4014-bfc1-bebc397d7520
api_0-1   | 2025-07-27T21:44:31.265602Z  INFO ThreadId(02) create: src/api/payment.rs:11: rpc_send: fc891c44-0306-4f97-a578-1ecb20907efb
api_0-1   | 2025-07-27T21:44:31.265622Z  INFO ThreadId(02) create: src/api/payment.rs:15: pp_payments_http_time: 21.231µs
worker-1  | 2025-07-27T21:44:31.265845Z  INFO ThreadId(02) process: src/worker/rpc.rs:25: rpc_recv: fc891c44-0306-4f97-a578-1ecb20907efb
nginx-1   | 172.21.0.1 - - [27/Jul/2025:21:44:31 +0000] "POST /payments HTTP/1.1" 200 0 "-" "Grafana k6/1.1.0"
worker-1  | 2025-07-27T21:44:31.265995Z  INFO ThreadId(02) consumer: src/worker/mod.rs:79: mpsc_recv: fc891c44-0306-4f97-a578-1ecb20907efb
api_1-1   | 2025-07-27T21:44:31.319530Z  INFO ThreadId(02) create: src/api/payment.rs:11: rpc_send: ffa88da5-61fa-436d-9afa-aec5d4b7f4a1
api_1-1   | 2025-07-27T21:44:31.319549Z  INFO ThreadId(02) create: src/api/payment.rs:15: pp_payments_http_time: 21.083µs
nginx-1   | 172.21.0.1 - - [27/Jul/2025:21:44:31 +0000] "POST /payments HTTP/1.1" 200 0 "-" "Grafana k6/1.1.0"
worker-1  | 2025-07-27T21:44:31.319707Z  INFO ThreadId(02) process: src/worker/rpc.rs:25: rpc_recv: ffa88da5-61fa-436d-9afa-aec5d4b7f4a1
worker-1  | 2025-07-27T21:44:31.319757Z  INFO ThreadId(02) consumer: src/worker/mod.rs:79: mpsc_recv: ffa88da5-61fa-436d-9afa-aec5d4b7f4a1
api_0-1   | 2025-07-27T21:44:31.337993Z  INFO ThreadId(02) create: src/api/payment.rs:11: rpc_send: 9cb22689-4292-49ed-af83-3cece7d42624
api_0-1   | 2025-07-27T21:44:31.338015Z  INFO ThreadId(02) create: src/api/payment.rs:15: pp_payments_http_time: 23.176µs
nginx-1   | 172.21.0.1 - - [27/Jul/2025:21:44:31 +0000] "POST /payments HTTP/1.1" 200 0 "-" "Grafana k6/1.1.0"
worker-1  | 2025-07-27T21:44:31.338214Z  INFO ThreadId(02) process: src/worker/rpc.rs:25: rpc_recv: 9cb22689-4292-49ed-af83-3cece7d42624
worker-1  | 2025-07-27T21:44:31.338276Z  INFO ThreadId(02) consumer: src/worker/mod.rs:79: mpsc_recv: 9cb22689-4292-49ed-af83-3cece7d42624
api_1-1   | 2025-07-27T21:44:31.356863Z  INFO ThreadId(02) create: src/api/payment.rs:11: rpc_send: c010149d-9f41-4f93-b8c1-9ed355274519
api_1-1   | 2025-07-27T21:44:31.356883Z  INFO ThreadId(02) create: src/api/payment.rs:15: pp_payments_http_time: 21.697µs
nginx-1   | 172.21.0.1 - - [27/Jul/2025:21:44:31 +0000] "POST /payments HTTP/1.1" 200 0 "-" "Grafana k6/1.1.0"
worker-1  | 2025-07-27T21:44:31.357123Z  INFO ThreadId(02) process: src/worker/rpc.rs:25: rpc_recv: c010149d-9f41-4f93-b8c1-9ed355274519
worker-1  | 2025-07-27T21:44:31.357280Z  INFO ThreadId(02) consumer: src/worker/mod.rs:79: mpsc_recv: c010149d-9f41-4f93-b8c1-9ed355274519
api_0-1   | 2025-07-27T21:44:31.375118Z  INFO ThreadId(02) create: src/api/payment.rs:11: rpc_send: 3476c3ad-80fe-4433-94ca-ae277bea8b51
api_0-1   | 2025-07-27T21:44:31.375138Z  INFO ThreadId(02) create: src/api/payment.rs:15: pp_payments_http_time: 22.102µs
nginx-1   | 172.21.0.1 - - [27/Jul/2025:21:44:31 +0000] "POST /payments HTTP/1.1" 200 0 "-" "Grafana k6/1.1.0"
worker-1  | 2025-07-27T21:44:31.375278Z  INFO ThreadId(02) process: src/worker/rpc.rs:25: rpc_recv: 3476c3ad-80fe-4433-94ca-ae277bea8b51
