
 api_1 Pulling 
 worker Pulling 
 api_0 Pulling 
 356d26ade73a Pulling fs layer 
 054d88452167 Pulling fs layer 
 054d88452167 Downloading [>                                                  ]  39.83kB/3.859MB
 356d26ade73a Downloading [>                                                  ]  293.7kB/29.15MB
 356d26ade73a Pulling fs layer 
 054d88452167 Pulling fs layer 
 054d88452167 Downloading [>                                                  ]  39.83kB/3.859MB
 356d26ade73a Downloading [>                                                  ]  293.7kB/29.15MB
 054d88452167 Downloading [=============================================>     ]  3.511MB/3.859MB
 054d88452167 Downloading [=============================================>     ]  3.511MB/3.859MB
 356d26ade73a Downloading [===========>                                       ]  6.488MB/29.15MB
 356d26ade73a Downloading [===========>                                       ]  6.488MB/29.15MB
 054d88452167 Verifying Checksum 
 054d88452167 Verifying Checksum 
 054d88452167 Download complete 
 054d88452167 Download complete 
 356d26ade73a Pulling fs layer 
 054d88452167 Pulling fs layer 
 054d88452167 Download complete 
 356d26ade73a Downloading [===========>                                       ]  6.488MB/29.15MB
 356d26ade73a Downloading [=====================>                             ]  12.74MB/29.15MB
 356d26ade73a Downloading [=====================>                             ]  12.74MB/29.15MB
 356d26ade73a Downloading [=====================>                             ]  12.74MB/29.15MB
 356d26ade73a Downloading [===============================>                   ]  18.43MB/29.15MB
 356d26ade73a Downloading [===============================>                   ]  18.43MB/29.15MB
 356d26ade73a Downloading [===============================>                   ]  18.43MB/29.15MB
 356d26ade73a Downloading [=========================================>         ]  24.14MB/29.15MB
 356d26ade73a Downloading [=========================================>         ]  24.14MB/29.15MB
 356d26ade73a Downloading [=========================================>         ]  24.14MB/29.15MB
 356d26ade73a Verifying Checksum 
 356d26ade73a Download complete 
 356d26ade73a Download complete 
 356d26ade73a Verifying Checksum 
 356d26ade73a Download complete 
 356d26ade73a Extracting [>                                                  ]  294.9kB/29.15MB
 356d26ade73a Extracting [>                                                  ]  294.9kB/29.15MB
 356d26ade73a Extracting [>                                                  ]  294.9kB/29.15MB
 356d26ade73a Extracting [==========>                                        ]  6.193MB/29.15MB
 356d26ade73a Extracting [==========>                                        ]  6.193MB/29.15MB
 356d26ade73a Extracting [==========>                                        ]  6.193MB/29.15MB
 356d26ade73a Extracting [================>                                  ]  9.732MB/29.15MB
 356d26ade73a Extracting [================>                                  ]  9.732MB/29.15MB
 356d26ade73a Extracting [================>                                  ]  9.732MB/29.15MB
 356d26ade73a Extracting [=======================>                           ]  13.86MB/29.15MB
 356d26ade73a Extracting [=======================>                           ]  13.86MB/29.15MB
 356d26ade73a Extracting [=======================>                           ]  13.86MB/29.15MB
 356d26ade73a Extracting [=====================================>             ]  22.12MB/29.15MB
 356d26ade73a Extracting [=====================================>             ]  22.12MB/29.15MB
 356d26ade73a Extracting [=====================================>             ]  22.12MB/29.15MB
 356d26ade73a Extracting [==========================================>        ]  24.77MB/29.15MB
 356d26ade73a Extracting [==========================================>        ]  24.77MB/29.15MB
 356d26ade73a Extracting [==========================================>        ]  24.77MB/29.15MB
 356d26ade73a Extracting [===============================================>   ]  27.72MB/29.15MB
 356d26ade73a Extracting [===============================================>   ]  27.72MB/29.15MB
 356d26ade73a Extracting [===============================================>   ]  27.72MB/29.15MB
 356d26ade73a Extracting [================================================>  ]  28.31MB/29.15MB
 356d26ade73a Extracting [================================================>  ]  28.31MB/29.15MB
 356d26ade73a Extracting [================================================>  ]  28.31MB/29.15MB
 356d26ade73a Extracting [==================================================>]  29.15MB/29.15MB
 356d26ade73a Extracting [==================================================>]  29.15MB/29.15MB
 356d26ade73a Extracting [==================================================>]  29.15MB/29.15MB
 356d26ade73a Pull complete 
 356d26ade73a Pull complete 
 356d26ade73a Pull complete 
 054d88452167 Extracting [>                                                  ]  65.54kB/3.859MB
 054d88452167 Extracting [>                                                  ]  65.54kB/3.859MB
 054d88452167 Extracting [>                                                  ]  65.54kB/3.859MB
 054d88452167 Extracting [==================================================>]  3.859MB/3.859MB
 054d88452167 Extracting [==================================================>]  3.859MB/3.859MB
 054d88452167 Extracting [==================================================>]  3.859MB/3.859MB
 054d88452167 Extracting [==================================================>]  3.859MB/3.859MB
 054d88452167 Extracting [==================================================>]  3.859MB/3.859MB
 054d88452167 Extracting [==================================================>]  3.859MB/3.859MB
 054d88452167 Pull complete 
 054d88452167 Pull complete 
 054d88452167 Pull complete 
 api_0 Pulled 
 worker Pulled 
 api_1 Pulled 
 Network joao-xavier_backend  Creating
 Network joao-xavier_backend  Created
 Volume "joao-xavier_data"  Creating
 Volume "joao-xavier_data"  Created
 Container joao-xavier-worker-1  Creating
 Container joao-xavier-worker-1  Created
 Container joao-xavier-api_0-1  Creating
 Container joao-xavier-api_1-1  Creating
 Container joao-xavier-api_0-1  Created
 Container joao-xavier-api_1-1  Created
 Container joao-xavier-nginx-1  Creating
 Container joao-xavier-nginx-1  Created
Attaching to api_0-1, api_1-1, nginx-1, worker-1
worker-1  | 2025-07-30T00:59:54.840906Z  INFO ThreadId(01) serve: src/worker/mod.rs:31: Starting worker on port 80
worker-1  | 2025-07-30T00:59:54.897986Z  INFO ThreadId(01) serve:start_consumer: src/worker/mod.rs:70: Starting mpsc consumer
api_1-1   | 2025-07-30T00:59:55.111481Z  INFO ThreadId(01) serve: src/api/mod.rs:15: Starting API on port 80
api_0-1   | 2025-07-30T00:59:55.147443Z  INFO ThreadId(01) serve: src/api/mod.rs:15: Starting API on port 80
nginx-1   | /docker-entrypoint.sh: /docker-entrypoint.d/ is not empty, will attempt to perform configuration
nginx-1   | /docker-entrypoint.sh: Looking for shell scripts in /docker-entrypoint.d/
nginx-1   | /docker-entrypoint.sh: Launching /docker-entrypoint.d/10-listen-on-ipv6-by-default.sh
nginx-1   | 10-listen-on-ipv6-by-default.sh: info: Getting the checksum of /etc/nginx/conf.d/default.conf
nginx-1   | 10-listen-on-ipv6-by-default.sh: info: Enabled listen on IPv6 in /etc/nginx/conf.d/default.conf
nginx-1   | /docker-entrypoint.sh: Sourcing /docker-entrypoint.d/15-local-resolvers.envsh
nginx-1   | /docker-entrypoint.sh: Launching /docker-entrypoint.d/20-envsubst-on-templates.sh
nginx-1   | /docker-entrypoint.sh: Launching /docker-entrypoint.d/30-tune-worker-processes.sh
nginx-1   | /docker-entrypoint.sh: Configuration complete; ready for start up
api_0-1   | 2025-07-30T00:59:58.910820Z  INFO ThreadId(02) get: src/api/summary.rs:24: pp_payments_summary_http_time: 78.702µs
nginx-1   | 172.20.0.1 - - [30/Jul/2025:00:59:58 +0000] "GET /payments-summary HTTP/1.1" 200 98 "-" "curl/7.88.1"
nginx-1   | 172.20.0.1 - - [30/Jul/2025:01:00:04 +0000] "POST /purge-payments HTTP/1.1" 404 0 "-" "Grafana k6/1.1.0"
api_0-1   | 2025-07-30T01:00:04.863686Z  INFO ThreadId(02) get: src/api/summary.rs:24: pp_payments_summary_http_time: 81.596µs
nginx-1   | 172.20.0.1 - - [30/Jul/2025:01:00:04 +0000] "GET /payments-summary?from=2025-07-30T00:59:54.861Z&to=2025-07-30T01:00:04.761Z HTTP/1.1" 200 98 "-" "Grafana k6/1.1.0"
api_1-1   | 2025-07-30T01:00:04.866101Z  INFO ThreadId(02) create: src/api/payment.rs:11: rpc_send: 0f3f0721-318e-44f8-b0a5-51ec7f57a7bf
api_1-1   | 2025-07-30T01:00:04.866143Z  INFO ThreadId(02) create: src/api/payment.rs:15: pp_payments_http_time: 44.066µs
nginx-1   | 172.20.0.1 - - [30/Jul/2025:01:00:04 +0000] "POST /payments HTTP/1.1" 200 0 "-" "Grafana k6/1.1.0"
worker-1  | 2025-07-30T01:00:04.866382Z  INFO ThreadId(02) process: src/worker/rpc.rs:25: rpc_recv: 0f3f0721-318e-44f8-b0a5-51ec7f57a7bf
worker-1  | 2025-07-30T01:00:04.866759Z  INFO ThreadId(02) consumer: src/worker/mod.rs:79: mpsc_recv: 0f3f0721-318e-44f8-b0a5-51ec7f57a7bf
api_0-1   | 2025-07-30T01:00:04.971977Z  INFO ThreadId(02) create: src/api/payment.rs:11: rpc_send: 2524116b-f2cb-40ed-bfac-119308d38259
api_0-1   | 2025-07-30T01:00:04.972007Z  INFO ThreadId(02) create: src/api/payment.rs:15: pp_payments_http_time: 32.311µs
worker-1  | 2025-07-30T01:00:04.972224Z  INFO ThreadId(02) process: src/worker/rpc.rs:25: rpc_recv: 2524116b-f2cb-40ed-bfac-119308d38259
worker-1  | 2025-07-30T01:00:04.972276Z  INFO ThreadId(02) consumer: src/worker/mod.rs:79: mpsc_recv: 2524116b-f2cb-40ed-bfac-119308d38259
nginx-1   | 172.20.0.1 - - [30/Jul/2025:01:00:04 +0000] "POST /payments HTTP/1.1" 200 0 "-" "Grafana k6/1.1.0"
api_1-1   | 2025-07-30T01:00:05.080986Z  INFO ThreadId(02) create: src/api/payment.rs:11: rpc_send: 8a9b099b-36a2-48b7-b2c2-0e0d3485abf8
api_1-1   | 2025-07-30T01:00:05.081006Z  INFO ThreadId(02) create: src/api/payment.rs:15: pp_payments_http_time: 21.377µs
worker-1  | 2025-07-30T01:00:05.081158Z  INFO ThreadId(02) process: src/worker/rpc.rs:25: rpc_recv: 8a9b099b-36a2-48b7-b2c2-0e0d3485abf8
worker-1  | 2025-07-30T01:00:05.081215Z  INFO ThreadId(02) consumer: src/worker/mod.rs:79: mpsc_recv: 8a9b099b-36a2-48b7-b2c2-0e0d3485abf8
nginx-1   | 172.20.0.1 - - [30/Jul/2025:01:00:05 +0000] "POST /payments HTTP/1.1" 200 0 "-" "Grafana k6/1.1.0"
api_0-1   | 2025-07-30T01:00:05.190616Z  INFO ThreadId(02) create: src/api/payment.rs:11: rpc_send: 01ce2aa8-1206-4902-91ed-e51c0e2b3d0c
api_0-1   | 2025-07-30T01:00:05.190659Z  INFO ThreadId(02) create: src/api/payment.rs:15: pp_payments_http_time: 44.763µs
nginx-1   | 172.20.0.1 - - [30/Jul/2025:01:00:05 +0000] "POST /payments HTTP/1.1" 200 0 "-" "Grafana k6/1.1.0"
worker-1  | 2025-07-30T01:00:05.190844Z  INFO ThreadId(02) process: src/worker/rpc.rs:25: rpc_recv: 01ce2aa8-1206-4902-91ed-e51c0e2b3d0c
worker-1  | 2025-07-30T01:00:05.190902Z  INFO ThreadId(02) consumer: src/worker/mod.rs:79: mpsc_recv: 01ce2aa8-1206-4902-91ed-e51c0e2b3d0c
api_1-1   | 2025-07-30T01:00:05.300026Z  INFO ThreadId(02) create: src/api/payment.rs:11: rpc_send: 7dca30f9-7d89-4bf4-90fb-e43ed8f0de0c
api_1-1   | 2025-07-30T01:00:05.300054Z  INFO ThreadId(02) create: src/api/payment.rs:15: pp_payments_http_time: 30.257µs
nginx-1   | 172.20.0.1 - - [30/Jul/2025:01:00:05 +0000] "POST /payments HTTP/1.1" 200 0 "-" "Grafana k6/1.1.0"
worker-1  | 2025-07-30T01:00:05.300219Z  INFO ThreadId(02) process: src/worker/rpc.rs:25: rpc_recv: 7dca30f9-7d89-4bf4-90fb-e43ed8f0de0c
worker-1  | 2025-07-30T01:00:05.300278Z  INFO ThreadId(02) consumer: src/worker/mod.rs:79: mpsc_recv: 7dca30f9-7d89-4bf4-90fb-e43ed8f0de0c
api_0-1   | 2025-07-30T01:00:05.409380Z  INFO ThreadId(02) create: src/api/payment.rs:11: rpc_send: 6d859175-8e48-4d26-a4f9-962f6b29f56d
api_0-1   | 2025-07-30T01:00:05.409401Z  INFO ThreadId(02) create: src/api/payment.rs:15: pp_payments_http_time: 23.001µs
worker-1  | 2025-07-30T01:00:05.409561Z  INFO ThreadId(02) process: src/worker/rpc.rs:25: rpc_recv: 6d859175-8e48-4d26-a4f9-962f6b29f56d
worker-1  | 2025-07-30T01:00:05.409603Z  INFO ThreadId(02) consumer: src/worker/mod.rs:79: mpsc_recv: 6d859175-8e48-4d26-a4f9-962f6b29f56d
nginx-1   | 172.20.0.1 - - [30/Jul/2025:01:00:05 +0000] "POST /payments HTTP/1.1" 200 0 "-" "Grafana k6/1.1.0"
api_1-1   | 2025-07-30T01:00:05.518544Z  INFO ThreadId(02) create: src/api/payment.rs:11: rpc_send: 7eedb1dc-62d2-4aed-bc91-5d3c9e565ff6
api_1-1   | 2025-07-30T01:00:05.518574Z  INFO ThreadId(02) create: src/api/payment.rs:15: pp_payments_http_time: 31.731µs
nginx-1   | 172.20.0.1 - - [30/Jul/2025:01:00:05 +0000] "POST /payments HTTP/1.1" 200 0 "-" "Grafana k6/1.1.0"
worker-1  | 2025-07-30T01:00:05.518807Z  INFO ThreadId(02) process: src/worker/rpc.rs:25: rpc_recv: 7eedb1dc-62d2-4aed-bc91-5d3c9e565ff6
worker-1  | 2025-07-30T01:00:05.518868Z  INFO ThreadId(02) consumer: src/worker/mod.rs:79: mpsc_recv: 7eedb1dc-62d2-4aed-bc91-5d3c9e565ff6
api_0-1   | 2025-07-30T01:00:05.627781Z  INFO ThreadId(02) create: src/api/payment.rs:11: rpc_send: 72568c65-85fb-4b0b-b27f-3dcc1ffb973d
api_0-1   | 2025-07-30T01:00:05.627802Z  INFO ThreadId(02) create: src/api/payment.rs:15: pp_payments_http_time: 21.933µs
nginx-1   | 172.20.0.1 - - [30/Jul/2025:01:00:05 +0000] "POST /payments HTTP/1.1" 200 0 "-" "Grafana k6/1.1.0"
worker-1  | 2025-07-30T01:00:05.627995Z  INFO ThreadId(02) process: src/worker/rpc.rs:25: rpc_recv: 72568c65-85fb-4b0b-b27f-3dcc1ffb973d
worker-1  | 2025-07-30T01:00:05.628077Z  INFO ThreadId(02) consumer: src/worker/mod.rs:79: mpsc_recv: 72568c65-85fb-4b0b-b27f-3dcc1ffb973d
nginx-1   | 172.20.0.1 - - [30/Jul/2025:01:00:05 +0000] "POST /payments HTTP/1.1" 200 0 "-" "Grafana k6/1.1.0"
api_1-1   | 2025-07-30T01:00:05.736956Z  INFO ThreadId(02) create: src/api/payment.rs:11: rpc_send: cb07196c-844b-482b-bd1f-0e42749a82ae
api_1-1   | 2025-07-30T01:00:05.736980Z  INFO ThreadId(02) create: src/api/payment.rs:15: pp_payments_http_time: 25.496µs
worker-1  | 2025-07-30T01:00:05.737167Z  INFO ThreadId(02) process: src/worker/rpc.rs:25: rpc_recv: cb07196c-844b-482b-bd1f-0e42749a82ae
worker-1  | 2025-07-30T01:00:05.737211Z  INFO ThreadId(02) consumer: src/worker/mod.rs:79: mpsc_recv: cb07196c-844b-482b-bd1f-0e42749a82ae
worker-1  | 2025-07-30T01:00:05.846507Z  INFO ThreadId(02) process: src/worker/rpc.rs:25: rpc_recv: 3c5e6ead-b361-4cc1-a3b9-c2150bbcd738
worker-1  | 2025-07-30T01:00:05.846560Z  INFO ThreadId(02) consumer: src/worker/mod.rs:79: mpsc_recv: 3c5e6ead-b361-4cc1-a3b9-c2150bbcd738
api_0-1   | 2025-07-30T01:00:05.846323Z  INFO ThreadId(02) create: src/api/payment.rs:11: rpc_send: 3c5e6ead-b361-4cc1-a3b9-c2150bbcd738
nginx-1   | 172.20.0.1 - - [30/Jul/2025:01:00:05 +0000] "POST /payments HTTP/1.1" 200 0 "-" "Grafana k6/1.1.0"
api_0-1   | 2025-07-30T01:00:05.846348Z  INFO ThreadId(02) create: src/api/payment.rs:15: pp_payments_http_time: 26.687µs
api_1-1   | 2025-07-30T01:00:05.869550Z  INFO ThreadId(02) create: src/api/payment.rs:11: rpc_send: f3fdb9c8-ca84-4bdf-932c-5d7c8a38c162
api_1-1   | 2025-07-30T01:00:05.869569Z  INFO ThreadId(02) create: src/api/payment.rs:15: pp_payments_http_time: 20.314µs
worker-1  | 2025-07-30T01:00:05.869708Z  INFO ThreadId(02) process: src/worker/rpc.rs:25: rpc_recv: f3fdb9c8-ca84-4bdf-932c-5d7c8a38c162
worker-1  | 2025-07-30T01:00:05.869747Z  INFO ThreadId(02) consumer: src/worker/mod.rs:79: mpsc_recv: f3fdb9c8-ca84-4bdf-932c-5d7c8a38c162
nginx-1   | 172.20.0.1 - - [30/Jul/2025:01:00:05 +0000] "POST /payments HTTP/1.1" 200 0 "-" "Grafana k6/1.1.0"
api_0-1   | 2025-07-30T01:00:05.955972Z  INFO ThreadId(02) create: src/api/payment.rs:11: rpc_send: d8c5ed76-c923-49c0-8eff-e71b3a5d3d5e
api_0-1   | 2025-07-30T01:00:05.955994Z  INFO ThreadId(02) create: src/api/payment.rs:15: pp_payments_http_time: 23.474µs
worker-1  | 2025-07-30T01:00:05.956156Z  INFO ThreadId(02) process: src/worker/rpc.rs:25: rpc_recv: d8c5ed76-c923-49c0-8eff-e71b3a5d3d5e
nginx-1   | 172.20.0.1 - - [30/Jul/2025:01:00:05 +0000] "POST /payments HTTP/1.1" 200 0 "-" "Grafana k6/1.1.0"
worker-1  | 2025-07-30T01:00:05.956197Z  INFO ThreadId(02) consumer: src/worker/mod.rs:79: mpsc_recv: d8c5ed76-c923-49c0-8eff-e71b3a5d3d5e
api_1-1   | 2025-07-30T01:00:05.974168Z  INFO ThreadId(02) create: src/api/payment.rs:11: rpc_send: b1cd69d4-75e7-4e27-b68d-a9513994c96a
api_1-1   | 2025-07-30T01:00:05.974197Z  INFO ThreadId(02) create: src/api/payment.rs:15: pp_payments_http_time: 30.725µs
nginx-1   | 172.20.0.1 - - [30/Jul/2025:01:00:05 +0000] "POST /payments HTTP/1.1" 200 0 "-" "Grafana k6/1.1.0"
worker-1  | 2025-07-30T01:00:05.974369Z  INFO ThreadId(02) process: src/worker/rpc.rs:25: rpc_recv: b1cd69d4-75e7-4e27-b68d-a9513994c96a
worker-1  | 2025-07-30T01:00:05.974430Z  INFO ThreadId(02) consumer: src/worker/mod.rs:79: mpsc_recv: b1cd69d4-75e7-4e27-b68d-a9513994c96a
api_0-1   | 2025-07-30T01:00:06.064434Z  INFO ThreadId(02) create: src/api/payment.rs:11: rpc_send: 30ccf625-5c4c-4c8c-846d-7d4c91635de9
api_0-1   | 2025-07-30T01:00:06.064454Z  INFO ThreadId(02) create: src/api/payment.rs:15: pp_payments_http_time: 21.794µs
nginx-1   | 172.20.0.1 - - [30/Jul/2025:01:00:06 +0000] "POST /payments HTTP/1.1" 200 0 "-" "Grafana k6/1.1.0"
worker-1  | 2025-07-30T01:00:06.064631Z  INFO ThreadId(02) process: src/worker/rpc.rs:25: rpc_recv: 30ccf625-5c4c-4c8c-846d-7d4c91635de9
worker-1  | 2025-07-30T01:00:06.064688Z  INFO ThreadId(02) consumer: src/worker/mod.rs:79: mpsc_recv: 30ccf625-5c4c-4c8c-846d-7d4c91635de9
api_1-1   | 2025-07-30T01:00:06.083060Z  INFO ThreadId(02) create: src/api/payment.rs:11: rpc_send: c33f04a6-adda-4a56-88cc-1304588e7638
api_1-1   | 2025-07-30T01:00:06.083084Z  INFO ThreadId(02) create: src/api/payment.rs:15: pp_payments_http_time: 25.394µs
worker-1  | 2025-07-30T01:00:06.083242Z  INFO ThreadId(02) process: src/worker/rpc.rs:25: rpc_recv: c33f04a6-adda-4a56-88cc-1304588e7638
worker-1  | 2025-07-30T01:00:06.083285Z  INFO ThreadId(02) consumer: src/worker/mod.rs:79: mpsc_recv: c33f04a6-adda-4a56-88cc-1304588e7638
nginx-1   | 172.20.0.1 - - [30/Jul/2025:01:00:06 +0000] "POST /payments HTTP/1.1" 200 0 "-" "Grafana k6/1.1.0"
api_0-1   | 2025-07-30T01:00:06.174329Z  INFO ThreadId(02) create: src/api/payment.rs:11: rpc_send: 633bd716-781d-471a-a0e3-50a71f603ade
api_0-1   | 2025-07-30T01:00:06.174371Z  INFO ThreadId(02) create: src/api/payment.rs:15: pp_payments_http_time: 43.301µs
worker-1  | 2025-07-30T01:00:06.174520Z  INFO ThreadId(02) process: src/worker/rpc.rs:25: rpc_recv: 633bd716-781d-471a-a0e3-50a71f603ade
worker-1  | 2025-07-30T01:00:06.174568Z  INFO ThreadId(02) consumer: src/worker/mod.rs:79: mpsc_recv: 633bd716-781d-471a-a0e3-50a71f603ade
nginx-1   | 172.20.0.1 - - [30/Jul/2025:01:00:06 +0000] "POST /payments HTTP/1.1" 200 0 "-" "Grafana k6/1.1.0"
api_1-1   | 2025-07-30T01:00:06.192789Z  INFO ThreadId(02) create: src/api/payment.rs:11: rpc_send: cb37663f-dccc-4e87-89ad-336b6b325a4f
api_1-1   | 2025-07-30T01:00:06.192821Z  INFO ThreadId(02) create: src/api/payment.rs:15: pp_payments_http_time: 34.174µs
worker-1  | 2025-07-30T01:00:06.192998Z  INFO ThreadId(02) process: src/worker/rpc.rs:25: rpc_recv: cb37663f-dccc-4e87-89ad-336b6b325a4f
worker-1  | 2025-07-30T01:00:06.193057Z  INFO ThreadId(02) consumer: src/worker/mod.rs:79: mpsc_recv: cb37663f-dccc-4e87-89ad-336b6b325a4f
nginx-1   | 172.20.0.1 - - [30/Jul/2025:01:00:06 +0000] "POST /payments HTTP/1.1" 200 0 "-" "Grafana k6/1.1.0"
api_0-1   | 2025-07-30T01:00:06.283871Z  INFO ThreadId(02) create: src/api/payment.rs:11: rpc_send: 7c8a41d7-c317-40ee-8fc7-a841a230d9cc
api_0-1   | 2025-07-30T01:00:06.283891Z  INFO ThreadId(02) create: src/api/payment.rs:15: pp_payments_http_time: 21.235µs
nginx-1   | 172.20.0.1 - - [30/Jul/2025:01:00:06 +0000] "POST /payments HTTP/1.1" 200 0 "-" "Grafana k6/1.1.0"
worker-1  | 2025-07-30T01:00:06.284076Z  INFO ThreadId(02) process: src/worker/rpc.rs:25: rpc_recv: 7c8a41d7-c317-40ee-8fc7-a841a230d9cc
worker-1  | 2025-07-30T01:00:06.284132Z  INFO ThreadId(02) consumer: src/worker/mod.rs:79: mpsc_recv: 7c8a41d7-c317-40ee-8fc7-a841a230d9cc
api_1-1   | 2025-07-30T01:00:06.302438Z  INFO ThreadId(02) create: src/api/payment.rs:11: rpc_send: 1a26c5fd-51c3-4d14-b402-5b525da3c2df
api_1-1   | 2025-07-30T01:00:06.302464Z  INFO ThreadId(02) create: src/api/payment.rs:15: pp_payments_http_time: 26.859µs
nginx-1   | 172.20.0.1 - - [30/Jul/2025:01:00:06 +0000] "POST /payments HTTP/1.1" 200 0 "-" "Grafana k6/1.1.0"
worker-1  | 2025-07-30T01:00:06.302649Z  INFO ThreadId(02) process: src/worker/rpc.rs:25: rpc_recv: 1a26c5fd-51c3-4d14-b402-5b525da3c2df
worker-1  | 2025-07-30T01:00:06.302704Z  INFO ThreadId(02) consumer: src/worker/mod.rs:79: mpsc_recv: 1a26c5fd-51c3-4d14-b402-5b525da3c2df
api_0-1   | 2025-07-30T01:00:06.392511Z  INFO ThreadId(02) create: src/api/payment.rs:11: rpc_send: 50368b06-f569-49b8-98d5-98de86d48920
api_0-1   | 2025-07-30T01:00:06.392537Z  INFO ThreadId(02) create: src/api/payment.rs:15: pp_payments_http_time: 27.091µs
worker-1  | 2025-07-30T01:00:06.392696Z  INFO ThreadId(02) process: src/worker/rpc.rs:25: rpc_recv: 50368b06-f569-49b8-98d5-98de86d48920
worker-1  | 2025-07-30T01:00:06.392740Z  INFO ThreadId(02) consumer: src/worker/mod.rs:79: mpsc_recv: 50368b06-f569-49b8-98d5-98de86d48920
nginx-1   | 172.20.0.1 - - [30/Jul/2025:01:00:06 +0000] "POST /payments HTTP/1.1" 200 0 "-" "Grafana k6/1.1.0"
api_1-1   | 2025-07-30T01:00:06.410890Z  INFO ThreadId(02) create: src/api/payment.rs:11: rpc_send: 62bab954-be2b-4f84-b470-49b61892c50b
api_1-1   | 2025-07-30T01:00:06.410920Z  INFO ThreadId(02) create: src/api/payment.rs:15: pp_payments_http_time: 30.977µs
worker-1  | 2025-07-30T01:00:06.411115Z  INFO ThreadId(02) process: src/worker/rpc.rs:25: rpc_recv: 62bab954-be2b-4f84-b470-49b61892c50b
worker-1  | 2025-07-30T01:00:06.411163Z  INFO ThreadId(02) consumer: src/worker/mod.rs:79: mpsc_recv: 62bab954-be2b-4f84-b470-49b61892c50b
nginx-1   | 172.20.0.1 - - [30/Jul/2025:01:00:06 +0000] "POST /payments HTTP/1.1" 200 0 "-" "Grafana k6/1.1.0"
api_0-1   | 2025-07-30T01:00:06.501629Z  INFO ThreadId(02) create: src/api/payment.rs:11: rpc_send: 8d1a9abf-3a79-4119-9c17-22d34bd65267
api_0-1   | 2025-07-30T01:00:06.501649Z  INFO ThreadId(02) create: src/api/payment.rs:15: pp_payments_http_time: 21.586µs
nginx-1   | 172.20.0.1 - - [30/Jul/2025:01:00:06 +0000] "POST /payments HTTP/1.1" 200 0 "-" "Grafana k6/1.1.0"
worker-1  | 2025-07-30T01:00:06.501833Z  INFO ThreadId(02) process: src/worker/rpc.rs:25: rpc_recv: 8d1a9abf-3a79-4119-9c17-22d34bd65267
worker-1  | 2025-07-30T01:00:06.501888Z  INFO ThreadId(02) consumer: src/worker/mod.rs:79: mpsc_recv: 8d1a9abf-3a79-4119-9c17-22d34bd65267
api_1-1   | 2025-07-30T01:00:06.519933Z  INFO ThreadId(02) create: src/api/payment.rs:11: rpc_send: 127f2943-22d1-447b-a1a5-368da50c5bbb
api_1-1   | 2025-07-30T01:00:06.519966Z  INFO ThreadId(02) create: src/api/payment.rs:15: pp_payments_http_time: 34.016µs
nginx-1   | 172.20.0.1 - - [30/Jul/2025:01:00:06 +0000] "POST /payments HTTP/1.1" 200 0 "-" "Grafana k6/1.1.0"
worker-1  | 2025-07-30T01:00:06.520192Z  INFO ThreadId(02) process: src/worker/rpc.rs:25: rpc_recv: 127f2943-22d1-447b-a1a5-368da50c5bbb
worker-1  | 2025-07-30T01:00:06.520247Z  INFO ThreadId(02) consumer: src/worker/mod.rs:79: mpsc_recv: 127f2943-22d1-447b-a1a5-368da50c5bbb
api_0-1   | 2025-07-30T01:00:06.611437Z  INFO ThreadId(02) create: src/api/payment.rs:11: rpc_send: 6f5207a0-06b8-4185-aef3-acfa7936cea5
api_0-1   | 2025-07-30T01:00:06.611464Z  INFO ThreadId(02) create: src/api/payment.rs:15: pp_payments_http_time: 28.656µs
nginx-1   | 172.20.0.1 - - [30/Jul/2025:01:00:06 +0000] "POST /payments HTTP/1.1" 200 0 "-" "Grafana k6/1.1.0"
worker-1  | 2025-07-30T01:00:06.611613Z  INFO ThreadId(02) process: src/worker/rpc.rs:25: rpc_recv: 6f5207a0-06b8-4185-aef3-acfa7936cea5
worker-1  | 2025-07-30T01:00:06.611663Z  INFO ThreadId(02) consumer: src/worker/mod.rs:79: mpsc_recv: 6f5207a0-06b8-4185-aef3-acfa7936cea5
api_1-1   | 2025-07-30T01:00:06.629787Z  INFO ThreadId(02) create: src/api/payment.rs:11: rpc_send: f6f17cbd-df60-4a9f-987b-ad82da4d9427
api_1-1   | 2025-07-30T01:00:06.629810Z  INFO ThreadId(02) create: src/api/payment.rs:15: pp_payments_http_time: 25.704µs
worker-1  | 2025-07-30T01:00:06.629973Z  INFO ThreadId(02) process: src/worker/rpc.rs:25: rpc_recv: f6f17cbd-df60-4a9f-987b-ad82da4d9427
nginx-1   | 172.20.0.1 - - [30/Jul/2025:01:00:06 +0000] "POST /payments HTTP/1.1" 200 0 "-" "Grafana k6/1.1.0"
worker-1  | 2025-07-30T01:00:06.630019Z  INFO ThreadId(02) consumer: src/worker/mod.rs:79: mpsc_recv: f6f17cbd-df60-4a9f-987b-ad82da4d9427
api_0-1   | 2025-07-30T01:00:06.720088Z  INFO ThreadId(02) create: src/api/payment.rs:11: rpc_send: 306181a7-c5ec-43e7-b6f1-ff9ccdaebd06
api_0-1   | 2025-07-30T01:00:06.720128Z  INFO ThreadId(02) create: src/api/payment.rs:15: pp_payments_http_time: 42.099µs
nginx-1   | 172.20.0.1 - - [30/Jul/2025:01:00:06 +0000] "POST /payments HTTP/1.1" 200 0 "-" "Grafana k6/1.1.0"
worker-1  | 2025-07-30T01:00:06.720312Z  INFO ThreadId(02) process: src/worker/rpc.rs:25: rpc_recv: 306181a7-c5ec-43e7-b6f1-ff9ccdaebd06
worker-1  | 2025-07-30T01:00:06.720369Z  INFO ThreadId(02) consumer: src/worker/mod.rs:79: mpsc_recv: 306181a7-c5ec-43e7-b6f1-ff9ccdaebd06
api_1-1   | 2025-07-30T01:00:06.738713Z  INFO ThreadId(02) create: src/api/payment.rs:11: rpc_send: 0285d34d-9d6c-4291-9942-da8309a3b695
api_1-1   | 2025-07-30T01:00:06.738759Z  INFO ThreadId(02) create: src/api/payment.rs:15: pp_payments_http_time: 46.21µs
nginx-1   | 172.20.0.1 - - [30/Jul/2025:01:00:06 +0000] "POST /payments HTTP/1.1" 200 0 "-" "Grafana k6/1.1.0"
worker-1  | 2025-07-30T01:00:06.738941Z  INFO ThreadId(02) process: src/worker/rpc.rs:25: rpc_recv: 0285d34d-9d6c-4291-9942-da8309a3b695
worker-1  | 2025-07-30T01:00:06.739006Z  INFO ThreadId(02) consumer: src/worker/mod.rs:79: mpsc_recv: 0285d34d-9d6c-4291-9942-da8309a3b695
api_0-1   | 2025-07-30T01:00:06.847711Z  INFO ThreadId(02) create: src/api/payment.rs:11: rpc_send: 5b0391ce-65ed-4a6a-9631-8a5f18341d2a
api_0-1   | 2025-07-30T01:00:06.847733Z  INFO ThreadId(02) create: src/api/payment.rs:15: pp_payments_http_time: 23.754µs
nginx-1   | 172.20.0.1 - - [30/Jul/2025:01:00:06 +0000] "POST /payments HTTP/1.1" 200 0 "-" "Grafana k6/1.1.0"
worker-1  | 2025-07-30T01:00:06.847899Z  INFO ThreadId(02) process: src/worker/rpc.rs:25: rpc_recv: 5b0391ce-65ed-4a6a-9631-8a5f18341d2a
worker-1  | 2025-07-30T01:00:06.847941Z  INFO ThreadId(02) consumer: src/worker/mod.rs:79: mpsc_recv: 5b0391ce-65ed-4a6a-9631-8a5f18341d2a
api_1-1   | 2025-07-30T01:00:06.850565Z  INFO ThreadId(02) create: src/api/payment.rs:11: rpc_send: b6f78a6f-4cec-41d6-acaa-93adc58e6998
api_1-1   | 2025-07-30T01:00:06.850585Z  INFO ThreadId(02) create: src/api/payment.rs:15: pp_payments_http_time: 21.233µs
nginx-1   | 172.20.0.1 - - [30/Jul/2025:01:00:06 +0000] "POST /payments HTTP/1.1" 200 0 "-" "Grafana k6/1.1.0"
worker-1  | 2025-07-30T01:00:06.850738Z  INFO ThreadId(02) process: src/worker/rpc.rs:25: rpc_recv: b6f78a6f-4cec-41d6-acaa-93adc58e6998
worker-1  | 2025-07-30T01:00:06.850791Z  INFO ThreadId(02) consumer: src/worker/mod.rs:79: mpsc_recv: b6f78a6f-4cec-41d6-acaa-93adc58e6998
api_0-1   | 2025-07-30T01:00:06.871433Z  INFO ThreadId(02) create: src/api/payment.rs:11: rpc_send: 90aea6c6-bfeb-413d-80ce-bec8e4d12d27
api_0-1   | 2025-07-30T01:00:06.871461Z  INFO ThreadId(02) create: src/api/payment.rs:15: pp_payments_http_time: 29.499µs
worker-1  | 2025-07-30T01:00:06.871635Z  INFO ThreadId(02) process: src/worker/rpc.rs:25: rpc_recv: 90aea6c6-bfeb-413d-80ce-bec8e4d12d27
worker-1  | 2025-07-30T01:00:06.871678Z  INFO ThreadId(02) consumer: src/worker/mod.rs:79: mpsc_recv: 90aea6c6-bfeb-413d-80ce-bec8e4d12d27
nginx-1   | 172.20.0.1 - - [30/Jul/2025:01:00:06 +0000] "POST /payments HTTP/1.1" 200 0 "-" "Grafana k6/1.1.0"
api_1-1   | 2025-07-30T01:00:06.939384Z  INFO ThreadId(02) create: src/api/payment.rs:11: rpc_send: bf95370a-8908-43bf-9fee-d5828e29428f
api_1-1   | 2025-07-30T01:00:06.939410Z  INFO ThreadId(02) create: src/api/payment.rs:15: pp_payments_http_time: 27.148µs
nginx-1   | 172.20.0.1 - - [30/Jul/2025:01:00:06 +0000] "POST /payments HTTP/1.1" 200 0 "-" "Grafana k6/1.1.0"
worker-1  | 2025-07-30T01:00:06.939587Z  INFO ThreadId(02) process: src/worker/rpc.rs:25: rpc_recv: bf95370a-8908-43bf-9fee-d5828e29428f
worker-1  | 2025-07-30T01:00:06.939641Z  INFO ThreadId(02) consumer: src/worker/mod.rs:79: mpsc_recv: bf95370a-8908-43bf-9fee-d5828e29428f
api_0-1   | 2025-07-30T01:00:06.957893Z  INFO ThreadId(02) create: src/api/payment.rs:11: rpc_send: c1a7d5c0-5880-4ec2-9f49-35b29adea9a6
api_0-1   | 2025-07-30T01:00:06.957935Z  INFO ThreadId(02) create: src/api/payment.rs:15: pp_payments_http_time: 43.745µs
worker-1  | 2025-07-30T01:00:06.958142Z  INFO ThreadId(02) process: src/worker/rpc.rs:25: rpc_recv: c1a7d5c0-5880-4ec2-9f49-35b29adea9a6
worker-1  | 2025-07-30T01:00:06.958193Z  INFO ThreadId(02) consumer: src/worker/mod.rs:79: mpsc_recv: c1a7d5c0-5880-4ec2-9f49-35b29adea9a6
nginx-1   | 172.20.0.1 - - [30/Jul/2025:01:00:06 +0000] "POST /payments HTTP/1.1" 200 0 "-" "Grafana k6/1.1.0"
api_1-1   | 2025-07-30T01:00:06.975361Z  INFO ThreadId(02) create: src/api/payment.rs:11: rpc_send: 15f29acd-3146-47b0-b65d-da8b214306cb
api_1-1   | 2025-07-30T01:00:06.975391Z  INFO ThreadId(02) create: src/api/payment.rs:15: pp_payments_http_time: 31.046µs
nginx-1   | 172.20.0.1 - - [30/Jul/2025:01:00:06 +0000] "POST /payments HTTP/1.1" 200 0 "-" "Grafana k6/1.1.0"
worker-1  | 2025-07-30T01:00:06.975567Z  INFO ThreadId(02) process: src/worker/rpc.rs:25: rpc_recv: 15f29acd-3146-47b0-b65d-da8b214306cb
worker-1  | 2025-07-30T01:00:06.975615Z  INFO ThreadId(02) consumer: src/worker/mod.rs:79: mpsc_recv: 15f29acd-3146-47b0-b65d-da8b214306cb
api_0-1   | 2025-07-30T01:00:07.048590Z  INFO ThreadId(02) create: src/api/payment.rs:11: rpc_send: dd5bdc61-3b1b-491d-9d9c-63e2b117c39d
api_0-1   | 2025-07-30T01:00:07.048612Z  INFO ThreadId(02) create: src/api/payment.rs:15: pp_payments_http_time: 22.803µs
nginx-1   | 172.20.0.1 - - [30/Jul/2025:01:00:07 +0000] "POST /payments HTTP/1.1" 200 0 "-" "Grafana k6/1.1.0"
worker-1  | 2025-07-30T01:00:07.048790Z  INFO ThreadId(02) process: src/worker/rpc.rs:25: rpc_recv: dd5bdc61-3b1b-491d-9d9c-63e2b117c39d
worker-1  | 2025-07-30T01:00:07.048848Z  INFO ThreadId(02) consumer: src/worker/mod.rs:79: mpsc_recv: dd5bdc61-3b1b-491d-9d9c-63e2b117c39d
api_1-1   | 2025-07-30T01:00:07.065956Z  INFO ThreadId(02) create: src/api/payment.rs:11: rpc_send: 96d5f910-5593-4bd3-bc30-26daa9e040f3
api_1-1   | 2025-07-30T01:00:07.065980Z  INFO ThreadId(02) create: src/api/payment.rs:15: pp_payments_http_time: 26.054µs
nginx-1   | 172.20.0.1 - - [30/Jul/2025:01:00:07 +0000] "POST /payments HTTP/1.1" 200 0 "-" "Grafana k6/1.1.0"
worker-1  | 2025-07-30T01:00:07.066217Z  INFO ThreadId(02) process: src/worker/rpc.rs:25: rpc_recv: 96d5f910-5593-4bd3-bc30-26daa9e040f3
worker-1  | 2025-07-30T01:00:07.066279Z  INFO ThreadId(02) consumer: src/worker/mod.rs:79: mpsc_recv: 96d5f910-5593-4bd3-bc30-26daa9e040f3
api_0-1   | 2025-07-30T01:00:07.085302Z  INFO ThreadId(02) create: src/api/payment.rs:11: rpc_send: b85eb4b1-41a6-46b4-aec3-55732faf2676
api_0-1   | 2025-07-30T01:00:07.085328Z  INFO ThreadId(02) create: src/api/payment.rs:15: pp_payments_http_time: 28.349µs
nginx-1   | 172.20.0.1 - - [30/Jul/2025:01:00:07 +0000] "POST /payments HTTP/1.1" 200 0 "-" "Grafana k6/1.1.0"
worker-1  | 2025-07-30T01:00:07.085506Z  INFO ThreadId(02) process: src/worker/rpc.rs:25: rpc_recv: b85eb4b1-41a6-46b4-aec3-55732faf2676
worker-1  | 2025-07-30T01:00:07.085545Z  INFO ThreadId(02) consumer: src/worker/mod.rs:79: mpsc_recv: b85eb4b1-41a6-46b4-aec3-55732faf2676
api_1-1   | 2025-07-30T01:00:07.157428Z  INFO ThreadId(02) create: src/api/payment.rs:11: rpc_send: 835ad857-9923-4c3a-9e7b-a28ccae4efd4
nginx-1   | 172.20.0.1 - - [30/Jul/2025:01:00:07 +0000] "POST /payments HTTP/1.1" 200 0 "-" "Grafana k6/1.1.0"
api_1-1   | 2025-07-30T01:00:07.157447Z  INFO ThreadId(02) create: src/api/payment.rs:15: pp_payments_http_time: 20.88µs
worker-1  | 2025-07-30T01:00:07.157637Z  INFO ThreadId(02) process: src/worker/rpc.rs:25: rpc_recv: 835ad857-9923-4c3a-9e7b-a28ccae4efd4
worker-1  | 2025-07-30T01:00:07.157700Z  INFO ThreadId(02) consumer: src/worker/mod.rs:79: mpsc_recv: 835ad857-9923-4c3a-9e7b-a28ccae4efd4
api_0-1   | 2025-07-30T01:00:07.176608Z  INFO ThreadId(02) create: src/api/payment.rs:11: rpc_send: 6620cd27-0a49-4398-9a5d-58c4f14322ca
api_0-1   | 2025-07-30T01:00:07.176629Z  INFO ThreadId(02) create: src/api/payment.rs:15: pp_payments_http_time: 22.514µs
nginx-1   | 172.20.0.1 - - [30/Jul/2025:01:00:07 +0000] "POST /payments HTTP/1.1" 200 0 "-" "Grafana k6/1.1.0"
worker-1  | 2025-07-30T01:00:07.176788Z  INFO ThreadId(02) process: src/worker/rpc.rs:25: rpc_recv: 6620cd27-0a49-4398-9a5d-58c4f14322ca
worker-1  | 2025-07-30T01:00:07.176849Z  INFO ThreadId(02) consumer: src/worker/mod.rs:79: mpsc_recv: 6620cd27-0a49-4398-9a5d-58c4f14322ca
api_1-1   | 2025-07-30T01:00:07.194105Z  INFO ThreadId(02) create: src/api/payment.rs:11: rpc_send: aa31f40c-13f0-433b-8726-5f5a2ea849ce
api_1-1   | 2025-07-30T01:00:07.194123Z  INFO ThreadId(02) create: src/api/payment.rs:15: pp_payments_http_time: 19.954µs
worker-1  | 2025-07-30T01:00:07.194278Z  INFO ThreadId(02) process: src/worker/rpc.rs:25: rpc_recv: aa31f40c-13f0-433b-8726-5f5a2ea849ce
worker-1  | 2025-07-30T01:00:07.194341Z  INFO ThreadId(02) consumer: src/worker/mod.rs:79: mpsc_recv: aa31f40c-13f0-433b-8726-5f5a2ea849ce
nginx-1   | 172.20.0.1 - - [30/Jul/2025:01:00:07 +0000] "POST /payments HTTP/1.1" 200 0 "-" "Grafana k6/1.1.0"
api_0-1   | 2025-07-30T01:00:07.266975Z  INFO ThreadId(02) create: src/api/payment.rs:11: rpc_send: d43b09db-db03-4103-a1a5-83290f9eac3e
api_0-1   | 2025-07-30T01:00:07.267003Z  INFO ThreadId(02) create: src/api/payment.rs:15: pp_payments_http_time: 29.268µs
nginx-1   | 172.20.0.1 - - [30/Jul/2025:01:00:07 +0000] "POST /payments HTTP/1.1" 200 0 "-" "Grafana k6/1.1.0"
worker-1  | 2025-07-30T01:00:07.267199Z  INFO ThreadId(02) process: src/worker/rpc.rs:25: rpc_recv: d43b09db-db03-4103-a1a5-83290f9eac3e
worker-1  | 2025-07-30T01:00:07.267261Z  INFO ThreadId(02) consumer: src/worker/mod.rs:79: mpsc_recv: d43b09db-db03-4103-a1a5-83290f9eac3e
api_1-1   | 2025-07-30T01:00:07.285402Z  INFO ThreadId(02) create: src/api/payment.rs:11: rpc_send: e0245d6f-05bd-437b-8615-e04ed34c797c
api_1-1   | 2025-07-30T01:00:07.285424Z  INFO ThreadId(02) create: src/api/payment.rs:15: pp_payments_http_time: 23.482µs
nginx-1   | 172.20.0.1 - - [30/Jul/2025:01:00:07 +0000] "POST /payments HTTP/1.1" 200 0 "-" "Grafana k6/1.1.0"
worker-1  | 2025-07-30T01:00:07.285595Z  INFO ThreadId(02) process: src/worker/rpc.rs:25: rpc_recv: e0245d6f-05bd-437b-8615-e04ed34c797c
worker-1  | 2025-07-30T01:00:07.285647Z  INFO ThreadId(02) consumer: src/worker/mod.rs:79: mpsc_recv: e0245d6f-05bd-437b-8615-e04ed34c797c
api_0-1   | 2025-07-30T01:00:07.303972Z  INFO ThreadId(02) create: src/api/payment.rs:11: rpc_send: 2c0fe67f-b66c-4350-8a71-d6d3384f6868
api_0-1   | 2025-07-30T01:00:07.303995Z  INFO ThreadId(02) create: src/api/payment.rs:15: pp_payments_http_time: 24.085µs
nginx-1   | 172.20.0.1 - - [30/Jul/2025:01:00:07 +0000] "POST /payments HTTP/1.1" 200 0 "-" "Grafana k6/1.1.0"
worker-1  | 2025-07-30T01:00:07.304154Z  INFO ThreadId(02) process: src/worker/rpc.rs:25: rpc_recv: 2c0fe67f-b66c-4350-8a71-d6d3384f6868
worker-1  | 2025-07-30T01:00:07.304192Z  INFO ThreadId(02) consumer: src/worker/mod.rs:79: mpsc_recv: 2c0fe67f-b66c-4350-8a71-d6d3384f6868
api_1-1   | 2025-07-30T01:00:07.376005Z  INFO ThreadId(02) create: src/api/payment.rs:11: rpc_send: 75aba8df-94fa-402e-8f0f-f3baa00cf3b6
api_1-1   | 2025-07-30T01:00:07.376025Z  INFO ThreadId(02) create: src/api/payment.rs:15: pp_payments_http_time: 22.181µs
nginx-1   | 172.20.0.1 - - [30/Jul/2025:01:00:07 +0000] "POST /payments HTTP/1.1" 200 0 "-" "Grafana k6/1.1.0"
worker-1  | 2025-07-30T01:00:07.376215Z  INFO ThreadId(02) process: src/worker/rpc.rs:25: rpc_recv: 75aba8df-94fa-402e-8f0f-f3baa00cf3b6
worker-1  | 2025-07-30T01:00:07.376254Z  INFO ThreadId(02) consumer: src/worker/mod.rs:79: mpsc_recv: 75aba8df-94fa-402e-8f0f-f3baa00cf3b6
api_0-1   | 2025-07-30T01:00:07.394624Z  INFO ThreadId(02) create: src/api/payment.rs:11: rpc_send: c5990eed-e5c9-40b3-99c7-cd40b3ac98bd
api_0-1   | 2025-07-30T01:00:07.394646Z  INFO ThreadId(02) create: src/api/payment.rs:15: pp_payments_http_time: 23.967µs
worker-1  | 2025-07-30T01:00:07.394793Z  INFO ThreadId(02) process: src/worker/rpc.rs:25: rpc_recv: c5990eed-e5c9-40b3-99c7-cd40b3ac98bd
worker-1  | 2025-07-30T01:00:07.394831Z  INFO ThreadId(02) consumer: src/worker/mod.rs:79: mpsc_recv: c5990eed-e5c9-40b3-99c7-cd40b3ac98bd
nginx-1   | 172.20.0.1 - - [30/Jul/2025:01:00:07 +0000] "POST /payments HTTP/1.1" 200 0 "-" "Grafana k6/1.1.0"
api_1-1   | 2025-07-30T01:00:07.413077Z  INFO ThreadId(02) create: src/api/payment.rs:11: rpc_send: baab9e46-11f4-43c5-87a1-a2bf252bde8c
api_1-1   | 2025-07-30T01:00:07.413099Z  INFO ThreadId(02) create: src/api/payment.rs:15: pp_payments_http_time: 22.89µs
nginx-1   | 172.20.0.1 - - [30/Jul/2025:01:00:07 +0000] "POST /payments HTTP/1.1" 200 0 "-" "Grafana k6/1.1.0"
worker-1  | 2025-07-30T01:00:07.413254Z  INFO ThreadId(02) process: src/worker/rpc.rs:25: rpc_recv: baab9e46-11f4-43c5-87a1-a2bf252bde8c
worker-1  | 2025-07-30T01:00:07.413292Z  INFO ThreadId(02) consumer: src/worker/mod.rs:79: mpsc_recv: baab9e46-11f4-43c5-87a1-a2bf252bde8c
api_0-1   | 2025-07-30T01:00:07.485825Z  INFO ThreadId(02) create: src/api/payment.rs:11: rpc_send: a24746c0-2040-4f41-87a0-a9cfe4e3762e
api_0-1   | 2025-07-30T01:00:07.485845Z  INFO ThreadId(02) create: src/api/payment.rs:15: pp_payments_http_time: 21.126µs
nginx-1   | 172.20.0.1 - - [30/Jul/2025:01:00:07 +0000] "POST /payments HTTP/1.1" 200 0 "-" "Grafana k6/1.1.0"
worker-1  | 2025-07-30T01:00:07.486023Z  INFO ThreadId(02) process: src/worker/rpc.rs:25: rpc_recv: a24746c0-2040-4f41-87a0-a9cfe4e3762e
worker-1  | 2025-07-30T01:00:07.486126Z  INFO ThreadId(02) consumer: src/worker/mod.rs:79: mpsc_recv: a24746c0-2040-4f41-87a0-a9cfe4e3762e
nginx-1   | 172.20.0.1 - - [30/Jul/2025:01:00:07 +0000] "POST /payments HTTP/1.1" 200 0 "-" "Grafana k6/1.1.0"
api_1-1   | 2025-07-30T01:00:07.503426Z  INFO ThreadId(02) create: src/api/payment.rs:11: rpc_send: 33555440-e877-4b90-9964-84cfcf843971
api_1-1   | 2025-07-30T01:00:07.503448Z  INFO ThreadId(02) create: src/api/payment.rs:15: pp_payments_http_time: 24.308µs
worker-1  | 2025-07-30T01:00:07.503598Z  INFO ThreadId(02) process: src/worker/rpc.rs:25: rpc_recv: 33555440-e877-4b90-9964-84cfcf843971
worker-1  | 2025-07-30T01:00:07.503636Z  INFO ThreadId(02) consumer: src/worker/mod.rs:79: mpsc_recv: 33555440-e877-4b90-9964-84cfcf843971
api_0-1   | 2025-07-30T01:00:07.521916Z  INFO ThreadId(02) create: src/api/payment.rs:11: rpc_send: 9fb3394a-07a1-4a6a-b2c5-dcdce2fff36d
api_0-1   | 2025-07-30T01:00:07.521937Z  INFO ThreadId(02) create: src/api/payment.rs:15: pp_payments_http_time: 22.828µs
nginx-1   | 172.20.0.1 - - [30/Jul/2025:01:00:07 +0000] "POST /payments HTTP/1.1" 200 0 "-" "Grafana k6/1.1.0"
worker-1  | 2025-07-30T01:00:07.522148Z  INFO ThreadId(02) process: src/worker/rpc.rs:25: rpc_recv: 9fb3394a-07a1-4a6a-b2c5-dcdce2fff36d
worker-1  | 2025-07-30T01:00:07.522242Z  INFO ThreadId(02) consumer: src/worker/mod.rs:79: mpsc_recv: 9fb3394a-07a1-4a6a-b2c5-dcdce2fff36d
api_1-1   | 2025-07-30T01:00:07.594404Z  INFO ThreadId(02) create: src/api/payment.rs:11: rpc_send: 1921fe5c-0f19-408a-8900-8e98f5d078af
api_1-1   | 2025-07-30T01:00:07.594424Z  INFO ThreadId(02) create: src/api/payment.rs:15: pp_payments_http_time: 20.888µs
nginx-1   | 172.20.0.1 - - [30/Jul/2025:01:00:07 +0000] "POST /payments HTTP/1.1" 200 0 "-" "Grafana k6/1.1.0"
worker-1  | 2025-07-30T01:00:07.594572Z  INFO ThreadId(02) process: src/worker/rpc.rs:25: rpc_recv: 1921fe5c-0f19-408a-8900-8e98f5d078af
worker-1  | 2025-07-30T01:00:07.594624Z  INFO ThreadId(02) consumer: src/worker/mod.rs:79: mpsc_recv: 1921fe5c-0f19-408a-8900-8e98f5d078af
api_0-1   | 2025-07-30T01:00:07.613695Z  INFO ThreadId(02) create: src/api/payment.rs:11: rpc_send: ff1680e4-f2e3-4b07-8311-6ae227e0a978
api_0-1   | 2025-07-30T01:00:07.613716Z  INFO ThreadId(02) create: src/api/payment.rs:15: pp_payments_http_time: 22.8µs
nginx-1   | 172.20.0.1 - - [30/Jul/2025:01:00:07 +0000] "POST /payments HTTP/1.1" 200 0 "-" "Grafana k6/1.1.0"
worker-1  | 2025-07-30T01:00:07.613886Z  INFO ThreadId(02) process: src/worker/rpc.rs:25: rpc_recv: ff1680e4-f2e3-4b07-8311-6ae227e0a978
worker-1  | 2025-07-30T01:00:07.613935Z  INFO ThreadId(02) consumer: src/worker/mod.rs:79: mpsc_recv: ff1680e4-f2e3-4b07-8311-6ae227e0a978
api_1-1   | 2025-07-30T01:00:07.631982Z  INFO ThreadId(02) create: src/api/payment.rs:11: rpc_send: c6d17058-4a78-4d50-a15f-f3b4435f4fff
api_1-1   | 2025-07-30T01:00:07.632001Z  INFO ThreadId(02) create: src/api/payment.rs:15: pp_payments_http_time: 20.179µs
nginx-1   | 172.20.0.1 - - [30/Jul/2025:01:00:07 +0000] "POST /payments HTTP/1.1" 200 0 "-" "Grafana k6/1.1.0"
worker-1  | 2025-07-30T01:00:07.632182Z  INFO ThreadId(02) process: src/worker/rpc.rs:25: rpc_recv: c6d17058-4a78-4d50-a15f-f3b4435f4fff
worker-1  | 2025-07-30T01:00:07.632221Z  INFO ThreadId(02) consumer: src/worker/mod.rs:79: mpsc_recv: c6d17058-4a78-4d50-a15f-f3b4435f4fff
nginx-1   | 172.20.0.1 - - [30/Jul/2025:01:00:07 +0000] "POST /payments HTTP/1.1" 200 0 "-" "Grafana k6/1.1.0"
api_0-1   | 2025-07-30T01:00:07.704281Z  INFO ThreadId(02) create: src/api/payment.rs:11: rpc_send: e795f0f9-a0ab-4d36-bd07-296d7038fa46
api_0-1   | 2025-07-30T01:00:07.704302Z  INFO ThreadId(02) create: src/api/payment.rs:15: pp_payments_http_time: 22.327µs
worker-1  | 2025-07-30T01:00:07.704453Z  INFO ThreadId(02) process: src/worker/rpc.rs:25: rpc_recv: e795f0f9-a0ab-4d36-bd07-296d7038fa46
worker-1  | 2025-07-30T01:00:07.704523Z  INFO ThreadId(02) consumer: src/worker/mod.rs:79: mpsc_recv: e795f0f9-a0ab-4d36-bd07-296d7038fa46
api_1-1   | 2025-07-30T01:00:07.721685Z  INFO ThreadId(02) create: src/api/payment.rs:11: rpc_send: 01e2519c-13c7-4771-a1ad-4d3108a41e28
api_1-1   | 2025-07-30T01:00:07.721708Z  INFO ThreadId(02) create: src/api/payment.rs:15: pp_payments_http_time: 24.08µs
worker-1  | 2025-07-30T01:00:07.721922Z  INFO ThreadId(02) process: src/worker/rpc.rs:25: rpc_recv: 01e2519c-13c7-4771-a1ad-4d3108a41e28
worker-1  | 2025-07-30T01:00:07.721968Z  INFO ThreadId(02) consumer: src/worker/mod.rs:79: mpsc_recv: 01e2519c-13c7-4771-a1ad-4d3108a41e28
nginx-1   | 172.20.0.1 - - [30/Jul/2025:01:00:07 +0000] "POST /payments HTTP/1.1" 200 0 "-" "Grafana k6/1.1.0"
api_0-1   | 2025-07-30T01:00:07.739932Z  INFO ThreadId(02) create: src/api/payment.rs:11: rpc_send: 590c3770-94d5-42c1-ac61-c355ca6b15b8
api_0-1   | 2025-07-30T01:00:07.739953Z  INFO ThreadId(02) create: src/api/payment.rs:15: pp_payments_http_time: 22.328µs
nginx-1   | 172.20.0.1 - - [30/Jul/2025:01:00:07 +0000] "POST /payments HTTP/1.1" 200 0 "-" "Grafana k6/1.1.0"
worker-1  | 2025-07-30T01:00:07.740150Z  INFO ThreadId(02) process: src/worker/rpc.rs:25: rpc_recv: 590c3770-94d5-42c1-ac61-c355ca6b15b8
worker-1  | 2025-07-30T01:00:07.740188Z  INFO ThreadId(02) consumer: src/worker/mod.rs:79: mpsc_recv: 590c3770-94d5-42c1-ac61-c355ca6b15b8
nginx-1   | 172.20.0.1 - - [30/Jul/2025:01:00:07 +0000] "POST /payments HTTP/1.1" 200 0 "-" "Grafana k6/1.1.0"
worker-1  | 2025-07-30T01:00:07.813273Z  INFO ThreadId(02) process: src/worker/rpc.rs:25: rpc_recv: 1af01072-408b-4db6-a877-8808ac1b3779
worker-1  | 2025-07-30T01:00:07.813329Z  INFO ThreadId(02) consumer: src/worker/mod.rs:79: mpsc_recv: 1af01072-408b-4db6-a877-8808ac1b3779
api_1-1   | 2025-07-30T01:00:07.813100Z  INFO ThreadId(02) create: src/api/payment.rs:11: rpc_send: 1af01072-408b-4db6-a877-8808ac1b3779
api_1-1   | 2025-07-30T01:00:07.813122Z  INFO ThreadId(02) create: src/api/payment.rs:15: pp_payments_http_time: 24.049µs
api_0-1   | 2025-07-30T01:00:07.848894Z  INFO ThreadId(02) create: src/api/payment.rs:11: rpc_send: bac82895-ec5c-42da-ac89-3a4a0a153f9c
api_0-1   | 2025-07-30T01:00:07.848917Z  INFO ThreadId(02) create: src/api/payment.rs:15: pp_payments_http_time: 23.736µs
nginx-1   | 172.20.0.1 - - [30/Jul/2025:01:00:07 +0000] "POST /payments HTTP/1.1" 200 0 "-" "Grafana k6/1.1.0"
worker-1  | 2025-07-30T01:00:07.849156Z  INFO ThreadId(02) process: src/worker/rpc.rs:25: rpc_recv: bac82895-ec5c-42da-ac89-3a4a0a153f9c
worker-1  | 2025-07-30T01:00:07.849210Z  INFO ThreadId(02) consumer: src/worker/mod.rs:79: mpsc_recv: bac82895-ec5c-42da-ac89-3a4a0a153f9c
api_1-1   | 2025-07-30T01:00:07.852064Z  INFO ThreadId(02) create: src/api/payment.rs:11: rpc_send: 20e9b8b6-126c-4da9-866c-b03e523143e1
api_1-1   | 2025-07-30T01:00:07.852094Z  INFO ThreadId(02) create: src/api/payment.rs:15: pp_payments_http_time: 30.762µs
nginx-1   | 172.20.0.1 - - [30/Jul/2025:01:00:07 +0000] "POST /payments HTTP/1.1" 200 0 "-" "Grafana k6/1.1.0"
worker-1  | 2025-07-30T01:00:07.852216Z  INFO ThreadId(02) process: src/worker/rpc.rs:25: rpc_recv: 20e9b8b6-126c-4da9-866c-b03e523143e1
worker-1  | 2025-07-30T01:00:07.852359Z  INFO ThreadId(02) consumer: src/worker/mod.rs:79: mpsc_recv: 20e9b8b6-126c-4da9-866c-b03e523143e1
nginx-1   | 172.20.0.1 - - [30/Jul/2025:01:00:07 +0000] "POST /payments HTTP/1.1" 200 0 "-" "Grafana k6/1.1.0"
api_0-1   | 2025-07-30T01:00:07.873474Z  INFO ThreadId(02) create: src/api/payment.rs:11: rpc_send: 6686837a-a919-4ac4-8cee-d7fd6f6f4947
api_0-1   | 2025-07-30T01:00:07.873496Z  INFO ThreadId(02) create: src/api/payment.rs:15: pp_payments_http_time: 22.591µs
worker-1  | 2025-07-30T01:00:07.873658Z  INFO ThreadId(02) process: src/worker/rpc.rs:25: rpc_recv: 6686837a-a919-4ac4-8cee-d7fd6f6f4947
worker-1  | 2025-07-30T01:00:07.873715Z  INFO ThreadId(02) consumer: src/worker/mod.rs:79: mpsc_recv: 6686837a-a919-4ac4-8cee-d7fd6f6f4947
api_1-1   | 2025-07-30T01:00:07.922820Z  INFO ThreadId(02) create: src/api/payment.rs:11: rpc_send: d9d95f1e-f003-4b17-b0d1-24fd81b2c9c3
api_1-1   | 2025-07-30T01:00:07.922842Z  INFO ThreadId(02) create: src/api/payment.rs:15: pp_payments_http_time: 22.906µs
worker-1  | 2025-07-30T01:00:07.923023Z  INFO ThreadId(02) process: src/worker/rpc.rs:25: rpc_recv: d9d95f1e-f003-4b17-b0d1-24fd81b2c9c3
nginx-1   | 172.20.0.1 - - [30/Jul/2025:01:00:07 +0000] "POST /payments HTTP/1.1" 200 0 "-" "Grafana k6/1.1.0"
worker-1  | 2025-07-30T01:00:07.923108Z  INFO ThreadId(02) consumer: src/worker/mod.rs:79: mpsc_recv: d9d95f1e-f003-4b17-b0d1-24fd81b2c9c3
api_0-1   | 2025-07-30T01:00:07.941218Z  INFO ThreadId(02) create: src/api/payment.rs:11: rpc_send: 721fd4bd-2ee8-4668-a718-eac67a2a1e28
api_0-1   | 2025-07-30T01:00:07.941239Z  INFO ThreadId(02) create: src/api/payment.rs:15: pp_payments_http_time: 23.047µs
nginx-1   | 172.20.0.1 - - [30/Jul/2025:01:00:07 +0000] "POST /payments HTTP/1.1" 200 0 "-" "Grafana k6/1.1.0"
worker-1  | 2025-07-30T01:00:07.941440Z  INFO ThreadId(02) process: src/worker/rpc.rs:25: rpc_recv: 721fd4bd-2ee8-4668-a718-eac67a2a1e28
worker-1  | 2025-07-30T01:00:07.941488Z  INFO ThreadId(02) consumer: src/worker/mod.rs:79: mpsc_recv: 721fd4bd-2ee8-4668-a718-eac67a2a1e28
api_1-1   | 2025-07-30T01:00:07.959788Z  INFO ThreadId(02) create: src/api/payment.rs:11: rpc_send: 4ba2d90e-5f3c-4527-b0f6-b7a2e9506722
api_1-1   | 2025-07-30T01:00:07.959809Z  INFO ThreadId(02) create: src/api/payment.rs:15: pp_payments_http_time: 22.47µs
nginx-1   | 172.20.0.1 - - [30/Jul/2025:01:00:07 +0000] "POST /payments HTTP/1.1" 200 0 "-" "Grafana k6/1.1.0"
worker-1  | 2025-07-30T01:00:07.960002Z  INFO ThreadId(02) process: src/worker/rpc.rs:25: rpc_recv: 4ba2d90e-5f3c-4527-b0f6-b7a2e9506722
worker-1  | 2025-07-30T01:00:07.960066Z  INFO ThreadId(02) consumer: src/worker/mod.rs:79: mpsc_recv: 4ba2d90e-5f3c-4527-b0f6-b7a2e9506722
api_0-1   | 2025-07-30T01:00:07.977214Z  INFO ThreadId(02) create: src/api/payment.rs:11: rpc_send: 5a5cacf0-7317-4d9c-8e3c-1d80c54e804b
api_0-1   | 2025-07-30T01:00:07.977236Z  INFO ThreadId(02) create: src/api/payment.rs:15: pp_payments_http_time: 23.076µs
nginx-1   | 172.20.0.1 - - [30/Jul/2025:01:00:07 +0000] "POST /payments HTTP/1.1" 200 0 "-" "Grafana k6/1.1.0"
worker-1  | 2025-07-30T01:00:07.977483Z  INFO ThreadId(02) process: src/worker/rpc.rs:25: rpc_recv: 5a5cacf0-7317-4d9c-8e3c-1d80c54e804b
worker-1  | 2025-07-30T01:00:07.977536Z  INFO ThreadId(02) consumer: src/worker/mod.rs:79: mpsc_recv: 5a5cacf0-7317-4d9c-8e3c-1d80c54e804b
api_1-1   | 2025-07-30T01:00:08.032263Z  INFO ThreadId(02) create: src/api/payment.rs:11: rpc_send: 4cfc9a6d-eca7-4570-88df-43e08f3341af
api_1-1   | 2025-07-30T01:00:08.032284Z  INFO ThreadId(02) create: src/api/payment.rs:15: pp_payments_http_time: 22.355µs
nginx-1   | 172.20.0.1 - - [30/Jul/2025:01:00:08 +0000] "POST /payments HTTP/1.1" 200 0 "-" "Grafana k6/1.1.0"
worker-1  | 2025-07-30T01:00:08.032476Z  INFO ThreadId(02) process: src/worker/rpc.rs:25: rpc_recv: 4cfc9a6d-eca7-4570-88df-43e08f3341af
worker-1  | 2025-07-30T01:00:08.032526Z  INFO ThreadId(02) consumer: src/worker/mod.rs:79: mpsc_recv: 4cfc9a6d-eca7-4570-88df-43e08f3341af
api_0-1   | 2025-07-30T01:00:08.050934Z  INFO ThreadId(02) create: src/api/payment.rs:11: rpc_send: 14dbd7e8-fd83-4325-a032-a3219eced374
api_0-1   | 2025-07-30T01:00:08.050961Z  INFO ThreadId(02) create: src/api/payment.rs:15: pp_payments_http_time: 29.14µs
worker-1  | 2025-07-30T01:00:08.051169Z  INFO ThreadId(02) process: src/worker/rpc.rs:25: rpc_recv: 14dbd7e8-fd83-4325-a032-a3219eced374
worker-1  | 2025-07-30T01:00:08.051211Z  INFO ThreadId(02) consumer: src/worker/mod.rs:79: mpsc_recv: 14dbd7e8-fd83-4325-a032-a3219eced374
nginx-1   | 172.20.0.1 - - [30/Jul/2025:01:00:08 +0000] "POST /payments HTTP/1.1" 200 0 "-" "Grafana k6/1.1.0"
api_1-1   | 2025-07-30T01:00:08.067396Z  INFO ThreadId(02) create: src/api/payment.rs:11: rpc_send: 202750a1-0cd5-4bba-a662-d2d123a8180a
