api2-1       | [Worker API-2-11] Payment processed: bd247899-93d5-4c8c-95f3-683103f218e9
api1-1       | [Worker API-1-9] Payment processed: 5499424c-aaa4-4927-baeb-5fd642ea388c
api1-1       | [Worker API-1-15] Payment processed: d99d60ea-5020-46c6-b863-cb036d66f084
api2-1       | [Worker API-2-14] Payment processed: 2764a947-ed65-4244-ac51-6d4e6b5fec8b
api2-1       | [Worker API-2-1] Payment processed: a21ad6a9-48f1-4643-9a89-37f820fc947c
api2-1       | [Worker API-2-7] Payment processed: dfb12478-f5bd-4577-94ab-f1df6ee24b04
api2-1       | [Worker API-2-3] Payment processed: e2c56828-4eae-45c4-88e1-d980d8577804
api2-1       | [Worker API-2-11] Payment processed: e94c97e7-8dc8-4178-817f-c04ebcab5ed6
api2-1       | [Worker API-2-10] Payment processed: 3d6f4e53-98d1-475f-b2af-a471d704d533
api2-1       | [Worker API-2-12] Payment processed: e55b6d1e-4ecf-4a0a-8302-638a3422cae5
api2-1       | [Worker API-2-4] Payment processed: 5574e4c4-00fe-45bf-b0d3-9c1f0e906ee6
api2-1       | [Worker API-2-9] Payment processed: 041d226e-dcbb-4a2e-b42a-12608d47d748
api1-1       | [Worker API-1-15] Payment processed: 22b7f803-235b-40eb-b2be-c474114f5194
api1-1       | [Worker API-1-9] Payment processed: 6362d8b2-1eaf-4490-b806-2491bf7c433a
api2-1       | [Worker API-2-12] Payment processed: 7685a69a-eb68-47b2-bd49-fb1f0178508d
api1-1       | [Worker API-1-15] Payment processed: 7d3062ee-2a18-4d76-a919-4e1a1b19006b
api1-1       | [Worker API-1-9] Payment processed: b0295eb4-d49c-437d-8cff-33bc6d151581
api2-1       | [Worker API-2-1] Payment processed: 666066e9-a42c-429b-a117-236f70edf9c1
api2-1       | [Worker API-2-7] Payment processed: 0515035c-5b9b-4a87-b7f9-f92cad4a8650
api2-1       | [Worker API-2-14] Payment processed: 1d5343f4-80ff-434d-b973-8822c03c4f6d
api2-1       | [Worker API-2-10] Payment processed: 22082f8e-923e-4496-932e-767c992f2dbc
api2-1       | [Worker API-2-3] Payment processed: a7971407-d871-4765-bfc5-c47be1e99597
api2-1       | [Worker API-2-11] Payment processed: f546f4ec-fae1-42bf-a466-2d66d55492cb
api2-1       | [Worker API-2-9] Payment processed: 44a295fb-421c-4e06-9021-80a3dd86c785
api2-1       | [Worker API-2-4] Payment processed: f0da2f2c-1515-4157-a9d0-50fedfab1de6
api1-1       | [Worker API-1-9] Payment processed: a0d3c8d9-bb6c-4247-947e-dd63e5a28827
api2-1       | [Worker API-2-3] Payment processed: 7b49e285-3763-48cd-aa80-aa68d6570ab4
api2-1       | [Worker API-2-10] Payment processed: e4fbd896-ff69-4134-8838-a23b78b29bf2
api2-1       | [Worker API-2-14] Payment processed: 67086b63-5b7d-41c5-b91c-8b91b4b5837c
api2-1       | [Worker API-2-12] Payment processed: b919bd60-8b5d-4e58-ae9a-e8292180212c
api1-1       | [Worker API-1-15] Payment processed: faf1c5d9-155b-4460-8f92-f2684a526f6f
api2-1       | [Worker API-2-11] Payment processed: 277e3d15-e3c4-43a5-ac60-2ed567c2fcc0
api2-1       | [Worker API-2-4] Payment processed: 70277100-c114-4b33-bfc8-99dd2660f8c0
api2-1       | [Worker API-2-7] Payment processed: d4a83fd9-0c6a-4123-b6df-2d4dced590f5
api2-1       | [Worker API-2-9] Payment processed: 57919ec8-c82e-45f9-b58b-cf1343462b8d
api2-1       | [Worker API-2-1] Payment processed: 8a05a870-f097-44f7-ac49-dce5cc5f2bd1
api2-1       | [Worker API-2-3] Payment processed: 5eab04a9-005a-4355-bd0e-d8e9240ca670
api1-1       | [Worker API-1-9] Payment processed: c977df20-6866-4772-bf46-4c8bd639610d
api2-1       | [Worker API-2-10] Payment processed: 2aa1e6fd-26c1-4c97-b13e-fe29a926614b
api2-1       | [Worker API-2-14] Payment processed: 621372ef-e722-4c75-a79a-a81c95466dc0
api1-1       | [Worker API-1-15] Payment processed: de177ee5-200d-4114-88ca-c6b55b52eeb6
api2-1       | [Worker API-2-1] Payment processed: d699fc31-6ea8-4ab7-b7b1-538287421722
api2-1       | [Worker API-2-12] Payment processed: 24ea8219-7db3-4504-bc54-d7afecec2fe6
api2-1       | [Worker API-2-3] Payment processed: a5abfef8-1ba4-4c94-bba5-450243af1688
api2-1       | [Worker API-2-7] Payment processed: 7387623a-f862-410f-84c0-aa0efa889fdd
api1-1       | [Worker API-1-15] Payment processed: 2cadc882-a96f-4758-ba0a-f1372a87b37a
api2-1       | [Worker API-2-11] Payment processed: 6cae88e0-a256-4353-8907-b2c70f3823c5
api2-1       | [Worker API-2-4] Payment processed: 7974fdc1-632b-4414-814f-3b8937544d7a
api1-1       | [Worker API-1-9] Payment processed: d1b98b33-e8a8-4219-990f-5889a6d87247
api2-1       | [Worker API-2-9] Payment processed: 397f91d4-a8e1-4cac-8920-0987746b7861
api2-1       | [Worker API-2-3] Payment processed: 069934a0-3205-406a-8297-bc0b4ebff61b
api2-1       | [Worker API-2-14] Payment processed: d7a2d080-2d95-4d27-8acd-8c1b00441431
api2-1       | [Worker API-2-1] Payment processed: d396c8e5-a5a8-4a06-92d0-4b5d33204ccc
api2-1       | [Worker API-2-12] Payment processed: 95f1b46b-0254-4cb6-be60-5f7d348c0b5a
api2-1       | [Worker API-2-10] Payment processed: 7e6f52cb-cc39-4960-917f-a95cae662fdc
api2-1       | [Worker API-2-4] Payment processed: e936fab6-56ec-46d2-9872-80a4ecbb9856
api2-1       | [Worker API-2-7] Payment processed: 6f9ddc1b-274c-4728-ab5b-6736c66c33d7
api2-1       | [Worker API-2-11] Payment processed: 960b213a-7066-45b4-98ca-b181b92a1d86
api1-1       | [Worker API-1-15] Payment processed: 19503a06-dcd3-4ed2-9c7b-999667fb8324
api1-1       | [Worker API-1-9] Payment processed: 46f24c58-ad9a-483d-a687-7fd1b0dc6dde
api2-1       | [Worker API-2-4] Payment processed: ada780b8-26fa-4cd9-b212-80b7954eb164
api2-1       | [Worker API-2-9] Payment processed: 953de032-3336-4f19-8400-2530c7429b70
api2-1       | [Worker API-2-11] Payment processed: 9f3c896a-7149-4655-ac0d-1bd388f492ef
api2-1       | [Worker API-2-10] Payment processed: 7ec9dc67-de7a-4e65-821f-2a2726df2bd2
api2-1       | [Worker API-2-14] Payment processed: ecaf2cfb-e74e-4ea6-acbe-4356a48c5f47
api2-1       | [Worker API-2-7] Payment processed: 38960e43-1063-48f7-9c90-0ec78ea5b943
api2-1       | [Worker API-2-12] Payment processed: 9176ef2a-ce95-4585-9d0c-b1ef936e08d0
api2-1       | [Worker API-2-3] Payment processed: 49055301-b199-40ec-ae49-984005059dea
api2-1       | [Worker API-2-1] Payment processed: f928ed9c-3a5e-479c-8e31-64bc75878a29
api1-1       | [Worker API-1-15] Payment processed: 0ac54326-db00-4171-8132-2d1fb6797904
api2-1       | [Worker API-2-4] Payment processed: df0593f4-0e5a-4fdc-a686-543a77feaa15
api1-1       | [Worker API-1-9] Payment processed: c0dd9b39-d3f2-4aaf-9675-2b9b98cfc7a9
api2-1       | [Worker API-2-7] Payment processed: fdc37eef-c084-4661-8bce-08d2cb83e47b
api2-1       | [Worker API-2-3] Payment processed: d9c5e14a-2358-4fa4-b4d6-46aaed8c491a
api2-1       | [Worker API-2-10] Payment processed: b152fdd3-34a3-4898-ba14-24a2c6b4cfc5
api2-1       | [Worker API-2-4] Payment processed: df5d639b-8f53-467a-b0c3-1ef260cd0059
api2-1       | [Worker API-2-12] Payment processed: d237237d-31fe-44e9-9ae3-6571fcaf6e59
api2-1       | [Worker API-2-11] Payment processed: 0988534d-cba5-47e8-9c65-2b0cf24c189e
api2-1       | [Worker API-2-14] Payment processed: 7c98d31b-bcf4-4002-8ad7-3d3797583dce
api2-1       | [Worker API-2-9] Payment processed: 1a6dced1-2cfa-4ea5-a552-f6b10a0d58b5
api1-1       | [Worker API-1-9] Payment processed: 7ec79198-8045-46ab-8ada-c122b4b277bc
api1-1       | [Worker API-1-15] Payment processed: 7ebb5e6e-8d18-4e9d-9cc8-08394b1905a8
api2-1       | [Worker API-2-7] Payment processed: 9e401dde-1118-4a17-945f-defdadd07176
api2-1       | [Worker API-2-3] Payment processed: 2ac5b001-0861-41de-b2ed-4a65bb3ada73
api2-1       | [Worker API-2-7] Payment processed: 40d7fbd3-0d34-42f9-a01a-d55b78af6711
api2-1       | [Worker API-2-3] Payment processed: 8ffd8dc1-75d1-40a0-92c5-abf8ab8bf5b1
api2-1       | [Worker API-2-8] Payment processed: b4e36a36-ff10-4230-97f7-0bee581c62c8
api2-1       | [Worker API-2-15] Payment processed: b1491333-299c-4d39-8b3f-9bd7c079ea60
api2-1       | [Worker API-2-2] Payment processed: d32c532d-c2e2-4036-9ac1-036e7c7796a3
api1-1       | [Worker API-1-4] Payment processed: 65499994-d2a9-43d1-bd40-2a01e77fb277
api2-1       | [Worker API-2-2] Payment processed: 0b12bf2b-112b-4ed9-a8f8-dec4285f22a1
api2-1       | [Worker API-2-15] Payment processed: 78731b5d-414a-4815-b2c7-d9e85bbf73b2
api2-1       | [Worker API-2-8] Payment processed: 5f8d83f4-7d74-4789-9cfd-73df515ecedd
api2-1       | [Worker API-2-6] Payment processed: d5c52237-6d7d-46ba-b397-992e389d7b77
api1-1       | [Worker API-1-1] Payment processed: 63db4790-55ae-4290-9142-6ca8f1c4882e
api1-1       | [Worker API-1-3] Payment processed: 554cbfe9-1ddf-42f7-9049-4ae327a67a44
api1-1       | [Worker API-1-7] Payment processed: 6ef73e05-2444-456c-934f-25c9d3033d14
api2-1       | [Worker API-2-2] Payment processed: 57d315ab-8296-4128-8bda-5892168980d4
api1-1       | [Worker API-1-6] Payment processed: bb0e09e0-cba7-434c-b9ef-8f2e2e67172c
api2-1       | [Worker API-2-5] Payment processed: 58746c88-def1-4da3-b239-ae5df2904fd3
api2-1       | [Worker API-2-13] Payment processed: d7ba9786-f097-42fa-a1ac-d988cf0520c2
api2-1       | [Worker API-2-15] Payment processed: 8ecf2b59-7ed1-4564-a8df-3793a7a8c71e
api1-1       | [Worker API-1-4] Payment processed: 877c94de-e798-4c81-96d5-8162902090e8
api2-1       | [Worker API-2-0] Payment processed: 43fba189-2ff0-408c-bbe6-fc8ec2032544
api2-1       | [Worker API-2-8] Payment processed: 2723f448-90f2-4fb2-a1ae-881eb1020bdb
api2-1       | [Worker API-2-6] Payment processed: a67233d8-099c-4e29-bda4-c350919d8994
api1-1       | [Worker API-1-11] Payment processed: 0f81f41b-7ff0-4edf-8e16-ca91f59661cb
api1-1       | [Worker API-1-5] Payment processed: 6ddabeef-c658-436c-9a49-0c20c0a37a56
api1-1       | [Worker API-1-13] Payment processed: 389896e7-78a1-4300-b05d-94d341c7777a
api1-1       | [Worker API-1-12] Payment processed: e6ab4b50-636e-4693-94f6-9c4be91efcd3
api1-1       | [Worker API-1-14] Payment processed: 5129fbec-fc92-413f-b28e-7d4d4a3de93d
api1-1       | [Worker API-1-8] Payment processed: c751f17e-6cbd-4b76-a602-ea674c4a900c
api1-1       | [Worker API-1-10] Payment processed: 7cf75cf0-9c14-4fe1-b645-5db18cf3cf6a
api1-1       | [Worker API-1-2] Payment processed: c6d64e88-5554-4058-9205-038626275315
api2-1       | [Worker API-2-15] Payment processed: 99939c44-1620-4c6e-856b-908f246ace0c
api2-1       | [Worker API-2-5] Payment processed: 47fa0e2e-de64-4d69-b62f-a69d3963ec50
api2-1       | [Worker API-2-13] Payment processed: 8bda3154-4724-4f9b-b7b5-7c9a1c5cbe25
api2-1       | [Worker API-2-2] Payment processed: 19daab31-32f3-4956-9d2c-e8f0c04ac76c
api2-1       | [Worker API-2-6] Payment processed: e5576e4b-3a0d-4f30-9d54-bb26a4697ab5
api2-1       | [Worker API-2-13] Payment processed: 6bdfc3ac-f4e6-4c37-bf98-344d94ad1cbc
api2-1       | [Worker API-2-5] Payment processed: 6092656f-923e-47c1-b192-f6cc346afece
api2-1       | [Worker API-2-0] Payment processed: 8dc9cf3c-6e86-4634-92fc-2548b4b4e4ec
api2-1       | [Worker API-2-8] Payment processed: c5c17435-2e7b-4b4c-99e5-0f5c762b86f7
api2-1       | [Worker API-2-15] Payment processed: 636e9724-77ec-4938-b4bf-6f2c17039aff
api1-1       | [Worker API-1-1] Payment processed: 0656e956-7b8d-4ca4-bd6e-b12ae6290704
api1-1       | [Worker API-1-0] Payment processed: c829b5bb-89f1-407e-b56b-a4820ee79525
api2-1       | [Worker API-2-5] Payment processed: a9bd0d70-605f-434d-96c8-7aba8ea0a1da
api2-1       | [Worker API-2-6] Payment processed: 24542a55-9765-4b2d-8415-fe4b74534201
api1-1       | [Worker API-1-7] Payment processed: 03dc890a-d9b0-4964-a69b-49b7995d982c
api1-1       | [Worker API-1-14] Payment processed: 00267700-c3b7-4978-a4f0-93a93d3d469e
api1-1       | [Worker API-1-6] Payment processed: ced378a8-d400-43a6-b093-7031bc7dc4d4
api1-1       | [Worker API-1-8] Payment processed: f13cd713-5e35-4e20-983e-d26541b8ec75
api1-1       | [Worker API-1-4] Payment processed: e9b9f6e0-558a-4813-a4f5-0c8178b48260
api1-1       | [Worker API-1-12] Payment processed: 0e0ab2b5-3bae-4c7b-9fb3-f28b5ad9b012
api2-1       | [Worker API-2-13] Payment processed: c002ddbd-b191-46be-844a-7f936b35dc08
api2-1       | [Worker API-2-2] Payment processed: d6e3bdca-abf6-4ce0-80e2-bd9393e7b194
api1-1       | [Worker API-1-11] Payment processed: 1c8c0502-5775-4ac8-a93a-7247dee390cb
api2-1       | [Worker API-2-13] Payment processed: a54c0278-7427-46f4-b4b1-6f9ee6bfd639
api2-1       | [Worker API-2-8] Payment processed: 570c365f-b562-4577-93d3-8cc8daf85dde
api2-1       | [Worker API-2-5] Payment processed: 2c8e19f6-9b15-4caa-a72c-da4961af2108
api1-1       | [Worker API-1-10] Payment processed: f1fc552b-295b-4606-8362-a4b32035faf5
api1-1       | [Worker API-1-5] Payment processed: 11363628-d694-4545-b0a1-39c55201ced9
api1-1       | [Worker API-1-1] Payment processed: e5555d22-f279-43f0-84e9-46c844852a70
api1-1       | [Worker API-1-3] Payment processed: eafbc8c8-381f-4276-bf71-e02415d58963
api2-1       | [Worker API-2-6] Payment processed: ad8479ac-f4c7-4411-82e1-b66f25614422
api2-1       | [Worker API-2-0] Payment processed: 42f4c8d3-4b9e-4b29-a5ba-2d914aab5e1e
api2-1       | [Worker API-2-15] Payment processed: db7edd70-e1d0-4558-aea5-c5ca1df7d81b
api1-1       | [Worker API-1-2] Payment processed: 489aee55-efd6-4125-8c20-657c7695f222
api2-1       | [Worker API-2-2] Payment processed: ab7a5d2a-9dca-4302-a0fc-483e78256bc8
api1-1       | [Worker API-1-8] Payment processed: 1b2b82db-4119-49fb-805a-12bf9d6b5a23
api1-1       | [Worker API-1-4] Payment processed: 5258a782-0da9-4ead-8788-0467c8047087
api2-1       | [Worker API-2-13] Payment processed: 293f6d6e-db45-406a-ab43-ed3117ca8175
api2-1       | [Worker API-2-0] Payment processed: 78a1187f-84cd-4377-bbad-7df01fb252c2
api2-1       | [Worker API-2-5] Payment processed: f6ce4cae-54fb-413b-bd1d-3eb975d9ebb4
api2-1       | [Worker API-2-6] Payment processed: 732c5f89-f517-4048-8680-8acf74701587
api2-1       | [Worker API-2-2] Payment processed: a226dce6-e50a-44c2-88cc-08e0217cec8f
api2-1       | [Worker API-2-15] Payment processed: 9f0cdaf4-00d4-4d2b-b99c-f58248d01ef2
api2-1       | [Worker API-2-8] Payment processed: 1a75836e-ca21-43eb-8d49-dbca408e15c8
api1-1       | [Worker API-1-0] Payment processed: daaf9034-ebf7-4183-9e7e-91b2aaddb8d0
api1-1       | [Worker API-1-13] Payment processed: 6f5ab6f3-d47e-4c58-b2bc-4edb1eb4d2cb
api1-1       | [Worker API-1-14] Payment processed: 8a9b6f66-1c3c-46a1-9844-6d2589504e33
api1-1       | [Worker API-1-11] Payment processed: 0e49b91a-39a1-4a53-8652-1efcccf35859
api1-1       | [Worker API-1-12] Payment processed: d5b05632-c7e7-409d-86e0-f22d4c6c7326
api1-1       | [Worker API-1-6] Payment processed: 4062137c-f053-46d9-af66-8e74db28afb1
api1-1       | [Worker API-1-7] Payment processed: d882de9e-28f1-4fac-aff0-4f96e3b0333c
api1-1       | [Worker API-1-5] Payment processed: 087b8c35-1ae7-4c88-ba88-44b9372bdda9
api1-1       | [Worker API-1-3] Payment processed: 220d8444-6d06-4240-af2a-309f407442e1
api1-1       | [Worker API-1-10] Payment processed: 9d6cd0ee-2e78-464e-a66c-172ceae3c8a6
api1-1       | [Worker API-1-8] Payment processed: 8b9168a5-6d9c-4ba8-910a-2efb907155d2
api1-1       | [Worker API-1-2] Payment processed: 1686fbd0-0e8a-4c0a-9f95-e13c127bca50
api1-1       | [Worker API-1-1] Payment processed: 0233118c-9c99-483e-91a1-274cd70011a0
api2-1       | [Worker API-2-5] Payment processed: 772162e5-da83-4c17-bd61-d9069dc022ff
api2-1       | [Worker API-2-13] Payment processed: f2aab571-278a-4a99-8ad9-d357bfe047e6
api2-1       | [Worker API-2-0] Payment processed: 026ad0b9-4952-43ed-9c5a-818b459389a2
api2-1       | [Worker API-2-1] Payment processed: f3737480-7346-460f-9876-faf1ffd3b511
api2-1       | [Worker API-2-1] Payment processed: 3ee15d17-4e2d-49bf-959d-a5f55ae534ec
api2-1       | [Worker API-2-10] Payment processed: a8f373b5-757d-44e5-b7fb-6b2d1ee988ea
api2-1       | [Worker API-2-1] Payment processed: 0ed563c4-06e4-4928-ab8e-106c79c37158
api2-1       | [Worker API-2-4] Payment processed: cecba3be-bd8a-474f-874c-7301c2ac87e2
api1-1       | [Worker API-1-15] Payment processed: 185fb768-8f03-4e20-847a-e63215e46742
api2-1       | [Worker API-2-14] Payment processed: ac04b1cc-f9b5-40c8-a558-aec101d77cd3
api2-1       | [Worker API-2-11] Payment processed: 5317c033-1e67-4157-aee4-e6d2ec995a13
api2-1       | [Worker API-2-9] Payment processed: 7f6a616a-6eac-4e9e-84d5-b4e64b7a0c65
api2-1       | [Worker API-2-12] Payment processed: 61cdba70-6a66-4a19-bed3-1ac810673cc7
api2-1       | [Worker API-2-1] Payment processed: bc18892b-9363-4151-905c-1d8471695036
api2-1       | [Worker API-2-10] Payment processed: 417b172e-0551-49b6-b0db-e83721cdf924
api2-1       | [Worker API-2-4] Payment processed: 1fde9f19-d62e-434b-b96e-db9383f66ff5
api1-1       | [Worker API-1-9] Payment processed: dfb131c9-1b20-4bb2-acfe-090f86d4b181
api1-1       | [Worker API-1-9] Payment processed: 94ad5618-e347-4ab6-8b79-10d7c543fdad
api1-1       | [Worker API-1-15] Payment processed: fd551013-ee8b-47da-9f72-ca9ac5fb64da
api2-1       | [Worker API-2-12] Payment processed: 1e5e68a7-d240-45b9-be90-3fc4b10ae064
api2-1       | [Worker API-2-9] Payment processed: 43a27282-928e-4c88-a21c-3fdabdb0a5e0
api2-1       | [Worker API-2-10] Payment processed: 7fb4360c-431f-4897-9c9a-c5a608744414
api2-1       | [Worker API-2-1] Payment processed: f05d8ced-9e3a-4e57-87e0-a478251fb79f
api2-1       | [Worker API-2-11] Payment processed: b5ca0d98-ac91-4e99-a5d6-ba8400401263
api2-1       | [Worker API-2-7] Payment processed: 5e13403b-a000-4550-91f2-62e4b0d5c88d
api2-1       | [Worker API-2-4] Payment processed: e87e8117-d9c0-4e84-bde1-a62515edd138
api2-1       | [Worker API-2-14] Payment processed: eb3bc0c4-b45a-4afd-9d9f-d9c78946cab2
api2-1       | [Worker API-2-3] Payment processed: fa23cb3a-5969-4744-a196-25e7450e3041
api1-1       | [Worker API-1-9] Payment processed: 54c8cac5-4e70-44a9-9f4b-340da9c23016
api2-1       | [Worker API-2-4] Payment processed: 5e0a003b-cf9e-4601-9458-9f7efd5684f9
api2-1       | [Worker API-2-1] Payment processed: e24beb30-5b8a-4bdf-bdc5-c540a94463c0
api2-1       | [Worker API-2-7] Payment processed: 786b5ca4-035a-41bd-93f8-320b04dc7c63
api2-1       | [Worker API-2-10] Payment processed: f246bccd-ce04-4185-b7fb-ca86d7bee32f
api2-1       | [Worker API-2-9] Payment processed: f5f16f69-8407-4f6e-90ab-3b428f9d9649
api2-1       | [Worker API-2-11] Payment processed: 18f8cfa8-6e87-41dc-b2ff-00c4faad25e8
api2-1       | [Worker API-2-12] Payment processed: f42bf591-5b8e-45cb-a714-56a8a9509dda
api1-1       | [Worker API-1-15] Payment processed: fcf030a8-20e9-49b1-8b62-db8cab2d954b
api2-1       | [Worker API-2-3] Payment processed: f837d91a-3053-442a-9de6-8120904715bb
api2-1       | [Worker API-2-14] Payment processed: 2423be8c-5730-4c10-bac9-1a44a5c08e9f
api1-1       | [Worker API-1-9] Payment processed: acfe03e6-b115-471f-9f76-fb586bfba7de
api1-1       | [Worker API-1-15] Payment processed: e254dd47-3844-402d-9f06-8fb00eb1e6e8
api2-1       | [Worker API-2-4] Payment processed: 0027a025-cef3-4662-b4d9-4ae8f42eca60
api2-1       | [Worker API-2-14] Payment processed: c71ebec4-f3f9-4604-bc72-11d23cea71bb
api2-1       | [Worker API-2-7] Payment processed: f32a5e42-f842-4aa6-93c4-d76813090298
api2-1       | [Worker API-2-10] Payment processed: b8166279-8fe7-4d45-b392-dd0487df88d8
api2-1       | [Worker API-2-3] Payment processed: 5c1eca85-f6a8-4bf0-8969-479733220422
api2-1       | [Worker API-2-12] Payment processed: 18bae0ac-4c56-498e-84e8-b10b84f19bd0
api2-1       | [Worker API-2-11] Payment processed: bd261ee4-165c-45e2-92d9-fee1ab39f906
api2-1       | [Worker API-2-1] Payment processed: 2be3cdd6-ccaa-468f-911d-4cd67e296c6c
api2-1       | [Worker API-2-9] Payment processed: ab763bd0-509a-4acb-9792-0e1e3622fe2f
api1-1       | [Worker API-1-15] Payment processed: 68d7f817-2f09-4898-a818-b452acb7840f
api1-1       | [Worker API-1-9] Payment processed: 4e77b77b-46a2-4e49-bc67-5972938c1399
api2-1       | [Worker API-2-3] Payment processed: 1d0ae590-8d0a-47f7-baf7-90ae92bac525
api2-1       | [Worker API-2-14] Payment processed: d03c3b2f-ee6b-4f80-9721-a28f163fe000
api2-1       | [Worker API-2-7] Payment processed: e36ddfa8-7238-4d7a-9d27-491cf3bbd694
api2-1       | [Worker API-2-9] Payment processed: 92029a0d-65a2-4ce4-ac3d-2c5d0c420b90
api2-1       | [Worker API-2-1] Payment processed: 43a5096f-ca18-42ea-bc7b-b548e9b44107
api2-1       | [Worker API-2-4] Payment processed: 2d57b2b2-af31-4b89-b9b2-017cf52c5bd1
api2-1       | [Worker API-2-12] Payment processed: 7a49de22-0e30-4c54-b8eb-5d18e3dee757
api2-1       | [Worker API-2-10] Payment processed: b396b373-96a7-4b44-b459-85ab620eb34d
api2-1       | [Worker API-2-11] Payment processed: 72140f6b-33ca-43ea-9075-e09eb5479083
api2-1       | [Worker API-2-14] Payment processed: 5e1919f5-d1ed-40d5-88cd-81e96590d32d
api2-1       | [Worker API-2-7] Payment processed: 686c76ed-b9e2-48b5-825c-4e9b45182056
api2-1       | [Worker API-2-12] Payment processed: 234b98ef-090b-4402-b180-d5e2c674d2e5
api1-1       | [Worker API-1-9] Payment processed: d04ffd06-d7a5-4b40-a608-13b8ef40ec68
api1-1       | [Worker API-1-15] Payment processed: a2c9857f-4e89-4b54-8b05-a87b9a1e82c0
api2-1       | [Worker API-2-9] Payment processed: 00c69266-ff0a-4a76-8c5a-c36fac9601cb
api2-1       | [Worker API-2-10] Payment processed: 3bc71537-67ff-44d0-b040-34f8388f14e1
api2-1       | [Worker API-2-4] Payment processed: 06ed30f9-22ae-47f6-b53d-54457e170eed
api2-1       | [Worker API-2-11] Payment processed: 388f4497-cbf6-4a5c-9991-c8f806840e20
api2-1       | [Worker API-2-3] Payment processed: e827bb9a-6805-48b6-ba6a-60726cf2a366
api2-1       | [Worker API-2-1] Payment processed: a866471e-b6b6-4fec-b19c-7a6a9a8328d8
api2-1       | [Worker API-2-14] Payment processed: 5043de3f-b111-44d6-a201-12bd84aedf97
api2-1       | [Worker API-2-7] Payment processed: 191c8c1f-646d-4d05-894b-28c62380c034
api2-1       | [Worker API-2-12] Payment processed: 97459e53-f82a-4a15-97e4-cbe2d8940c0a
api1-1       | [Worker API-1-15] Payment processed: c056e272-ea91-4bd8-8ca1-7f075ddee8c3
api1-1       | [Worker API-1-9] Payment processed: c3c00323-6714-4292-aa98-c6c401216042
api2-1       | [Worker API-2-9] Payment processed: 66f4382e-9df5-45bc-a0f8-a727697c9f7b
api2-1       | [Worker API-2-10] Payment processed: ae252315-014a-4933-af04-89c03854b766
api2-1       | [Worker API-2-11] Payment processed: c3515172-f3fc-4683-ae95-06bdf7d7c1ee
api2-1       | [Worker API-2-4] Payment processed: ce5c7ad1-8f92-416d-ab17-5725c8cce0bc
api2-1       | [Worker API-2-3] Payment processed: 33a3f02e-c164-4142-bf05-09332da00dd3
api2-1       | [Worker API-2-1] Payment processed: 90404277-b435-4114-aded-2853fe717236
api1-1       | [Worker API-1-9] Payment processed: b97b4a65-dfb2-49a1-bc18-f66c9bf89364
api1-1       | [Worker API-1-15] Payment processed: 908a9cf7-f9cf-45f0-acc0-d18aa3255be3
api2-1       | [Worker API-2-14] Payment processed: 2eefadd3-90c2-4cbd-af68-f2f66b7e34c7
api2-1       | [Worker API-2-9] Payment processed: 98421a2b-dbeb-4ccb-a855-81adbfe6118e
api2-1       | [Worker API-2-12] Payment processed: 6d764667-0609-4430-a234-7419d2032fc5
api2-1       | [Worker API-2-7] Payment processed: 6240fded-bc6e-4634-9853-5a13e5748f93
api2-1       | [Worker API-2-10] Payment processed: b1079587-d5d7-4fb8-a092-301a50d4eb83
api2-1       | [Worker API-2-3] Payment processed: 9b4bf104-a5d3-4a42-aee4-3833be0eaf61
api1-1       | [Worker API-1-9] Payment processed: e88fb9b8-656d-4214-8961-d23149915381
api1-1       | [Worker API-1-15] Payment processed: 28f0b523-e779-42f2-927f-f081a801b6ee
api2-1       | [Worker API-2-4] Payment processed: a045c1e2-3a51-4dfa-830a-db0e14090983
api2-1       | [Worker API-2-11] Payment processed: 2c121ca3-82c5-4368-b589-b777f7655017
api2-1       | [Worker API-2-7] Payment processed: 825739e8-39cd-406f-81f3-b037a060fc32
api2-1       | [Worker API-2-1] Payment processed: e37efc47-5773-4990-ad51-c5464584f5af
api2-1       | [Worker API-2-12] Payment processed: 56fa3689-bbfd-4165-a070-845e2fee5268
api2-1       | [Worker API-2-9] Payment processed: 259bb545-da78-4246-bab0-506e4955ea7c
api2-1       | [Worker API-2-14] Payment processed: 95b075d3-752b-4ab4-aed1-54a61c498901
api2-1       | [Worker API-2-10] Payment processed: 602fe8bb-75ae-45ef-a1f7-e424925a725f
api2-1       | [Worker API-2-3] Payment processed: 43c35c8a-cffc-4340-8005-f4c67dec9cb4
api1-1       | [Worker API-1-9] Payment processed: 7a830cdc-6c86-4986-84f1-24a2f3c0623d
api1-1       | [Worker API-1-15] Payment processed: 81090b6e-b5b2-4dc8-add9-9a625adf6171
api2-1       | [Worker API-2-11] Payment processed: c58d2fd0-6d25-4b0f-b045-21cb82f451db
api2-1       | [Worker API-2-12] Payment processed: 7ecc72b7-755a-4b3c-8bad-f2e396190ecb
api2-1       | [Worker API-2-4] Payment processed: d3e8a65b-a6ed-47c6-a636-2b9e3ffafef7
api2-1       | [Worker API-2-1] Payment processed: 1a5bd369-1756-40d6-92ee-cd262661ab8c
api1-1       | [Worker API-1-9] Payment processed: a44038e9-c31c-4f2e-9e58-19471d4f48ce
api2-1       | [Worker API-2-14] Payment processed: 75eff5d6-1cd2-4af9-bb49-7d4bf2d27c93
api1-1       | [Worker API-1-15] Payment processed: 07cb4030-b011-4bae-bdaf-4720e997474a
api2-1       | [Worker API-2-10] Payment processed: 6adcb249-6908-466a-8a37-d70e28d8dd7a
api2-1       | [Worker API-2-3] Payment processed: 512fb5b3-af09-4349-bb92-26a8e0ecf039
api2-1       | [Worker API-2-9] Payment processed: 70d10cbf-c9d0-4a4c-b13c-7a21789e848f
api2-1       | [Worker API-2-7] Payment processed: cbfe080f-c45c-4856-8c89-e290196b40d5
api1-1       | [Worker API-1-0] Payment processed: bc357d23-09eb-4af7-b69d-8ade4f3b87df
api1-1       | [Worker API-1-4] Payment processed: ddcb7220-1955-4515-a67f-d2732d42f2b3
api1-1       | [Worker API-1-12] Payment processed: 9e6cda4c-0736-42bc-9e2d-423516f8942f
api1-1       | [Worker API-1-3] Payment processed: 363a75a0-2d4a-465b-bc8d-7c4d0bf7eaa4
api1-1       | [Worker API-1-13] Payment processed: aa9535b7-228b-4764-b7a0-d038835aef8d
api1-1       | [Worker API-1-14] Payment processed: 17cfd17f-beff-4dc2-8b79-22c650adb80b
api1-1       | [Worker API-1-10] Payment processed: a98d6dc9-2cad-4e29-bd5c-c86c995a80cc
api1-1       | [Worker API-1-11] Payment processed: eef4b114-a53e-4fc7-8fd7-86a07052df00
api1-1       | [Worker API-1-7] Payment processed: b06d60fa-ef8c-44ac-91ea-8a43cabc7f21
api1-1       | [Worker API-1-6] Payment processed: 620a3ed7-e943-4c7e-8e88-f2a5e2505560
api1-1       | [Worker API-1-5] Payment processed: 1c5a81a7-8888-4816-b521-5d436d1a27fc
api2-1       | [Worker API-2-2] Payment processed: 05427665-8451-4cc7-b7c9-770eea0007b6
api2-1       | [Worker API-2-15] Payment processed: 646a6e8d-84fc-45bb-98cf-16f202234981
api2-1       | [Worker API-2-8] Payment processed: e1fe0bb1-b5d8-47d6-91ad-42addf8fc5ea
api2-1       | [Worker API-2-6] Payment processed: 69170513-b38a-484e-b602-0e240b3997d9
api1-1       | [Worker API-1-8] Payment processed: dca9c77d-8cbd-42d0-9642-7eb368960b39
api1-1       | [Worker API-1-2] Payment processed: 84efad35-1960-496c-9ffd-458059d5086d
api1-1       | [Worker API-1-1] Payment processed: 151a71e7-8391-4183-be46-5cdcf01141db
api2-1       | [Worker API-2-5] Payment processed: f7ae061a-92b8-46f2-b2b7-0f254330f534
api2-1       | [Worker API-2-13] Payment processed: aff6d9df-1642-4214-ab67-366c9402b600
api1-1       | [Worker API-1-5] Payment processed: 1c2c0022-7f27-4e82-b898-feb4094e9d52
api1-1       | [Worker API-1-3] Payment processed: 51a32cd8-aaba-416f-a9e1-280d5244f39e
api1-1       | [Worker API-1-11] Payment processed: 8a67cbd7-cba7-4e59-81e7-50524bbafcc1
api1-1       | [Worker API-1-12] Payment processed: 5e8bf7dc-1c35-433d-b43f-51968790540f
api1-1       | [Worker API-1-7] Payment processed: ed8e227e-2755-421f-a849-47ffbd44f90e
api1-1       | [Worker API-1-4] Payment processed: 48b4fbc7-3c1f-4077-af4f-5a1f4722e338
api1-1       | [Worker API-1-10] Payment processed: ef93c2da-f7ab-4d5e-b477-d2b8edb6bce6
api1-1       | [Worker API-1-14] Payment processed: 61a0f9f7-ef1a-419d-aec1-ed748008bf7c
api1-1       | [Worker API-1-13] Payment processed: f175c116-dde7-4544-b379-863394ee1314
api1-1       | [Worker API-1-1] Payment processed: 3e13ee68-ff14-486d-84a8-0260a1c7e230
api1-1       | [Worker API-1-0] Payment processed: b1b25478-5074-452c-9b35-5c26dc8f9a48
api1-1       | [Worker API-1-8] Payment processed: 712eee45-19c1-4c67-a7b7-44e0a975ee93
api1-1       | [Worker API-1-6] Payment processed: b2590a62-06a2-461b-be26-cd881859192e
api2-1       | [Worker API-2-15] Payment processed: bee09259-f96a-4ea3-92d5-0a20382770de
api2-1       | [Worker API-2-0] Payment processed: fa9ad4c9-df98-4a06-837a-268227425233
api2-1       | [Worker API-2-8] Payment processed: cb84ccd0-b4c1-422b-8cb9-af9844f2d4ec
api1-1       | [Worker API-1-2] Payment processed: 02d98c64-c775-4c28-b804-5550e95e2eb1
api2-1       | [Worker API-2-2] Payment processed: a08afc97-b65f-41f6-86a7-b06f5f4c2bcd
api2-1       | [Worker API-2-6] Payment processed: e023f150-57c2-4a42-a72b-697eead3f6bd
api2-1       | [Worker API-2-5] Payment processed: d2d3f8bb-5435-4882-8e9d-8e16814fc99b
api1-1       | [Worker API-1-3] Payment processed: a4670cb5-e281-4aec-b78a-84bfdd24a9f9
api1-1       | [Worker API-1-11] Payment processed: e1348af5-b927-48c0-bb17-340929222653
api2-1       | [Worker API-2-0] Payment processed: 8f6a29cd-9cdf-430b-af87-fb6315681e8c
api2-1       | [Worker API-2-13] Payment processed: 03c4dbc2-4b11-4a5c-884c-3e0bb4bce5ff
api2-1       | [Worker API-2-15] Payment processed: b2e2be9d-19d8-4740-a3ed-b0213a3a8cd6
api2-1       | [Worker API-2-5] Payment processed: 9eb9022a-a8c9-4fff-abdd-57e37d53104f
api2-1       | [Worker API-2-2] Payment processed: 9a261390-9e8d-4a88-b3c3-3c76047ca94a
api2-1       | [Worker API-2-6] Payment processed: 152a5c6f-9e8a-432f-b252-1b8ca827726d
api2-1       | [Worker API-2-8] Payment processed: 992bef3d-fec9-4bf9-9377-7fff3e37af51
api1-1       | [Worker API-1-10] Payment processed: f1f7a414-d3d1-4d3a-a87c-6b6a1c8d3c6d
api1-1       | [Worker API-1-6] Payment processed: 6c1d70a9-5081-467c-abde-01a6b9dfaf30
api1-1       | [Worker API-1-5] Payment processed: 71c53e7b-1e72-49f8-9cbd-c7abe24566c6
api1-1       | [Worker API-1-7] Payment processed: cac38250-a7d3-4f2d-8719-820dbc782b6f
api1-1       | [Worker API-1-14] Payment processed: 5fc88ae1-2343-498c-af13-8ca77bb5587a
api1-1       | [Worker API-1-12] Payment processed: cd7c80ee-1c4a-4b69-97db-a501c7bbebde
api1-1       | [Worker API-1-4] Payment processed: d750caef-2b59-4b3b-83b1-791c9d1f7f0d
api1-1       | [Worker API-1-8] Payment processed: 70f1c466-55ae-4a05-a660-1f554f26d24f
api1-1       | [Worker API-1-1] Payment processed: a37fc954-0df2-45dc-b6d3-08ae7503f585
api1-1       | [Worker API-1-0] Payment processed: 23e8c5b3-18ac-4c20-9816-f13e1cc3f4e9
api1-1       | [Worker API-1-13] Payment processed: c2d96a64-834a-4736-9eea-f72c4150be93
api1-1       | [Worker API-1-2] Payment processed: b932d75e-7f2e-492f-8404-b0ed53d7f712
api1-1       | [Worker API-1-11] Payment processed: c76c882e-a6a2-4cd3-8a71-73a8b33dffdb
api1-1       | [Worker API-1-3] Payment processed: b196fb96-3758-45c7-9f07-52342fbf8b45
api2-1       | [Worker API-2-8] Payment processed: 57c9a878-d287-40e4-8a7f-e7087425ccb3
api1-1       | [Worker API-1-2] Payment processed: c42ff6bc-623e-473e-aaf3-b1ed26451173
api1-1       | [Worker API-1-13] Payment processed: 3b98cd47-a299-49c4-a061-ee025c04e657
api1-1       | [Worker API-1-6] Payment processed: 99824de1-bddd-4f5b-b39f-8ae4a36f6adb
api2-1       | [Worker API-2-2] Payment processed: a88e8e63-7491-4a57-af91-179761460246
api1-1       | [Worker API-1-7] Payment processed: ae043d45-2781-4fca-bf0f-aec119be9bf5
api1-1       | [Worker API-1-10] Payment processed: 9c992e79-6224-4c00-a07c-8cf5ebd33cc8
api1-1       | [Worker API-1-12] Payment processed: 54452f28-2bef-4d07-b4f3-18b13c280d5e
api1-1       | [Worker API-1-8] Payment processed: 8586754e-c3eb-48d7-9e8f-84167cdca892
api1-1       | [Worker API-1-11] Payment processed: 07290144-0407-4c66-9570-19ec06a99177
api1-1       | [Worker API-1-14] Payment processed: c3afe434-7a35-4776-93c2-823155baf088
api1-1       | [Worker API-1-3] Payment processed: 3ee55117-3bea-4d0a-af8f-f1caad84d2ef
api2-1       | [Worker API-2-0] Payment processed: 4a2bb409-c1fe-4a10-94ea-401f706fe612
api2-1       | [Worker API-2-13] Payment processed: 195f8051-33fc-4c50-bc47-54c256a06fc6
api1-1       | [Worker API-1-5] Payment processed: cfc0d108-f820-47ee-a1ec-fbebce821b8b
api1-1       | [Worker API-1-1] Payment processed: 01e6d709-9455-4912-be6c-78f7771a43fb
api2-1       | [Worker API-2-8] Payment processed: 4c57a25c-a181-47d0-9db6-b3f58b58b618
api2-1       | [Worker API-2-15] Payment processed: f6647fe3-8d64-4bc5-8408-f50f639b7a0c
api2-1       | [Worker API-2-5] Payment processed: 7992b9a5-47fe-4c0b-b50c-bd87ea99a91d
api2-1       | [Worker API-2-6] Payment processed: e831b18c-2461-4282-bb7b-4c24f957de17
api1-1       | [Worker API-1-4] Payment processed: 7351c21e-4ff0-44b5-b1d6-b0fb79a8020e
api2-1       | [Worker API-2-13] Payment processed: 21b0e2bb-ba32-44d4-9375-163c5a7a90be
api1-1       | [Worker API-1-2] Payment processed: 3a4a4222-6670-4ad3-abaf-82c7c0c1ec1c
api2-1       | [Worker API-2-6] Payment processed: 1ff29279-0c55-4921-a01b-51fbf10cf48e
api2-1       | [Worker API-2-13] Payment processed: 434ffbe8-3fa7-44b8-9d4e-c2f066e8cd1b
api1-1       | [Worker API-1-12] Payment processed: a09ef2a6-751f-4806-9e48-bd4a1e99859e
api1-1       | [Worker API-1-14] Payment processed: 0b5c729b-4d48-472c-b835-d968581e9b9f
api1-1       | [Worker API-1-11] Payment processed: dbd06fe9-0fd7-4b59-92a3-59b4ae03ef62
api1-1       | [Worker API-1-7] Payment processed: cd7d5adb-876b-4cdd-a040-d48881332e40
api1-1       | [Worker API-1-10] Payment processed: 884400aa-a770-46f2-a137-fecca5037f92
api1-1       | [Worker API-1-6] Payment processed: d932fbc0-e4e5-4747-a389-3fc0c697ef90
api1-1       | [Worker API-1-13] Payment processed: 65857972-9f05-4a3d-a5dc-5acff2aafc6c
api1-1       | [Worker API-1-0] Payment processed: d5f2dde1-a9e0-42e8-8db2-6cb5d2db9dcf
api2-1       | [Worker API-2-13] Payment processed: 95797704-33ee-4a3a-a0ea-b89d6ac916dc
api1-1       | [Worker API-1-5] Payment processed: dff9ec31-20be-4d6b-92a0-0400d793a672
api1-1       | [Worker API-1-8] Payment processed: f323f399-eefe-4094-b8db-27a025fd7225
api1-1       | [Worker API-1-2] Payment processed: d954727c-5250-417b-8a66-b5dbb8e0ae78
api2-1       | Health for http://payment-processor-default:8080: failing=true, minResponseTime=100
api2-1       | Health for http://payment-processor-fallback:8080: failing=false, minResponseTime=0
api2-1       | [Worker API-2-11] Payment processed: 4c71bbf5-0887-4b61-8b8d-3014f086ce96
api2-1       | [Worker API-2-1] Payment processed: 232d6402-0566-4744-9cfc-88085d9d394a
api2-1       | [Worker API-2-4] Payment processed: 46486e2b-c507-461e-8da3-ce5c3c45a2b0
api2-1       | [Worker API-2-12] Payment processed: 8cf92ac7-3761-4a87-83fe-33862ac94b9e
api1-1       | [Worker API-1-9] Payment processed: c8a7341e-92ba-4e94-9eb1-430aa1cbee41
api1-1       | [Worker API-1-15] Payment processed: bbdc8541-97c6-4391-84db-4291783ec0b7
api2-1       | [Worker API-2-4] Payment processed: 49583354-515d-47ef-b357-82c2e8868cf8
api2-1       | [Worker API-2-1] Payment processed: 9f190f74-8636-4c8f-9c22-bcd5029f12ae
api2-1       | [Worker API-2-10] Payment processed: 0f1cfa78-52c0-405b-af2f-0774059e15ac
api2-1       | [Worker API-2-7] Payment processed: 0c440169-e81f-47af-b2c8-c33fc2091cc6
api2-1       | [Worker API-2-3] Payment processed: 976f85fd-79d8-450b-b61a-38a59db9fef1
api2-1       | [Worker API-2-9] Payment processed: 978f276a-1f4b-46f8-ad6b-1472edfb7000
api2-1       | [Worker API-2-11] Payment processed: 41375885-d6ee-4fde-85d6-bcfb1b2f397c
api2-1       | [Worker API-2-14] Payment processed: 1e953e16-e663-4968-98cb-ad43ce4e746b
api1-1       | [Worker API-1-9] Payment processed: 35809145-ccc9-4702-b09c-db692a0294f9
api1-1       | [Worker API-1-15] Payment processed: 0b4c7b16-9645-48d5-9004-9333438c55ef
api1-1       | [Worker API-1-9] Payment processed: 398901b9-7a9d-41e7-a32d-5e9eca2bef08
api1-1       | [Worker API-1-15] Payment processed: 70858aa4-833b-453f-8876-850d0de0db74
api2-1       | [Worker API-2-14] Payment processed: 6ed498fc-e22d-42e6-b956-f6a628b9c300
api2-1       | [Worker API-2-10] Payment processed: ca927f61-a503-41a7-bd2c-088aa1d50d74
api2-1       | [Worker API-2-9] Payment processed: 7ae8cb6c-fe5d-4477-a1c1-23d520f7db09
api2-1       | [Worker API-2-12] Payment processed: 90928aeb-334b-41a9-bd83-2a85315237c5
api2-1       | [Worker API-2-11] Payment processed: a9cd286e-343a-464a-acdd-55fc4cd8b7b5
api2-1       | [Worker API-2-3] Payment processed: f3427f8e-3221-476a-917e-33032fcc1b0e
api2-1       | [Worker API-2-7] Payment processed: fee7a53c-5676-4196-a9aa-925a3282c3fb
api2-1       | [Worker API-2-4] Payment processed: 7ab8129d-33f3-47c9-95a3-ecb11e41bb96
api2-1       | [Worker API-2-1] Payment processed: 43fb0a17-9fa4-4db6-a171-bff2a6e34637
api1-1       | [Worker API-1-15] Payment processed: e5335592-2f87-4312-a21d-f294bcb3cdab
api2-1       | [Worker API-2-14] Payment processed: 0dbd185f-0307-46b9-aad5-1277fcd8b437
api1-1       | [Worker API-1-9] Payment processed: 59a5dfcf-714d-498c-bcf2-3e92e05e27b5
api2-1       | [Worker API-2-7] Payment processed: 1fa87b44-7b21-4a17-aed3-fc70c151955e
api2-1       | [Worker API-2-3] Payment processed: 3f904082-1f3b-4fa4-8246-ab2f143fc0ad
api2-1       | [Worker API-2-10] Payment processed: f601e791-d896-460b-8780-38039697a760
api1-1       | [Worker API-1-15] Payment processed: 37882709-fdfe-47d9-9b2f-1d194b33390f
api1-1       | [Worker API-1-9] Payment processed: b8ed99c4-52eb-4f0d-85b2-c93b030700a5
api2-1       | [Worker API-2-4] Payment processed: fc6feedc-0573-404b-a736-db0946765fe7
api2-1       | [Worker API-2-1] Payment processed: 0f810900-6c21-4da1-9360-76d1beae24c6
api1-1       | [Worker API-1-15] Payment processed: adfaa5ca-184f-4e16-aabb-d82fe9ed6fe9
api2-1       | [Worker API-2-7] Payment processed: defe2eeb-26a4-400e-bf28-9f5890c6279c
api2-1       | [Worker API-2-10] Payment processed: f77a5e55-a4f7-41c8-85bf-1b9a0fae2bc6
api2-1       | [Worker API-2-14] Payment processed: ae523c8f-a740-45f7-8170-0ebbbde3e688
api1-1       | [Worker API-1-9] Payment processed: 2c79fd7f-1548-4d9c-9550-95df6d7ffeca
api2-1       | [Worker API-2-3] Payment processed: c82220be-4722-4d09-84cd-63820b3afc8c
api2-1       | [Worker API-2-4] Payment processed: bb2e50c6-4eef-41f9-b36e-68eb402bb677
api2-1       | [Worker API-2-11] Payment processed: 73638271-69b7-4d90-8ff6-fe1898fb8b1b
api2-1       | [Worker API-2-9] Payment processed: 5ced6639-966f-4785-8b2b-7371f2992ea0
api1-1       | [Worker API-1-9] Payment processed: 408baf77-1684-4653-a944-11bdbdfc1192
api1-1       | [Worker API-1-15] Payment processed: df43efd4-6e66-4763-a54d-16f6de5347aa
api2-1       | [Worker API-2-10] Payment processed: 2d033e9a-4f06-4ebe-901f-97aedd430276
api2-1       | [Worker API-2-12] Payment processed: 9d2f73a0-d166-4214-97bf-79f98826eb7d
api2-1       | [Worker API-2-1] Payment processed: 97489027-4dd5-4cb8-baba-00cd04443050
api2-1       | [Worker API-2-14] Payment processed: 2bb27513-cc7e-45cf-9051-f67411a56d7d
api1-1       | [Worker API-1-9] Payment processed: 12cefe48-d8f1-4e25-8f37-9239bf16f2ee
api1-1       | [Worker API-1-15] Payment processed: 5e56622f-2f30-4909-b62d-2c6dc15ef994
api2-1       | [Worker API-2-7] Payment processed: 795a13fd-92ea-4f6a-9fed-a350f164e7d4
api2-1       | [Worker API-2-9] Payment processed: 9c28c8d5-ca97-4a69-89c4-c0ce6d09e1cb
api2-1       | [Worker API-2-3] Payment processed: 56bb6dae-2b02-4d18-827c-58e00f2c3bec
api2-1       | [Worker API-2-11] Payment processed: 757715c7-bf7e-4af1-81c3-efaf5e9ddf7a
api2-1       | [Worker API-2-10] Payment processed: 7c8e1710-9331-4c28-97a6-0be4f7bdb704
api2-1       | [Worker API-2-12] Payment processed: bea61000-e4e3-4eef-856c-3309514dd732
api2-1       | [Worker API-2-14] Payment processed: 81e2ac37-f254-47cf-b62a-917b848c15a2
api2-1       | [Worker API-2-4] Payment processed: 7824b88e-7949-46aa-999d-5856e0833831
api2-1       | [Worker API-2-1] Payment processed: 50dfc7ad-866d-47b8-8e6b-e636cda301ff
api1-1       | [Worker API-1-9] Payment processed: 73a2c964-511c-45c1-b3d5-0bd7c38e0f27
api1-1       | [Worker API-1-15] Payment processed: 101ca7aa-67f6-4c31-b1b0-b52a6155220d
api2-1       | [Worker API-2-7] Payment processed: d87d3b7e-d4f1-4322-9106-57ec9f86ecb2
api2-1       | [Worker API-2-4] Payment processed: c94a1086-b84c-4878-a68d-39c968956174
api2-1       | [Worker API-2-10] Payment processed: 8f9435ec-0955-4569-8645-96289d9d7c26
api2-1       | [Worker API-2-12] Payment processed: a7afdb99-8513-4cc2-a0d3-4c4dacfc1781
api2-1       | [Worker API-2-1] Payment processed: dc13a2c0-843d-4b20-879b-673b66c66041
api2-1       | [Worker API-2-11] Payment processed: 0af7a75f-b024-40c1-a29c-d20bcb61b428
api1-1       | [Worker API-1-15] Payment processed: 1b68e5be-049b-45e6-b7f2-6ef998e43f76
api2-1       | [Worker API-2-14] Payment processed: 58016007-94ea-46aa-ac6f-5350e113f2eb
api2-1       | [Worker API-2-3] Payment processed: af364ada-9ecc-4a35-a29d-71bb87d0ffcf
api1-1       | [Worker API-1-9] Payment processed: c75915e8-2d00-4ab3-8ad2-9ca7464dfa89
api2-1       | [Worker API-2-9] Payment processed: c9f9a9ec-949c-4a81-bd5b-12c0645de940
api1-1       | [Worker API-1-9] Payment processed: 71cd3d82-964d-4b1f-a493-745211a15cd0
api1-1       | [Worker API-1-15] Payment processed: 5b6db87e-dafa-4f49-aaa0-22f658da494b
api2-1       | [Worker API-2-11] Payment processed: 7d7a8005-434b-41bc-986a-092d19a4bcf8
api2-1       | [Worker API-2-3] Payment processed: 718ecd8b-1128-46f9-a138-48b8bff8fc45
api1-1       | [Worker API-1-9] Payment processed: f9579fcc-0a24-43da-9f03-3828d71ff745
api1-1       | [Worker API-1-15] Payment processed: 4accebb4-ec2c-464b-8318-159676c22455
api2-1       | [Worker API-2-7] Payment processed: 63291716-ca1e-4666-b37b-285a5131524a
api2-1       | [Worker API-2-9] Payment processed: 803089dc-4e24-4a5a-9def-f08a3b0ac3fb
api2-1       | [Worker API-2-4] Payment processed: b58e992b-9e93-41ce-bdfd-22a2422e165d
api2-1       | [Worker API-2-12] Payment processed: b751772a-608e-4d7a-8e2e-4fc1e0406055
api1-1       | [Worker API-1-15] Payment processed: 099bd710-403f-4a6a-9478-5801cf5daf49
api1-1       | [Worker API-1-9] Payment processed: b5345e86-8807-4860-9a08-c46a7dc9a233
api2-1       | [Worker API-2-1] Payment processed: df8e73dc-e75a-473a-a5c6-57fe379e0497
api2-1       | [Worker API-2-11] Payment processed: fcc936c4-2182-411f-9256-07268246dfb2
api2-1       | [Worker API-2-10] Payment processed: 1d628bdf-8e8b-4118-b2b0-591d7aee5d1a
api2-1       | [Worker API-2-14] Payment processed: 26a9bbab-d956-4edc-921e-36ccb3cdcd89
api2-1       | [Worker API-2-7] Payment processed: 2e216a6b-8cb4-4247-aa5b-d1df3232dd0f
api2-1       | [Worker API-2-3] Payment processed: 1e5fa5b8-9a40-472b-9c37-f9b87c5ab9da
api1-1       | [Worker API-1-9] Payment processed: 1ce449bd-29a7-416e-9f52-76b44582ef3c
api1-1       | [Worker API-1-15] Payment processed: e765ab4e-5cb7-4064-9064-c8605baf8e7e
api2-1       | [Worker API-2-11] Payment processed: ed00a898-bebe-477b-9401-e0c237004dfb
api2-1       | [Worker API-2-12] Payment processed: 3cfecfa9-ea27-45a9-8780-27d399f00c46
api2-1       | [Worker API-2-4] Payment processed: 5237c789-95b5-4f86-808a-4177844bbbf0
api2-1       | [Worker API-2-9] Payment processed: 25147959-5f55-40d3-bc24-2a22294a97c5
api1-1       | [Worker API-1-9] Payment processed: 44d974c9-48da-4d45-b2ff-cd017d44a5f2
api2-1       | [Worker API-2-14] Payment processed: 3eda88ea-c5c3-45be-b370-05498e83cac4
api2-1       | [Worker API-2-1] Payment processed: 2382cfd6-65fd-4323-adeb-f90b7bc895fb
api1-1       | [Worker API-1-15] Payment processed: 4c31898f-57f5-4d42-9478-3f62da232c26
api2-1       | [Worker API-2-10] Payment processed: 73750cc9-9e2f-4345-b0de-92ae201c0938
api1-1       | [Worker API-1-9] Payment processed: 9bda031f-630f-403e-a3b0-ccad4740687a
api2-1       | [Worker API-2-11] Payment processed: a56661ca-ce18-4dad-8cda-bc393f39d494
api2-1       | [Worker API-2-14] Payment processed: 8e31be5e-1e20-4dd6-b93c-09bef5851162
api2-1       | [Worker API-2-3] Payment processed: 6932ff80-a8d8-417d-9234-609055db57a3
api2-1       | [Worker API-2-4] Payment processed: 1bd8c628-4022-486e-87c9-22ab1732f0c2
api2-1       | [Worker API-2-7] Payment processed: 8bcf9922-915a-47ce-b3ae-373c54975eb1
api2-1       | [Worker API-2-9] Payment processed: c083f211-b036-40bd-82f9-27663c9d03c8
api2-1       | [Worker API-2-12] Payment processed: 1ff90ce7-1f2a-4fc5-865c-94b6c695972a
api1-1       | [Worker API-1-15] Payment processed: 5d91c7a4-fa85-416d-b76e-810695b95faa
api1-1       | [Worker API-1-9] Payment processed: 75b6d0cf-8ce6-402c-98d1-ad2b3159c868
api2-1       | [Worker API-2-10] Payment processed: 47a2401e-fafc-4f28-b448-e7ba65345e2d
api2-1       | [Worker API-2-1] Payment processed: 980868a2-3e4f-402e-af67-67601b345790
api2-1       | [Worker API-2-11] Payment processed: 2378875b-4fa8-418b-bc6e-5e09fbeb5270
api1-1       | [Worker API-1-3] Payment processed: 695cff30-22c9-49f8-b199-5565f69a3767
api2-1       | [Worker API-2-15] Payment processed: 3965388b-d6f2-4d07-83db-ce7c13492dc8
api2-1       | [Worker API-2-0] Payment processed: 500a9d8f-543a-443b-90ea-750e1e03b5c3
api2-1       | [Worker API-2-2] Payment processed: 3509bcb2-577a-4a16-bc14-368fc0b75aae
api2-1       | [Worker API-2-8] Payment processed: 08393d14-7f66-421b-9b64-4e1a4a901e3b
api1-1       | [Worker API-1-14] Payment processed: 9dbf1042-13ce-474b-af08-7e4788bb44a7
api1-1       | [Worker API-1-4] Payment processed: 553a03f2-e404-45ab-8e46-bf90fc7e90cb
api1-1       | [Worker API-1-3] Payment processed: 1ddc424a-440d-44a3-87ee-ce6e6c82a554
api1-1       | [Worker API-1-12] Payment processed: 601c8148-fe50-4032-8dd0-9a17a61a5d60
api1-1       | [Worker API-1-10] Payment processed: d260ce52-8240-4ba8-9526-8ad9718c4d6e
api1-1       | [Worker API-1-11] Payment processed: 82584697-a0f8-46c2-a98b-7bc052b12a7b
api1-1       | [Worker API-1-7] Payment processed: f156d548-37af-4e2f-b597-3a2b6bd87ea4
api1-1       | [Worker API-1-6] Payment processed: acb8aefd-a4b6-4d33-ac36-162d989b8b33
api1-1       | [Worker API-1-1] Payment processed: 36583f96-7775-48a5-be22-5e49b71b71ff
api1-1       | [Worker API-1-13] Payment processed: f7ffe7d0-0082-45bb-aa71-fd024eeadedf
api2-1       | [Worker API-2-6] Payment processed: 1b17919e-2356-4511-8e42-96607cefa970
api2-1       | [Worker API-2-15] Payment processed: 7e76315b-e663-4900-bbf9-b83b85017549
api2-1       | [Worker API-2-0] Payment processed: 4752d606-b1e4-4298-b5c9-2969db2e3393
api2-1       | [Worker API-2-8] Payment processed: c91e5395-1b4d-4451-8da4-aee64194878b
api2-1       | [Worker API-2-2] Payment processed: e3d846b2-f468-49f7-8b81-2b46a770b52c
api2-1       | [Worker API-2-5] Payment processed: f0581ed0-15c7-4a32-ba76-99b41b72e412
api1-1       | [Worker API-1-8] Payment processed: c9c4a864-970a-4b39-bf59-9c245aec2b58
api1-1       | [Worker API-1-0] Payment processed: 74091b2a-919b-4a3f-9c14-498e0f939e35
api1-1       | [Worker API-1-3] Payment processed: 5ffc7e97-40fd-413e-b1b9-c9c4b1e427ae
api1-1       | [Worker API-1-5] Payment processed: 3ca4d89a-e062-4ba7-bed6-c0938dda996a
api1-1       | [Worker API-1-4] Payment processed: a5ed1eda-a527-4b3c-a6f3-b5a50703752f
api1-1       | [Worker API-1-14] Payment processed: 0e7e4e9f-0d57-409a-9dfe-c2b952ff37d6
api1-1       | [Worker API-1-2] Payment processed: acd98b4e-b949-4eb7-a980-acc9b4148753
api2-1       | [Worker API-2-13] Payment processed: 49eeb6de-234a-4b0f-a748-23bb7926f1eb
api1-1       | [Worker API-1-11] Payment processed: 3ed8b673-d270-47e9-a1a0-6b30cd2d81d1
api2-1       | [Worker API-2-15] Payment processed: de0819d4-696e-468f-bd18-b94264297b3c
api2-1       | [Worker API-2-8] Payment processed: 001b554d-aef1-426b-bf54-09157feeb839
api2-1       | [Worker API-2-6] Payment processed: cd8c7b7a-1ff8-4963-aa98-c24af38eddb7
api1-1       | [Worker API-1-6] Payment processed: c01d6321-2900-459c-afa5-fd543aeb4854
api1-1       | [Worker API-1-13] Payment processed: 861acd2c-5ad0-43fa-87e0-174c259fc7f9
api1-1       | [Worker API-1-7] Payment processed: f23cb889-988d-4981-82a4-8acdc7b1667f
api2-1       | [Worker API-2-13] Payment processed: 0b5416e3-03e9-4036-8228-49cf48f1b32d
api1-1       | [Worker API-1-8] Payment processed: 311959b1-d673-458c-9250-5b50ba63d1e9
api1-1       | [Worker API-1-3] Payment processed: c4dd1025-b8fb-4779-a506-7579c0d8af60
api1-1       | [Worker API-1-5] Payment processed: 461a72cb-f960-4bcc-b2fe-3abe88b05bc2
api1-1       | [Worker API-1-10] Payment processed: 33e5e9cb-11ac-4a42-be1d-dcb44506e610
api1-1       | [Worker API-1-12] Payment processed: b280041f-aaf6-481c-acf2-8fa5a1561a0b
api2-1       | [Worker API-2-2] Payment processed: 7c492908-0d6b-4f2a-8d87-10af918eaf58
api2-1       | [Worker API-2-5] Payment processed: e4a9b523-4c89-4b48-8452-25c7d5d8d60f
api2-1       | [Worker API-2-0] Payment processed: 0b9da1eb-578b-4957-9ee3-0c59d16d4101
api1-1       | [Worker API-1-1] Payment processed: 9674523c-2f6c-48fc-9ebf-07870e299796
api1-1       | [Worker API-1-14] Payment processed: 400155df-a46a-4f18-b2c2-3f6133a9e27d
api1-1       | [Worker API-1-0] Payment processed: 04f697ed-22af-456e-9b5e-dd4c7540015b
api1-1       | [Worker API-1-2] Payment processed: 8ec821a4-a886-4a4c-9a0f-24368794f9a1
api1-1       | [Worker API-1-4] Payment processed: 9a124bad-cecf-491d-a2f2-64380c322b77
api1-1       | [Worker API-1-11] Payment processed: 1dd4d24e-15d6-4910-91ab-9cfd5842d2fc
api2-1       | [Worker API-2-6] Payment processed: bd293f52-563b-41da-8f22-bba06e8e898d
api2-1       | [Worker API-2-8] Payment processed: 0dfbaf75-d4b5-4fa7-957f-33304b37488e
api1-1       | [Worker API-1-0] Payment processed: 2a478172-3085-46e4-89f6-6ebd8bc11e7a
api1-1       | [Worker API-1-3] Payment processed: babd73d0-f064-4b1e-8391-dbf024e4d891
api1-1       | [Worker API-1-10] Payment processed: fbdc916f-3ca9-4735-bcdc-e47d5c19a80a
api1-1       | [Worker API-1-4] Payment processed: c6eee79a-a66d-4dc2-b1bc-49ab0b2ac3c2
api1-1       | [Worker API-1-6] Payment processed: b4db6f92-4b8c-4d18-a581-01728549283c
api1-1       | [Worker API-1-11] Payment processed: 49eb2c43-094e-4b4c-a758-92cf8b89a887
