api2-1       | [Worker API-2-7] Payment processed: 2f1c7614-2fd4-4e53-98c4-4c883e450163
api2-1       | [Worker API-2-11] Payment processed: 8cf9bda5-8928-4d88-a0e0-1227c8121221
api2-1       | [Worker API-2-14] Payment processed: 4ca6088a-5ea4-467f-a15f-e963d7415646
api1-1       | [Worker API-1-15] Payment processed: 0645f283-581e-4bdb-ae8f-04bcb11dc97a
api2-1       | [Worker API-2-10] Payment processed: b3042c04-a059-4343-a596-89fb931509c6
api2-1       | [Worker API-2-1] Payment processed: af66fb04-eda3-400c-ad8f-5b57c015a9cc
api2-1       | [Worker API-2-4] Payment processed: 1ab579da-707b-4428-83e6-2f2479dce8e6
api2-1       | [Worker API-2-7] Payment processed: e9449cd7-d69a-45a7-9b61-f6df4a0aac4f
api2-1       | [Worker API-2-9] Payment processed: dadf2a91-e7f9-45d6-8112-fb39e552723d
api2-1       | [Worker API-2-11] Payment processed: d671eccc-8ef5-40af-865c-457d3a2cb360
api1-1       | [Worker API-1-15] Payment processed: 42cf80a7-6275-47b9-83a4-3763db0169ca
api2-1       | [Worker API-2-12] Payment processed: 8b2ffc2e-b405-44f1-8972-1bb5bdb6b259
api2-1       | [Worker API-2-14] Payment processed: 1e5adfee-7856-4063-ab79-b053b1ab7791
api2-1       | [Worker API-2-1] Payment processed: 9a79c114-bd5d-4853-8396-68a254162aba
api2-1       | [Worker API-2-10] Payment processed: 48e2eade-7263-4fa5-b1b3-5220df9579e9
api2-1       | [Worker API-2-7] Payment processed: 3d061479-4d5e-44da-b5ff-74409afeaaaa
api2-1       | [Worker API-2-4] Payment processed: cd3e43ca-d3d8-42b1-b90b-4b04608abbca
api1-1       | [Worker API-1-15] Payment processed: acb895b0-af0f-4d88-8196-2fe1b4b841b2
api2-1       | [Worker API-2-9] Payment processed: 9c396d54-e9ae-4a56-ab77-fd0d07cce923
api2-1       | [Worker API-2-12] Payment processed: 998b2f4e-30c7-4ef9-896c-10ac53962701
api2-1       | [Worker API-2-14] Payment processed: 7925f49e-1557-4da5-a8b8-bce6cd74181d
api2-1       | [Worker API-2-3] Payment processed: 0a1cbee0-7fff-46e7-8cb2-9f1cf0b058d1
api2-1       | [Worker API-2-11] Payment processed: 04407319-efcc-43b8-bfc5-cc3ef8d20057
api2-1       | [Worker API-2-1] Payment processed: 0985642b-2cf4-40f3-b572-99b1ab575808
api1-1       | [Worker API-1-4] Payment processed: 651b65a6-060f-4417-ac3a-490a9320f90f
api1-1       | [Worker API-1-0] Payment processed: c01daf7c-0fdc-4d5d-8bbf-3495933655ea
api1-1       | [Worker API-1-14] Payment processed: 0aa5f440-d41c-413b-975a-ec4fa76746f0
api1-1       | [Worker API-1-5] Payment processed: 895e00e9-1730-4c9d-a142-5183d4d0c70f
api2-1       | [Worker API-2-13] Payment processed: 962df909-6402-4b84-aa35-df9384190de8
api1-1       | [Worker API-1-12] Payment processed: e3dac4ce-d7c6-4946-aed7-7033c53ad427
api1-1       | [Worker API-1-2] Payment processed: bb074332-e373-47cc-bc6e-ab2ef912bf1d
api1-1       | [Worker API-1-11] Payment processed: 1adeda96-9127-462d-93f2-af263f6af70b
api1-1       | [Worker API-1-13] Payment processed: e345b44d-d065-4691-bbf6-8cfed977c305
api2-1       | [Worker API-2-2] Payment processed: b02091ca-622e-4dc6-8261-f2a4bd2ace38
api2-1       | [Worker API-2-15] Payment processed: e650f80b-3cce-4c77-a9ad-8d1c8dee2c96
api2-1       | [Worker API-2-8] Payment processed: 49e86778-c826-42b9-b01e-7ac20c4e6fe3
api1-1       | [Worker API-1-14] Payment processed: ee162f2e-6137-4d1e-aa24-50eb77bfab07
api1-1       | [Worker API-1-4] Payment processed: ac64c24f-be2e-4548-bcca-b6567f41a6ae
api1-1       | [Worker API-1-5] Payment processed: 4cef3b8c-5b03-4a9a-8b4a-298e17e1f03e
api1-1       | [Worker API-1-13] Payment processed: c9076e0d-2b2c-4e90-b140-f265f9d6d798
api1-1       | [Worker API-1-0] Payment processed: f073c3a5-ca44-4e7f-b237-e22b6d9d9837
api1-1       | [Worker API-1-12] Payment processed: 9f647d96-2198-41a6-86de-9a3b84697f84
api2-1       | [Worker API-2-8] Payment processed: 34f0ca3f-809a-4e92-9d8c-1b0ca57555b0
api2-1       | [Worker API-2-13] Payment processed: 35348d33-66a3-4c30-9fd6-03ea5adeb235
api2-1       | [Worker API-2-2] Payment processed: ad5b5524-12d9-4314-b28f-829f405f92ca
api1-1       | [Worker API-1-11] Payment processed: 3217fea8-4c44-434a-927f-30df580ad07e
api1-1       | [Worker API-1-2] Payment processed: fc7fc6a9-1924-40af-8cad-8f9cb7c327db
api2-1       | [Worker API-2-15] Payment processed: d63a13ca-f6dc-4601-b0ad-0f10740a073b
api2-1       | [Worker API-2-8] Payment processed: 575d6e21-3b20-4b68-a530-a56270f90981
api1-1       | [Worker API-1-13] Payment processed: 8ca9525c-d589-41bf-b1e9-4de75964af78
api1-1       | [Worker API-1-12] Payment processed: 8f323c33-a23e-44e3-bdbe-764736cacf98
api1-1       | [Worker API-1-5] Payment processed: eda3cdaf-5d01-4493-ad0a-957e5954b6a1
api2-1       | [Worker API-2-13] Payment processed: e5a8afe6-37ca-408d-957b-351f4a5bd436
api2-1       | [Worker API-2-2] Payment processed: c57b9d10-f4f5-47e4-92b1-e08a5d56ac5f
api2-1       | [Worker API-2-15] Payment processed: 62011421-5c3d-44ba-9d19-7d3df4928f61
api1-1       | [Worker API-1-2] Payment processed: 1a5f5362-3e69-422f-bfd6-712f19f81637
api1-1       | [Worker API-1-14] Payment processed: c3635841-0b73-44a8-bc08-a4dfc98721a9
api1-1       | [Worker API-1-4] Payment processed: cbed0391-186e-4b7b-873b-8dbff2ae811a
api1-1       | [Worker API-1-11] Payment processed: b9db911c-7bb9-44c8-ab74-94f135de75bb
api1-1       | [Worker API-1-0] Payment processed: 1fc39d94-d1f9-4252-bfc6-69421c4ca066
api1-1       | [Worker API-1-13] Payment processed: 06eaae71-e38b-4121-b500-21b72c3b0be7
api1-1       | [Worker API-1-14] Payment processed: ff14715c-ec5f-4e39-8265-82ecc280506a
api2-1       | [Worker API-2-15] Payment processed: d8590989-aefb-4a2a-94ab-c2a6c2ff8fb3
api2-1       | [Worker API-2-8] Payment processed: ed8ddeb8-6fb2-44f8-9292-5ca84f9a93f0
api2-1       | [Worker API-2-13] Payment processed: 9a9c8695-3ce4-4766-9203-72cfedfd929c
api2-1       | [Worker API-2-2] Payment processed: 83d214fc-7a6f-46f1-8f89-db14f7d59fda
api1-1       | [Worker API-1-4] Payment processed: ad5fda31-cf84-4d58-a887-ef2c9352506e
api1-1       | [Worker API-1-11] Payment processed: d1af3ffe-5c79-4dc9-9934-7f44b3f74ed4
api1-1       | [Worker API-1-0] Payment processed: 44a7c111-abdd-449f-8eed-e62c36c8ee1a
api1-1       | [Worker API-1-12] Payment processed: 0e421b82-5ba3-4f0e-be7d-a5803fa3ae15
api1-1       | [Worker API-1-2] Payment processed: 86f25dc9-33d1-4405-a4d4-675153dde52a
api1-1       | [Worker API-1-5] Payment processed: 38ed740a-c307-4420-a372-a69a0342fc60
api1-1       | [Worker API-1-14] Payment processed: c1a14250-02b0-4042-8191-1900e09c4ca3
api1-1       | [Worker API-1-13] Payment processed: 6f8bf400-97cd-4e35-bc5a-313b002d41df
api1-1       | [Worker API-1-11] Payment processed: dfa865fe-0886-49d9-b47f-07460cb28e4e
api1-1       | [Worker API-1-4] Payment processed: ab6d1775-f022-42e0-b5c1-47e1553d1990
api2-1       | [Worker API-2-15] Payment processed: 566974fc-33b9-4929-8eb2-3a650597a126
api2-1       | [Worker API-2-8] Payment processed: 489b416e-3d22-463d-9464-5c743dc641c7
api1-1       | [Worker API-1-0] Payment processed: 2151e9fb-0e00-4ab8-9494-1ebe13f28919
api2-1       | [Worker API-2-0] Payment processed: 023ffdbc-02ac-46d9-83dc-7cbba50fa680
api2-1       | [Worker API-2-6] Payment processed: 8ba162ca-0807-430a-b95d-f9769168bc1f
api1-1       | [Worker API-1-10] Payment processed: 3ce605b2-c0de-44d3-b7f1-adf77adc3aac
api1-1       | [Worker API-1-10] Payment processed: dcfe1c35-7d75-44a8-8bf2-73d602fbb01f
api2-1       | [Worker API-2-6] Payment processed: 3b6bcb16-ec8b-4eb5-8246-81ea7111bd15
api2-1       | [Worker API-2-0] Payment processed: bb13ea4e-1a5a-4bd7-8ffe-5f9b57681d42
api1-1       | [Worker API-1-10] Payment processed: de0dac53-755c-4898-a013-7eb854313527
api1-1       | [Worker API-1-9] Payment processed: 072038fa-117c-40bc-9fe6-4e443db36787
api1-1       | [Worker API-1-9] Payment processed: 7cb76bee-6535-4cc5-9621-87a6970b2a5c
api1-1       | [Worker API-1-9] Payment processed: 06ab6a79-80f4-43f5-afb1-6c542c399b02
api1-1       | [Worker API-1-9] Payment processed: 011fe0dc-81b2-4c2a-b1bd-e04376980c4a
api1-1       | [Worker API-1-9] Payment processed: a1706bc4-f91c-497e-951e-36679286145f
api1-1       | [Worker API-1-9] Payment processed: 5cde75a8-a690-4225-bbf8-ce8a1b691966
api1-1       | [Worker API-1-9] Payment processed: 3cffcd11-6ec0-418b-b8ed-7c59f989697d
api1-1       | [Worker API-1-9] Payment processed: c99eff7a-b91f-44fd-9365-91e7244b5bae
api1-1       | [Worker API-1-9] Payment processed: 11962cce-8498-4fef-a195-c9ffd8c3894a
api1-1       | [Worker API-1-9] Payment processed: 3c532244-6f6a-4eec-981b-a35fcb3ed47f
api1-1       | [Worker API-1-9] Payment processed: 2d83e9e7-5b88-440e-851d-c80378534046
api1-1       | [Worker API-1-9] Payment processed: bad58979-782d-48a6-b860-73dbcda92019
api1-1       | [Worker API-1-9] Payment processed: 2b5ef325-ca97-4681-bf9e-26d2db3a9c35
api1-1       | [Worker API-1-9] Payment processed: 9c9a384f-5a3c-4df9-99f4-a4d3d06f4324
api1-1       | [Worker API-1-9] Payment processed: ed613840-f1b1-4bf7-89a4-2b4e3a10e619
api1-1       | [Worker API-1-9] Payment processed: 0097a729-b296-4f26-b965-34fa186203ad
api1-1       | [Worker API-1-9] Payment processed: 7dd92784-791f-404e-9940-45ccfede0000
api1-1       | [Worker API-1-9] Payment processed: a621b4bc-7cc0-4bfd-b7f1-752fe0441ae9
api1-1       | [Worker API-1-9] Payment processed: 202da878-7770-4050-9c6f-84c2ac744057
api1-1       | [Worker API-1-9] Payment processed: 21c4c583-3eba-4ac5-95d6-4c39c2aee781
api1-1       | [Worker API-1-9] Payment processed: 460600a9-ff2d-449f-8fcb-a67dbd3e2db6
api1-1       | [Worker API-1-9] Payment processed: 58005059-8eab-4474-89e3-9446b171b8a7
api2-1       | [Worker API-2-4] Payment processed: bfe798be-6e95-47dd-b65f-b6358e759de2
api2-1       | [Worker API-2-7] Payment processed: d1b49f48-4eab-4187-b736-8551ab67e5c6
api2-1       | [Worker API-2-10] Payment processed: aa4e7899-b61d-4a91-a7e4-241337bd3963
api2-1       | [Worker API-2-14] Payment processed: 89a38e76-7d57-4d6d-af10-a07fd5ef030a
api2-1       | [Worker API-2-3] Payment processed: 6a034704-ccf0-4709-8191-6889c4d7d151
api1-1       | [Worker API-1-15] Payment processed: 7ed1f740-a68f-42a3-929f-a82181d83974
api2-1       | [Worker API-2-12] Payment processed: a75da74b-8cee-4409-9d01-e582b434dce8
api2-1       | [Worker API-2-4] Payment processed: e75bb68f-45ff-4ed0-9297-838ce3135ab1
api2-1       | [Worker API-2-9] Payment processed: 64218b80-6cb6-401d-8abe-c4c991639170
api2-1       | [Worker API-2-1] Payment processed: f8313460-2a4f-48dd-83af-f1e98ec5ae63
api2-1       | [Worker API-2-11] Payment processed: bbd1d47c-4f0a-4a76-80a5-1d7b1e43a7f5
api2-1       | [Worker API-2-3] Payment processed: 2369c561-47e9-4231-8a45-72f28bb2115d
api2-1       | [Worker API-2-14] Payment processed: 700ec2ef-8690-46ff-98c7-a4eb5718a4ba
api2-1       | [Worker API-2-7] Payment processed: 25427cc3-03f4-4060-a038-31a4d9eb7ef5
api1-1       | [Worker API-1-15] Payment processed: f631cf6e-bc25-48b2-b13d-28cc2118b3aa
api2-1       | [Worker API-2-10] Payment processed: d44b9185-3eb5-480d-8010-8d3a2583596b
api2-1       | [Worker API-2-4] Payment processed: 7e89aa5c-fc13-4890-bd6c-d5a5a522b7c2
api2-1       | [Worker API-2-9] Payment processed: f9946fa4-283d-43f3-9b60-b0646b942716
api2-1       | [Worker API-2-12] Payment processed: 137a4de5-96bd-4b6f-86a4-defcc6e7ef65
api2-1       | [Worker API-2-1] Payment processed: ab1b26a2-b0df-48f9-88c7-1ec6d8c7b04e
api1-1       | [Worker API-1-15] Payment processed: 3e1ec9c7-8608-41e0-b8e1-258a613ed6e2
api2-1       | [Worker API-2-3] Payment processed: 9e0ba112-fd5e-4175-bc68-0311c0b56ea7
api2-1       | [Worker API-2-11] Payment processed: 2ec5431a-56f6-4957-80c3-3793f8c66145
api2-1       | [Worker API-2-10] Payment processed: bbaa671f-17a2-4383-ad19-3beb0b4dce52
api2-1       | [Worker API-2-14] Payment processed: 47683306-d143-4247-8fae-1fe75336fd03
api2-1       | [Worker API-2-7] Payment processed: 200c98e9-124f-446c-a607-db56016fed99
api1-1       | [Worker API-1-15] Payment processed: 6bde7feb-a70c-47d9-80d3-aecbe8e4cf9e
api2-1       | [Worker API-2-3] Payment processed: fc01aeec-aafc-443b-93cf-a28c8db75422
api2-1       | [Worker API-2-1] Payment processed: 2ddaa41d-d0a5-4ae7-9574-d620b7edefc6
api2-1       | [Worker API-2-4] Payment processed: 494521e2-43f3-4168-9e0e-ed90c40eb5e4
api2-1       | [Worker API-2-9] Payment processed: 6251b62b-c904-48a8-82bb-51b73ff11321
api2-1       | [Worker API-2-12] Payment processed: 81c8825c-6543-4960-bacf-2f13e260ca16
api2-1       | [Worker API-2-11] Payment processed: ced7ff4f-70c5-48f2-b169-221cf09ebc1b
api1-1       | [Worker API-1-15] Payment processed: 5d7b2bb0-7d89-487c-9886-44a904833e49
api2-1       | [Worker API-2-1] Payment processed: 531ce520-f4b9-4d29-b73d-eb4a44bf6262
api2-1       | [Worker API-2-4] Payment processed: c14e924c-e37c-4b20-9ae3-a893a919cacc
api2-1       | [Worker API-2-9] Payment processed: 599986e2-2845-4cd6-a8f4-c5b4f9fe094a
api2-1       | [Worker API-2-11] Payment processed: 7a79b665-dac3-4dd8-8383-33d7d3498787
api2-1       | [Worker API-2-12] Payment processed: 0a59999f-08c0-47df-be4f-a0044c421c2c
api2-1       | [Worker API-2-14] Payment processed: 36be7afe-9caa-44fb-b029-1a7b4378b3c3
api2-1       | [Worker API-2-10] Payment processed: 68d08fcb-290d-408e-90ac-0572dacd5cb2
api2-1       | [Worker API-2-7] Payment processed: d6b9e44e-7e95-44df-bc8e-e39a01fbc9d4
api1-1       | [Worker API-1-15] Payment processed: c48a28a4-9853-4381-b397-131dec84e65a
api2-1       | [Worker API-2-1] Payment processed: 614d799a-6d4e-44d3-9992-188758c71f40
api2-1       | [Worker API-2-14] Payment processed: 4170e3d3-aced-4b98-b5f2-16534d583137
api2-1       | [Worker API-2-10] Payment processed: 90c272aa-6458-4075-a799-208692b321e5
api2-1       | [Worker API-2-4] Payment processed: 535a4f5b-5da4-46e9-9542-a42910773c5f
api2-1       | [Worker API-2-11] Payment processed: 88e16d68-b05b-4d86-8a5f-ea7a7b3ae173
api2-1       | [Worker API-2-7] Payment processed: 2a9afdb5-bfcd-4ddd-9d08-2a3f7682a6ce
api2-1       | [Worker API-2-9] Payment processed: 7c8a8a9b-f0eb-41df-ab67-3c282763ad8c
api2-1       | [Worker API-2-12] Payment processed: 9fa62195-718a-4bce-ad98-1018dbe259cc
api1-1       | [Worker API-1-15] Payment processed: 41690109-113a-4b34-a73a-632828d7bdf9
api1-1       | [Worker API-1-15] Payment processed: 590f2477-5c35-4bf3-ade4-ec0f991d9a6c
api2-1       | [Worker API-2-3] Payment processed: 021d11a9-a7fd-4442-b81b-0059a42a8631
api2-1       | [Worker API-2-7] Payment processed: f1589141-9cab-418f-afeb-f7ac80c82247
api2-1       | [Worker API-2-1] Payment processed: 8354d021-007f-40ad-aac2-e26b647f052f
api2-1       | [Worker API-2-14] Payment processed: 274aeac8-4056-4dec-9cb1-245f2448671e
api2-1       | [Worker API-2-10] Payment processed: 9eee01e5-7b46-45f6-8f12-f379ff521bb5
api2-1       | [Worker API-2-9] Payment processed: 7e0561d7-b2c5-4945-bda6-95faa8a88924
api2-1       | [Worker API-2-11] Payment processed: d1662d60-227a-473d-8900-40c0cd9f47f2
api2-1       | [Worker API-2-12] Payment processed: 55cedf1a-db89-4f0a-a0dc-4c0a839b0e55
api2-1       | [Worker API-2-4] Payment processed: 3a4e00e0-c412-432d-b6b8-18415860c71c
api2-1       | [Worker API-2-13] Payment processed: 55536702-6c6f-4504-954a-03b600099eae
api1-1       | [Worker API-1-12] Payment processed: 6f94fedc-ad9f-47bc-85ac-1b460b7e16b7
api1-1       | [Worker API-1-14] Payment processed: 87933a05-7581-4368-b465-e2a1085f1953
api2-1       | [Worker API-2-2] Payment processed: b5f9743f-3be5-4f0a-8318-d3455ca8ed04
api1-1       | [Worker API-1-2] Payment processed: 85780cfb-bfc9-4345-9d27-b158dc73f5b4
api1-1       | [Worker API-1-11] Payment processed: a55b394d-a0dd-49cf-9cdd-1ced3c608bc7
api1-1       | [Worker API-1-5] Payment processed: c0c45184-92ef-498b-9526-03ab57c394b4
api1-1       | [Worker API-1-4] Payment processed: bb166eea-2839-490d-864e-05701314faac
api1-1       | [Worker API-1-13] Payment processed: 1c20a933-45e6-418a-b791-ad4453e654da
api1-1       | [Worker API-1-0] Payment processed: e30e4339-9d9f-49f5-b6f0-420497152af0
api1-1       | [Worker API-1-12] Payment processed: b6186309-9684-4356-b721-0b03277bf138
api1-1       | [Worker API-1-11] Payment processed: a92045bc-e286-4fd0-b23c-1638f26162af
api1-1       | [Worker API-1-13] Payment processed: c8b1e781-ec51-4c83-925f-10fe49f2f11f
api1-1       | [Worker API-1-14] Payment processed: 9a17dfa4-9110-4a99-9d05-515c62d47516
api1-1       | [Worker API-1-4] Payment processed: aef4a3f0-bc0f-4852-acd5-024f206d7d65
api1-1       | [Worker API-1-5] Payment processed: 9e710637-cf1e-4f40-928b-fd295d86bb2d
api1-1       | [Worker API-1-12] Payment processed: 35697acb-cb2e-47e2-8513-eb39e7dac71b
api2-1       | [Worker API-2-8] Payment processed: a2a29c27-3b3f-4275-a39f-60a5d52a7113
api2-1       | [Worker API-2-15] Payment processed: efe69284-5ac8-4af3-85c6-09c5e1ecb76f
api1-1       | [Worker API-1-2] Payment processed: 727e3532-ad52-483a-a700-85ada80cc1e4
api1-1       | [Worker API-1-0] Payment processed: 71b86499-1626-4ce3-a5f3-94cc2090fc36
api1-1       | [Worker API-1-11] Payment processed: 2a0b15e4-a8c7-4523-9caf-73a58cc594a3
api2-1       | [Worker API-2-2] Payment processed: a024c5a8-0d73-4bee-bdf4-6132530a5361
api2-1       | [Worker API-2-15] Payment processed: 113c0f6c-370e-4c3f-876d-606f4ec4231a
api2-1       | [Worker API-2-8] Payment processed: 41d7f8e0-e2ca-42d4-a2df-4edd6876f244
api1-1       | [Worker API-1-4] Payment processed: 533c20ab-b590-4a8c-a4b5-66c5063e0251
api1-1       | [Worker API-1-5] Payment processed: df9fa5d7-51d2-4b9d-8beb-464a718a7993
api1-1       | [Worker API-1-13] Payment processed: f5b491c7-9caf-4c90-9b23-05c2c172c6d2
api1-1       | [Worker API-1-14] Payment processed: 88d9cb96-2e86-4267-8b60-f08d327cba43
api2-1       | [Worker API-2-13] Payment processed: 462a1d60-c573-4819-8a23-1bac7a6444f1
api2-1       | [Worker API-2-15] Payment processed: 0ef3d3dd-5baa-41fe-9ad7-d82429d9ee5c
api2-1       | [Worker API-2-8] Payment processed: 35d80957-524b-4290-9953-c79f9626e880
api1-1       | [Worker API-1-11] Payment processed: 617e3190-cf93-4d05-b7dd-97b1a3d80b67
api1-1       | [Worker API-1-2] Payment processed: 7525d0cb-e6fe-484e-b6bd-139c7551d769
api1-1       | [Worker API-1-12] Payment processed: 466f724e-f737-47b3-a8db-7636b65b1975
api1-1       | [Worker API-1-0] Payment processed: 5940d82a-6364-4144-89e0-1880e16e143b
api2-1       | [Worker API-2-2] Payment processed: 453325c0-9817-4360-b42e-ea38ed738b57
api2-1       | [Worker API-2-8] Payment processed: 8abedf38-8187-41db-9dd9-3f751c621367
api2-1       | [Worker API-2-13] Payment processed: 25767c39-99fe-4d56-8d9b-1a51c7018749
api2-1       | [Worker API-2-15] Payment processed: 30aede24-091c-4d41-9224-0ca9488dbc66
api1-1       | [Worker API-1-5] Payment processed: 3fb16a4f-a348-4544-b1cf-ac92432fdbe2
api1-1       | [Worker API-1-4] Payment processed: 618ebe56-438e-4a35-82f3-0b48ed25812b
api2-1       | [Worker API-2-8] Payment processed: 427c9242-4d85-4517-bf55-e39a9f5811d2
api2-1       | [Worker API-2-2] Payment processed: 238cc589-88d6-4b67-903c-0aaad9d1bae9
api1-1       | [Worker API-1-13] Payment processed: be3f0f5f-7576-43aa-8b54-d168d11a7921
api1-1       | [Worker API-1-14] Payment processed: 3d2bb366-4c71-45a5-9df8-73fc955c58a5
api2-1       | [Worker API-2-15] Payment processed: 064e3ac8-dcb2-4142-a749-ec2e3ff98770
api1-1       | [Worker API-1-0] Payment processed: a3b58332-fd5b-47de-9bbd-dc72b75d1e68
api1-1       | [Worker API-1-2] Payment processed: 75852d94-efb6-4f9a-acbd-5c75e2c3019f
api1-1       | [Worker API-1-11] Payment processed: ba7c1bbc-a13f-44c9-8797-0c2139ab572c
api2-1       | [Worker API-2-13] Payment processed: bef56ced-f347-44c3-82bd-8e57b7c9f707
api1-1       | [Worker API-1-12] Payment processed: ca0ea633-f2e6-442d-ab50-c34f6a2cbdba
api1-1       | [Worker API-1-5] Payment processed: e436c3e7-3566-4619-a925-703d3baeb5df
api1-1       | [Worker API-1-13] Payment processed: 4409390e-c8eb-4641-9e2d-d9d477167187
api2-1       | [Worker API-2-8] Payment processed: 37af5700-bcc7-4c6d-9ae6-8fa6764bbb4a
api1-1       | [Worker API-1-14] Payment processed: f9c7b89d-e6de-41b6-b955-04de7ebd930f
api1-1       | [Worker API-1-11] Payment processed: 118d1883-682e-43d4-8584-6aef93394991
api1-1       | [Worker API-1-2] Payment processed: 0fba6805-9d51-489c-9620-30a801df837a
api1-1       | [Worker API-1-5] Payment processed: eb8a9ef0-c653-4480-adc7-d7d9722d2b6c
api1-1       | [Worker API-1-0] Payment processed: 277c9845-020b-4c8d-915b-a50bebe4fb7f
api1-1       | [Worker API-1-9] Payment processed: 00612d88-e81d-4c47-86fe-65ab1dfee210
api1-1       | [Worker API-1-9] Payment processed: 72eec96b-96a4-4446-8f75-6a678ba0d397
api1-1       | [Worker API-1-9] Payment processed: 6193a12a-ef71-4f84-8fe9-179f1d534b56
api1-1       | [Worker API-1-9] Payment processed: 9ca97dbb-c210-4e83-a160-8686f7ca7096
api1-1       | [Worker API-1-9] Payment processed: 841de6e3-8ae5-48b9-9fe1-aa726948d09f
api1-1       | [Worker API-1-9] Payment processed: 72d9627f-1ef8-49db-883c-549fc7e33ca2
api1-1       | [Worker API-1-9] Payment processed: bc2e73b1-9284-460e-aa22-453ba65cc9af
api1-1       | [Worker API-1-9] Payment processed: 9a704092-4b7a-4554-bf66-1dfb51f6cc80
api1-1       | [Worker API-1-9] Payment processed: 7dca47f2-eac6-4ed3-9586-735246328264
api1-1       | [Worker API-1-9] Payment processed: dd29bcc3-8aca-4968-aa30-f4b416ea84ea
api1-1       | [Worker API-1-9] Payment processed: bd2e9bf1-ed22-4f95-a747-5279bd0d7e5c
api1-1       | [Worker API-1-9] Payment processed: 1629a49e-72ba-48e8-9872-d58bc760254f
api1-1       | [Worker API-1-9] Payment processed: 41923d0f-c6a6-44a0-9fff-4726474c2e1a
api1-1       | [Worker API-1-9] Payment processed: 5807682b-bbf4-4436-bcb5-16df78aab5ca
api1-1       | [Worker API-1-9] Payment processed: 0e59ff76-905b-44de-971b-08d12c1517eb
api1-1       | [Worker API-1-9] Payment processed: 4de9a70c-bccc-4196-ab66-e7af3da7c9b4
api1-1       | [Worker API-1-9] Payment processed: 6e4c05cd-9c8d-457b-b839-a20f968dba1f
api1-1       | [Worker API-1-9] Payment processed: b236f150-7a63-4ce8-ab0f-ada8fc59d0ea
api1-1       | [Worker API-1-9] Payment processed: 1e797159-88c9-40fd-a1be-8c990c3d05fb
api1-1       | [Worker API-1-9] Payment processed: f074fb19-35f0-446f-ba6a-10e7f89afdcd
api1-1       | [Worker API-1-9] Payment processed: 74178d7c-1847-464d-8c69-d4994280390f
api1-1       | [Worker API-1-9] Payment processed: cea96046-3b0f-4be0-8690-08542294abbf
api1-1       | [Worker API-1-9] Payment processed: 4fc8cc7f-7f5d-415a-b9c5-22ffed611521
api1-1       | [Worker API-1-9] Payment processed: 64cd1615-c2e7-46c7-8266-238234b247bf
api1-1       | [Worker API-1-9] Payment processed: 9f31685f-201c-45c2-84a4-38b2f6092d4f
api1-1       | [Worker API-1-9] Payment processed: ead7ec8a-fbbf-4a84-9d5c-81eee3bfc953
api1-1       | [Worker API-1-9] Payment processed: 70a3a792-5316-4746-a400-49605d4f5130
api1-1       | [Worker API-1-9] Payment processed: e8355160-e05d-44d5-a5da-01947a4b68d4
api1-1       | [Worker API-1-9] Payment processed: 3bac8105-4852-435e-a65f-1df22785b37d
api1-1       | [Worker API-1-9] Payment processed: e0064dc7-345a-48ca-a7e8-589004283881
api1-1       | [Worker API-1-15] Payment processed: 5a8b3ba0-a6cc-40b9-9237-287ce9d4244f
api2-1       | [Worker API-2-3] Payment processed: 9dcd37a5-bbb5-47a1-beda-ef323eb44c13
api2-1       | [Worker API-2-3] Payment processed: ef09aa75-0ac2-49d5-8a24-d5f28b4e1682
api2-1       | [Worker API-2-7] Payment processed: 195018e2-f8b9-4cbe-aaa9-6d07ff7662f9
api2-1       | [Worker API-2-14] Payment processed: 8d75809d-9941-478e-9e32-58ca2169bc92
api2-1       | [Worker API-2-10] Payment processed: b08041db-fb0a-4380-a46b-1d5a17489156
api2-1       | [Worker API-2-1] Payment processed: a6d2da6a-49a6-4210-baee-ade42c4015a2
api1-1       | [Worker API-1-15] Payment processed: 2e815c69-d80d-4577-9c53-46cfc6412539
api2-1       | [Worker API-2-9] Payment processed: 1a2b4df6-f658-4371-a511-bc8f5f5cdcea
api1-1       | [Worker API-1-15] Payment processed: 20994b50-7c76-4a79-b43a-5db922df10dc
api2-1       | [Worker API-2-7] Payment processed: adfed578-ff99-49e4-add3-c9922b85d3a2
api2-1       | [Worker API-2-4] Payment processed: 7cd26d9a-2820-4645-93d0-0318bf8c3c0d
api2-1       | [Worker API-2-11] Payment processed: 73aa8b16-725b-4851-98f9-8618ccfa1eaa
api2-1       | [Worker API-2-12] Payment processed: 261a2667-4a43-41dc-abb2-599a0e23f1f5
api2-1       | [Worker API-2-14] Payment processed: 25cbdca8-4356-47a1-8035-1ab39b9e85be
api2-1       | [Worker API-2-1] Payment processed: 106edf04-1147-4abc-93de-93d6028b397b
api2-1       | [Worker API-2-10] Payment processed: 7d1b11d7-8377-49ab-9abc-42696ec2ab47
api2-1       | [Worker API-2-3] Payment processed: a028ceb4-88f2-426e-b4de-1682f0248530
api2-1       | [Worker API-2-9] Payment processed: e35ba595-8431-44d3-a99c-a4b0969efa08
api2-1       | [Worker API-2-11] Payment processed: c10301c0-6054-41a2-b892-177ea473021c
api2-1       | [Worker API-2-14] Payment processed: 6092ce55-d074-4111-b930-5155fd6662f4
api1-1       | [Worker API-1-15] Payment processed: 2514ce5b-a4fa-4c6c-8ce7-98f867981931
api2-1       | [Worker API-2-1] Payment processed: 7f8f5699-98d9-46d5-be49-9238cc3dadad
api2-1       | [Worker API-2-3] Payment processed: aa6da71d-0d0c-42c8-bb50-9c9b45e64bc3
api2-1       | [Worker API-2-4] Payment processed: c3102790-3f93-479e-aa47-591897b0347a
api2-1       | [Worker API-2-12] Payment processed: b2c2b70b-209b-4467-996b-2d00dc0b2bf2
api2-1       | [Worker API-2-7] Payment processed: 5821881f-12fd-4e68-9bde-afcc4c37d140
api2-1       | [Worker API-2-10] Payment processed: 42c40e3b-2462-4b4a-a4ce-bcb8974e78b7
api1-1       | [Worker API-1-15] Payment processed: 0c067537-1186-4b9b-8413-d1e6275e7ecc
api2-1       | [Worker API-2-9] Payment processed: e0ced412-e0ec-47e5-850c-c7407b9c6f52
api2-1       | [Worker API-2-7] Payment processed: 5f3cf2dc-b71f-42c8-8629-948a6a5a83df
api2-1       | [Worker API-2-1] Payment processed: 4e5c83d4-248c-462a-a890-c3b85f761af3
api2-1       | [Worker API-2-12] Payment processed: 9915a899-9a2b-477b-8ebc-21b9d6a49f43
api2-1       | [Worker API-2-4] Payment processed: 71ea0980-902f-427c-8b37-70ce3543378d
api2-1       | [Worker API-2-10] Payment processed: c5def45c-3522-4a85-963b-705c26cd84de
api1-1       | [Worker API-1-15] Payment processed: fc7e7502-5c35-4bc2-afb9-4c30f87de375
api2-1       | [Worker API-2-14] Payment processed: 56824409-ac69-43f5-ba1f-de9204d85732
api2-1       | [Worker API-2-11] Payment processed: c83fd34c-69e1-4136-bca1-ebfc2d300420
api2-1       | [Worker API-2-3] Payment processed: 94ec4e6f-dff2-4321-a93c-a066852993bf
api1-1       | [Worker API-1-15] Payment processed: a950b3d7-d1b8-4b3f-87c9-da370d87933b
api2-1       | [Worker API-2-10] Payment processed: 089bbafa-d7c8-44e4-812e-7781f4d76976
api2-1       | [Worker API-2-1] Payment processed: bc89991e-3727-460c-bbab-cb83d3d56770
api2-1       | [Worker API-2-14] Payment processed: f2568714-8636-4244-a5d1-03cc52018be8
api2-1       | [Worker API-2-4] Payment processed: 45ea7659-7bf7-4e90-b393-181cc99b10e7
api2-1       | [Worker API-2-11] Payment processed: e5e2746d-017e-40ce-8b25-8f0121e9fb3c
api2-1       | [Worker API-2-12] Payment processed: 222fd991-d9d0-40a0-8a68-d242abd8a56b
api2-1       | [Worker API-2-9] Payment processed: dd9f0f23-2953-402e-8aec-710b011c8d6a
api2-1       | [Worker API-2-7] Payment processed: 076793b5-77f7-4139-a3f0-2925bd1307b1
api2-1       | [Worker API-2-3] Payment processed: 92539b15-d82d-4a06-8bdd-a276a964e04d
api2-1       | [Worker API-2-10] Payment processed: 49ff735f-34ec-4c4a-b688-27c095163d36
api2-1       | [Worker API-2-4] Payment processed: c7d5c340-b934-41e2-9225-fbf6bb14e1b5
api2-1       | [Worker API-2-3] Payment processed: 6ba5bdca-0699-4184-90b2-8f23adf041bb
api2-1       | [Worker API-2-14] Payment processed: 5e30e554-4828-4a24-961f-e0a17d7f06ce
api2-1       | [Worker API-2-1] Payment processed: 98d4893b-dfe6-494b-86e0-5ccab83e03ad
api2-1       | [Worker API-2-12] Payment processed: 0d761a84-369f-4aac-a291-50f72c316be1
api2-1       | [Worker API-2-7] Payment processed: 971f9a17-1bc2-49a5-9afb-cbec76836c27
api2-1       | [Worker API-2-9] Payment processed: 67506830-9e36-438b-9410-4afb8ac506ca
api2-1       | [Worker API-2-11] Payment processed: 7eb27da3-b0ef-4491-960a-6c34db9bcbab
api1-1       | [Worker API-1-15] Payment processed: d7e4517a-e8f5-44b9-927b-4351c28e86ef
api2-1       | [Worker API-2-10] Payment processed: 5fe1c9e6-0af6-424f-9fd0-8609659cce35
api1-1       | [Worker API-1-4] Payment processed: 8718df02-fe0c-4b97-986c-b3c4eb9b245f
api2-1       | [Worker API-2-15] Payment processed: a93dee0b-bcd3-4b6b-913e-f3971f039d81
api2-1       | [Worker API-2-2] Payment processed: a63b3980-62bb-4b37-8935-52c96e97a0c8
api1-1       | [Worker API-1-4] Payment processed: 8af1c061-3dc9-45f9-9b9d-c22ebae72104
api1-1       | [Worker API-1-4] Payment processed: 11637420-5eca-4e9c-b1aa-327c0f4bf481
api2-1       | [Worker API-2-2] Payment processed: 2bf53483-50b1-42a2-bb53-021efc023f8f
api2-1       | [Worker API-2-15] Payment processed: 5c8554ed-0805-4bb4-b071-8069a5d8edea
api1-1       | [Worker API-1-4] Payment processed: eb921f3b-33d4-455d-a484-4f4d09833b79
api1-1       | [Worker API-1-14] Payment processed: 46494c85-553e-42b0-822c-04162a04f6c3
api1-1       | [Worker API-1-12] Payment processed: 5950caf8-d87f-4f8f-b594-d0aac19d8892
api2-1       | [Worker API-2-13] Payment processed: 1c39ff71-3f70-462e-b37b-ad3628852e75
api2-1       | [Worker API-2-8] Payment processed: b1150297-c555-4ed5-b0d5-f183b4a6a75d
api2-1       | [Worker API-2-15] Payment processed: 38eab7f6-ef4e-4df5-b0b9-5b2d8e701104
api2-1       | [Worker API-2-2] Payment processed: e8eefea3-e7e7-4dd4-952b-cb3a44870609
api2-1       | [Worker API-2-13] Payment processed: c39596d4-bcb2-46ef-9c36-cba0ea2eaffe
api2-1       | [Worker API-2-15] Payment processed: 0d04b5d4-eb83-4906-9a66-32052103f2cd
api1-1       | [Worker API-1-5] Payment processed: c31e8dec-a7f1-489d-a9a8-737c7d249a31
api2-1       | [Worker API-2-8] Payment processed: df2d8512-36fa-4f06-bc5f-2c97c426a474
api2-1       | [Worker API-2-2] Payment processed: e07fb1a0-8c5f-4b99-96d4-9b5c8dda91dd
api1-1       | [Worker API-1-12] Payment processed: a88ecb43-1ab0-43d8-9d38-fdbd5ff927f0
api1-1       | [Worker API-1-2] Payment processed: ca698f4e-ed59-4c82-8b98-b447025ab1a4
api1-1       | [Worker API-1-0] Payment processed: 2c725772-16a6-4ffb-9642-5340bfe83b1d
api1-1       | [Worker API-1-13] Payment processed: ca0e7cdd-309e-4603-9529-0d4d54765e74
api1-1       | [Worker API-1-4] Payment processed: 35d6534b-ea37-4660-9e1d-71e186bf19c6
api1-1       | [Worker API-1-11] Payment processed: f8cbd045-58c9-4cfd-b4b3-bb1193f84b54
api1-1       | [Worker API-1-14] Payment processed: 124db05b-7a91-41e4-ab8c-aeaf2abfdcca
api2-1       | [Worker API-2-8] Payment processed: e440deb8-b6c4-47fe-a462-1c65c6dd7acc
api2-1       | [Worker API-2-15] Payment processed: cde9539a-3719-4cd5-82ba-384f4498aacb
api2-1       | [Worker API-2-13] Payment processed: ce374d91-939f-4aa9-a78c-3a52b9f737b3
api2-1       | [Worker API-2-0] Payment processed: 5bb47b38-1887-43f8-a466-1be4e2e5c8eb
api2-1       | [Worker API-2-6] Payment processed: 45f61c01-5dfe-4026-8e8e-3cbe3b736cd9
api2-1       | [Worker API-2-2] Payment processed: 84ed78d2-f86d-432b-99da-7975acfbad9c
api2-1       | [Worker API-2-15] Payment processed: e7d70120-05c3-4fdd-88e3-fa476280b2a7
api2-1       | [Worker API-2-0] Payment processed: 7f44e543-83f2-4c1f-a385-703f1b339c9a
api2-1       | [Worker API-2-6] Payment processed: 261b8a8e-7b8e-4832-a3b8-bd902e803dcf
api2-1       | [Worker API-2-8] Payment processed: 45ba965c-796e-4533-952b-347b84581db2
api2-1       | [Worker API-2-5] Payment processed: 7a881bc8-a722-4f8d-bbc1-05891d412a73
api2-1       | [Worker API-2-13] Payment processed: 674e7a3c-b22d-4a37-ab09-cc9e5d874830
api1-1       | [Worker API-1-5] Payment processed: 0bb1b6c8-5cfd-48db-b51a-410ce027aca8
api1-1       | [Worker API-1-10] Payment processed: 54eb2387-6945-42e8-8c28-f8f7a66e3207
api1-1       | [Worker API-1-14] Payment processed: 968dc011-0936-44b2-b660-e37c48dd6e69
api1-1       | [Worker API-1-0] Payment processed: d30c5f23-f493-4fc3-8b73-73997cc7b380
api1-1       | [Worker API-1-11] Payment processed: 189960c0-9ab4-4fed-94e9-c2b04b0a6bc8
api2-1       | [Worker API-2-15] Payment processed: f370ea1f-e38d-494b-9053-6ee657c4da7e
api2-1       | [Worker API-2-13] Payment processed: 24be1ab7-0256-4e2d-833e-87481902efb8
api2-1       | [Worker API-2-0] Payment processed: 4e344c86-10bd-4aa6-a3d5-453db970c5e9
api2-1       | [Worker API-2-2] Payment processed: a623f856-a470-4799-9c23-74f318e7be27
api2-1       | [Worker API-2-6] Payment processed: 49d0c6d2-ae81-46ce-a2c7-3ad7f1ea422c
api1-1       | [Worker API-1-12] Payment processed: 107810fd-2da8-420f-8630-a5a2fbcf9ec4
api1-1       | [Worker API-1-4] Payment processed: e7b4b4ff-358f-4980-9248-e97668a4af38
api1-1       | [Worker API-1-13] Payment processed: 1186e954-19f8-4eac-a17b-a2a9c8e1c637
api2-1       | [Worker API-2-5] Payment processed: c79e07a1-ecab-40b1-9c50-e8440ebee071
api2-1       | [Worker API-2-8] Payment processed: d0b5ca72-f4af-4707-8fc9-374d82213059
api1-1       | [Worker API-1-14] Payment processed: 01898078-afb3-4437-9360-31355f9af9b3
api1-1       | [Worker API-1-2] Payment processed: 30515880-9652-4c4b-91dc-1bb3a7e8de1c
api2-1       | [Worker API-2-15] Payment processed: d3905d10-f50e-4ed7-bf81-960e8eb7b2a8
api2-1       | [Worker API-2-0] Payment processed: 62a81c63-d850-4464-bcaf-1dddb0605cb1
api1-1       | [Worker API-1-11] Payment processed: 28351d69-801a-4ff0-aa5b-a7e7d539c446
api2-1       | [Worker API-2-13] Payment processed: a4ebd513-56a8-4359-9cc6-c9b334271b0a
api1-1       | [Worker API-1-1] Payment processed: e810b112-5548-44b6-9076-9f85764e2203
api1-1       | [Worker API-1-0] Payment processed: 77df7b00-6667-48b0-b5a1-8050ddef8b29
api1-1       | [Worker API-1-5] Payment processed: 4d204d30-0fdd-444d-8104-dd841642fee7
api1-1       | [Worker API-1-10] Payment processed: 0d5efdcd-939a-4205-a791-d4b48763551e
api1-1       | [Worker API-1-9] Payment processed: 28e0fb9e-5bac-4f33-b345-15f63421f394
api1-1       | [Worker API-1-9] Payment processed: cc4cffd2-c54a-4eab-8e03-123e047439ed
api1-1       | [Worker API-1-9] Payment processed: 36ece3f6-b97f-4781-ab80-b3b1ce117ca0
api1-1       | [Worker API-1-9] Payment processed: 044b9639-25ef-456d-a509-965d050df902
api1-1       | [Worker API-1-9] Payment processed: 3db419e8-d615-4737-821e-7acd16a9bf97
api1-1       | [Worker API-1-9] Payment processed: 339a1142-7c97-42cf-b361-bff7519aed4d
api1-1       | [Worker API-1-9] Payment processed: 056919b9-21e9-497e-8280-294284d7a194
api1-1       | [Worker API-1-9] Payment processed: 2451d64f-2c2a-4333-8c63-3e8edf148500
api1-1       | [Worker API-1-9] Payment processed: ee7bf0e6-450b-40ad-aa8c-98f0562dcceb
api1-1       | [Worker API-1-9] Payment processed: e953c5fd-404c-406b-a00b-ae5b4a8514e5
api1-1       | [Worker API-1-9] Payment processed: d3ca3e89-0dd6-4e27-800f-843fe39a02e5
api1-1       | [Worker API-1-9] Payment processed: 51c9dd7a-59fa-4a4c-8395-487e55ab76d4
api1-1       | [Worker API-1-9] Payment processed: baa966e8-b390-4211-9ff0-c8aaadf25d84
api1-1       | [Worker API-1-9] Payment processed: b5fdd986-0102-4882-8992-b1fdc6ef1539
api1-1       | [Worker API-1-9] Payment processed: 4fef12b0-1160-4d2a-b541-4aa53eeff65c
api1-1       | [Worker API-1-9] Payment processed: 19f51c63-3ad1-4c90-b11d-bc398d59bb4d
api1-1       | [Worker API-1-9] Payment processed: 6ff65079-0a05-4243-9404-ce1ab932d28b
api1-1       | [Worker API-1-9] Payment processed: e78b7a01-1fe6-4c92-9e87-c2d87a95c8e4
api1-1       | [Worker API-1-9] Payment processed: e205d60e-011b-40c4-9cf4-e09f595a9603
api1-1       | [Worker API-1-9] Payment processed: b6701120-9060-4f23-9de5-dd3ec959c57a
api1-1       | [Worker API-1-9] Payment processed: 8997ca0d-de47-496d-9be1-fb4a62a4b191
api1-1       | [Worker API-1-9] Payment processed: bc3cf7f5-0dd0-4ec9-a824-b09cd64b74f3
api1-1       | [Worker API-1-9] Payment processed: 484552cb-0e34-4edc-b0f7-52b5cbb2394b
api1-1       | [Worker API-1-9] Payment processed: 0265a537-be9a-4b24-8fca-efc49b4fad44
api1-1       | [Worker API-1-9] Payment processed: 5059131f-4379-4d18-bf32-9d4751b586f8
api1-1       | [Worker API-1-9] Payment processed: ac3ded66-4fe0-4fa2-b38f-2eb6a4f3899a
api1-1       | [Worker API-1-9] Payment processed: 2165b1f2-1735-4af0-b0b6-879f81c0bf71
api1-1       | [Worker API-1-9] Payment processed: 4bbe99c5-0f0d-49cf-8edd-c19a168c95b2
api1-1       | [Worker API-1-9] Payment processed: 7bbc0b9e-35c9-4139-a684-180f08d6c19f
api1-1       | [Worker API-1-9] Payment processed: cdf850f9-075e-4387-a969-c41caa66f112
api1-1       | [Worker API-1-9] Payment processed: 126d3e08-ab6b-40b5-b3e1-bb5c68e2dde9
api1-1       | [Worker API-1-9] Payment processed: c3649131-c595-4ed5-884a-1965d8c33351
api1-1       | [Worker API-1-9] Payment processed: 5149c737-7039-4c61-b8bf-fa39e6079bdc
api1-1       | [Worker API-1-9] Payment processed: 2b05706d-a25e-4f08-95e7-cd285a17ed7c
api1-1       | [Worker API-1-9] Payment processed: 1ccc5683-dfbb-4c52-8dd6-e3c32ebdeffc
api1-1       | [Worker API-1-9] Payment processed: c9837191-29fa-44fd-b5a9-1a104793569a
api1-1       | [Worker API-1-9] Payment processed: 7e5f47fe-20af-4da7-a700-769415f4c4c0
api1-1       | [Worker API-1-9] Payment processed: 2daa71d0-27df-42c0-927d-e9b7057146ae
api1-1       | [Worker API-1-9] Payment processed: b0109d90-a540-454d-89e5-6015206ad853
api1-1       | [Worker API-1-9] Payment processed: 68000f2c-815e-4792-9aaa-2105cec75738
api1-1       | [Worker API-1-9] Payment processed: 651fa3dd-feab-47b0-84de-b6c0f066f99a
api1-1       | [Worker API-1-9] Payment processed: 0cc2fbcc-9705-4e69-90c2-75998dd99ff8
api1-1       | [Worker API-1-9] Payment processed: 948e7eb3-d43e-436a-8982-f6827b100e21
api1-1       | [Worker API-1-9] Payment processed: 0d9aae2b-6788-439a-a3e7-ef8a2ae1db8a
api1-1       | [Worker API-1-15] Payment processed: 90ae01ba-086e-4e37-bab9-8f1a1d46b5ea
api2-1       | [Worker API-2-9] Payment processed: 30828a7a-29f9-4fab-8ccd-8b3c6c82428a
api2-1       | [Worker API-2-7] Payment processed: 76cea1e2-bbce-4a3f-8614-d3b002fb4b73
api2-1       | [Worker API-2-1] Payment processed: 186997b6-ea22-41d5-a950-e593386f3c9b
api2-1       | [Worker API-2-11] Payment processed: 707bbaf1-446a-4afa-a475-9035fd933eee
api2-1       | [Worker API-2-10] Payment processed: db20db15-fa7d-49a7-a3ac-5fe44555a215
api2-1       | [Worker API-2-3] Payment processed: 1e025963-618a-4c02-adab-b5aaf403647e
api2-1       | [Worker API-2-4] Payment processed: 9624b49e-0a4e-43e7-b719-c127ea551ab8
api2-1       | [Worker API-2-12] Payment processed: 8500bd4b-d493-4a6e-92f2-4ceffeb4e344
api2-1       | [Worker API-2-14] Payment processed: 8aaf28f9-86cd-4509-9330-3a2825207074
api2-1       | [Worker API-2-4] Payment processed: ca3f66b5-96cb-462c-b3f6-1dba4f97521f
api1-1       | [Worker API-1-15] Payment processed: 2c1193e0-7e9d-4ced-8813-b8fe64cc2c36
api2-1       | [Worker API-2-10] Payment processed: d5161663-beb0-4de3-bdd2-b8d29951888a
api2-1       | [Worker API-2-12] Payment processed: 1077dc49-d34b-4780-88b6-992d5537364b
api2-1       | [Worker API-2-7] Payment processed: b19af989-77b8-408e-b8dc-3f8c8abae1f1
api2-1       | [Worker API-2-3] Payment processed: d27b041c-c2d2-4c4f-9423-21660de9d237
api2-1       | [Worker API-2-1] Payment processed: 8fc4fcf1-cc87-40c5-aa58-2904f391007e
api2-1       | [Worker API-2-9] Payment processed: 8130882a-c8b5-4531-ba46-8720c4a21fa1
api2-1       | [Worker API-2-11] Payment processed: 220160d8-5926-4adb-9442-0b24be219b56
api2-1       | [Worker API-2-14] Payment processed: 04a62e2d-aacb-427c-b1b8-a4039955b1f6
api1-1       | [Worker API-1-15] Payment processed: 2405e556-a7e0-46ca-a35e-b864f653d974
api2-1       | [Worker API-2-4] Payment processed: fe48e1f2-4ad7-4f7d-8e2e-42a2337e3f75
api2-1       | [Worker API-2-1] Payment processed: 1e5bd982-6250-4412-899c-e11c29a9d65b
api2-1       | [Worker API-2-3] Payment processed: b6958825-1adb-4bc1-9b34-287d212d13fa
api2-1       | [Worker API-2-10] Payment processed: 7d4166b9-6414-45fe-8f73-2e1da7c12ea8
api2-1       | [Worker API-2-14] Payment processed: bf8e5d16-3346-4b5e-8a09-77f79493a736
api2-1       | [Worker API-2-11] Payment processed: 875bc4ea-09cd-4458-99d4-bad9ec959916
api2-1       | [Worker API-2-9] Payment processed: 8b671cae-1b3e-4777-ba4e-e4e2f186c6f9
api2-1       | [Worker API-2-7] Payment processed: f8a94a1f-0c11-4ef2-ac28-ce55ac880bca
api2-1       | [Worker API-2-12] Payment processed: 9a3d1689-1c97-403c-9fbb-0d14d153e2ec
api1-1       | [Worker API-1-15] Payment processed: 77de83ee-01a2-4a51-8b28-a88b3cc507b9
api2-1       | [Worker API-2-4] Payment processed: b9c2e4dd-2c6a-4f0c-9482-5e0e7d73baf2
api2-1       | [Worker API-2-1] Payment processed: e5ef93e1-b192-4d99-a1c6-a2f7aaf4f359
api2-1       | [Worker API-2-10] Payment processed: e0bd8b83-cd23-4502-9b54-fa511159f22f
api1-1       | [Worker API-1-15] Payment processed: 19c58e53-15bd-44c1-8665-45b8f065f430
api2-1       | [Worker API-2-3] Payment processed: 61b4cebe-6485-4904-940f-bb0b6660b6c9
api2-1       | [Worker API-2-12] Payment processed: 1ff809cc-3134-403d-b568-fe60cd8025a5
api2-1       | [Worker API-2-9] Payment processed: 5f692a75-2177-4b00-90ce-304c0506e31f
api2-1       | [Worker API-2-14] Payment processed: e6401c2c-5e13-4b20-bfb3-7277b62692eb
api2-1       | [Worker API-2-11] Payment processed: 224f7c91-a0a2-4c9a-8a0c-8d13e3888f6a
api2-1       | [Worker API-2-7] Payment processed: 870ca833-2701-486d-b44a-f20880ebc0d2
api2-1       | [Worker API-2-10] Payment processed: 04b62e75-9484-4c87-a2a4-3d701c6802bd
api2-1       | [Worker API-2-1] Payment processed: 7f4fcb27-fc70-4e6b-b13b-f3f02881987d
api1-1       | [Worker API-1-15] Payment processed: 434751fb-6bce-4ed4-9f98-63274dc1d358
api2-1       | [Worker API-2-4] Payment processed: a7b04d11-3885-4334-bb41-c0fe16d9efc4
api2-1       | [Worker API-2-3] Payment processed: b810e453-0e1c-40dc-9e8d-85624b7e5973
api2-1       | [Worker API-2-14] Payment processed: 809d5d4d-707f-4f7f-848d-ba516676541a
api2-1       | [Worker API-2-9] Payment processed: 76ff7829-3a9e-486f-a932-ebc314e22a99
api2-1       | [Worker API-2-12] Payment processed: f92f3746-347a-4682-86d2-4fade6126734
api2-1       | [Worker API-2-1] Payment processed: 50d75734-c706-4403-8911-0bc63f4995dd
api2-1       | [Worker API-2-10] Payment processed: 3154d85e-74d7-4299-a453-b41f23755986
api2-1       | [Worker API-2-7] Payment processed: 537b6b72-ecdb-4f31-bcf3-6bf0743d92ef
api2-1       | [Worker API-2-11] Payment processed: 68bacd7f-4360-4984-bdb9-10f193a96da6
api2-1       | [Worker API-2-14] Payment processed: 05eb30e6-a937-4b27-811f-ec7941620f72
api1-1       | [Worker API-1-15] Payment processed: 09f2f33b-267f-4258-b201-28df564dc0b5
api2-1       | [Worker API-2-3] Payment processed: b1ea273b-81c8-46d4-a2ea-21881554053b
api2-1       | [Worker API-2-4] Payment processed: 835250de-1435-4e96-8cfe-185f900f58b3
api2-1       | [Worker API-2-2] Payment processed: aedcc7e0-6980-4f68-9e78-af1d005d39a4
api2-1       | [Worker API-2-6] Payment processed: 04b2de99-71bd-4d9e-98e0-9dc4042b34f6
api2-1       | [Worker API-2-5] Payment processed: 5a93ca9d-1bda-4da7-b50c-65afdceb34d1
api1-1       | [Worker API-1-13] Payment processed: 2580be51-ee95-40ff-84eb-e5f4c6496c35
api1-1       | [Worker API-1-14] Payment processed: 623b531c-f848-4eca-bd65-84f9850da652
api1-1       | [Worker API-1-12] Payment processed: b3ce8f07-3a70-4662-a3d9-172fa28b7bf0
api2-1       | [Worker API-2-8] Payment processed: 8e02e40e-e21e-4336-b6e6-ab267ee5e82b
api1-1       | [Worker API-1-4] Payment processed: 6cc7690d-ee13-49ee-9886-41f8d0afdff6
api1-1       | [Worker API-1-2] Payment processed: ec7b50c5-16bd-4039-8201-bf24463daae8
api2-1       | [Worker API-2-15] Payment processed: d098f0ba-78d0-4c19-a4e2-aff9a2169ac9
api2-1       | [Worker API-2-13] Payment processed: 1289ec0b-570d-45d9-8e9e-4b9bfd8e7eab
api1-1       | [Worker API-1-5] Payment processed: 33560554-5373-43bb-ac7d-988bdf9b81cb
api1-1       | [Worker API-1-1] Payment processed: 74c9f333-2156-47af-bc58-b17f89ceb7bd
api1-1       | [Worker API-1-11] Payment processed: 82304644-fc9f-4d58-a334-f938c71c49dc
api1-1       | [Worker API-1-0] Payment processed: aaf91102-921c-4f2b-93ae-22f45d98592c
api1-1       | [Worker API-1-4] Payment processed: 0faa93ba-faeb-4a50-8a46-fd9b8f69619e
api2-1       | [Worker API-2-8] Payment processed: 7adc9015-7810-45eb-a781-281b76025ef3
api2-1       | [Worker API-2-15] Payment processed: e49eda64-1c18-432b-bd11-c1e58543affe
api2-1       | [Worker API-2-6] Payment processed: 5ae1cd8e-ea1a-4ac9-bc1c-4540f2f3e34f
api2-1       | [Worker API-2-2] Payment processed: 06c340e8-4704-438e-8965-a5ed7eb61892
api2-1       | [Worker API-2-0] Payment processed: 709c23dc-fc30-4960-934a-4ffb173721a3
api1-1       | [Worker API-1-12] Payment processed: 894da0f8-6fba-4d3d-9b6f-c9e6f6b5efbd
api1-1       | [Worker API-1-6] Payment processed: 16aeebec-926e-4a95-b3f8-361356c4686e
api1-1       | [Worker API-1-14] Payment processed: 10df2f0b-1cb0-4fa8-9dbd-09102fdde766
api1-1       | [Worker API-1-2] Payment processed: b095e769-3b27-4bc7-b1ef-faa1e198d894
api1-1       | [Worker API-1-8] Payment processed: 14fbe99e-e3cc-4d28-9b9e-7141c6101ba9
api1-1       | [Worker API-1-7] Payment processed: 8fa05f2b-370c-459e-90c0-037a545ca4fb
api1-1       | [Worker API-1-13] Payment processed: fd96e677-56e4-4f2d-a087-b179bcc91c97
api1-1       | [Worker API-1-10] Payment processed: c14d8ccb-6926-495f-8a68-d50e36bda4f1
api2-1       | [Worker API-2-8] Payment processed: 55562ff5-9c15-4cd4-a179-180045c27b8a
api1-1       | [Worker API-1-11] Payment processed: c2086fff-0164-481f-ae05-7b7e6d750b1c
api1-1       | [Worker API-1-1] Payment processed: badc0131-0f29-42fe-aaa6-7a70a9b72222
api2-1       | [Worker API-2-0] Payment processed: a8c11bd5-f2e0-40ff-875c-c25593f851f9
api2-1       | [Worker API-2-15] Payment processed: 34a1efb8-9e68-49ff-b6cc-c7d2b1658bc6
api2-1       | [Worker API-2-6] Payment processed: 7116bf79-b7c1-448a-a537-072fb2d88a6b
api2-1       | [Worker API-2-2] Payment processed: cbc41cea-b471-4a88-9b3d-e9f2e742d55b
api2-1       | [Worker API-2-8] Payment processed: 665e9eb8-60ac-4e94-908c-4947c95fa17a
api1-1       | [Worker API-1-3] Payment processed: 10c41931-e34d-4271-8664-d28b24526e03
api1-1       | [Worker API-1-5] Payment processed: fa8db965-0628-47a6-acf6-d6543f8ec8a6
api1-1       | [Worker API-1-0] Payment processed: ed577ba1-4bd3-42e7-95d0-860e0274a2fd
api2-1       | [Worker API-2-2] Payment processed: a2e796ee-bb81-4ccf-ba9c-b2c7339b8e33
api2-1       | [Worker API-2-0] Payment processed: 539f8b31-3b50-48b8-a47a-db76ee88aa1a
api2-1       | [Worker API-2-6] Payment processed: 6b8e8d92-2089-49bb-ae78-a138b8beb901
api1-1       | [Worker API-1-12] Payment processed: f80b1c27-cbf1-477b-b0d4-e22f246b6561
api1-1       | [Worker API-1-14] Payment processed: dede76bc-a8ba-42bc-9b6d-224e3561c782
api1-1       | [Worker API-1-8] Payment processed: b60d41af-5562-4154-ae18-1751c2627e23
api1-1       | [Worker API-1-1] Payment processed: 45a21f0d-7706-4c86-853a-ff98e083381a
api1-1       | [Worker API-1-5] Payment processed: fd2494d6-1668-4eb6-9859-5b5a4e5f2b78
api1-1       | [Worker API-1-2] Payment processed: a6bb2591-cf8a-40be-a1b3-cb40d9df2749
api1-1       | [Worker API-1-0] Payment processed: b1414bb8-6a63-4dad-9d3f-92a65a4b2fba
api2-1       | [Worker API-2-15] Payment processed: dcaf39f0-e8ee-4de0-82f6-ad0c9761ffd5
api2-1       | [Worker API-2-8] Payment processed: 1a7f34d9-1fe5-40b9-a5c5-21ec0913fc6c
api1-1       | [Worker API-1-6] Payment processed: f9138f34-3e36-402b-a077-ba53e8c17f3f
api1-1       | [Worker API-1-13] Payment processed: b5387af1-563c-424c-b7c6-beeac12a2175
api1-1       | [Worker API-1-3] Payment processed: c9250f21-7bca-4702-9818-6a8d2efb2c7e
api1-1       | [Worker API-1-7] Payment processed: 804f58a3-9bc7-46c4-80e6-1f75a0f9279d
api1-1       | [Worker API-1-11] Payment processed: 2a5e11c4-10d7-41cc-9750-bf645b8f3de1
api1-1       | [Worker API-1-4] Payment processed: 81186cf1-f9b3-4f36-8acb-8548cbe284e8
api2-1       | [Worker API-2-0] Payment processed: 5db19f21-a539-4ed6-b199-692c1597e740
api1-1       | [Worker API-1-12] Payment processed: 95090e7b-eb52-4dae-947f-ed0395843819
api1-1       | [Worker API-1-14] Payment processed: 51e288e2-7a8f-4fed-a038-4710294db39e
api2-1       | [Worker API-2-5] Payment processed: 09c413d2-f2cf-4fca-8366-d2f5ff942847
api2-1       | [Worker API-2-6] Payment processed: 3c6ec4b7-e0b6-4948-9106-766cdebd583d
api2-1       | [Worker API-2-2] Payment processed: d024b590-a768-4550-a1c7-61525fbf1812
api2-1       | [Worker API-2-13] Payment processed: aa06178b-a81b-43d0-afc3-c86f53ab5808
api1-1       | [Worker API-1-10] Payment processed: 02362dd8-0c41-47b2-b715-118231fef1e1
api1-1       | [Worker API-1-9] Payment processed: 24f37545-621f-433c-abea-a996f4bc63f8
api1-1       | [Worker API-1-9] Payment processed: 4652285d-6413-4b86-b8a9-4e05e0a93f79
api1-1       | [Worker API-1-9] Payment processed: 4057c338-c2a5-4532-a5d0-5eeb0921977d
api1-1       | [Worker API-1-9] Payment processed: e39842cb-d336-4ab7-919f-a88575ad8b4c
api1-1       | [Worker API-1-9] Payment processed: 85ec8fa2-2ac2-4b42-9941-0c8d3aa33c0b
api1-1       | [Worker API-1-9] Payment processed: ae61d9c3-f1be-4384-a284-88e8f8784877
api1-1       | [Worker API-1-9] Payment processed: 0e1578bf-f458-4eab-9b47-b02f4c1be3ee
api1-1       | [Worker API-1-9] Payment processed: f70cb41e-ac08-4033-8d3d-4c95b2a07990
api1-1       | [Worker API-1-9] Payment processed: cef43ebf-6330-4889-a885-a39feace8c65
api1-1       | [Worker API-1-9] Payment processed: 0a5b7ae5-905e-455a-a8fa-9ab9f2987427
api1-1       | [Worker API-1-9] Payment processed: b8ef7dc0-aa17-4aca-9ab7-e727f74efcc8
api1-1       | [Worker API-1-9] Payment processed: 69907b65-594a-450e-9f87-a093967880f5
api1-1       | [Worker API-1-9] Payment processed: 75d60eba-bed1-446e-a5ba-ac028a8d7c7d
api1-1       | [Worker API-1-9] Payment processed: 522c14dc-adec-4a09-b03e-f38e86f70a76
api1-1       | [Worker API-1-9] Payment processed: d1722c26-66ba-421e-bf49-6a59cc9f1586
